../Core/Src/../../../Drivers/STM32U5xx_HAL_Driver/Src/stm32u5xx_hal_dma_ex.c:4104:43:DMA_List_CheckNodesBaseAddresses	0	static
../Core/Src/../../../Drivers/STM32U5xx_HAL_Driver/Src/stm32u5xx_hal_dma_ex.c:4152:17:DMA_List_CheckNodesTypes	0	static
../Core/Src/../../../Drivers/STM32U5xx_HAL_Driver/Src/stm32u5xx_hal_dma_ex.c:4253:17:DMA_List_FindNode	28	static
../Core/Src/../../../Drivers/STM32U5xx_HAL_Driver/Src/stm32u5xx_hal_flash.c:781:13:FLASH_Program_QuadWord	8	static,ignoring_inline_asm
../Core/Src/../../../Drivers/STM32U5xx_HAL_Driver/Src/stm32u5xx_hal_flash.c:821:13:FLASH_Program_Burst	8	static,ignoring_inline_asm
../Core/Src/../../../Drivers/STM32U5xx_HAL_Driver/Src/stm32u5xx_hal_rcc.c:2194:26:RCC_SetFlashLatencyFromMSIRange	8	static
../Core/Src/../../../Drivers/STM32U5xx_HAL_Driver/Src/stm32u5xx_hal_flash_ex.c:892:13:FLASH_MassErase	0	static
../../Drivers/STM32U5xx_HAL_Driver/Inc/stm32u5xx_hal_pcd.h:630:26:PCD_GET_EP_DBUF0_CNT.isra	8	static
../../Drivers/STM32U5xx_HAL_Driver/Inc/stm32u5xx_hal_pcd.h:587:26:PCD_GET_EP_RX_CNT.isra	8	static
../Core/Src/../../../Drivers/STM32U5xx_HAL_Driver/Src/stm32u5xx_hal_dma_ex.c:4569:13:DMA_List_UpdateDynamicQueueNodesCLLR	48	static
../Core/Src/../../../Drivers/STM32U5xx_HAL_Driver/Src/stm32u5xx_hal_dma_ex.c:4645:13:DMA_List_UpdateStaticQueueNodesCLLR	24	static
../Core/Src/stm32u5xx_it.c:69:6:MemManage_Handler	0	static
../Core/Src/stm32u5xx_it.c:84:6:UsageFault_Handler	0	static
../Core/Src/stm32u5xx_it.c:99:6:SVC_Handler	0	static
../Core/Src/stm32u5xx_it.c:112:6:PendSV_Handler	0	static
../Core/Src/../../../Drivers/STM32U5xx_HAL_Driver/Src/stm32u5xx_hal.c:203:13:HAL_MspInit	0	static
../Core/Src/../../../Drivers/STM32U5xx_HAL_Driver/Src/stm32u5xx_hal.c:214:13:HAL_MspDeInit	0	static
../Core/Src/../../../Drivers/STM32U5xx_HAL_Driver/Src/stm32u5xx_hal.c:174:19:HAL_DeInit	8	static
../Core/Src/../../../Drivers/STM32U5xx_HAL_Driver/Src/stm32u5xx_hal.c:330:13:HAL_IncTick	0	static
../Core/Src/stm32u5xx_it.c:125:6:SysTick_Handler	8	static
../Core/Src/../../../Drivers/STM32U5xx_HAL_Driver/Src/stm32u5xx_hal.c:341:17:HAL_GetTick	0	static
../Core/Src/../../../Drivers/STM32U5xx_HAL_Driver/Src/stm32u5xx_hal_rcc_ex.c:4240:26:RCCEx_PLL3_Config	16	static
../Core/Src/../../../Drivers/STM32U5xx_HAL_Driver/Src/stm32u5xx_hal_rcc_ex.c:4166:26:RCCEx_PLL2_Config	16	static
../Core/Src/../../../Drivers/STM32U5xx_HAL_Driver/Src/stm32u5xx_hal_rcc_ex.c:4077:26:RCCEx_PLLSource_Enable	16	static
../Core/Src/../../../Drivers/STM32U5xx_HAL_Driver/Src/stm32u5xx_hal.c:350:10:HAL_GetTickPrio	0	static
../Core/Src/../../../Drivers/STM32U5xx_HAL_Driver/Src/stm32u5xx_hal.c:392:21:HAL_GetTickFreq	0	static
../Core/Src/../../../Drivers/STM32U5xx_HAL_Driver/Src/stm32u5xx_hal.c:408:13:HAL_Delay	16	static
../Core/Src/../../../Drivers/STM32U5xx_HAL_Driver/Src/stm32u5xx_hal.c:434:13:HAL_SuspendTick	0	static
../Core/Src/../../../Drivers/STM32U5xx_HAL_Driver/Src/stm32u5xx_hal.c:450:13:HAL_ResumeTick	0	static
../Core/Src/../../../Drivers/STM32U5xx_HAL_Driver/Src/stm32u5xx_hal.c:460:10:HAL_GetHalVersion	0	static
../Core/Src/../../../Drivers/STM32U5xx_HAL_Driver/Src/stm32u5xx_hal.c:469:10:HAL_GetREVID	0	static
../Core/Src/../../../Drivers/STM32U5xx_HAL_Driver/Src/stm32u5xx_hal.c:478:10:HAL_GetDEVID	0	static
../Core/Src/../../../Drivers/STM32U5xx_HAL_Driver/Src/stm32u5xx_hal.c:487:10:HAL_GetUIDw0	0	static
../Core/Src/../../../Drivers/STM32U5xx_HAL_Driver/Src/stm32u5xx_hal.c:496:10:HAL_GetUIDw1	0	static
../Core/Src/../../../Drivers/STM32U5xx_HAL_Driver/Src/stm32u5xx_hal.c:505:10:HAL_GetUIDw2	0	static
../Core/Src/../../../Drivers/STM32U5xx_HAL_Driver/Src/stm32u5xx_hal.c:534:6:HAL_DBGMCU_EnableDBGStopMode	0	static
../Core/Src/../../../Drivers/STM32U5xx_HAL_Driver/Src/stm32u5xx_hal.c:543:6:HAL_DBGMCU_DisableDBGStopMode	0	static
../Core/Src/../../../Drivers/STM32U5xx_HAL_Driver/Src/stm32u5xx_hal.c:552:6:HAL_DBGMCU_EnableDBGStandbyMode	0	static
../Core/Src/../../../Drivers/STM32U5xx_HAL_Driver/Src/stm32u5xx_hal.c:561:6:HAL_DBGMCU_DisableDBGStandbyMode	0	static
../Core/Src/../../../Drivers/STM32U5xx_HAL_Driver/Src/stm32u5xx_hal.c:600:6:HAL_SYSCFG_VREFBUF_VoltageScalingConfig	0	static
../Core/Src/../../../Drivers/STM32U5xx_HAL_Driver/Src/stm32u5xx_hal.c:616:6:HAL_SYSCFG_VREFBUF_HighImpedanceConfig	0	static
../Core/Src/../../../Drivers/STM32U5xx_HAL_Driver/Src/stm32u5xx_hal.c:628:6:HAL_SYSCFG_VREFBUF_TrimmingConfig	0	static
../Core/Src/../../../Drivers/STM32U5xx_HAL_Driver/Src/stm32u5xx_hal.c:640:19:HAL_SYSCFG_EnableVREFBUF	16	static
../Core/Src/../../../Drivers/STM32U5xx_HAL_Driver/Src/stm32u5xx_hal.c:666:6:HAL_SYSCFG_DisableVREFBUF	0	static
../Core/Src/../../../Drivers/STM32U5xx_HAL_Driver/Src/stm32u5xx_hal.c:676:6:HAL_SYSCFG_EnableIOAnalogBooster	0	static
../Core/Src/../../../Drivers/STM32U5xx_HAL_Driver/Src/stm32u5xx_hal.c:686:6:HAL_SYSCFG_DisableIOAnalogBooster	0	static
../Core/Src/../../../Drivers/STM32U5xx_HAL_Driver/Src/stm32u5xx_hal.c:696:6:HAL_SYSCFG_EnableIOAnalogVoltageSelection	0	static
../Core/Src/../../../Drivers/STM32U5xx_HAL_Driver/Src/stm32u5xx_hal.c:706:6:HAL_SYSCFG_DisableIOAnalogVoltageSelection	0	static
../Core/Src/../../../Drivers/STM32U5xx_HAL_Driver/Src/stm32u5xx_hal.c:774:6:HAL_SYSCFG_EnableVddCompensationCell	0	static
../Core/Src/../../../Drivers/STM32U5xx_HAL_Driver/Src/stm32u5xx_hal.c:786:6:HAL_SYSCFG_EnableVddIO2CompensationCell	0	static
../Core/Src/../../../Drivers/STM32U5xx_HAL_Driver/Src/stm32u5xx_hal.c:810:6:HAL_SYSCFG_DisableVddCompensationCell	0	static
../Core/Src/../../../Drivers/STM32U5xx_HAL_Driver/Src/stm32u5xx_hal.c:822:6:HAL_SYSCFG_DisableVddIO2CompensationCell	0	static
../Core/Src/../../../Drivers/STM32U5xx_HAL_Driver/Src/stm32u5xx_hal.c:862:6:HAL_SYSCFG_Lock	0	static
../Core/Src/../../../Drivers/STM32U5xx_HAL_Driver/Src/stm32u5xx_hal.c:883:19:HAL_SYSCFG_GetLock	0	static
../Core/Src/../../../Drivers/STM32U5xx_HAL_Driver/Src/stm32u5xx_hal_cortex.c:189:6:HAL_NVIC_SetPriorityGrouping	0	static
../Core/Src/../../../Drivers/STM32U5xx_HAL_Driver/Src/stm32u5xx_hal_cortex.c:212:6:HAL_NVIC_SetPriority	12	static
../Core/Src/../../../Drivers/STM32U5xx_HAL_Driver/Src/stm32u5xx_hal_cortex.c:235:6:HAL_NVIC_EnableIRQ	0	static,ignoring_inline_asm
../Core/Src/../../../Drivers/STM32U5xx_HAL_Driver/Src/stm32u5xx_hal_cortex.c:252:6:HAL_NVIC_DisableIRQ	0	static,ignoring_inline_asm
../Core/Src/../../../Drivers/STM32U5xx_HAL_Driver/Src/stm32u5xx_hal_cortex.c:265:6:HAL_NVIC_SystemReset	0	static,ignoring_inline_asm
../Core/Src/../../../Drivers/STM32U5xx_HAL_Driver/Src/stm32u5xx_hal_cortex.c:278:10:HAL_SYSTICK_Config	0	static
../Core/Src/../../../Drivers/STM32U5xx_HAL_Driver/Src/stm32u5xx_hal_cortex.c:322:10:HAL_NVIC_GetPriorityGrouping	0	static
../Core/Src/../../../Drivers/STM32U5xx_HAL_Driver/Src/stm32u5xx_hal_cortex.c:350:6:HAL_NVIC_GetPriority	16	static
../Core/Src/../../../Drivers/STM32U5xx_HAL_Driver/Src/stm32u5xx_hal_cortex.c:367:6:HAL_NVIC_SetPendingIRQ	0	static
../Core/Src/../../../Drivers/STM32U5xx_HAL_Driver/Src/stm32u5xx_hal_cortex.c:383:10:HAL_NVIC_GetPendingIRQ	0	static
../Core/Src/../../../Drivers/STM32U5xx_HAL_Driver/Src/stm32u5xx_hal_cortex.c:397:6:HAL_NVIC_ClearPendingIRQ	0	static
../Core/Src/../../../Drivers/STM32U5xx_HAL_Driver/Src/stm32u5xx_hal_cortex.c:412:10:HAL_NVIC_GetActive	0	static
../Core/Src/../../../Drivers/STM32U5xx_HAL_Driver/Src/stm32u5xx_hal_cortex.c:428:6:HAL_SYSTICK_CLKSourceConfig	0	static
../Core/Src/../../../Drivers/STM32U5xx_HAL_Driver/Src/stm32u5xx_hal_cortex.c:467:10:HAL_SYSTICK_GetCLKSourceConfig	0	static
../Core/Src/../../../Drivers/STM32U5xx_HAL_Driver/Src/stm32u5xx_hal.c:237:26:HAL_InitTick	16	static
../Core/Src/../../../Drivers/STM32U5xx_HAL_Driver/Src/stm32u5xx_hal.c:359:19:HAL_SetTickFreq	16	static
../Core/Src/../../../Drivers/STM32U5xx_HAL_Driver/Src/stm32u5xx_hal_cortex.c:518:13:HAL_SYSTICK_Callback	0	static
../Core/Src/../../../Drivers/STM32U5xx_HAL_Driver/Src/stm32u5xx_hal_cortex.c:509:6:HAL_SYSTICK_IRQHandler	8	static
../Core/Src/../../../Drivers/STM32U5xx_HAL_Driver/Src/stm32u5xx_hal_cortex.c:537:6:HAL_MPU_Enable	0	static,ignoring_inline_asm
../Core/Src/../../../Drivers/STM32U5xx_HAL_Driver/Src/stm32u5xx_hal_cortex.c:586:6:HAL_MPU_Disable	0	static,ignoring_inline_asm
../Core/Src/../../../Drivers/STM32U5xx_HAL_Driver/Src/stm32u5xx_hal_cortex.c:630:6:HAL_MPU_EnableRegion	0	static
../Core/Src/../../../Drivers/STM32U5xx_HAL_Driver/Src/stm32u5xx_hal_cortex.c:668:6:HAL_MPU_DisableRegion	0	static
../Core/Src/../../../Drivers/STM32U5xx_HAL_Driver/Src/stm32u5xx_hal_cortex.c:706:6:HAL_MPU_ConfigRegion	0	static,ignoring_inline_asm
../Core/Src/../../../Drivers/STM32U5xx_HAL_Driver/Src/stm32u5xx_hal_cortex.c:730:6:HAL_MPU_ConfigMemoryAttributes	8	static,ignoring_inline_asm
../Core/Src/../../../Drivers/STM32U5xx_HAL_Driver/Src/stm32u5xx_hal_dma.c:239:19:HAL_DMA_Init	16	static
../Core/Src/../../../Drivers/STM32U5xx_HAL_Driver/Src/stm32u5xx_hal_dma.c:330:19:HAL_DMA_DeInit	16	static
../Core/Src/../../../Drivers/STM32U5xx_HAL_Driver/Src/stm32u5xx_hal_dma.c:470:19:HAL_DMA_Start	12	static
../Core/Src/../../../Drivers/STM32U5xx_HAL_Driver/Src/stm32u5xx_hal_dma.c:525:19:HAL_DMA_Start_IT	12	static
../Core/Src/../../../Drivers/STM32U5xx_HAL_Driver/Src/stm32u5xx_hal_dma.c:597:19:HAL_DMA_Abort	16	static
../Core/Src/../../../Drivers/STM32U5xx_HAL_Driver/Src/stm32u5xx_hal_dma.c:689:19:HAL_DMA_Abort_IT	0	static
../Core/Src/../../../Drivers/STM32U5xx_HAL_Driver/Src/stm32u5xx_hal_dma.c:725:19:HAL_DMA_PollForTransfer	24	static
../Core/Src/../../../Drivers/STM32U5xx_HAL_Driver/Src/stm32u5xx_hal_dma.c:897:6:HAL_DMA_IRQHandler	8	static
../Core/Src/../../../Drivers/STM32U5xx_HAL_Driver/Src/stm32u5xx_hal_dma.c:1133:19:HAL_DMA_RegisterCallback	8	static
../Core/Src/../../../Drivers/STM32U5xx_HAL_Driver/Src/stm32u5xx_hal_dma.c:1212:19:HAL_DMA_UnRegisterCallback	0	static
../Core/Src/../../../Drivers/STM32U5xx_HAL_Driver/Src/stm32u5xx_hal_dma.c:1320:22:HAL_DMA_GetState	0	static
../Core/Src/../../../Drivers/STM32U5xx_HAL_Driver/Src/stm32u5xx_hal_dma.c:1332:10:HAL_DMA_GetError	0	static
../Core/Src/../../../Drivers/STM32U5xx_HAL_Driver/Src/stm32u5xx_hal_dma.c:1376:19:HAL_DMA_ConfigChannelAttributes	0	static
../Core/Src/../../../Drivers/STM32U5xx_HAL_Driver/Src/stm32u5xx_hal_dma.c:1464:19:HAL_DMA_GetConfigChannelAttributes	8	static
../Core/Src/../../../Drivers/STM32U5xx_HAL_Driver/Src/stm32u5xx_hal_dma.c:1540:19:HAL_DMA_GetLockChannelAttributes	0	static
../Core/Src/../../../Drivers/STM32U5xx_HAL_Driver/Src/stm32u5xx_hal_dma_ex.c:610:19:HAL_DMAEx_List_Init	16	static
../Core/Src/../../../Drivers/STM32U5xx_HAL_Driver/Src/stm32u5xx_hal_dma_ex.c:679:19:HAL_DMAEx_List_DeInit	16	static
../Core/Src/../../../Drivers/STM32U5xx_HAL_Driver/Src/stm32u5xx_hal_dma_ex.c:821:19:HAL_DMAEx_List_Start	12	static
../Core/Src/../../../Drivers/STM32U5xx_HAL_Driver/Src/stm32u5xx_hal_dma_ex.c:883:19:HAL_DMAEx_List_Start_IT	12	static
../Core/Src/../../../Drivers/STM32U5xx_HAL_Driver/Src/stm32u5xx_hal_dma_ex.c:1051:19:HAL_DMAEx_List_BuildNode	20	static
../Core/Src/../../../Drivers/STM32U5xx_HAL_Driver/Src/stm32u5xx_hal_dma_ex.c:1122:19:HAL_DMAEx_List_GetNodeConfig	12	static
../Core/Src/../../../Drivers/STM32U5xx_HAL_Driver/Src/stm32u5xx_hal_dma_ex.c:1146:19:HAL_DMAEx_List_InsertNode	56	static
../Core/Src/../../../Drivers/STM32U5xx_HAL_Driver/Src/stm32u5xx_hal_dma_ex.c:1276:19:HAL_DMAEx_List_InsertNode_Head	16	static
../Core/Src/../../../Drivers/STM32U5xx_HAL_Driver/Src/stm32u5xx_hal_dma_ex.c:1355:19:HAL_DMAEx_List_InsertNode_Tail	48	static
../Core/Src/../../../Drivers/STM32U5xx_HAL_Driver/Src/stm32u5xx_hal_dma_ex.c:1442:19:HAL_DMAEx_List_RemoveNode	48	static
../Core/Src/../../../Drivers/STM32U5xx_HAL_Driver/Src/stm32u5xx_hal_dma_ex.c:1583:19:HAL_DMAEx_List_RemoveNode_Head	48	static
../Core/Src/../../../Drivers/STM32U5xx_HAL_Driver/Src/stm32u5xx_hal_dma_ex.c:1680:19:HAL_DMAEx_List_RemoveNode_Tail	48	static
../Core/Src/../../../Drivers/STM32U5xx_HAL_Driver/Src/stm32u5xx_hal_dma_ex.c:1775:19:HAL_DMAEx_List_ReplaceNode	64	static
../Core/Src/../../../Drivers/STM32U5xx_HAL_Driver/Src/stm32u5xx_hal_dma_ex.c:1938:19:HAL_DMAEx_List_ReplaceNode_Head	48	static
../Core/Src/../../../Drivers/STM32U5xx_HAL_Driver/Src/stm32u5xx_hal_dma_ex.c:2035:19:HAL_DMAEx_List_ReplaceNode_Tail	48	static
../Core/Src/../../../Drivers/STM32U5xx_HAL_Driver/Src/stm32u5xx_hal_dma_ex.c:2126:19:HAL_DMAEx_List_ResetQ	28	static
../Core/Src/../../../Drivers/STM32U5xx_HAL_Driver/Src/stm32u5xx_hal_dma_ex.c:2198:19:HAL_DMAEx_List_InsertQ	80	static
../Core/Src/../../../Drivers/STM32U5xx_HAL_Driver/Src/stm32u5xx_hal_dma_ex.c:2406:19:HAL_DMAEx_List_InsertQ_Head	72	static
../Core/Src/../../../Drivers/STM32U5xx_HAL_Driver/Src/stm32u5xx_hal_dma_ex.c:2543:19:HAL_DMAEx_List_InsertQ_Tail	72	static
../Core/Src/../../../Drivers/STM32U5xx_HAL_Driver/Src/stm32u5xx_hal_dma_ex.c:2679:19:HAL_DMAEx_List_SetCircularModeConfig	48	static
../Core/Src/../../../Drivers/STM32U5xx_HAL_Driver/Src/stm32u5xx_hal_dma_ex.c:2774:19:HAL_DMAEx_List_SetCircularMode	48	static
../Core/Src/../../../Drivers/STM32U5xx_HAL_Driver/Src/stm32u5xx_hal_dma_ex.c:2857:19:HAL_DMAEx_List_ClearCircularMode	40	static
../Core/Src/../../../Drivers/STM32U5xx_HAL_Driver/Src/stm32u5xx_hal_dma_ex.c:2928:19:HAL_DMAEx_List_ConvertQToDynamic	144	static
../Core/Src/../../../Drivers/STM32U5xx_HAL_Driver/Src/stm32u5xx_hal_dma_ex.c:3030:19:HAL_DMAEx_List_ConvertQToStatic	128	static
../Core/Src/../../../Drivers/STM32U5xx_HAL_Driver/Src/stm32u5xx_hal_dma_ex.c:3107:19:HAL_DMAEx_List_LinkQ	0	static
../Core/Src/../../../Drivers/STM32U5xx_HAL_Driver/Src/stm32u5xx_hal_dma_ex.c:3188:19:HAL_DMAEx_List_UnLinkQ	0	static
../Core/Src/../../../Drivers/STM32U5xx_HAL_Driver/Src/stm32u5xx_hal_dma_ex.c:3258:19:HAL_DMAEx_ConfigDataHandling	0	static
../Core/Src/../../../Drivers/STM32U5xx_HAL_Driver/Src/stm32u5xx_hal_dma_ex.c:3298:19:HAL_DMAEx_ConfigTrigger	8	static
../Core/Src/../../../Drivers/STM32U5xx_HAL_Driver/Src/stm32u5xx_hal_dma_ex.c:3343:19:HAL_DMAEx_ConfigRepeatBlock	8	static
../Core/Src/../../../Drivers/STM32U5xx_HAL_Driver/Src/stm32u5xx_hal_dma_ex.c:3482:19:HAL_DMAEx_Suspend	16	static
../Core/Src/../../../Drivers/STM32U5xx_HAL_Driver/Src/stm32u5xx_hal_dma_ex.c:3541:19:HAL_DMAEx_Suspend_IT	0	static
../Core/Src/../../../Drivers/STM32U5xx_HAL_Driver/Src/stm32u5xx_hal_dma_ex.c:3575:19:HAL_DMAEx_Resume	0	static
../Core/Src/../../../Drivers/STM32U5xx_HAL_Driver/Src/stm32u5xx_hal_dma_ex.c:3636:10:HAL_DMAEx_GetFifoLevel	0	static
../Core/Src/../../../Drivers/STM32U5xx_HAL_Driver/Src/stm32u5xx_hal_exti.c:138:19:HAL_EXTI_SetConfigLine	20	static
../Core/Src/../../../Drivers/STM32U5xx_HAL_Driver/Src/stm32u5xx_hal_exti.c:260:19:HAL_EXTI_GetConfigLine	20	static
../Core/Src/../../../Drivers/STM32U5xx_HAL_Driver/Src/stm32u5xx_hal_exti.c:354:19:HAL_EXTI_ClearConfigLine	20	static
../Core/Src/../../../Drivers/STM32U5xx_HAL_Driver/Src/stm32u5xx_hal_exti.c:420:19:HAL_EXTI_RegisterCallback	0	static
../Core/Src/../../../Drivers/STM32U5xx_HAL_Driver/Src/stm32u5xx_hal_exti.c:456:19:HAL_EXTI_GetHandle	0	static
../Core/Src/../../../Drivers/STM32U5xx_HAL_Driver/Src/stm32u5xx_hal_exti.c:497:6:HAL_EXTI_IRQHandler	16	static
../Core/Src/../../../Drivers/STM32U5xx_HAL_Driver/Src/stm32u5xx_hal_exti.c:551:10:HAL_EXTI_GetPending	8	static
../Core/Src/../../../Drivers/STM32U5xx_HAL_Driver/Src/stm32u5xx_hal_exti.c:595:6:HAL_EXTI_ClearPending	0	static
../Core/Src/../../../Drivers/STM32U5xx_HAL_Driver/Src/stm32u5xx_hal_exti.c:631:6:HAL_EXTI_GenerateSWI	0	static
../Core/Src/../../../Drivers/STM32U5xx_HAL_Driver/Src/stm32u5xx_hal_exti.c:682:6:HAL_EXTI_ConfigLineAttributes	12	static
../Core/Src/../../../Drivers/STM32U5xx_HAL_Driver/Src/stm32u5xx_hal_exti.c:755:19:HAL_EXTI_GetConfigLineAttributes	0	static
../Core/Src/../../../Drivers/STM32U5xx_HAL_Driver/Src/stm32u5xx_hal_flash.c:398:13:HAL_FLASH_EndOfOperationCallback	0	static
../Core/Src/../../../Drivers/STM32U5xx_HAL_Driver/Src/stm32u5xx_hal_flash.c:416:13:HAL_FLASH_OperationErrorCallback	0	static
../Core/Src/../../../Drivers/STM32U5xx_HAL_Driver/Src/stm32u5xx_hal_flash.c:449:19:HAL_FLASH_Unlock	0	static
../Core/Src/../../../Drivers/STM32U5xx_HAL_Driver/Src/stm32u5xx_hal_flash.c:491:19:HAL_FLASH_Lock	0	static
../Core/Src/../../../Drivers/STM32U5xx_HAL_Driver/Src/stm32u5xx_hal_flash.c:614:19:HAL_FLASH_OB_Unlock	0	static
../Core/Src/../../../Drivers/STM32U5xx_HAL_Driver/Src/stm32u5xx_hal_flash.c:636:19:HAL_FLASH_OB_Lock	0	static
../Core/Src/../../../Drivers/STM32U5xx_HAL_Driver/Src/stm32u5xx_hal_flash.c:654:19:HAL_FLASH_OB_Launch	0	static
../Core/Src/../../../Drivers/STM32U5xx_HAL_Driver/Src/stm32u5xx_hal_flash.c:694:10:HAL_FLASH_GetError	0	static
../Core/Src/../../../Drivers/STM32U5xx_HAL_Driver/Src/stm32u5xx_hal_flash.c:718:19:FLASH_WaitForLastOperation	16	static
../Core/Src/../../../Drivers/STM32U5xx_HAL_Driver/Src/stm32u5xx_hal_flash.c:166:19:HAL_FLASH_Program	24	static
../Core/Src/../../../Drivers/STM32U5xx_HAL_Driver/Src/stm32u5xx_hal_flash.c:227:19:HAL_FLASH_Program_IT	32	static
../Core/Src/../../../Drivers/STM32U5xx_HAL_Driver/Src/stm32u5xx_hal_flash_ex.c:322:19:HAL_FLASHEx_OBProgram	24	static
../Core/Src/../../../Drivers/STM32U5xx_HAL_Driver/Src/stm32u5xx_hal_flash_ex.c:415:6:HAL_FLASHEx_OBGetConfig	0	static
../Core/Src/../../../Drivers/STM32U5xx_HAL_Driver/Src/stm32u5xx_hal_flash_ex.c:474:19:HAL_FLASHEx_ConfigBBAttributes	8	static,ignoring_inline_asm
../Core/Src/../../../Drivers/STM32U5xx_HAL_Driver/Src/stm32u5xx_hal_flash_ex.c:548:6:HAL_FLASHEx_GetConfigBBAttributes	0	static
../Core/Src/../../../Drivers/STM32U5xx_HAL_Driver/Src/stm32u5xx_hal_flash_ex.c:642:6:HAL_FLASHEx_ConfigPrivMode	0	static
../Core/Src/../../../Drivers/STM32U5xx_HAL_Driver/Src/stm32u5xx_hal_flash_ex.c:664:10:HAL_FLASHEx_GetPrivMode	0	static
../Core/Src/../../../Drivers/STM32U5xx_HAL_Driver/Src/stm32u5xx_hal_flash_ex.c:727:19:HAL_FLASHEx_EnablePowerDown	16	static
../Core/Src/../../../Drivers/STM32U5xx_HAL_Driver/Src/stm32u5xx_hal_flash_ex.c:816:19:HAL_FLASHEx_ConfigLowPowerRead	0	static
../Core/Src/../../../Drivers/STM32U5xx_HAL_Driver/Src/stm32u5xx_hal_flash_ex.c:843:10:HAL_FLASHEx_GetLowPowerRead	0	static
../Core/Src/../../../Drivers/STM32U5xx_HAL_Driver/Src/stm32u5xx_hal_flash_ex.c:856:6:HAL_FLASHEx_GetOperation	0	static
../Core/Src/../../../Drivers/STM32U5xx_HAL_Driver/Src/stm32u5xx_hal_flash_ex.c:925:6:FLASH_PageErase	0	static
../Core/Src/../../../Drivers/STM32U5xx_HAL_Driver/Src/stm32u5xx_hal_flash.c:280:6:HAL_FLASH_IRQHandler	16	static
../Core/Src/../../../Drivers/STM32U5xx_HAL_Driver/Src/stm32u5xx_hal_flash_ex.c:184:19:HAL_FLASHEx_Erase	24	static
../Core/Src/../../../Drivers/STM32U5xx_HAL_Driver/Src/stm32u5xx_hal_flash_ex.c:256:19:HAL_FLASHEx_Erase_IT	24	static
../Core/Src/../../../Drivers/STM32U5xx_HAL_Driver/Src/stm32u5xx_hal_gpio.c:200:6:HAL_GPIO_Init	56	static
../Core/Src/../../../Drivers/STM32U5xx_HAL_Driver/Src/stm32u5xx_hal_gpio.c:373:6:HAL_GPIO_DeInit	36	static
../Core/Src/../../../Drivers/STM32U5xx_HAL_Driver/Src/stm32u5xx_hal_gpio.c:475:15:HAL_GPIO_ReadPin	0	static
../Core/Src/../../../Drivers/STM32U5xx_HAL_Driver/Src/stm32u5xx_hal_gpio.c:509:6:HAL_GPIO_WritePin	0	static
../Core/Src/../../../Drivers/STM32U5xx_HAL_Driver/Src/stm32u5xx_hal_gpio.c:540:6:HAL_GPIO_WriteMultipleStatePin	0	static
../Core/Src/../../../Drivers/STM32U5xx_HAL_Driver/Src/stm32u5xx_hal_gpio.c:561:6:HAL_GPIO_TogglePin	0	static
../Core/Src/../../../Drivers/STM32U5xx_HAL_Driver/Src/stm32u5xx_hal_gpio.c:587:19:HAL_GPIO_LockPin	32	static
../Core/Src/../../../Drivers/STM32U5xx_HAL_Driver/Src/stm32u5xx_hal_gpio.c:671:6:HAL_GPIO_EnableHighSPeedLowVoltage	20	static,ignoring_inline_asm
../Core/Src/../../../Drivers/STM32U5xx_HAL_Driver/Src/stm32u5xx_hal_gpio.c:729:6:HAL_GPIO_DisableHighSPeedLowVoltage	20	static,ignoring_inline_asm
../Core/Src/../../../Drivers/STM32U5xx_HAL_Driver/Src/stm32u5xx_hal_gpio.c:801:13:HAL_GPIO_EXTI_Rising_Callback	0	static
../Core/Src/../../../Drivers/STM32U5xx_HAL_Driver/Src/stm32u5xx_hal_gpio.c:816:13:HAL_GPIO_EXTI_Falling_Callback	0	static
../Core/Src/../../../Drivers/STM32U5xx_HAL_Driver/Src/stm32u5xx_hal_gpio.c:780:6:HAL_GPIO_EXTI_IRQHandler	16	static
../Core/Src/../../../Drivers/STM32U5xx_HAL_Driver/Src/stm32u5xx_hal_pcd.c:307:13:HAL_PCD_MspInit	0	static
../Core/Src/../../../Drivers/STM32U5xx_HAL_Driver/Src/stm32u5xx_hal_pcd.c:322:13:HAL_PCD_MspDeInit	0	static
../Core/Src/../../../Drivers/STM32U5xx_HAL_Driver/Src/stm32u5xx_hal_pcd.c:268:19:HAL_PCD_DeInit	16	static
../Core/Src/../../../Drivers/STM32U5xx_HAL_Driver/Src/stm32u5xx_hal_pcd.c:944:19:HAL_PCD_Start	0	static
../Core/Src/../../../Drivers/STM32U5xx_HAL_Driver/Src/stm32u5xx_hal_pcd.c:970:19:HAL_PCD_Stop	0	static
../Core/Src/../../../Drivers/STM32U5xx_HAL_Driver/Src/stm32u5xx_hal_pcd.c:1614:13:HAL_PCD_DataOutStageCallback	0	static
../Core/Src/../../../Drivers/STM32U5xx_HAL_Driver/Src/stm32u5xx_hal_pcd.c:1631:13:HAL_PCD_DataInStageCallback	0	static
../Core/Src/../../../Drivers/STM32U5xx_HAL_Driver/Src/stm32u5xx_hal_pcd.c:1646:13:HAL_PCD_SetupStageCallback	0	static
../Core/Src/../../../Drivers/STM32U5xx_HAL_Driver/Src/stm32u5xx_hal_pcd.c:1661:13:HAL_PCD_SOFCallback	0	static
../Core/Src/../../../Drivers/STM32U5xx_HAL_Driver/Src/stm32u5xx_hal_pcd.c:1676:13:HAL_PCD_ResetCallback	0	static
../Core/Src/../../../Drivers/STM32U5xx_HAL_Driver/Src/stm32u5xx_hal_pcd.c:1691:13:HAL_PCD_SuspendCallback	0	static
../Core/Src/../../../Drivers/STM32U5xx_HAL_Driver/Src/stm32u5xx_hal_pcd.c:1706:13:HAL_PCD_ResumeCallback	0	static
../Core/Src/../../../Drivers/STM32U5xx_HAL_Driver/Src/stm32u5xx_hal_pcd.c:1722:13:HAL_PCD_ISOOUTIncompleteCallback	0	static
../Core/Src/../../../Drivers/STM32U5xx_HAL_Driver/Src/stm32u5xx_hal_pcd.c:1739:13:HAL_PCD_ISOINIncompleteCallback	0	static
../Core/Src/../../../Drivers/STM32U5xx_HAL_Driver/Src/stm32u5xx_hal_pcd.c:1755:13:HAL_PCD_ConnectCallback	0	static
../Core/Src/../../../Drivers/STM32U5xx_HAL_Driver/Src/stm32u5xx_hal_pcd.c:1770:13:HAL_PCD_DisconnectCallback	0	static
../Core/Src/../../../Drivers/STM32U5xx_HAL_Driver/Src/stm32u5xx_hal_pcd.c:1804:19:HAL_PCD_DevConnect	0	static
../Core/Src/../../../Drivers/STM32U5xx_HAL_Driver/Src/stm32u5xx_hal_pcd.c:1831:19:HAL_PCD_DevDisconnect	0	static
../Core/Src/../../../Drivers/STM32U5xx_HAL_Driver/Src/stm32u5xx_hal_pcd.c:1859:19:HAL_PCD_SetAddress	0	static
../Core/Src/../../../Drivers/STM32U5xx_HAL_Driver/Src/stm32u5xx_hal_pcd.c:1988:10:HAL_PCD_EP_GetRxCount	0	static
../Core/Src/../../../Drivers/STM32U5xx_HAL_Driver/Src/stm32u5xx_hal_pcd.c:2144:19:HAL_PCD_EP_Flush	0	static
../Core/Src/../../../Drivers/STM32U5xx_HAL_Driver/Src/stm32u5xx_hal_pcd.c:2167:19:HAL_PCD_ActivateRemoteWakeup	0	static
../Core/Src/../../../Drivers/STM32U5xx_HAL_Driver/Src/stm32u5xx_hal_pcd.c:2177:19:HAL_PCD_DeActivateRemoteWakeup	0	static
../Core/Src/../../../Drivers/STM32U5xx_HAL_Driver/Src/stm32u5xx_hal_pcd.c:2206:18:HAL_PCD_GetState	0	static
../Core/Src/../../../Drivers/STM32U5xx_HAL_Driver/Src/stm32u5xx_hal_pcd_ex.c:322:20:HAL_PCDEx_PMAConfig	8	static
../Core/Src/../../../Drivers/STM32U5xx_HAL_Driver/Src/stm32u5xx_hal_pcd_ex.c:366:19:HAL_PCDEx_ActivateBCD	0	static
../Core/Src/../../../Drivers/STM32U5xx_HAL_Driver/Src/stm32u5xx_hal_pcd_ex.c:385:19:HAL_PCDEx_DeActivateBCD	0	static
../Core/Src/../../../Drivers/STM32U5xx_HAL_Driver/Src/stm32u5xx_hal_pcd_ex.c:481:19:HAL_PCDEx_ActivateLPM	0	static
../Core/Src/../../../Drivers/STM32U5xx_HAL_Driver/Src/stm32u5xx_hal_pcd.c:135:19:HAL_PCD_Init	24	static
../Core/Src/../../../Drivers/STM32U5xx_HAL_Driver/Src/stm32u5xx_hal_pcd_ex.c:499:19:HAL_PCDEx_DeActivateLPM	0	static
../Core/Src/../../../Drivers/STM32U5xx_HAL_Driver/Src/stm32u5xx_hal_pcd_ex.c:518:13:HAL_PCDEx_LPM_Callback	0	static
../Core/Src/../../../Drivers/STM32U5xx_HAL_Driver/Src/stm32u5xx_hal_pcd_ex.c:535:13:HAL_PCDEx_BCD_Callback	0	static
../Core/Src/../../../Drivers/STM32U5xx_HAL_Driver/Src/stm32u5xx_hal_pcd_ex.c:401:6:HAL_PCDEx_BCD_VBUSDetect	16	static
../Core/Src/../../../Drivers/STM32U5xx_HAL_Driver/Src/stm32u5xx_hal_pwr.c:203:6:HAL_PWR_DeInit	0	static
../Core/Src/../../../Drivers/STM32U5xx_HAL_Driver/Src/stm32u5xx_hal_pwr.c:215:6:HAL_PWR_EnableBkUpAccess	0	static
../Core/Src/../../../Drivers/STM32U5xx_HAL_Driver/Src/stm32u5xx_hal_pwr.c:226:6:HAL_PWR_DisableBkUpAccess	0	static
../Core/Src/../../../Drivers/STM32U5xx_HAL_Driver/Src/stm32u5xx_hal_pwr.c:393:19:HAL_PWR_ConfigPVD	0	static
../Core/Src/../../../Drivers/STM32U5xx_HAL_Driver/Src/stm32u5xx_hal_pwr.c:445:6:HAL_PWR_EnablePVD	0	static
../Core/Src/../../../Drivers/STM32U5xx_HAL_Driver/Src/stm32u5xx_hal_pwr.c:454:6:HAL_PWR_DisablePVD	0	static
../Core/Src/../../../Drivers/STM32U5xx_HAL_Driver/Src/stm32u5xx_hal_pwr.c:476:6:HAL_PWR_EnableWakeUpPin	8	static,ignoring_inline_asm
../Core/Src/../../../Drivers/STM32U5xx_HAL_Driver/Src/stm32u5xx_hal_pwr.c:507:6:HAL_PWR_DisableWakeUpPin	0	static
../Core/Src/../../../Drivers/STM32U5xx_HAL_Driver/Src/stm32u5xx_hal_pwr.c:538:6:HAL_PWR_EnterSLEEPMode	0	static,ignoring_inline_asm
../Core/Src/../../../Drivers/STM32U5xx_HAL_Driver/Src/stm32u5xx_hal_pwr.c:599:6:HAL_PWR_EnterSTOPMode	0	static,ignoring_inline_asm
../Core/Src/../../../Drivers/STM32U5xx_HAL_Driver/Src/stm32u5xx_hal_pwr.c:653:6:HAL_PWR_EnterSTANDBYMode	0	static,ignoring_inline_asm
../Core/Src/../../../Drivers/STM32U5xx_HAL_Driver/Src/stm32u5xx_hal_pwr.c:674:6:HAL_PWR_EnableSleepOnExit	0	static
../Core/Src/../../../Drivers/STM32U5xx_HAL_Driver/Src/stm32u5xx_hal_pwr.c:687:6:HAL_PWR_DisableSleepOnExit	0	static
../Core/Src/../../../Drivers/STM32U5xx_HAL_Driver/Src/stm32u5xx_hal_pwr.c:700:6:HAL_PWR_EnableSEVOnPend	0	static
../Core/Src/../../../Drivers/STM32U5xx_HAL_Driver/Src/stm32u5xx_hal_pwr.c:712:6:HAL_PWR_DisableSEVOnPend	0	static
../Core/Src/../../../Drivers/STM32U5xx_HAL_Driver/Src/stm32u5xx_hal_pwr.c:748:13:HAL_PWR_PVDCallback	0	static
../Core/Src/../../../Drivers/STM32U5xx_HAL_Driver/Src/stm32u5xx_hal_pwr.c:723:6:HAL_PWR_PVD_IRQHandler	8	static
../Core/Src/../../../Drivers/STM32U5xx_HAL_Driver/Src/stm32u5xx_hal_pwr.c:851:6:HAL_PWR_ConfigAttributes	0	static
../Core/Src/../../../Drivers/STM32U5xx_HAL_Driver/Src/stm32u5xx_hal_pwr.c:916:19:HAL_PWR_GetConfigAttributes	0	static
../Core/Src/../../../Drivers/STM32U5xx_HAL_Driver/Src/stm32u5xx_hal_pwr_ex.c:340:19:HAL_PWREx_ControlVoltageScaling	0	static
../Core/Src/../../../Drivers/STM32U5xx_HAL_Driver/Src/stm32u5xx_hal_pwr_ex.c:409:10:HAL_PWREx_GetVoltageRange	0	static
../Core/Src/../../../Drivers/STM32U5xx_HAL_Driver/Src/stm32u5xx_hal_pwr_ex.c:423:19:HAL_PWREx_ConfigSupply	0	static
../Core/Src/../../../Drivers/STM32U5xx_HAL_Driver/Src/stm32u5xx_hal_pwr_ex.c:471:11:HAL_PWREx_GetSupplyConfig	0	static
../Core/Src/../../../Drivers/STM32U5xx_HAL_Driver/Src/stm32u5xx_hal_pwr_ex.c:480:6:HAL_PWREx_EnableFastSoftStart	0	static
../Core/Src/../../../Drivers/STM32U5xx_HAL_Driver/Src/stm32u5xx_hal_pwr_ex.c:489:6:HAL_PWREx_DisableFastSoftStart	0	static
../Core/Src/../../../Drivers/STM32U5xx_HAL_Driver/Src/stm32u5xx_hal_pwr_ex.c:653:6:HAL_PWREx_EnterSTOP1Mode	0	static,ignoring_inline_asm
../Core/Src/../../../Drivers/STM32U5xx_HAL_Driver/Src/stm32u5xx_hal_pwr_ex.c:702:6:HAL_PWREx_EnterSTOP2Mode	0	static,ignoring_inline_asm
../Core/Src/../../../Drivers/STM32U5xx_HAL_Driver/Src/stm32u5xx_hal_pwr_ex.c:752:6:HAL_PWREx_EnterSTOP3Mode	0	static,ignoring_inline_asm
../Core/Src/../../../Drivers/STM32U5xx_HAL_Driver/Src/stm32u5xx_hal_pwr_ex.c:793:6:HAL_PWREx_EnterSHUTDOWNMode	0	static,ignoring_inline_asm
../Core/Src/../../../Drivers/STM32U5xx_HAL_Driver/Src/stm32u5xx_hal_pwr_ex.c:819:6:HAL_PWREx_ConfigSRDDomain	0	static
../Core/Src/../../../Drivers/STM32U5xx_HAL_Driver/Src/stm32u5xx_hal_pwr_ex.c:835:6:HAL_PWREx_EnableUltraLowPowerMode	0	static
../Core/Src/../../../Drivers/STM32U5xx_HAL_Driver/Src/stm32u5xx_hal_pwr_ex.c:844:6:HAL_PWREx_DisableUltraLowPowerMode	0	static
../Core/Src/../../../Drivers/STM32U5xx_HAL_Driver/Src/stm32u5xx_hal_pwr_ex.c:969:13:HAL_PWREx_S3WUCallback	0	static
../Core/Src/../../../Drivers/STM32U5xx_HAL_Driver/Src/stm32u5xx_hal_pwr_ex.c:856:6:HAL_PWREx_S3WU_IRQHandler	8	static
../Core/Src/../../../Drivers/STM32U5xx_HAL_Driver/Src/stm32u5xx_hal_pwr_ex.c:1074:19:HAL_PWREx_ConfigPVM	0	static
../Core/Src/../../../Drivers/STM32U5xx_HAL_Driver/Src/stm32u5xx_hal_pwr_ex.c:1239:6:HAL_PWREx_EnableVddUSB	0	static
../Core/Src/../../../Drivers/STM32U5xx_HAL_Driver/Src/stm32u5xx_hal_pwr_ex.c:1248:6:HAL_PWREx_DisableVddUSB	0	static
../Core/Src/../../../Drivers/STM32U5xx_HAL_Driver/Src/stm32u5xx_hal_pwr_ex.c:1259:6:HAL_PWREx_EnableVddIO2	0	static
../Core/Src/../../../Drivers/STM32U5xx_HAL_Driver/Src/stm32u5xx_hal_pwr_ex.c:1268:6:HAL_PWREx_DisableVddIO2	0	static
../Core/Src/../../../Drivers/STM32U5xx_HAL_Driver/Src/stm32u5xx_hal_pwr_ex.c:1279:6:HAL_PWREx_EnableVddA	0	static
../Core/Src/../../../Drivers/STM32U5xx_HAL_Driver/Src/stm32u5xx_hal_pwr_ex.c:1288:6:HAL_PWREx_DisableVddA	0	static
../Core/Src/../../../Drivers/STM32U5xx_HAL_Driver/Src/stm32u5xx_hal_pwr_ex.c:1297:6:HAL_PWREx_EnableUVM	0	static
../Core/Src/../../../Drivers/STM32U5xx_HAL_Driver/Src/stm32u5xx_hal_pwr_ex.c:1306:6:HAL_PWREx_DisableUVM	0	static
../Core/Src/../../../Drivers/STM32U5xx_HAL_Driver/Src/stm32u5xx_hal_pwr_ex.c:1315:6:HAL_PWREx_EnableIO2VM	0	static
../Core/Src/../../../Drivers/STM32U5xx_HAL_Driver/Src/stm32u5xx_hal_pwr_ex.c:1324:6:HAL_PWREx_DisableIO2VM	0	static
../Core/Src/../../../Drivers/STM32U5xx_HAL_Driver/Src/stm32u5xx_hal_pwr_ex.c:1333:6:HAL_PWREx_EnableAVM1	0	static
../Core/Src/../../../Drivers/STM32U5xx_HAL_Driver/Src/stm32u5xx_hal_pwr_ex.c:1342:6:HAL_PWREx_DisableAVM1	0	static
../Core/Src/../../../Drivers/STM32U5xx_HAL_Driver/Src/stm32u5xx_hal_pwr_ex.c:1351:6:HAL_PWREx_EnableAVM2	0	static
../Core/Src/../../../Drivers/STM32U5xx_HAL_Driver/Src/stm32u5xx_hal_pwr_ex.c:1360:6:HAL_PWREx_DisableAVM2	0	static
../Core/Src/../../../Drivers/STM32U5xx_HAL_Driver/Src/stm32u5xx_hal_pwr_ex.c:1369:6:HAL_PWREx_EnableMonitoring	0	static
../Core/Src/../../../Drivers/STM32U5xx_HAL_Driver/Src/stm32u5xx_hal_pwr_ex.c:1378:6:HAL_PWREx_DisableMonitoring	0	static
../Core/Src/../../../Drivers/STM32U5xx_HAL_Driver/Src/stm32u5xx_hal_pwr_ex.c:1522:6:HAL_PWREx_EnableBatteryCharging	0	static
../Core/Src/../../../Drivers/STM32U5xx_HAL_Driver/Src/stm32u5xx_hal_pwr_ex.c:1538:6:HAL_PWREx_DisableBatteryCharging	0	static
../Core/Src/../../../Drivers/STM32U5xx_HAL_Driver/Src/stm32u5xx_hal_pwr_ex.c:1617:13:HAL_PWREx_UVMCallback	0	static
../Core/Src/../../../Drivers/STM32U5xx_HAL_Driver/Src/stm32u5xx_hal_pwr_ex.c:1628:13:HAL_PWREx_IO2VMCallback	0	static
../Core/Src/../../../Drivers/STM32U5xx_HAL_Driver/Src/stm32u5xx_hal_pwr_ex.c:1639:13:HAL_PWREx_AVM1Callback	0	static
../Core/Src/../../../Drivers/STM32U5xx_HAL_Driver/Src/stm32u5xx_hal_pwr_ex.c:1650:13:HAL_PWREx_AVM2Callback	0	static
../Core/Src/../../../Drivers/STM32U5xx_HAL_Driver/Src/stm32u5xx_hal_pwr_ex.c:1548:6:HAL_PWREx_PVD_PVM_IRQHandler	16	static
../Core/Src/../../../Drivers/STM32U5xx_HAL_Driver/Src/stm32u5xx_hal_pwr_ex.c:1718:6:HAL_PWREx_EnableSRAM2ContentStandbyRetention	0	static
../Core/Src/../../../Drivers/STM32U5xx_HAL_Driver/Src/stm32u5xx_hal_pwr_ex.c:1738:6:HAL_PWREx_DisableSRAM2ContentStandbyRetention	0	static
../Core/Src/../../../Drivers/STM32U5xx_HAL_Driver/Src/stm32u5xx_hal_pwr_ex.c:1756:6:HAL_PWREx_EnableRAMsContentStopRetention	0	static
../Core/Src/../../../Drivers/STM32U5xx_HAL_Driver/Src/stm32u5xx_hal_pwr_ex.c:2007:6:HAL_PWREx_DisableRAMsContentStopRetention	0	static
../Core/Src/../../../Drivers/STM32U5xx_HAL_Driver/Src/stm32u5xx_hal_pwr_ex.c:2265:6:HAL_PWREx_EnableRAMsContentRunRetention	0	static
../Core/Src/../../../Drivers/STM32U5xx_HAL_Driver/Src/stm32u5xx_hal_pwr_ex.c:2291:6:HAL_PWREx_DisableRAMsContentRunRetention	0	static
../Core/Src/../../../Drivers/STM32U5xx_HAL_Driver/Src/stm32u5xx_hal_pwr_ex.c:2309:19:HAL_PWREx_EnableBkupRAMRetention	0	static
../Core/Src/../../../Drivers/STM32U5xx_HAL_Driver/Src/stm32u5xx_hal_pwr_ex.c:2335:6:HAL_PWREx_DisableBkupRAMRetention	0	static
../Core/Src/../../../Drivers/STM32U5xx_HAL_Driver/Src/stm32u5xx_hal_pwr_ex.c:2349:6:HAL_PWREx_EnableFlashFastWakeUp	0	static
../Core/Src/../../../Drivers/STM32U5xx_HAL_Driver/Src/stm32u5xx_hal_pwr_ex.c:2363:6:HAL_PWREx_DisableFlashFastWakeUp	0	static
../Core/Src/../../../Drivers/STM32U5xx_HAL_Driver/Src/stm32u5xx_hal_pwr_ex.c:2376:6:HAL_PWREx_EnableSRAM4FastWakeUp	0	static
../Core/Src/../../../Drivers/STM32U5xx_HAL_Driver/Src/stm32u5xx_hal_pwr_ex.c:2389:6:HAL_PWREx_DisableSRAM4FastWakeUp	0	static
../Core/Src/../../../Drivers/STM32U5xx_HAL_Driver/Src/stm32u5xx_hal_pwr_ex.c:2437:6:HAL_PWREx_EnablePullUpPullDownConfig	0	static
../Core/Src/../../../Drivers/STM32U5xx_HAL_Driver/Src/stm32u5xx_hal_pwr_ex.c:2449:6:HAL_PWREx_DisablePullUpPullDownConfig	0	static
../Core/Src/../../../Drivers/STM32U5xx_HAL_Driver/Src/stm32u5xx_hal_pwr_ex.c:2475:19:HAL_PWREx_EnableGPIOPullUp	0	static
../Core/Src/../../../Drivers/STM32U5xx_HAL_Driver/Src/stm32u5xx_hal_pwr_ex.c:2562:19:HAL_PWREx_DisableGPIOPullUp	0	static
../Core/Src/../../../Drivers/STM32U5xx_HAL_Driver/Src/stm32u5xx_hal_pwr_ex.c:2646:19:HAL_PWREx_EnableGPIOPullDown	0	static
../Core/Src/../../../Drivers/STM32U5xx_HAL_Driver/Src/stm32u5xx_hal_pwr_ex.c:2733:19:HAL_PWREx_DisableGPIOPullDown	0	static
../Core/Src/../../../Drivers/STM32U5xx_HAL_Driver/Src/stm32u5xx_hal_rcc.c:360:19:HAL_RCC_DeInit	16	static
../Core/Src/../../../Drivers/STM32U5xx_HAL_Driver/Src/stm32u5xx_hal_rcc.c:1654:6:HAL_RCC_MCOConfig	40	static
../Core/Src/../../../Drivers/STM32U5xx_HAL_Driver/Src/stm32u5xx_hal_rcc.c:1707:10:HAL_RCC_GetSysClockFreq	12	static
../Core/Src/../../../Drivers/STM32U5xx_HAL_Driver/Src/stm32u5xx_hal.c:140:19:HAL_Init	8	static
../Core/Src/../../../Drivers/STM32U5xx_HAL_Driver/Src/stm32u5xx_hal_rcc.c:1349:19:HAL_RCC_ClockConfig	32	static
../Core/Src/../../../Drivers/STM32U5xx_HAL_Driver/Src/stm32u5xx_hal_rcc.c:1809:10:HAL_RCC_GetHCLKFreq	8	static
../Core/Src/../../../Drivers/STM32U5xx_HAL_Driver/Src/stm32u5xx_hal_rcc.c:522:19:HAL_RCC_OscConfig	40	static
../Core/Src/../../../Drivers/STM32U5xx_HAL_Driver/Src/stm32u5xx_hal_rcc.c:1821:10:HAL_RCC_GetPCLK1Freq	8	static
../Core/Src/../../../Drivers/STM32U5xx_HAL_Driver/Src/stm32u5xx_hal_rcc.c:1833:10:HAL_RCC_GetPCLK2Freq	8	static
../Core/Src/../../../Drivers/STM32U5xx_HAL_Driver/Src/stm32u5xx_hal_rcc.c:1845:10:HAL_RCC_GetPCLK3Freq	8	static
../Core/Src/../../../Drivers/STM32U5xx_HAL_Driver/Src/stm32u5xx_hal_rcc.c:1857:6:HAL_RCC_GetOscConfig	8	static
../Core/Src/../../../Drivers/STM32U5xx_HAL_Driver/Src/stm32u5xx_hal_rcc.c:1958:6:HAL_RCC_GetClockConfig	0	static
../Core/Src/../../../Drivers/STM32U5xx_HAL_Driver/Src/stm32u5xx_hal_rcc.c:1993:10:HAL_RCC_GetResetSource	0	static
../Core/Src/../../../Drivers/STM32U5xx_HAL_Driver/Src/stm32u5xx_hal_rcc.c:2016:6:HAL_RCC_EnableCSS	0	static
../Core/Src/../../../Drivers/STM32U5xx_HAL_Driver/Src/stm32u5xx_hal_rcc.c:2043:13:HAL_RCC_CSSCallback	0	static
../Core/Src/../../../Drivers/STM32U5xx_HAL_Driver/Src/stm32u5xx_hal_rcc.c:2026:6:HAL_RCC_NMI_IRQHandler	8	static
../Core/Src/../../../Drivers/STM32U5xx_HAL_Driver/Src/stm32u5xx_hal_rcc.c:2080:6:HAL_RCC_ConfigAttributes	0	static
../Core/Src/../../../Drivers/STM32U5xx_HAL_Driver/Src/stm32u5xx_hal_rcc.c:2141:19:HAL_RCC_GetConfigAttributes	0	static
../Core/Src/../../../Drivers/STM32U5xx_HAL_Driver/Src/stm32u5xx_hal_rcc_ex.c:430:19:HAL_RCCEx_PeriphCLKConfig	40	static
../Core/Src/../../../Drivers/STM32U5xx_HAL_Driver/Src/stm32u5xx_hal_rcc_ex.c:1276:6:HAL_RCCEx_GetPeriphCLKConfig	0	static
../Core/Src/../../../Drivers/STM32U5xx_HAL_Driver/Src/stm32u5xx_hal_rcc_ex.c:1498:6:HAL_RCCEx_GetPLL1ClockFreq	16	static
../Core/Src/../../../Drivers/STM32U5xx_HAL_Driver/Src/stm32u5xx_hal_rcc_ex.c:1585:6:HAL_RCCEx_GetPLL2ClockFreq	16	static
../Core/Src/../../../Drivers/STM32U5xx_HAL_Driver/Src/stm32u5xx_hal_rcc_ex.c:1672:6:HAL_RCCEx_GetPLL3ClockFreq	16	static
../Core/Src/../../../Drivers/STM32U5xx_HAL_Driver/Src/stm32u5xx_hal_rcc_ex.c:1794:10:HAL_RCCEx_GetPeriphCLKFreq	24	static
../Core/Src/../../../Drivers/STM32U5xx_HAL_Driver/Src/stm32u5xx_hal_rcc_ex.c:3093:19:HAL_RCCEx_EnablePLL2	16	static
../Core/Src/../../../Drivers/STM32U5xx_HAL_Driver/Src/stm32u5xx_hal_rcc_ex.c:3175:19:HAL_RCCEx_DisablePLL2	16	static
../Core/Src/../../../Drivers/STM32U5xx_HAL_Driver/Src/stm32u5xx_hal_rcc_ex.c:3209:19:HAL_RCCEx_EnablePLL3	16	static
../Core/Src/../../../Drivers/STM32U5xx_HAL_Driver/Src/stm32u5xx_hal_rcc_ex.c:3289:19:HAL_RCCEx_DisablePLL3	16	static
../Core/Src/../../../Drivers/STM32U5xx_HAL_Driver/Src/stm32u5xx_hal_rcc_ex.c:3328:19:HAL_RCCEx_EnableMSIPLLModeSelection	0	static
../Core/Src/../../../Drivers/STM32U5xx_HAL_Driver/Src/stm32u5xx_hal_rcc_ex.c:3357:19:HAL_RCCEx_EnableMSIPLLFastStartup	0	static
../Core/Src/../../../Drivers/STM32U5xx_HAL_Driver/Src/stm32u5xx_hal_rcc_ex.c:3376:19:HAL_RCCEx_DisableMSIPLLFastStartup	0	static
../Core/Src/../../../Drivers/STM32U5xx_HAL_Driver/Src/stm32u5xx_hal_rcc_ex.c:3399:6:HAL_RCCEx_WakeUpStopCLKConfig	0	static
../Core/Src/../../../Drivers/STM32U5xx_HAL_Driver/Src/stm32u5xx_hal_rcc_ex.c:3414:6:HAL_RCCEx_KerWakeUpStopCLKConfig	0	static
../Core/Src/../../../Drivers/STM32U5xx_HAL_Driver/Src/stm32u5xx_hal_rcc_ex.c:3433:6:HAL_RCCEx_StandbyMSIRangeConfig	0	static
../Core/Src/../../../Drivers/STM32U5xx_HAL_Driver/Src/stm32u5xx_hal_rcc_ex.c:3452:6:HAL_RCCEx_StandbyMSIKRangeConfig	0	static
../Core/Src/../../../Drivers/STM32U5xx_HAL_Driver/Src/stm32u5xx_hal_rcc_ex.c:3466:6:HAL_RCCEx_EnableLSECSS	0	static
../Core/Src/../../../Drivers/STM32U5xx_HAL_Driver/Src/stm32u5xx_hal_rcc_ex.c:3476:6:HAL_RCCEx_DisableLSECSS	0	static
../Core/Src/../../../Drivers/STM32U5xx_HAL_Driver/Src/stm32u5xx_hal_rcc_ex.c:3487:6:HAL_RCCEx_EnableLSECSS_IT	0	static
../Core/Src/../../../Drivers/STM32U5xx_HAL_Driver/Src/stm32u5xx_hal_rcc_ex.c:3540:13:HAL_RCCEx_LSECSS_Callback	0	static
../Core/Src/../../../Drivers/STM32U5xx_HAL_Driver/Src/stm32u5xx_hal_rcc_ex.c:3503:6:HAL_RCCEx_LSECSS_IRQHandler	8	static
../Core/Src/../../../Drivers/STM32U5xx_HAL_Driver/Src/stm32u5xx_hal_rcc_ex.c:3553:6:HAL_RCCEx_EnableMSIPLLUNLCK_IT	0	static
../Core/Src/../../../Drivers/STM32U5xx_HAL_Driver/Src/stm32u5xx_hal_rcc_ex.c:3595:13:HAL_RCCEx_MSIPLLUNLCK_Callback	0	static
../Core/Src/../../../Drivers/STM32U5xx_HAL_Driver/Src/stm32u5xx_hal_rcc_ex.c:3566:6:HAL_RCCEx_MSIPLLUNLCK_IRQHandler	8	static
../Core/Src/../../../Drivers/STM32U5xx_HAL_Driver/Src/stm32u5xx_hal_rcc_ex.c:3610:6:HAL_RCCEx_EnableLSCO	24	static
../Core/Src/../../../Drivers/STM32U5xx_HAL_Driver/Src/stm32u5xx_hal_rcc_ex.c:3646:6:HAL_RCCEx_DisableLSCO	16	static
../Core/Src/../../../Drivers/STM32U5xx_HAL_Driver/Src/stm32u5xx_hal_rcc_ex.c:3684:6:HAL_RCCEx_EnableMSIPLLMode	0	static
../Core/Src/../../../Drivers/STM32U5xx_HAL_Driver/Src/stm32u5xx_hal_rcc_ex.c:3694:6:HAL_RCCEx_DisableMSIPLLMode	0	static
../Core/Src/../../../Drivers/STM32U5xx_HAL_Driver/Src/stm32u5xx_hal_rcc_ex.c:3773:6:HAL_RCCEx_CRSConfig	0	static
../Core/Src/../../../Drivers/STM32U5xx_HAL_Driver/Src/stm32u5xx_hal_rcc_ex.c:3815:6:HAL_RCCEx_CRSSoftwareSynchronizationGenerate	0	static
../Core/Src/../../../Drivers/STM32U5xx_HAL_Driver/Src/stm32u5xx_hal_rcc_ex.c:3825:6:HAL_RCCEx_CRSGetSynchronizationInfo	0	static
../Core/Src/../../../Drivers/STM32U5xx_HAL_Driver/Src/stm32u5xx_hal_rcc_ex.c:3858:10:HAL_RCCEx_CRSWaitSynchronization	24	static
../Core/Src/../../../Drivers/STM32U5xx_HAL_Driver/Src/stm32u5xx_hal_rcc_ex.c:4006:13:HAL_RCCEx_CRS_SyncOkCallback	0	static
../Core/Src/../../../Drivers/STM32U5xx_HAL_Driver/Src/stm32u5xx_hal_rcc_ex.c:4017:13:HAL_RCCEx_CRS_SyncWarnCallback	0	static
../Core/Src/../../../Drivers/STM32U5xx_HAL_Driver/Src/stm32u5xx_hal_rcc_ex.c:4028:13:HAL_RCCEx_CRS_ExpectedSyncCallback	0	static
../Core/Src/../../../Drivers/STM32U5xx_HAL_Driver/Src/stm32u5xx_hal_rcc_ex.c:4044:13:HAL_RCCEx_CRS_ErrorCallback	0	static
../Core/Src/../../../Drivers/STM32U5xx_HAL_Driver/Src/stm32u5xx_hal_rcc_ex.c:3941:6:HAL_RCCEx_CRS_IRQHandler	8	static
../Core/Src/../../../Drivers/STM32U5xx_HAL_Driver/Src/stm32u5xx_hal_rtc.c:921:13:HAL_RTC_MspInit	0	static
../Core/Src/../../../Drivers/STM32U5xx_HAL_Driver/Src/stm32u5xx_hal_rtc.c:936:13:HAL_RTC_MspDeInit	0	static
../Core/Src/../../../Drivers/STM32U5xx_HAL_Driver/Src/stm32u5xx_hal_rtc.c:1082:6:HAL_RTC_DST_Add1Hour	0	static
../Core/Src/../../../Drivers/STM32U5xx_HAL_Driver/Src/stm32u5xx_hal_rtc.c:1096:6:HAL_RTC_DST_Sub1Hour	0	static
../Core/Src/../../../Drivers/STM32U5xx_HAL_Driver/Src/stm32u5xx_hal_rtc.c:1110:6:HAL_RTC_DST_SetStoreOperation	0	static
../Core/Src/../../../Drivers/STM32U5xx_HAL_Driver/Src/stm32u5xx_hal_rtc.c:1121:6:HAL_RTC_DST_ClearStoreOperation	0	static
../Core/Src/../../../Drivers/STM32U5xx_HAL_Driver/Src/stm32u5xx_hal_rtc.c:1132:10:HAL_RTC_DST_ReadStoreOperation	0	static
../Core/Src/../../../Drivers/STM32U5xx_HAL_Driver/Src/stm32u5xx_hal_rtc.c:1770:19:HAL_RTC_DeactivateAlarm	0	static
../Core/Src/../../../Drivers/STM32U5xx_HAL_Driver/Src/stm32u5xx_hal_rtc.c:1964:13:HAL_RTC_AlarmAEventCallback	0	static
../Core/Src/../../../Drivers/STM32U5xx_HAL_Driver/Src/stm32u5xx_hal_rtc.c:1980:19:HAL_RTC_PollForAlarmAEvent	16	static
../Core/Src/../../../Drivers/STM32U5xx_HAL_Driver/Src/stm32u5xx_hal_rtc.c:2045:19:HAL_RTC_WaitForSynchro	16	static
../Core/Src/../../../Drivers/STM32U5xx_HAL_Driver/Src/stm32u5xx_hal_rtc.c:2099:21:HAL_RTC_GetState	0	static
../Core/Src/../../../Drivers/STM32U5xx_HAL_Driver/Src/stm32u5xx_hal_rtc.c:2122:19:RTC_EnterInitMode	24	static
../Core/Src/../../../Drivers/STM32U5xx_HAL_Driver/Src/stm32u5xx_hal_rtc.c:2163:19:RTC_ExitInitMode	16	static
../Core/Src/../../../Drivers/STM32U5xx_HAL_Driver/Src/stm32u5xx_hal_rtc.c:268:19:HAL_RTC_Init	16	static
../Core/Src/../../../Drivers/STM32U5xx_HAL_Driver/Src/stm32u5xx_hal_rtc.c:434:19:HAL_RTC_DeInit	16	static
../Core/Src/../../../Drivers/STM32U5xx_HAL_Driver/Src/stm32u5xx_hal_rtc.c:2199:9:RTC_ByteToBcd2	0	static
../Core/Src/../../../Drivers/STM32U5xx_HAL_Driver/Src/stm32u5xx_hal_rtc.c:979:19:HAL_RTC_SetTime	24	static
../Core/Src/../../../Drivers/STM32U5xx_HAL_Driver/Src/stm32u5xx_hal_rtc.c:1221:19:HAL_RTC_SetDate	24	static
../Core/Src/../../../Drivers/STM32U5xx_HAL_Driver/Src/stm32u5xx_hal_rtc.c:1365:19:HAL_RTC_SetAlarm	32	static
../Core/Src/../../../Drivers/STM32U5xx_HAL_Driver/Src/stm32u5xx_hal_rtc.c:1570:19:HAL_RTC_SetAlarm_IT	32	static
../Core/Src/../../../Drivers/STM32U5xx_HAL_Driver/Src/stm32u5xx_hal_rtc.c:2218:9:RTC_Bcd2ToByte	0	static
../Core/Src/../../../Drivers/STM32U5xx_HAL_Driver/Src/stm32u5xx_hal_rtc.c:1163:19:HAL_RTC_GetTime	16	static
../Core/Src/../../../Drivers/STM32U5xx_HAL_Driver/Src/stm32u5xx_hal_rtc.c:1305:19:HAL_RTC_GetDate	16	static
../Core/Src/../../../Drivers/STM32U5xx_HAL_Driver/Src/stm32u5xx_hal_rtc.c:1818:19:HAL_RTC_GetAlarm	24	static
../Core/Src/../../../Drivers/STM32U5xx_HAL_Driver/Src/stm32u5xx_hal_rtc_ex.c:171:19:HAL_RTCEx_SetTimeStamp	0	static
../Core/Src/../../../Drivers/STM32U5xx_HAL_Driver/Src/stm32u5xx_hal_rtc_ex.c:218:19:HAL_RTCEx_SetTimeStamp_IT	0	static
../Core/Src/../../../Drivers/STM32U5xx_HAL_Driver/Src/stm32u5xx_hal_rtc_ex.c:254:19:HAL_RTCEx_DeactivateTimeStamp	0	static
../Core/Src/../../../Drivers/STM32U5xx_HAL_Driver/Src/stm32u5xx_hal_rtc_ex.c:280:19:HAL_RTCEx_SetInternalTimeStamp	0	static
../Core/Src/../../../Drivers/STM32U5xx_HAL_Driver/Src/stm32u5xx_hal_rtc_ex.c:306:19:HAL_RTCEx_DeactivateInternalTimeStamp	0	static
../Core/Src/../../../Drivers/STM32U5xx_HAL_Driver/Src/stm32u5xx_hal_rtc_ex.c:338:19:HAL_RTCEx_GetTimeStamp	32	static
../Core/Src/../../../Drivers/STM32U5xx_HAL_Driver/Src/stm32u5xx_hal_rtc_ex.c:420:13:HAL_RTCEx_TimeStampEventCallback	0	static
../Core/Src/../../../Drivers/STM32U5xx_HAL_Driver/Src/stm32u5xx_hal_rtc_ex.c:391:6:HAL_RTCEx_TimeStampIRQHandler	16	static
../Core/Src/../../../Drivers/STM32U5xx_HAL_Driver/Src/stm32u5xx_hal_rtc_ex.c:436:19:HAL_RTCEx_PollForTimeStampEvent	16	static
../Core/Src/../../../Drivers/STM32U5xx_HAL_Driver/Src/stm32u5xx_hal_rtc_ex.c:498:19:HAL_RTCEx_SetWakeUpTimer	24	static
../Core/Src/../../../Drivers/STM32U5xx_HAL_Driver/Src/stm32u5xx_hal_rtc_ex.c:577:19:HAL_RTCEx_SetWakeUpTimer_IT	32	static
../Core/Src/../../../Drivers/STM32U5xx_HAL_Driver/Src/stm32u5xx_hal_rtc_ex.c:655:19:HAL_RTCEx_DeactivateWakeUpTimer	0	static
../Core/Src/../../../Drivers/STM32U5xx_HAL_Driver/Src/stm32u5xx_hal_rtc_ex.c:686:10:HAL_RTCEx_GetWakeUpTimer	0	static
../Core/Src/../../../Drivers/STM32U5xx_HAL_Driver/Src/stm32u5xx_hal_rtc_ex.c:729:13:HAL_RTCEx_WakeUpTimerEventCallback	0	static
../Core/Src/../../../Drivers/STM32U5xx_HAL_Driver/Src/stm32u5xx_hal_rtc_ex.c:699:6:HAL_RTCEx_WakeUpTimerIRQHandler	8	static
../Core/Src/../../../Drivers/STM32U5xx_HAL_Driver/Src/stm32u5xx_hal_rtc_ex.c:745:19:HAL_RTCEx_PollForWakeUpTimerEvent	24	static
../Core/Src/../../../Drivers/STM32U5xx_HAL_Driver/Src/stm32u5xx_hal_rtc_ex.c:831:19:HAL_RTCEx_SetSmoothCalib	32	static
../Core/Src/../../../Drivers/STM32U5xx_HAL_Driver/Src/stm32u5xx_hal_rtc_ex.c:901:19:HAL_RTCEx_SetLowPowerCalib	0	static
../Core/Src/../../../Drivers/STM32U5xx_HAL_Driver/Src/stm32u5xx_hal_rtc_ex.c:942:19:HAL_RTCEx_SetSynchroShift	24	static
../Core/Src/../../../Drivers/STM32U5xx_HAL_Driver/Src/stm32u5xx_hal_rtc_ex.c:1045:19:HAL_RTCEx_SetCalibrationOutPut	0	static
../Core/Src/../../../Drivers/STM32U5xx_HAL_Driver/Src/stm32u5xx_hal_rtc_ex.c:1078:19:HAL_RTCEx_DeactivateCalibrationOutPut	0	static
../Core/Src/../../../Drivers/STM32U5xx_HAL_Driver/Src/stm32u5xx_hal_rtc_ex.c:1105:19:HAL_RTCEx_SetRefClock	16	static
../Core/Src/../../../Drivers/STM32U5xx_HAL_Driver/Src/stm32u5xx_hal_rtc_ex.c:1149:19:HAL_RTCEx_DeactivateRefClock	16	static
../Core/Src/../../../Drivers/STM32U5xx_HAL_Driver/Src/stm32u5xx_hal_rtc_ex.c:1195:19:HAL_RTCEx_EnableBypassShadow	0	static
../Core/Src/../../../Drivers/STM32U5xx_HAL_Driver/Src/stm32u5xx_hal_rtc_ex.c:1224:19:HAL_RTCEx_DisableBypassShadow	0	static
../Core/Src/../../../Drivers/STM32U5xx_HAL_Driver/Src/stm32u5xx_hal_rtc_ex.c:1254:19:HAL_RTCEx_MonotonicCounterIncrement	0	static
../Core/Src/../../../Drivers/STM32U5xx_HAL_Driver/Src/stm32u5xx_hal_rtc_ex.c:1275:19:HAL_RTCEx_MonotonicCounterGet	0	static
../Core/Src/../../../Drivers/STM32U5xx_HAL_Driver/Src/stm32u5xx_hal_rtc_ex.c:1293:19:HAL_RTCEx_SetSSRU_IT	0	static
../Core/Src/../../../Drivers/STM32U5xx_HAL_Driver/Src/stm32u5xx_hal_rtc_ex.c:1320:19:HAL_RTCEx_DeactivateSSRU	0	static
../Core/Src/../../../Drivers/STM32U5xx_HAL_Driver/Src/stm32u5xx_hal_rtc_ex.c:1378:13:HAL_RTCEx_SSRUEventCallback	0	static
../Core/Src/../../../Drivers/STM32U5xx_HAL_Driver/Src/stm32u5xx_hal_rtc_ex.c:1347:6:HAL_RTCEx_SSRUIRQHandler	8	static
../Core/Src/../../../Drivers/STM32U5xx_HAL_Driver/Src/stm32u5xx_hal_rtc_ex.c:1412:13:HAL_RTCEx_AlarmBEventCallback	0	static
../Core/Src/../../../Drivers/STM32U5xx_HAL_Driver/Src/stm32u5xx_hal_rtc.c:1924:6:HAL_RTC_AlarmIRQHandler	16	static
../Core/Src/../../../Drivers/STM32U5xx_HAL_Driver/Src/stm32u5xx_hal_rtc_ex.c:1428:19:HAL_RTCEx_PollForAlarmBEvent	16	static
../Core/Src/../../../Drivers/STM32U5xx_HAL_Driver/Src/stm32u5xx_hal_rtc_ex.c:1498:19:HAL_RTCEx_SetTamper	16	static
../Core/Src/../../../Drivers/STM32U5xx_HAL_Driver/Src/stm32u5xx_hal_rtc_ex.c:1569:19:HAL_RTCEx_SetTamper_IT	16	static
../Core/Src/../../../Drivers/STM32U5xx_HAL_Driver/Src/stm32u5xx_hal_rtc_ex.c:1650:19:HAL_RTCEx_DeactivateTamper	0	static
../Core/Src/../../../Drivers/STM32U5xx_HAL_Driver/Src/stm32u5xx_hal_rtc_ex.c:1798:6:HAL_RTCEx_GetActiveTampers	20	static
../Core/Src/../../../Drivers/STM32U5xx_HAL_Driver/Src/stm32u5xx_hal_rtc_ex.c:1824:19:HAL_RTCEx_SetActiveSeed	16	static
../Core/Src/../../../Drivers/STM32U5xx_HAL_Driver/Src/stm32u5xx_hal_rtc_ex.c:1871:19:HAL_RTCEx_SetBoothardwareKey	0	static
../Core/Src/../../../Drivers/STM32U5xx_HAL_Driver/Src/stm32u5xx_hal_rtc_ex.c:1885:19:HAL_RTCEx_DeactivateActiveTampers	0	static
../Core/Src/../../../Drivers/STM32U5xx_HAL_Driver/Src/stm32u5xx_hal_rtc_ex.c:1677:19:HAL_RTCEx_SetActiveTampers	32	static
../Core/Src/../../../Drivers/STM32U5xx_HAL_Driver/Src/stm32u5xx_hal_rtc_ex.c:1929:19:HAL_RTCEx_PollForTamperEvent	24	static
../Core/Src/../../../Drivers/STM32U5xx_HAL_Driver/Src/stm32u5xx_hal_rtc_ex.c:1971:19:HAL_RTCEx_SetInternalTamper	8	static
../Core/Src/../../../Drivers/STM32U5xx_HAL_Driver/Src/stm32u5xx_hal_rtc_ex.c:2010:6:HAL_RTCEx_GetInternalTampers	0	static
../Core/Src/../../../Drivers/STM32U5xx_HAL_Driver/Src/stm32u5xx_hal_rtc_ex.c:2030:19:HAL_RTCEx_SetInternalTamper_IT	0	static
../Core/Src/../../../Drivers/STM32U5xx_HAL_Driver/Src/stm32u5xx_hal_rtc_ex.c:2071:19:HAL_RTCEx_DeactivateInternalTamper	0	static
../Core/Src/../../../Drivers/STM32U5xx_HAL_Driver/Src/stm32u5xx_hal_rtc_ex.c:2099:19:HAL_RTCEx_PollForInternalTamperEvent	0	static
../Core/Src/../../../Drivers/STM32U5xx_HAL_Driver/Src/stm32u5xx_hal_rtc_ex.c:2384:13:HAL_RTCEx_Tamper1EventCallback	0	static
../Core/Src/../../../Drivers/STM32U5xx_HAL_Driver/Src/stm32u5xx_hal_rtc_ex.c:2399:13:HAL_RTCEx_Tamper2EventCallback	0	static
../Core/Src/../../../Drivers/STM32U5xx_HAL_Driver/Src/stm32u5xx_hal_rtc_ex.c:2414:13:HAL_RTCEx_Tamper3EventCallback	0	static
../Core/Src/../../../Drivers/STM32U5xx_HAL_Driver/Src/stm32u5xx_hal_rtc_ex.c:2429:13:HAL_RTCEx_Tamper4EventCallback	0	static
../Core/Src/../../../Drivers/STM32U5xx_HAL_Driver/Src/stm32u5xx_hal_rtc_ex.c:2444:13:HAL_RTCEx_Tamper5EventCallback	0	static
../Core/Src/../../../Drivers/STM32U5xx_HAL_Driver/Src/stm32u5xx_hal_rtc_ex.c:2459:13:HAL_RTCEx_Tamper6EventCallback	0	static
../Core/Src/../../../Drivers/STM32U5xx_HAL_Driver/Src/stm32u5xx_hal_rtc_ex.c:2474:13:HAL_RTCEx_Tamper7EventCallback	0	static
../Core/Src/../../../Drivers/STM32U5xx_HAL_Driver/Src/stm32u5xx_hal_rtc_ex.c:2489:13:HAL_RTCEx_Tamper8EventCallback	0	static
../Core/Src/../../../Drivers/STM32U5xx_HAL_Driver/Src/stm32u5xx_hal_rtc_ex.c:2504:13:HAL_RTCEx_InternalTamper1EventCallback	0	static
../Core/Src/../../../Drivers/STM32U5xx_HAL_Driver/Src/stm32u5xx_hal_rtc_ex.c:2519:13:HAL_RTCEx_InternalTamper2EventCallback	0	static
../Core/Src/../../../Drivers/STM32U5xx_HAL_Driver/Src/stm32u5xx_hal_rtc_ex.c:2534:13:HAL_RTCEx_InternalTamper3EventCallback	0	static
../Core/Src/../../../Drivers/STM32U5xx_HAL_Driver/Src/stm32u5xx_hal_rtc_ex.c:2550:13:HAL_RTCEx_InternalTamper5EventCallback	0	static
../Core/Src/../../../Drivers/STM32U5xx_HAL_Driver/Src/stm32u5xx_hal_rtc_ex.c:2565:13:HAL_RTCEx_InternalTamper6EventCallback	0	static
../Core/Src/../../../Drivers/STM32U5xx_HAL_Driver/Src/stm32u5xx_hal_rtc_ex.c:2580:13:HAL_RTCEx_InternalTamper7EventCallback	0	static
../Core/Src/../../../Drivers/STM32U5xx_HAL_Driver/Src/stm32u5xx_hal_rtc_ex.c:2595:13:HAL_RTCEx_InternalTamper8EventCallback	0	static
../Core/Src/../../../Drivers/STM32U5xx_HAL_Driver/Src/stm32u5xx_hal_rtc_ex.c:2610:13:HAL_RTCEx_InternalTamper9EventCallback	0	static
../Core/Src/../../../Drivers/STM32U5xx_HAL_Driver/Src/stm32u5xx_hal_rtc_ex.c:2625:13:HAL_RTCEx_InternalTamper11EventCallback	0	static
../Core/Src/../../../Drivers/STM32U5xx_HAL_Driver/Src/stm32u5xx_hal_rtc_ex.c:2640:13:HAL_RTCEx_InternalTamper12EventCallback	0	static
../Core/Src/../../../Drivers/STM32U5xx_HAL_Driver/Src/stm32u5xx_hal_rtc_ex.c:2655:13:HAL_RTCEx_InternalTamper13EventCallback	0	static
../Core/Src/../../../Drivers/STM32U5xx_HAL_Driver/Src/stm32u5xx_hal_rtc_ex.c:2139:6:HAL_RTCEx_TamperIRQHandler	16	static
../Core/Src/../../../Drivers/STM32U5xx_HAL_Driver/Src/stm32u5xx_hal_rtc_ex.c:2697:6:HAL_RTCEx_BKUPWrite	0	static
../Core/Src/../../../Drivers/STM32U5xx_HAL_Driver/Src/stm32u5xx_hal_rtc_ex.c:2722:10:HAL_RTCEx_BKUPRead	0	static
../Core/Src/../../../Drivers/STM32U5xx_HAL_Driver/Src/stm32u5xx_hal_rtc_ex.c:2743:7:HAL_RTCEx_BKUPErase	0	static
../Core/Src/../../../Drivers/STM32U5xx_HAL_Driver/Src/stm32u5xx_hal_rtc_ex.c:2754:7:HAL_RTCEx_BKUPBlock_Enable	0	static
../Core/Src/../../../Drivers/STM32U5xx_HAL_Driver/Src/stm32u5xx_hal_rtc_ex.c:2765:7:HAL_RTCEx_BKUPBlock_Disable	0	static
../Core/Src/../../../Drivers/STM32U5xx_HAL_Driver/Src/stm32u5xx_hal_rtc_ex.c:2783:7:HAL_RTCEx_Erase_SecretDev_Conf	0	static
../Core/Src/../../../Drivers/STM32U5xx_HAL_Driver/Src/stm32u5xx_hal_rtc_ex.c:2801:10:HAL_RTCEx_Get_Erase_SecretDev_Conf	0	static
../Core/Src/../../../Drivers/STM32U5xx_HAL_Driver/Src/stm32u5xx_hal_rtc_ex.c:2838:19:HAL_RTCEx_SecureModeGet	0	static
../Core/Src/../../../Drivers/STM32U5xx_HAL_Driver/Src/stm32u5xx_hal_rtc_ex.c:2928:19:HAL_RTCEx_PrivilegeModeSet	0	static
../Core/Src/../../../Drivers/STM32U5xx_HAL_Driver/Src/stm32u5xx_hal_rtc_ex.c:2970:19:HAL_RTCEx_PrivilegeModeGet	8	static
../Core/Src/../../../Drivers/STM32U5xx_HAL_Driver/Src/stm32u5xx_ll_usb.c:2434:19:USB_CoreInit	8	static
../Core/Src/../../../Drivers/STM32U5xx_HAL_Driver/Src/stm32u5xx_ll_usb.c:2459:19:USB_EnableGlobalInt	0	static
../Core/Src/../../../Drivers/STM32U5xx_HAL_Driver/Src/stm32u5xx_ll_usb.c:2484:19:USB_DisableGlobalInt	0	static
../Core/Src/../../../Drivers/STM32U5xx_HAL_Driver/Src/stm32u5xx_ll_usb.c:2508:19:USB_SetCurrentMode	0	static
../Core/Src/../../../Drivers/STM32U5xx_HAL_Driver/Src/stm32u5xx_ll_usb.c:2534:19:USB_DevInit	8	static
../Core/Src/../../../Drivers/STM32U5xx_HAL_Driver/Src/stm32u5xx_ll_usb.c:2564:19:USB_FlushTxFifo	0	static
../Core/Src/../../../Drivers/STM32U5xx_HAL_Driver/Src/stm32u5xx_ll_usb.c:2583:19:USB_FlushRxFifo	0	static
../Core/Src/../../../Drivers/STM32U5xx_HAL_Driver/Src/stm32u5xx_ll_usb.c:2604:19:USB_ActivateEndpoint	20	static
../Core/Src/../../../Drivers/STM32U5xx_HAL_Driver/Src/stm32u5xx_hal_pcd.c:1876:19:HAL_PCD_EP_Open	16	static
../Core/Src/../../../Drivers/STM32U5xx_HAL_Driver/Src/stm32u5xx_ll_usb.c:2741:19:USB_DeactivateEndpoint	12	static
../Core/Src/../../../Drivers/STM32U5xx_HAL_Driver/Src/stm32u5xx_hal_pcd.c:1924:19:HAL_PCD_EP_Close	8	static
../Core/Src/../../../Drivers/STM32U5xx_HAL_Driver/Src/stm32u5xx_ll_usb.c:3014:19:USB_EPSetStall	0	static
../Core/Src/../../../Drivers/STM32U5xx_HAL_Driver/Src/stm32u5xx_hal_pcd.c:2037:19:HAL_PCD_EP_SetStall	8	static
../Core/Src/../../../Drivers/STM32U5xx_HAL_Driver/Src/stm32u5xx_ll_usb.c:3034:19:USB_EPClearStall	8	static
../Core/Src/../../../Drivers/STM32U5xx_HAL_Driver/Src/stm32u5xx_hal_pcd.c:2082:19:HAL_PCD_EP_ClrStall	16	static
../Core/Src/../../../Drivers/STM32U5xx_HAL_Driver/Src/stm32u5xx_ll_usb.c:3063:19:USB_EPStopXfer	0	static
../Core/Src/../../../Drivers/STM32U5xx_HAL_Driver/Src/stm32u5xx_hal_pcd.c:2118:19:HAL_PCD_EP_Abort	8	static
../Core/Src/../../../Drivers/STM32U5xx_HAL_Driver/Src/stm32u5xx_ll_usb.c:3108:19:USB_StopDevice	0	static
../Core/Src/../../../Drivers/STM32U5xx_HAL_Driver/Src/stm32u5xx_ll_usb.c:3129:20:USB_SetDevAddress	0	static
../Core/Src/../../../Drivers/STM32U5xx_HAL_Driver/Src/stm32u5xx_ll_usb.c:3145:20:USB_DevConnect	0	static
../Core/Src/../../../Drivers/STM32U5xx_HAL_Driver/Src/stm32u5xx_ll_usb.c:3158:20:USB_DevDisconnect	0	static
../Core/Src/../../../Drivers/STM32U5xx_HAL_Driver/Src/stm32u5xx_ll_usb.c:3171:10:USB_ReadInterrupts	0	static
../Core/Src/../../../Drivers/STM32U5xx_HAL_Driver/Src/stm32u5xx_ll_usb.c:3184:19:USB_ActivateRemoteWakeup	0	static
../Core/Src/../../../Drivers/STM32U5xx_HAL_Driver/Src/stm32u5xx_ll_usb.c:3196:19:USB_DeActivateRemoteWakeup	0	static
../Core/Src/../../../Drivers/STM32U5xx_HAL_Driver/Src/stm32u5xx_ll_usb.c:3211:6:USB_WritePMA	20	static
../Core/Src/../../../Drivers/STM32U5xx_HAL_Driver/Src/stm32u5xx_ll_usb.c:2800:19:USB_EPStartXfer	24	static
../Core/Src/../../../Drivers/STM32U5xx_HAL_Driver/Src/stm32u5xx_hal_pcd.c:1955:19:HAL_PCD_EP_Receive	16	static
../Core/Src/../../../Drivers/STM32U5xx_HAL_Driver/Src/stm32u5xx_hal_pcd.c:2000:19:HAL_PCD_EP_Transmit	16	static
../Core/Src/../../../Drivers/STM32U5xx_HAL_Driver/Src/stm32u5xx_ll_usb.c:3268:6:USB_ReadPMA	16	static
../Core/Src/../../../Drivers/STM32U5xx_HAL_Driver/Src/stm32u5xx_hal_pcd.c:1465:6:HAL_PCD_IRQHandler	48	static
../Core/Src/stm32u5xx_it.c:146:6:USB_IRQHandler	0	static
../Core/Src/../../../Drivers/STM32U5xx_HAL_Driver/Src/stm32u5xx_ll_usb.c:3320:10:USB_GetCurrentFrame	0	static
../Core/Src/../../../Drivers/STM32U5xx_HAL_Driver/Src/stm32u5xx_ll_usb.c:3338:19:USB_HostInit	8	static
../Core/Src/../../../Drivers/STM32U5xx_HAL_Driver/Src/stm32u5xx_ll_usb.c:3372:19:USB_ResetPort	8	static
../Core/Src/../../../Drivers/STM32U5xx_HAL_Driver/Src/stm32u5xx_ll_usb.c:3392:10:USB_GetHostSpeed	0	static
../Core/Src/../../../Drivers/STM32U5xx_HAL_Driver/Src/stm32u5xx_ll_usb.c:3815:19:USB_StopHost	0	static
