../Core/Src/tls_usb_io.c:44:13:tls_disarm	0	static
../Core/Src/../../../Middlewares/ST/usbx/common/usbx_stm32_device_controllers/ux_dcd_stm32.h:143:46:_stm32_ed_get	8	static
../Core/Src/tls_usb_io.c:72:12:parse_hex_nibbles	32	static
../Core/Src/tls_usb_io.c:57:14:trim_line	8	static
../Core/Src/tls_usb_io.c:36:13:ns_log.part.0	8	static
../Core/Src/tls_usb_io.c:180:13:cmd_list_usage	16	static
../Core/Src/tls_usb_io.c:211:13:cmd_help	8	static
../Core/Src/tls_usb_io.c:191:13:tropic_log_status	0	static
../Core/Src/tls_usb_io.c:369:13:cmd_tropic_kem_pub	8	static
../Core/Src/tls_usb_io.c:281:13:cmd_tropic_pub	72	static
../Core/Src/tls_usb_io.c:275:13:cmd_tropic_info	8	static
../Core/Src/tls_usb_io.c:269:13:cmd_tropic_ping	8	static
../Core/Src/tls_usb_io.c:448:13:cmd_tropic_pairing	24	static
../Core/Src/tls_usb_io.c:375:13:cmd_tropic_kem_store	24	static
../Core/Src/tls_usb_io.c:305:13:cmd_tropic_sign	104	static
../Core/Src/tls_usb_io.c:289:13:cmd_tropic_keygen	8	static
../Core/Src/tls_usb_io.c:238:13:cmd_tls_start	24	static
../Core/Src/tls_usb_io.c:264:13:cmd_decrypt	0	static
../Core/Src/tls_usb_io.c:259:13:cmd_encrypt	0	static
../Core/Src/tls_usb_io.c:254:13:cmd_provision	0	static
../Core/Src/tls_usb_io.c:318:12:parse_pin_hex.constprop	16	static
../Core/Src/tls_usb_io.c:343:13:cmd_tropic_kem_init	32	static
../Core/Src/tls_usb_io.c:402:13:cmd_tropic_otp	56	static
../Core/Src/tls_usb_io.c:167:26:cmd_lookup.constprop	32	static
../Core/Src/tls_usb_io.c:329:13:cmd_tropic_kem	16	static
../Core/Src/tls_usb_io.c:476:13:cmd_tropic	16	static
../Core/Src/tls_usb_io.c:600:6:tls_usb_io_reset	8	static
../Core/Src/tls_usb_io.c:595:6:tls_usb_io_init	0	static
../Core/Src/tls_usb_io.c:608:6:tls_usb_cdc_activate	8	static
../Core/Src/tls_usb_io.c:616:6:tls_usb_cdc_deactivate	8	static
../Core/Src/tls_usb_io.c:626:6:tls_usb_cdc_parameter_change	8	static
../Core/Src/tls_usb_io.c:649:5:tls_usb_dtr_asserted	0	static
../Core/Src/tls_usb_io.c:654:5:tls_usb_connected	0	static
../Core/Src/../../../Middlewares/ST/usbx/common/core/src/ux_system_error_handler.c:73:8:_ux_system_error_handler	4	static
../Core/Src/../../../Middlewares/ST/usbx/common/core/src/ux_system_uninitialize.c:74:7:_ux_system_uninitialize	0	static
../Core/Src/../../../Middlewares/ST/usbx/common/core/src/ux_utility_delay_ms.c:78:7:_ux_utility_delay_ms	16	static
../Core/Src/../../../Middlewares/ST/usbx/common/core/src/ux_utility_descriptor_parse.c:171:7:_ux_utility_descriptor_parse_size	12	static
../Core/Src/../../../Middlewares/ST/usbx/common/core/src/ux_utility_error_callback_register.c:73:7:_ux_utility_error_callback_register	0	static
../Core/Src/../../../Middlewares/ST/usbx/common/core/src/ux_utility_long_get.c:70:8:_ux_utility_long_get	0	static
../Core/Src/../../../Middlewares/ST/usbx/common/core/src/ux_utility_descriptor_parse.c:80:7:_ux_utility_descriptor_parse	16	static
../Core/Src/../../../Middlewares/ST/usbx/common/core/src/ux_utility_long_get_big_endian.c:70:8:_ux_utility_long_get_big_endian	0	static
../Core/Src/../../../Middlewares/ST/usbx/common/core/src/ux_utility_long_put.c:71:7:_ux_utility_long_put	0	static
../Core/Src/../../../Middlewares/ST/usbx/common/core/src/ux_utility_descriptor_pack.c:80:7:_ux_utility_descriptor_pack	16	static
../Core/Src/../../../Middlewares/ST/usbx/common/core/src/ux_utility_long_put_big_endian.c:71:7:_ux_utility_long_put_big_endian	0	static
../Core/Src/../../../Middlewares/ST/usbx/common/core/src/ux_utility_memory_byte_pool_search.c:73:9:_ux_utility_memory_byte_pool_search	20	static
../Core/Src/../../../Middlewares/ST/usbx/common/core/src/ux_utility_memory_compare.c:73:7:_ux_utility_memory_compare	8	static
../Core/Src/../../../Middlewares/ST/usbx/common/core/src/ux_utility_memory_copy.c:73:7:_ux_utility_memory_copy	0	static
../Core/Src/../../../Middlewares/ST/usbx/common/core/src/ux_utility_memory_free.c:78:7:_ux_utility_memory_free	0	static
../Core/Src/../../../Middlewares/ST/usbx/common/core/src/ux_utility_memory_set.c:72:7:_ux_utility_memory_set	0	static
../Core/Src/../../../Middlewares/ST/usbx/common/core/src/ux_utility_memory_allocate.c:85:8:_ux_utility_memory_allocate	24	static
../Core/Src/../../../Middlewares/ST/usbx/common/core/src/ux_utility_memory_allocate_add_safe.c:75:7:_ux_utility_memory_allocate_add_safe	0	static
../Core/Src/../../../Middlewares/ST/usbx/common/core/src/ux_utility_memory_allocate_mulc_safe.c:79:7:_ux_utility_memory_allocate_mulc_safe	8	static
../Core/Src/../../../Middlewares/ST/usbx/common/core/src/ux_utility_memory_allocate_mulv_safe.c:79:7:_ux_utility_memory_allocate_mulv_safe	4	static
../Core/Src/../../../Middlewares/ST/usbx/common/core/src/ux_utility_memory_byte_pool_create.c:71:7:_ux_utility_memory_byte_pool_create	16	static
../Core/Src/../../../Middlewares/ST/usbx/common/core/src/ux_system_initialize.c:125:7:_ux_system_initialize	32	static
../Core/Src/../../../Middlewares/ST/usbx/common/core/src/ux_system_initialize.c:333:7:_uxe_system_initialize	4	static
../Core/Src/../../../Middlewares/ST/usbx/common/core/src/ux_utility_physical_address.c:71:8:_ux_utility_physical_address	0	static
../Core/Src/../../../Middlewares/ST/usbx/common/core/src/ux_utility_set_interrupt_handler.c:71:7:_ux_utility_set_interrupt_handler	0	static
../Core/Src/../../../Middlewares/ST/usbx/common/core/src/ux_utility_short_get.c:70:8:_ux_utility_short_get	0	static
../Core/Src/../../../Middlewares/ST/usbx/common/core/src/ux_utility_short_get_big_endian.c:70:9:_ux_utility_short_get_big_endian	0	static
../Core/Src/../../../Middlewares/ST/usbx/common/core/src/ux_utility_short_put.c:71:7:_ux_utility_short_put	0	static
../Core/Src/../../../Middlewares/ST/usbx/common/core/src/ux_utility_short_put_big_endian.c:71:7:_ux_utility_short_put_big_endian	0	static
../Core/Src/../../../Middlewares/ST/usbx/common/core/src/ux_utility_string_length_check.c:84:7:_ux_utility_string_length_check	8	static
../Core/Src/../../../Middlewares/ST/usbx/common/core/src/ux_utility_string_length_get.c:76:8:_ux_utility_string_length_get	0	static
../Core/Src/../../../Middlewares/ST/usbx/common/core/src/ux_utility_string_to_unicode.c:80:7:_ux_utility_string_to_unicode	24	static
../Core/Src/../../../Middlewares/ST/usbx/common/core/src/ux_utility_unicode_to_string.c:72:7:_ux_utility_unicode_to_string	12	static
../Core/Src/../../../Middlewares/ST/usbx/common/core/src/ux_utility_virtual_address.c:71:8:_ux_utility_virtual_address	0	static
../Core/Src/../../../Middlewares/ST/usbx/common/usbx_device_classes/src/ux_device_class_cdc_acm_activate.c:74:7:_ux_device_class_cdc_acm_activate	8	static
../Core/Src/../../../Middlewares/ST/usbx/common/usbx_device_classes/src/ux_device_class_cdc_acm_initialize.c:97:7:_ux_device_class_cdc_acm_initialize	16	static
../Core/Src/../../../Middlewares/ST/usbx/common/usbx_device_classes/src/ux_device_class_cdc_acm_tasks_run.c:96:6:_ux_device_class_cdc_acm_tasks_run	0	static
../Core/Src/../../../Middlewares/ST/usbx/common/usbx_device_classes/src/ux_device_class_cdc_acm_unitialize.c:92:7:_ux_device_class_cdc_acm_uninitialize	8	static
../Core/Src/../../../Middlewares/ST/usbx/common/usbx_device_classes/src/ux_device_class_cdc_acm_write_with_callback.c:88:6:_ux_device_class_cdc_acm_write_with_callback	0	static
../Core/Src/../../../Middlewares/ST/usbx/common/usbx_device_classes/src/ux_device_class_cdc_acm_write_with_callback.c:211:6:_uxe_device_class_cdc_acm_write_with_callback	0	static
../Core/Src/../../../Middlewares/ST/usbx/common/usbx_stm32_device_controllers/ux_dcd_stm32_callback.c:566:6:HAL_PCD_DataInStageCallback	24	static
../Core/Src/../../../Middlewares/ST/usbx/common/usbx_stm32_device_controllers/ux_dcd_stm32_callback.c:795:6:HAL_PCD_DataOutStageCallback	24	static
../Core/Src/../../../Middlewares/ST/usbx/common/usbx_stm32_device_controllers/ux_dcd_stm32_callback.c:1058:6:HAL_PCD_ConnectCallback	0	static
../Core/Src/../../../Middlewares/ST/usbx/common/usbx_stm32_device_controllers/ux_dcd_stm32_callback.c:1171:6:HAL_PCD_SuspendCallback	0	static
../Core/Src/../../../Middlewares/ST/usbx/common/usbx_stm32_device_controllers/ux_dcd_stm32_callback.c:1222:6:HAL_PCD_ResumeCallback	0	static
../Core/Src/../../../Middlewares/ST/usbx/common/usbx_stm32_device_controllers/ux_dcd_stm32_callback.c:1273:6:HAL_PCD_SOFCallback	0	static
../Core/Src/../../../Middlewares/ST/usbx/common/usbx_stm32_device_controllers/ux_dcd_stm32_endpoint_create.c:76:7:_ux_dcd_stm32_endpoint_create	32	static
../Core/Src/../../../Middlewares/ST/usbx/common/usbx_stm32_device_controllers/ux_dcd_stm32_endpoint_destroy.c:76:7:_ux_dcd_stm32_endpoint_destroy	8	static
../Core/Src/../../../Middlewares/ST/usbx/common/usbx_stm32_device_controllers/ux_dcd_stm32_endpoint_reset.c:79:7:_ux_dcd_stm32_endpoint_reset	24	static
../Core/Src/../../../Middlewares/ST/usbx/common/usbx_stm32_device_controllers/ux_dcd_stm32_endpoint_stall.c:76:7:_ux_dcd_stm32_endpoint_stall	8	static
../Core/Src/../../../Middlewares/ST/usbx/common/usbx_stm32_device_controllers/ux_dcd_stm32_callback.c:404:6:HAL_PCD_SetupStageCallback	24	static
../Core/Src/../../../Middlewares/ST/usbx/common/usbx_stm32_device_controllers/ux_dcd_stm32_endpoint_status.c:79:7:_ux_dcd_stm32_endpoint_status	8	static
../Core/Src/../../../Middlewares/ST/usbx/common/usbx_stm32_device_controllers/ux_dcd_stm32_frame_number_get.c:77:7:_ux_dcd_stm32_frame_number_get	0	static
../Core/Src/../../../Middlewares/ST/usbx/common/usbx_stm32_device_controllers/ux_dcd_stm32_initialize.c:83:7:_ux_dcd_stm32_initialize	16	static
../Core/Src/../../../Middlewares/ST/usbx/common/usbx_stm32_device_controllers/ux_dcd_stm32_initialize_complete.c:81:7:_ux_dcd_stm32_initialize_complete	16	static
../Core/Src/../../../Middlewares/ST/usbx/common/usbx_stm32_device_controllers/ux_dcd_stm32_interrupt_handler.c:78:7:_ux_dcd_stm32_interrupt_handler	0	static
../Core/Src/../../../Middlewares/ST/usbx/common/usbx_stm32_device_controllers/ux_dcd_stm32_transfer_abort.c:81:7:_ux_dcd_stm32_transfer_abort	16	static
../Core/Src/../../../Middlewares/ST/usbx/common/usbx_stm32_device_controllers/ux_dcd_stm32_transfer_run.c:123:7:_ux_dcd_stm32_transfer_run	24	static
../Core/Src/../../../Middlewares/ST/usbx/common/usbx_stm32_device_controllers/ux_dcd_stm32_uninitialize.c:77:7:_ux_dcd_stm32_uninitialize	16	static
../Core/Src/../../../Middlewares/ST/usbx/common/core/src/ux_device_stack_class_register.c:84:7:_ux_device_stack_class_register	80	static
../Core/Src/../../../Middlewares/ST/usbx/common/core/src/ux_device_stack_class_register.c:212:7:_uxe_device_stack_class_register	8	static
../Core/Src/../../../Middlewares/ST/usbx/common/core/src/ux_device_stack_class_unregister.c:80:7:_ux_device_stack_class_unregister	64	static
../Core/Src/../../../Middlewares/ST/usbx/common/core/src/ux_device_stack_class_unregister.c:193:7:_uxe_device_stack_class_unregister	0	static
../Core/Src/../../../Middlewares/ST/usbx/common/core/src/ux_device_stack_clear_feature.c:80:7:_ux_device_stack_clear_feature	8	static
../Core/Src/../../../Middlewares/ST/usbx/common/core/src/ux_device_stack_endpoint_stall.c:78:7:_ux_device_stack_endpoint_stall	24	static
../Core/Src/../../../Middlewares/ST/usbx/common/core/src/ux_device_stack_host_wakeup.c:72:7:_ux_device_stack_host_wakeup	0	static
../Core/Src/../../../Middlewares/ST/usbx/common/core/src/ux_device_stack_initialize.c:118:7:_ux_device_stack_initialize	32	static
../Core/Src/../../../Middlewares/ST/usbx/common/core/src/ux_device_stack_initialize.c:511:7:_uxe_device_stack_initialize	16	static
../Core/Src/../../../Middlewares/ST/usbx/common/core/src/ux_device_stack_interface_delete.c:78:7:_ux_device_stack_interface_delete	32	static
../Core/Src/../../../Middlewares/ST/usbx/common/core/src/ux_device_stack_disconnect.c:82:7:_ux_device_stack_disconnect	72	static
../Core/Src/../../../Middlewares/ST/usbx/common/usbx_stm32_device_controllers/ux_dcd_stm32_callback.c:979:6:HAL_PCD_ResetCallback	16	static
../Core/Src/../../../Middlewares/ST/usbx/common/usbx_stm32_device_controllers/ux_dcd_stm32_callback.c:1112:6:HAL_PCD_DisconnectCallback	8	static
../Core/Src/../../../Middlewares/ST/usbx/common/core/src/ux_device_stack_interface_get.c:80:7:_ux_device_stack_interface_get	8	static
../Core/Src/../../../Middlewares/ST/usbx/common/core/src/ux_device_stack_interface_start.c:77:7:_ux_device_stack_interface_start	64	static
../Core/Src/../../../Middlewares/ST/usbx/common/core/src/ux_device_stack_interface_set.c:88:7:_ux_device_stack_interface_set	40	static
../Core/Src/../../../Middlewares/ST/usbx/common/core/src/ux_device_stack_configuration_set.c:85:7:_ux_device_stack_configuration_set	120	static
../Core/Src/../../../Middlewares/ST/usbx/common/core/src/ux_device_stack_microsoft_extension_register.c:73:7:_ux_device_stack_microsoft_extension_register	0	static
../Core/Src/../../../Middlewares/ST/usbx/common/core/src/ux_device_stack_set_feature.c:81:7:_ux_device_stack_set_feature	8	static
../Core/Src/../../../Middlewares/ST/usbx/common/core/src/ux_device_stack_tasks_run.c:74:7:_ux_device_stack_tasks_run	8	static
../Core/Src/../../../Middlewares/ST/usbx/common/core/src/ux_system_tasks_run.c:75:6:_ux_system_tasks_run	8	static
../Core/Src/../../../Middlewares/ST/usbx/common/core/src/ux_device_stack_transfer_abort.c:85:7:_ux_device_stack_transfer_abort	16	static
../Core/Src/../../../Middlewares/ST/usbx/common/usbx_device_classes/src/ux_device_class_cdc_acm_ioctl.c:103:6:_ux_device_class_cdc_acm_ioctl	16	static
../Core/Src/../../../Middlewares/ST/usbx/common/usbx_device_classes/src/ux_device_class_cdc_acm_ioctl.c:403:6:_uxe_device_class_cdc_acm_ioctl	0	static
../Core/Src/../../../Middlewares/ST/usbx/common/usbx_device_classes/src/ux_device_class_cdc_acm_deactivate.c:76:7:_ux_device_class_cdc_acm_deactivate	16	static
../Core/Src/../../../Middlewares/ST/usbx/common/core/src/ux_device_stack_alternate_setting_set.c:90:7:_ux_device_stack_alternate_setting_set	112	static
../Core/Src/../../../Middlewares/ST/usbx/common/core/src/ux_device_stack_transfer_all_request_abort.c:74:7:_ux_device_stack_transfer_all_request_abort	8	static
../Core/Src/../../../Middlewares/ST/usbx/common/core/src/ux_device_stack_transfer_run.c:85:7:_ux_device_stack_transfer_run	16	static
../Core/Src/../../../Middlewares/ST/usbx/common/usbx_device_classes/src/ux_device_class_cdc_acm_read_run.c:94:6:_ux_device_class_cdc_acm_read_run	24	static
../Core/Src/../../../Middlewares/ST/usbx/common/usbx_device_classes/src/ux_device_class_cdc_acm_read_run.c:369:6:_uxe_device_class_cdc_acm_read_run	0	static
../Core/Src/../../../Middlewares/ST/usbx/common/usbx_device_classes/src/ux_device_class_cdc_acm_write_run.c:98:6:_ux_device_class_cdc_acm_write_run	24	static
../Core/Src/tls_usb_io.c:554:13:tls_usb_drain_tx	32	static
../Core/Src/tls_usb_io.c:659:6:tls_usb_poll	48	static
../Core/Src/../../../Middlewares/ST/usbx/common/usbx_device_classes/src/ux_device_class_cdc_acm_write_run.c:387:6:_uxe_device_class_cdc_acm_write_run	0	static
../Core/Src/../../../Middlewares/ST/usbx/common/core/src/ux_device_stack_transfer_request.c:84:7:_ux_device_stack_transfer_request	16	static
../Core/Src/../../../Middlewares/ST/usbx/common/usbx_device_classes/src/ux_device_class_cdc_acm_control_request.c:76:7:_ux_device_class_cdc_acm_control_request	16	static
../Core/Src/../../../Middlewares/ST/usbx/common/usbx_device_classes/src/ux_device_class_cdc_acm_entry.c:78:7:_ux_device_class_cdc_acm_entry	8	static
../Core/Src/../../../Middlewares/ST/usbx/common/core/src/ux_device_stack_alternate_setting_get.c:79:7:_ux_device_stack_alternate_setting_get	0	static
../Core/Src/../../../Middlewares/ST/usbx/common/core/src/ux_device_stack_configuration_get.c:72:7:_ux_device_stack_configuration_get	0	static
../Core/Src/../../../Middlewares/ST/usbx/common/core/src/ux_device_stack_descriptor_send.c:99:7:_ux_device_stack_descriptor_send	56	static
../Core/Src/../../../Middlewares/ST/usbx/common/core/src/ux_device_stack_get_status.c:78:7:_ux_device_stack_get_status	16	static
../Core/Src/../../../Middlewares/ST/usbx/common/core/src/ux_device_stack_control_request_process.c:103:7:_ux_device_stack_control_request_process	96	static
../Core/Src/../../../Middlewares/ST/usbx/common/usbx_stm32_device_controllers/ux_dcd_stm32_callback.c:304:10:_ux_dcd_stm32_setup_isr_pending	24	static
../Core/Src/../../../Middlewares/ST/usbx/common/usbx_stm32_device_controllers/ux_dcd_stm32_function.c:91:7:_ux_dcd_stm32_function	8	static
../Core/Src/../../../Middlewares/ST/usbx/common/core/src/ux_device_stack_uninitialize.c:81:7:_ux_device_stack_uninitialize	16	static
