C:/tmp/SE_firmware/Middlewares/ST/usbx/common/usbx_stm32_device_controllers/ux_dcd_stm32_callback.c:304:10:_ux_dcd_stm32_setup_isr_pending	24	static
C:/tmp/SE_firmware/Middlewares/ST/usbx/common/usbx_stm32_device_controllers/ux_dcd_stm32_callback.c:404:6:HAL_PCD_SetupStageCallback	24	static
C:/tmp/SE_firmware/Middlewares/ST/usbx/common/usbx_stm32_device_controllers/ux_dcd_stm32_callback.c:566:6:HAL_PCD_DataInStageCallback	24	static
C:/tmp/SE_firmware/Middlewares/ST/usbx/common/usbx_stm32_device_controllers/ux_dcd_stm32_callback.c:795:6:HAL_PCD_DataOutStageCallback	24	static
C:/tmp/SE_firmware/Middlewares/ST/usbx/common/usbx_stm32_device_controllers/ux_dcd_stm32_callback.c:979:6:HAL_PCD_ResetCallback	16	static
C:/tmp/SE_firmware/Middlewares/ST/usbx/common/usbx_stm32_device_controllers/ux_dcd_stm32_callback.c:1058:6:HAL_PCD_ConnectCallback	0	static
C:/tmp/SE_firmware/Middlewares/ST/usbx/common/usbx_stm32_device_controllers/ux_dcd_stm32_callback.c:1112:6:HAL_PCD_DisconnectCallback	8	static
C:/tmp/SE_firmware/Middlewares/ST/usbx/common/usbx_stm32_device_controllers/ux_dcd_stm32_callback.c:1171:6:HAL_PCD_SuspendCallback	0	static
C:/tmp/SE_firmware/Middlewares/ST/usbx/common/usbx_stm32_device_controllers/ux_dcd_stm32_callback.c:1222:6:HAL_PCD_ResumeCallback	0	static
C:/tmp/SE_firmware/Middlewares/ST/usbx/common/usbx_stm32_device_controllers/ux_dcd_stm32_callback.c:1273:6:HAL_PCD_SOFCallback	0	static
