C:/tmp/test/Middlewares/ST/usbx/common/usbx_stm32_device_controllers/ux_dcd_stm32_callback.c:208:20:_ux_dcd_stm32_setup_in	16	static
C:/tmp/test/Middlewares/ST/usbx/common/usbx_stm32_device_controllers/ux_dcd_stm32_callback.c:222:20:_ux_dcd_stm32_setup_out	24	static
C:/tmp/test/Middlewares/ST/usbx/common/usbx_stm32_device_controllers/ux_dcd_stm32_callback.c:245:20:_ux_dcd_stm32_setup_status	24	static
C:/tmp/test/Middlewares/ST/usbx/common/usbx_stm32_device_controllers/ux_dcd_stm32_callback.c:304:10:_ux_dcd_stm32_setup_isr_pending	32	static
C:/tmp/test/Middlewares/ST/usbx/common/usbx_stm32_device_controllers/ux_dcd_stm32_callback.c:404:6:HAL_PCD_SetupStageCallback	40	static
C:/tmp/test/Middlewares/ST/usbx/common/usbx_stm32_device_controllers/ux_dcd_stm32_callback.c:566:6:HAL_PCD_DataInStageCallback	40	static
C:/tmp/test/Middlewares/ST/usbx/common/usbx_stm32_device_controllers/ux_dcd_stm32_callback.c:795:6:HAL_PCD_DataOutStageCallback	40	static
C:/tmp/test/Middlewares/ST/usbx/common/usbx_stm32_device_controllers/ux_dcd_stm32_callback.c:979:6:HAL_PCD_ResetCallback	16	static
C:/tmp/test/Middlewares/ST/usbx/common/usbx_stm32_device_controllers/ux_dcd_stm32_callback.c:1058:6:HAL_PCD_ConnectCallback	16	static
C:/tmp/test/Middlewares/ST/usbx/common/usbx_stm32_device_controllers/ux_dcd_stm32_callback.c:1112:6:HAL_PCD_DisconnectCallback	16	static
C:/tmp/test/Middlewares/ST/usbx/common/usbx_stm32_device_controllers/ux_dcd_stm32_callback.c:1171:6:HAL_PCD_SuspendCallback	16	static
C:/tmp/test/Middlewares/ST/usbx/common/usbx_stm32_device_controllers/ux_dcd_stm32_callback.c:1222:6:HAL_PCD_ResumeCallback	16	static
C:/tmp/test/Middlewares/ST/usbx/common/usbx_stm32_device_controllers/ux_dcd_stm32_callback.c:1273:6:HAL_PCD_SOFCallback	16	static
