Archive member included to satisfy reference by file (symbol)

C:/ST/STM32CubeIDE_1.19.0/STM32CubeIDE/plugins/com.st.stm32cube.ide.mcu.externaltools.gnu-tools-for-stm32.14.3.rel1.win32_1.0.100.202602081740/tools/bin/../lib/gcc/arm-none-eabi/14.3.1/../../../../arm-none-eabi/lib/thumb/v8-m.main+fp/hard\libc_nano.a(libc_a-exit.o)
                              C:/ST/STM32CubeIDE_1.19.0/STM32CubeIDE/plugins/com.st.stm32cube.ide.mcu.externaltools.gnu-tools-for-stm32.14.3.rel1.win32_1.0.100.202602081740/tools/bin/../lib/gcc/arm-none-eabi/14.3.1/../../../../arm-none-eabi/lib/thumb/v8-m.main+fp/hard/crt0.o (exit)
C:/ST/STM32CubeIDE_1.19.0/STM32CubeIDE/plugins/com.st.stm32cube.ide.mcu.externaltools.gnu-tools-for-stm32.14.3.rel1.win32_1.0.100.202602081740/tools/bin/../lib/gcc/arm-none-eabi/14.3.1/../../../../arm-none-eabi/lib/thumb/v8-m.main+fp/hard\libc_nano.a(libc_a-findfp.o)
                              C:/ST/STM32CubeIDE_1.19.0/STM32CubeIDE/plugins/com.st.stm32cube.ide.mcu.externaltools.gnu-tools-for-stm32.14.3.rel1.win32_1.0.100.202602081740/tools/bin/../lib/gcc/arm-none-eabi/14.3.1/../../../../arm-none-eabi/lib/thumb/v8-m.main+fp/hard\libc_nano.a(libc_a-exit.o) (__stdio_exit_handler)
C:/ST/STM32CubeIDE_1.19.0/STM32CubeIDE/plugins/com.st.stm32cube.ide.mcu.externaltools.gnu-tools-for-stm32.14.3.rel1.win32_1.0.100.202602081740/tools/bin/../lib/gcc/arm-none-eabi/14.3.1/../../../../arm-none-eabi/lib/thumb/v8-m.main+fp/hard\libc_nano.a(libc_a-fwalk.o)
                              C:/ST/STM32CubeIDE_1.19.0/STM32CubeIDE/plugins/com.st.stm32cube.ide.mcu.externaltools.gnu-tools-for-stm32.14.3.rel1.win32_1.0.100.202602081740/tools/bin/../lib/gcc/arm-none-eabi/14.3.1/../../../../arm-none-eabi/lib/thumb/v8-m.main+fp/hard\libc_nano.a(libc_a-findfp.o) (_fwalk_sglue)
C:/ST/STM32CubeIDE_1.19.0/STM32CubeIDE/plugins/com.st.stm32cube.ide.mcu.externaltools.gnu-tools-for-stm32.14.3.rel1.win32_1.0.100.202602081740/tools/bin/../lib/gcc/arm-none-eabi/14.3.1/../../../../arm-none-eabi/lib/thumb/v8-m.main+fp/hard\libc_nano.a(libc_a-stdio.o)
                              C:/ST/STM32CubeIDE_1.19.0/STM32CubeIDE/plugins/com.st.stm32cube.ide.mcu.externaltools.gnu-tools-for-stm32.14.3.rel1.win32_1.0.100.202602081740/tools/bin/../lib/gcc/arm-none-eabi/14.3.1/../../../../arm-none-eabi/lib/thumb/v8-m.main+fp/hard\libc_nano.a(libc_a-findfp.o) (__sread)
C:/ST/STM32CubeIDE_1.19.0/STM32CubeIDE/plugins/com.st.stm32cube.ide.mcu.externaltools.gnu-tools-for-stm32.14.3.rel1.win32_1.0.100.202602081740/tools/bin/../lib/gcc/arm-none-eabi/14.3.1/../../../../arm-none-eabi/lib/thumb/v8-m.main+fp/hard\libc_nano.a(libc_a-memset.o)
                              C:/ST/STM32CubeIDE_1.19.0/STM32CubeIDE/plugins/com.st.stm32cube.ide.mcu.externaltools.gnu-tools-for-stm32.14.3.rel1.win32_1.0.100.202602081740/tools/bin/../lib/gcc/arm-none-eabi/14.3.1/../../../../arm-none-eabi/lib/thumb/v8-m.main+fp/hard/crt0.o (memset)
C:/ST/STM32CubeIDE_1.19.0/STM32CubeIDE/plugins/com.st.stm32cube.ide.mcu.externaltools.gnu-tools-for-stm32.14.3.rel1.win32_1.0.100.202602081740/tools/bin/../lib/gcc/arm-none-eabi/14.3.1/../../../../arm-none-eabi/lib/thumb/v8-m.main+fp/hard\libc_nano.a(libc_a-closer.o)
                              C:/ST/STM32CubeIDE_1.19.0/STM32CubeIDE/plugins/com.st.stm32cube.ide.mcu.externaltools.gnu-tools-for-stm32.14.3.rel1.win32_1.0.100.202602081740/tools/bin/../lib/gcc/arm-none-eabi/14.3.1/../../../../arm-none-eabi/lib/thumb/v8-m.main+fp/hard\libc_nano.a(libc_a-stdio.o) (_close_r)
C:/ST/STM32CubeIDE_1.19.0/STM32CubeIDE/plugins/com.st.stm32cube.ide.mcu.externaltools.gnu-tools-for-stm32.14.3.rel1.win32_1.0.100.202602081740/tools/bin/../lib/gcc/arm-none-eabi/14.3.1/../../../../arm-none-eabi/lib/thumb/v8-m.main+fp/hard\libc_nano.a(libc_a-reent.o)
                              C:/ST/STM32CubeIDE_1.19.0/STM32CubeIDE/plugins/com.st.stm32cube.ide.mcu.externaltools.gnu-tools-for-stm32.14.3.rel1.win32_1.0.100.202602081740/tools/bin/../lib/gcc/arm-none-eabi/14.3.1/../../../../arm-none-eabi/lib/thumb/v8-m.main+fp/hard\libc_nano.a(libc_a-closer.o) (errno)
C:/ST/STM32CubeIDE_1.19.0/STM32CubeIDE/plugins/com.st.stm32cube.ide.mcu.externaltools.gnu-tools-for-stm32.14.3.rel1.win32_1.0.100.202602081740/tools/bin/../lib/gcc/arm-none-eabi/14.3.1/../../../../arm-none-eabi/lib/thumb/v8-m.main+fp/hard\libc_nano.a(libc_a-impure.o)
                              C:/ST/STM32CubeIDE_1.19.0/STM32CubeIDE/plugins/com.st.stm32cube.ide.mcu.externaltools.gnu-tools-for-stm32.14.3.rel1.win32_1.0.100.202602081740/tools/bin/../lib/gcc/arm-none-eabi/14.3.1/../../../../arm-none-eabi/lib/thumb/v8-m.main+fp/hard\libc_nano.a(libc_a-reent.o) (_impure_ptr)
C:/ST/STM32CubeIDE_1.19.0/STM32CubeIDE/plugins/com.st.stm32cube.ide.mcu.externaltools.gnu-tools-for-stm32.14.3.rel1.win32_1.0.100.202602081740/tools/bin/../lib/gcc/arm-none-eabi/14.3.1/../../../../arm-none-eabi/lib/thumb/v8-m.main+fp/hard\libc_nano.a(libc_a-lseekr.o)
[...]
Memory Configuration

Name             Origin             Length             Attributes
RAM              0x20030000         0x00010000         xrw
SRAM4            0x28000000         0x00004000         xrw
FLASH            0x08020000         0x00020000         xr
*default*        0x00000000         0xffffffff

Linker script and memory map

LOAD C:/ST/STM32CubeIDE_1.19.0/STM32CubeIDE/plugins/com.st.stm32cube.ide.mcu.externaltools.gnu-tools-for-stm32.14.3.rel1.win32_1.0.100.202602081740/tools/bin/../lib/gcc/arm-none-eabi/14.3.1/thumb/v8-m.main+fp/hard/crti.o
LOAD C:/ST/STM32CubeIDE_1.19.0/STM32CubeIDE/plugins/com.st.stm32cube.ide.mcu.externaltools.gnu-tools-for-stm32.14.3.rel1.win32_1.0.100.202602081740/tools/bin/../lib/gcc/arm-none-eabi/14.3.1/thumb/v8-m.main+fp/hard/crtbegin.o
LOAD C:/ST/STM32CubeIDE_1.19.0/STM32CubeIDE/plugins/com.st.stm32cube.ide.mcu.externaltools.gnu-tools-for-stm32.14.3.rel1.win32_1.0.100.202602081740/tools/bin/../lib/gcc/arm-none-eabi/14.3.1/../../../../arm-none-eabi/lib/thumb/v8-m.main+fp/hard/crt0.o
LOAD ./Core/Src/main.o
LOAD ./Core/Src/stm32u5xx_hal_msp.o
LOAD ./Core/Src/stm32u5xx_it.o
LOAD ./Core/Src/syscalls.o
LOAD ./Core/Src/sysmem.o
LOAD ./Core/Src/system_stm32u5xx_ns.o
LOAD ./Core/Startup/startup_stm32u535cctx.o
LOAD ./Drivers/STM32U5xx_HAL_Driver/stm32u5xx_hal.o
LOAD ./Drivers/STM32U5xx_HAL_Driver/stm32u5xx_hal_cortex.o
LOAD ./Drivers/STM32U5xx_HAL_Driver/stm32u5xx_hal_dma.o
LOAD ./Drivers/STM32U5xx_HAL_Driver/stm32u5xx_hal_dma_ex.o
LOAD ./Drivers/STM32U5xx_HAL_Driver/stm32u5xx_hal_exti.o
LOAD ./Drivers/STM32U5xx_HAL_Driver/stm32u5xx_hal_flash.o
LOAD ./Drivers/STM32U5xx_HAL_Driver/stm32u5xx_hal_flash_ex.o
LOAD ./Drivers/STM32U5xx_HAL_Driver/stm32u5xx_hal_gpio.o
LOAD ./Drivers/STM32U5xx_HAL_Driver/stm32u5xx_hal_gtzc.o
LOAD ./Drivers/STM32U5xx_HAL_Driver/stm32u5xx_hal_i2c.o
LOAD ./Drivers/STM32U5xx_HAL_Driver/stm32u5xx_hal_i2c_ex.o
LOAD ./Drivers/STM32U5xx_HAL_Driver/stm32u5xx_hal_icache.o
LOAD ./Drivers/STM32U5xx_HAL_Driver/stm32u5xx_hal_pcd.o
LOAD ./Drivers/STM32U5xx_HAL_Driver/stm32u5xx_hal_pcd_ex.o
LOAD ./Drivers/STM32U5xx_HAL_Driver/stm32u5xx_hal_pwr.o
LOAD ./Drivers/STM32U5xx_HAL_Driver/stm32u5xx_hal_pwr_ex.o
LOAD ./Drivers/STM32U5xx_HAL_Driver/stm32u5xx_hal_rcc.o
LOAD ./Drivers/STM32U5xx_HAL_Driver/stm32u5xx_hal_rcc_ex.o
LOAD ./Drivers/STM32U5xx_HAL_Driver/stm32u5xx_ll_usb.o
LOAD ./Middlewares/ST/usbx/Core System/ux_system_error_handler.o
LOAD ./Middlewares/ST/usbx/Core System/ux_system_initialize.o
LOAD ./Middlewares/ST/usbx/Core System/ux_system_tasks_run.o
LOAD ./Middlewares/ST/usbx/Core System/ux_system_uninitialize.o
LOAD ./Middlewares/ST/usbx/Core System/ux_utility_debug_callback_register.o
LOAD ./Middlewares/ST/usbx/Core System/ux_utility_debug_log.o
LOAD ./Middlewares/ST/usbx/Core System/ux_utility_delay_ms.o
LOAD ./Middlewares/ST/usbx/Core System/ux_utility_descriptor_pack.o
LOAD ./Middlewares/ST/usbx/Core System/ux_utility_descriptor_parse.o
LOAD ./Middlewares/ST/usbx/Core System/ux_utility_error_callback_register.o
LOAD ./Middlewares/ST/usbx/Core System/ux_utility_long_get.o
LOAD ./Middlewares/ST/usbx/Core System/ux_utility_long_get_big_endian.o
LOAD ./Middlewares/ST/usbx/Core System/ux_utility_long_put.o
LOAD ./Middlewares/ST/usbx/Core System/ux_utility_long_put_big_endian.o
LOAD ./Middlewares/ST/usbx/Core System/ux_utility_memory_allocate.o
LOAD ./Middlewares/ST/usbx/Core System/ux_utility_memory_allocate_add_safe.o
LOAD ./Middlewares/ST/usbx/Core System/ux_utility_memory_allocate_mulc_safe.o
LOAD ./Middlewares/ST/usbx/Core System/ux_utility_memory_allocate_mulv_safe.o
LOAD ./Middlewares/ST/usbx/Core System/ux_utility_memory_byte_pool_create.o
LOAD ./Middlewares/ST/usbx/Core System/ux_utility_memory_byte_pool_search.o
LOAD ./Middlewares/ST/usbx/Core System/ux_utility_memory_compare.o
LOAD ./Middlewares/ST/usbx/Core System/ux_utility_memory_copy.o
LOAD ./Middlewares/ST/usbx/Core System/ux_utility_memory_free.o
LOAD ./Middlewares/ST/usbx/Core System/ux_utility_memory_set.o
LOAD ./Middlewares/ST/usbx/Core System/ux_utility_physical_address.o
LOAD ./Middlewares/ST/usbx/Core System/ux_utility_set_interrupt_handler.o
LOAD ./Middlewares/ST/usbx/Core System/ux_utility_short_get.o
LOAD ./Middlewares/ST/usbx/Core System/ux_utility_short_get_big_endian.o
LOAD ./Middlewares/ST/usbx/Core System/ux_utility_short_put.o
LOAD ./Middlewares/ST/usbx/Core System/ux_utility_short_put_big_endian.o
LOAD ./Middlewares/ST/usbx/Core System/ux_utility_string_length_check.o
LOAD ./Middlewares/ST/usbx/Core System/ux_utility_string_length_get.o
LOAD ./Middlewares/ST/usbx/Core System/ux_utility_string_to_unicode.o
LOAD ./Middlewares/ST/usbx/Core System/ux_utility_unicode_to_string.o
LOAD ./Middlewares/ST/usbx/Core System/ux_utility_virtual_address.o
LOAD ./Middlewares/ST/usbx/UX Device Class CDC ACM/ux_device_class_cdc_acm_activate.o
LOAD ./Middlewares/ST/usbx/UX Device Class CDC ACM/ux_device_class_cdc_acm_control_request.o
LOAD ./Middlewares/ST/usbx/UX Device Class CDC ACM/ux_device_class_cdc_acm_deactivate.o
LOAD ./Middlewares/ST/usbx/UX Device Class CDC ACM/ux_device_class_cdc_acm_entry.o
LOAD ./Middlewares/ST/usbx/UX Device Class CDC ACM/ux_device_class_cdc_acm_initialize.o
LOAD ./Middlewares/ST/usbx/UX Device Class CDC ACM/ux_device_class_cdc_acm_ioctl.o
LOAD ./Middlewares/ST/usbx/UX Device Class CDC ACM/ux_device_class_cdc_acm_read_run.o
LOAD ./Middlewares/ST/usbx/UX Device Class CDC ACM/ux_device_class_cdc_acm_tasks_run.o
LOAD ./Middlewares/ST/usbx/UX Device Class CDC ACM/ux_device_class_cdc_acm_unitialize.o
LOAD ./Middlewares/ST/usbx/UX Device Class CDC ACM/ux_device_class_cdc_acm_write_run.o
LOAD ./Middlewares/ST/usbx/UX Device Class CDC ACM/ux_device_class_cdc_acm_write_with_callback.o
LOAD ./Middlewares/ST/usbx/UX Device Controllers/ux_dcd_stm32_callback.o
LOAD ./Middlewares/ST/usbx/UX Device Controllers/ux_dcd_stm32_endpoint_create.o
LOAD ./Middlewares/ST/usbx/UX Device Controllers/ux_dcd_stm32_endpoint_destroy.o
LOAD ./Middlewares/ST/usbx/UX Device Controllers/ux_dcd_stm32_endpoint_reset.o
LOAD ./Middlewares/ST/usbx/UX Device Controllers/ux_dcd_stm32_endpoint_stall.o
LOAD ./Middlewares/ST/usbx/UX Device Controllers/ux_dcd_stm32_endpoint_status.o
LOAD ./Middlewares/ST/usbx/UX Device Controllers/ux_dcd_stm32_frame_number_get.o
LOAD ./Middlewares/ST/usbx/UX Device Controllers/ux_dcd_stm32_function.o
LOAD ./Middlewares/ST/usbx/UX Device Controllers/ux_dcd_stm32_initialize.o
LOAD ./Middlewares/ST/usbx/UX Device Controllers/ux_dcd_stm32_initialize_complete.o
LOAD ./Middlewares/ST/usbx/UX Device Controllers/ux_dcd_stm32_interrupt_handler.o
LOAD ./Middlewares/ST/usbx/UX Device Controllers/ux_dcd_stm32_transfer_abort.o
LOAD ./Middlewares/ST/usbx/UX Device Controllers/ux_dcd_stm32_transfer_run.o
LOAD ./Middlewares/ST/usbx/UX Device Controllers/ux_dcd_stm32_uninitialize.o
LOAD ./Middlewares/ST/usbx/UX Device CoreStack/ux_device_stack_alternate_setting_get.o
LOAD ./Middlewares/ST/usbx/UX Device CoreStack/ux_device_stack_alternate_setting_set.o
LOAD ./Middlewares/ST/usbx/UX Device CoreStack/ux_device_stack_class_register.o
LOAD ./Middlewares/ST/usbx/UX Device CoreStack/ux_device_stack_class_unregister.o
LOAD ./Middlewares/ST/usbx/UX Device CoreStack/ux_device_stack_clear_feature.o
LOAD ./Middlewares/ST/usbx/UX Device CoreStack/ux_device_stack_configuration_get.o
LOAD ./Middlewares/ST/usbx/UX Device CoreStack/ux_device_stack_configuration_set.o
LOAD ./Middlewares/ST/usbx/UX Device CoreStack/ux_device_stack_control_request_process.o
LOAD ./Middlewares/ST/usbx/UX Device CoreStack/ux_device_stack_descriptor_send.o
LOAD ./Middlewares/ST/usbx/UX Device CoreStack/ux_device_stack_disconnect.o
LOAD ./Middlewares/ST/usbx/UX Device CoreStack/ux_device_stack_endpoint_stall.o
LOAD ./Middlewares/ST/usbx/UX Device CoreStack/ux_device_stack_get_status.o
LOAD ./Middlewares/ST/usbx/UX Device CoreStack/ux_device_stack_host_wakeup.o
LOAD ./Middlewares/ST/usbx/UX Device CoreStack/ux_device_stack_initialize.o
LOAD ./Middlewares/ST/usbx/UX Device CoreStack/ux_device_stack_interface_delete.o
LOAD ./Middlewares/ST/usbx/UX Device CoreStack/ux_device_stack_interface_get.o
LOAD ./Middlewares/ST/usbx/UX Device CoreStack/ux_device_stack_interface_set.o
LOAD ./Middlewares/ST/usbx/UX Device CoreStack/ux_device_stack_interface_start.o
LOAD ./Middlewares/ST/usbx/UX Device CoreStack/ux_device_stack_microsoft_extension_register.o
LOAD ./Middlewares/ST/usbx/UX Device CoreStack/ux_device_stack_set_feature.o
LOAD ./Middlewares/ST/usbx/UX Device CoreStack/ux_device_stack_tasks_run.o
LOAD ./Middlewares/ST/usbx/UX Device CoreStack/ux_device_stack_transfer_abort.o
LOAD ./Middlewares/ST/usbx/UX Device CoreStack/ux_device_stack_transfer_all_request_abort.o
LOAD ./Middlewares/ST/usbx/UX Device CoreStack/ux_device_stack_transfer_request.o
LOAD ./Middlewares/ST/usbx/UX Device CoreStack/ux_device_stack_transfer_run.o
LOAD ./Middlewares/ST/usbx/UX Device CoreStack/ux_device_stack_uninitialize.o
LOAD ./USBX/App/app_usbx.o
LOAD ./USBX/App/app_usbx_device.o
LOAD ./USBX/App/ux_device_cdc_acm.o
LOAD ./USBX/App/ux_device_descriptors.o
LOAD C:/tmp/test/Secure/Release/secure_nsclib.o
START GROUP
LOAD C:/ST/STM32CubeIDE_1.19.0/STM32CubeIDE/plugins/com.st.stm32cube.ide.mcu.externaltools.gnu-tools-for-stm32.14.3.rel1.win32_1.0.100.202602081740/tools/bin/../lib/gcc/arm-none-eabi/14.3.1/../../../../arm-none-eabi/lib/thumb/v8-m.main+fp/hard\libc_nano.a
LOAD C:/ST/STM32CubeIDE_1.19.0/STM32CubeIDE/plugins/com.st.stm32cube.ide.mcu.externaltools.gnu-tools-for-stm32.14.3.rel1.win32_1.0.100.202602081740/tools/bin/../lib/gcc/arm-none-eabi/14.3.1/../../../../arm-none-eabi/lib/thumb/v8-m.main+fp/hard\libm.a
END GROUP
START GROUP
LOAD C:/ST/STM32CubeIDE_1.19.0/STM32CubeIDE/plugins/com.st.stm32cube.ide.mcu.externaltools.gnu-tools-for-stm32.14.3.rel1.win32_1.0.100.202602081740/tools/bin/../lib/gcc/arm-none-eabi/14.3.1/thumb/v8-m.main+fp/hard\libgcc.a
LOAD C:/ST/STM32CubeIDE_1.19.0/STM32CubeIDE/plugins/com.st.stm32cube.ide.mcu.externaltools.gnu-tools-for-stm32.14.3.rel1.win32_1.0.100.202602081740/tools/bin/../lib/gcc/arm-none-eabi/14.3.1/../../../../arm-none-eabi/lib/thumb/v8-m.main+fp/hard\libc_nano.a
END GROUP
START GROUP
LOAD C:/ST/STM32CubeIDE_1.19.0/STM32CubeIDE/plugins/com.st.stm32cube.ide.mcu.externaltools.gnu-tools-for-stm32.14.3.rel1.win32_1.0.100.202602081740/tools/bin/../lib/gcc/arm-none-eabi/14.3.1/thumb/v8-m.main+fp/hard\libgcc.a
LOAD C:/ST/STM32CubeIDE_1.19.0/STM32CubeIDE/plugins/com.st.stm32cube.ide.mcu.externaltools.gnu-tools-for-stm32.14.3.rel1.win32_1.0.100.202602081740/tools/bin/../lib/gcc/arm-none-eabi/14.3.1/../../../../arm-none-eabi/lib/thumb/v8-m.main+fp/hard\libc_nano.a
LOAD C:/ST/STM32CubeIDE_1.19.0/STM32CubeIDE/plugins/com.st.stm32cube.ide.mcu.externaltools.gnu-tools-for-stm32.14.3.rel1.win32_1.0.100.202602081740/tools/bin/../lib/gcc/arm-none-eabi/14.3.1/../../../../arm-none-eabi/lib/thumb/v8-m.main+fp/hard\libnosys.a
END GROUP
START GROUP
LOAD C:/ST/STM32CubeIDE_1.19.0/STM32CubeIDE/plugins/com.st.stm32cube.ide.mcu.externaltools.gnu-tools-for-stm32.14.3.rel1.win32_1.0.100.202602081740/tools/bin/../lib/gcc/arm-none-eabi/14.3.1/thumb/v8-m.main+fp/hard\libgcc.a
LOAD C:/ST/STM32CubeIDE_1.19.0/STM32CubeIDE/plugins/com.st.stm32cube.ide.mcu.externaltools.gnu-tools-for-stm32.14.3.rel1.win32_1.0.100.202602081740/tools/bin/../lib/gcc/arm-none-eabi/14.3.1/../../../../arm-none-eabi/lib/thumb/v8-m.main+fp/hard\libc_nano.a
LOAD C:/ST/STM32CubeIDE_1.19.0/STM32CubeIDE/plugins/com.st.stm32cube.ide.mcu.externaltools.gnu-tools-for-stm32.14.3.rel1.win32_1.0.100.202602081740/tools/bin/../lib/gcc/arm-none-eabi/14.3.1/../../../../arm-none-eabi/lib/thumb/v8-m.main+fp/hard\libnosys.a
END GROUP
LOAD C:/ST/STM32CubeIDE_1.19.0/STM32CubeIDE/plugins/com.st.stm32cube.ide.mcu.externaltools.gnu-tools-for-stm32.14.3.rel1.win32_1.0.100.202602081740/tools/bin/../lib/gcc/arm-none-eabi/14.3.1/thumb/v8-m.main+fp/hard/crtend.o
LOAD C:/ST/STM32CubeIDE_1.19.0/STM32CubeIDE/plugins/com.st.stm32cube.ide.mcu.externaltools.gnu-tools-for-stm32.14.3.rel1.win32_1.0.100.202602081740/tools/bin/../lib/gcc/arm-none-eabi/14.3.1/thumb/v8-m.main+fp/hard/crtn.o
                0x00000200                        _Min_Heap_Size = 0x200
                0x00000400                        _Min_Stack_Size = 0x400
                0x20040000                        _estack = (ORIGIN (RAM) + LENGTH (RAM))
                0x2003fc00                        _sstack = (_estack - _Min_Stack_Size)

.isr_vector     0x08020000      0x238
 *(.isr_vector)
 .isr_vector    0x08020000      0x238 ./Core/Startup/startup_stm32u535cctx.o
                0x08020000                g_pfnVectors

.text           0x08020238     0x56c8
 *(.text)
 .text          0x08020238       0x40 C:/ST/STM32CubeIDE_1.19.0/STM32CubeIDE/plugins/com.st.stm32cube.ide.mcu.externaltools.gnu-tools-for-stm32.14.3.rel1.win32_1.0.100.202602081740/tools/bin/../lib/gcc/arm-none-eabi/14.3.1/thumb/v8-m.main+fp/hard/crtbegin.o
 .text          0x08020278       0x10 C:/ST/STM32CubeIDE_1.19.0/STM32CubeIDE/plugins/com.st.stm32cube.ide.mcu.externaltools.gnu-tools-for-stm32.14.3.rel1.win32_1.0.100.202602081740/tools/bin/../lib/gcc/arm-none-eabi/14.3.1/../../../../arm-none-eabi/lib/thumb/v8-m.main+fp/hard\libc_nano.a(libc_a-strlen.o)
                0x08020278                strlen
 *(.text*)
 .text.MX_USB_DRD_FS_PCD_Init
                0x08020288       0x74 ./Core/Src/main.o
                0x08020288                MX_USB_DRD_FS_PCD_Init
 .text.startup.main
                0x080202fc       0xa8 ./Core/Src/main.o
                0x080202fc                main
 .text.Error_Handler
                0x080203a4        0x4 ./Core/Src/main.o
                0x080203a4                Error_Handler
 .text.HAL_MspInit
                0x080203a8       0x28 ./Core/Src/stm32u5xx_hal_msp.o
                0x080203a8                HAL_MspInit
 .text.HAL_PCD_MspInit
                0x080203d0       0xfc ./Core/Src/stm32u5xx_hal_msp.o
                0x080203d0                HAL_PCD_MspInit
 .text.MemManage_Handler
                0x080204cc        0x2 ./Core/Src/stm32u5xx_it.o
                0x080204cc                MemManage_Handler
 .text.UsageFault_Handler
                0x080204ce        0x2 ./Core/Src/stm32u5xx_it.o
                0x080204ce                UsageFault_Handler
 .text.SVC_Handler
                0x080204d0        0x2 ./Core/Src/stm32u5xx_it.o
                0x080204d0                SVC_Handler
 .text.PendSV_Handler
                0x080204d2        0x2 ./Core/Src/stm32u5xx_it.o
                0x080204d2                PendSV_Handler
 .text.SysTick_Handler
                0x080204d4        0x4 ./Core/Src/stm32u5xx_it.o
                0x080204d4                SysTick_Handler
 .text.USB_IRQHandler
                0x080204d8        0xc ./Core/Src/stm32u5xx_it.o
                0x080204d8                USB_IRQHandler
 .text.SystemInit
                0x080204e4        0x2 ./Core/Src/system_stm32u5xx_ns.o
                0x080204e4                SystemInit
 *fill*         0x080204e6        0x2 
 .text.Reset_Handler
                0x080204e8       0x50 ./Core/Startup/startup_stm32u535cctx.o
                0x080204e8                Reset_Handler
 .text.Default_Handler
                0x08020538        0x2 ./Core/Startup/startup_stm32u535cctx.o
                0x08020538                EXTI2_IRQHandler
                0x08020538                TIM8_TRG_COM_IRQHandler
                0x08020538                TIM8_CC_IRQHandler
                0x08020538                EXTI5_IRQHandler
                0x08020538                DebugMon_Handler
                0x08020538                FLASH_S_IRQHandler
                0x08020538                EXTI13_IRQHandler
                0x08020538                TIM1_CC_IRQHandler
                0x08020538                TSC_IRQHandler
                0x08020538                HardFault_Handler
                0x08020538                TAMP_IRQHandler
                0x08020538                TIM6_IRQHandler
                0x08020538                EXTI12_IRQHandler
                0x08020538                CORDIC_IRQHandler
                0x08020538                NMI_Handler
                0x08020538                EXTI3_IRQHandler
                0x08020538                LPTIM4_IRQHandler
                0x08020538                GPDMA1_Channel5_IRQHandler
                0x08020538                EXTI8_IRQHandler
                0x08020538                LPTIM2_IRQHandler
                0x08020538                I2C3_ER_IRQHandler
                0x08020538                PWR_S3WU_IRQHandler
                0x08020538                LPDMA1_Channel3_IRQHandler
                0x08020538                LPTIM3_IRQHandler
                0x08020538                EXTI0_IRQHandler
                0x08020538                I2C2_EV_IRQHandler
                0x08020538                FPU_IRQHandler
                0x08020538                GPDMA1_Channel3_IRQHandler
                0x08020538                GPDMA1_Channel7_IRQHandler
                0x08020538                FDCAN1_IT1_IRQHandler
                0x08020538                RAMCFG_IRQHandler
                0x08020538                GPDMA1_Channel9_IRQHandler
                0x08020538                DCACHE1_IRQHandler
                0x08020538                SPI1_IRQHandler
                0x08020538                OCTOSPI1_IRQHandler
                0x08020538                GPDMA1_Channel2_IRQHandler
                0x08020538                TIM8_UP_IRQHandler
                0x08020538                RCC_S_IRQHandler
                0x08020538                MDF1_FLT1_IRQHandler
                0x08020538                ADC1_IRQHandler
                0x08020538                EXTI15_IRQHandler
                0x08020538                TIM17_IRQHandler
                0x08020538                USART3_IRQHandler
                0x08020538                RTC_IRQHandler
                0x08020538                EXTI9_IRQHandler
                0x08020538                UART5_IRQHandler
                0x08020538                TIM4_IRQHandler
                0x08020538                I2C1_EV_IRQHandler
                0x08020538                GPDMA1_Channel12_IRQHandler
                0x08020538                GPDMA1_Channel1_IRQHandler
                0x08020538                TIM16_IRQHandler
                0x08020538                GPDMA1_Channel15_IRQHandler
                0x08020538                UART4_IRQHandler
                0x08020538                SecureFault_Handler
                0x08020538                TIM3_IRQHandler
                0x08020538                RCC_IRQHandler
                0x08020538                TIM1_TRG_COM_IRQHandler
                0x08020538                Default_Handler
                0x08020538                GPDMA1_Channel8_IRQHandler
                0x08020538                FMAC_IRQHandler
                0x08020538                GPDMA1_Channel11_IRQHandler
                0x08020538                TIM7_IRQHandler
                0x08020538                SDMMC1_IRQHandler
                0x08020538                TIM5_IRQHandler
                0x08020538                GPDMA1_Channel0_IRQHandler
                0x08020538                TIM15_IRQHandler
                0x08020538                I2C3_EV_IRQHandler
                0x08020538                LPDMA1_Channel0_IRQHandler
                0x08020538                PVD_PVM_IRQHandler
                0x08020538                SPI2_IRQHandler
                0x08020538                LPDMA1_Channel1_IRQHandler
                0x08020538                EXTI14_IRQHandler
                0x08020538                EXTI11_IRQHandler
                0x08020538                CRS_IRQHandler
                0x08020538                GPDMA1_Channel14_IRQHandler
                0x08020538                LSECSSD_IRQHandler
                0x08020538                EXTI4_IRQHandler
                0x08020538                RTC_S_IRQHandler
                0x08020538                GPDMA1_Channel13_IRQHandler
                0x08020538                RNG_IRQHandler
                0x08020538                COMP_IRQHandler
                0x08020538                TIM1_UP_IRQHandler
                0x08020538                ADC4_IRQHandler
                0x08020538                WWDG_IRQHandler
                0x08020538                I2C4_EV_IRQHandler
                0x08020538                ADF1_IRQHandler
                0x08020538                IWDG_IRQHandler
                0x08020538                LPUART1_IRQHandler
                0x08020538                MDF1_FLT0_IRQHandler
                0x08020538                FDCAN1_IT0_IRQHandler
                0x08020538                TIM2_IRQHandler
                0x08020538                GPDMA1_Channel4_IRQHandler
                0x08020538                EXTI7_IRQHandler
                0x08020538                TIM1_BRK_IRQHandler
                0x08020538                EXTI1_IRQHandler
                0x08020538                DAC1_IRQHandler
                0x08020538                GTZC_IRQHandler
                0x08020538                GPDMA1_Channel6_IRQHandler
                0x08020538                I2C2_ER_IRQHandler
                0x08020538                TIM8_BRK_IRQHandler
                0x08020538                FLASH_IRQHandler
                0x08020538                BusFault_Handler
                0x08020538                USART1_IRQHandler
                0x08020538                EXTI10_IRQHandler
                0x08020538                SPI3_IRQHandler
                0x08020538                LPDMA1_Channel2_IRQHandler
                0x08020538                I2C1_ER_IRQHandler
                0x08020538                EXTI6_IRQHandler
                0x08020538                LPTIM1_IRQHandler
                0x08020538                DCMI_PSSI_IRQHandler
                0x08020538                I2C4_ER_IRQHandler
                0x08020538                GPDMA1_Channel10_IRQHandler
                0x08020538                ICACHE_IRQHandler
                0x08020538                SAI1_IRQHandler
                0x08020538                HASH_IRQHandler
 *fill*         0x0802053a        0x2 
 .text.HAL_InitTick
                0x0802053c       0x90 ./Drivers/STM32U5xx_HAL_Driver/stm32u5xx_hal.o
                0x0802053c                HAL_InitTick
 .text.HAL_Init
                0x080205cc       0x54 ./Drivers/STM32U5xx_HAL_Driver/stm32u5xx_hal.o
                0x080205cc                HAL_Init
 .text.HAL_IncTick
                0x08020620       0x18 ./Drivers/STM32U5xx_HAL_Driver/stm32u5xx_hal.o
                0x08020620                HAL_IncTick
 .text.HAL_GetTick
                0x08020638        0xc ./Drivers/STM32U5xx_HAL_Driver/stm32u5xx_hal.o
                0x08020638                HAL_GetTick
 .text.HAL_Delay
                0x08020644       0x24 ./Drivers/STM32U5xx_HAL_Driver/stm32u5xx_hal.o
                0x08020644                HAL_Delay
 .text.HAL_NVIC_SetPriorityGrouping
                0x08020668       0x24 ./Drivers/STM32U5xx_HAL_Driver/stm32u5xx_hal_cortex.o
                0x08020668                HAL_NVIC_SetPriorityGrouping
 .text.HAL_NVIC_SetPriority
                0x0802068c       0x60 ./Drivers/STM32U5xx_HAL_Driver/stm32u5xx_hal_cortex.o
                0x0802068c                HAL_NVIC_SetPriority
 .text.HAL_NVIC_EnableIRQ
                0x080206ec       0x1c ./Drivers/STM32U5xx_HAL_Driver/stm32u5xx_hal_cortex.o
                0x080206ec                HAL_NVIC_EnableIRQ
 .text.HAL_SYSTICK_Config
                0x08020708       0x20 ./Drivers/STM32U5xx_HAL_Driver/stm32u5xx_hal_cortex.o
                0x08020708                HAL_SYSTICK_Config
 .text.HAL_SYSTICK_CLKSourceConfig
                0x08020728       0x74 ./Drivers/STM32U5xx_HAL_Driver/stm32u5xx_hal_cortex.o
                0x08020728                HAL_SYSTICK_CLKSourceConfig
 .text.HAL_SYSTICK_GetCLKSourceConfig
                0x0802079c       0x34 ./Drivers/STM32U5xx_HAL_Driver/stm32u5xx_hal_cortex.o
                0x0802079c                HAL_SYSTICK_GetCLKSourceConfig
 .text.HAL_GPIO_Init
                0x080207d0      0x218 ./Drivers/STM32U5xx_HAL_Driver/stm32u5xx_hal_gpio.o
                0x080207d0                HAL_GPIO_Init
 .text.HAL_GPIO_WritePin
                0x080209e8        0xa ./Drivers/STM32U5xx_HAL_Driver/stm32u5xx_hal_gpio.o
                0x080209e8                HAL_GPIO_WritePin
 .text.PCD_GET_EP_DBUF0_CNT.isra.0
                0x080209f2       0x24 ./Drivers/STM32U5xx_HAL_Driver/stm32u5xx_hal_pcd.o
 .text.PCD_GET_EP_RX_CNT.isra.0
                0x08020a16       0x24 ./Drivers/STM32U5xx_HAL_Driver/stm32u5xx_hal_pcd.o
 .text.HAL_PCD_Init
                0x08020a3a       0xda ./Drivers/STM32U5xx_HAL_Driver/stm32u5xx_hal_pcd.o
                0x08020a3a                HAL_PCD_Init
 .text.HAL_PCD_Start
                0x08020b14       0x2a ./Drivers/STM32U5xx_HAL_Driver/stm32u5xx_hal_pcd.o
                0x08020b14                HAL_PCD_Start
 .text.HAL_PCD_Stop
                0x08020b3e       0x2a ./Drivers/STM32U5xx_HAL_Driver/stm32u5xx_hal_pcd.o
                0x08020b3e                HAL_PCD_Stop
 .text.HAL_PCD_SetAddress
                0x08020b68       0x26 ./Drivers/STM32U5xx_HAL_Driver/stm32u5xx_hal_pcd.o
                0x08020b68                HAL_PCD_SetAddress
 *fill*         0x08020b8e        0x2 
 .text.HAL_PCD_IRQHandler
                0x08020b90      0x870 ./Drivers/STM32U5xx_HAL_Driver/stm32u5xx_hal_pcd.o
                0x08020b90                HAL_PCD_IRQHandler
 .text.HAL_PCD_EP_Open
                0x08021400       0x64 ./Drivers/STM32U5xx_HAL_Driver/stm32u5xx_hal_pcd.o
                0x08021400                HAL_PCD_EP_Open
 .text.HAL_PCD_EP_Close
                0x08021464       0x50 ./Drivers/STM32U5xx_HAL_Driver/stm32u5xx_hal_pcd.o
                0x08021464                HAL_PCD_EP_Close
 .text.HAL_PCD_EP_Receive
                0x080214b4       0x2e ./Drivers/STM32U5xx_HAL_Driver/stm32u5xx_hal_pcd.o
                0x080214b4                HAL_PCD_EP_Receive
 .text.HAL_PCD_EP_GetRxCount
                0x080214e2       0x10 ./Drivers/STM32U5xx_HAL_Driver/stm32u5xx_hal_pcd.o
                0x080214e2                HAL_PCD_EP_GetRxCount
 .text.HAL_PCD_EP_Transmit
                0x080214f2       0x30 ./Drivers/STM32U5xx_HAL_Driver/stm32u5xx_hal_pcd.o
                0x080214f2                HAL_PCD_EP_Transmit
 .text.HAL_PCD_EP_SetStall
                0x08021522       0x60 ./Drivers/STM32U5xx_HAL_Driver/stm32u5xx_hal_pcd.o
                0x08021522                HAL_PCD_EP_SetStall
 .text.HAL_PCD_EP_ClrStall
                0x08021582       0x64 ./Drivers/STM32U5xx_HAL_Driver/stm32u5xx_hal_pcd.o
                0x08021582                HAL_PCD_EP_ClrStall
 .text.HAL_PCD_EP_Abort
                0x080215e6       0x1c ./Drivers/STM32U5xx_HAL_Driver/stm32u5xx_hal_pcd.o
                0x080215e6                HAL_PCD_EP_Abort
 .text.HAL_PCD_EP_Flush
                0x08021602       0x32 ./Drivers/STM32U5xx_HAL_Driver/stm32u5xx_hal_pcd.o
                0x08021602                HAL_PCD_EP_Flush
 .text.HAL_PCDEx_PMAConfig
                0x08021634       0x32 ./Drivers/STM32U5xx_HAL_Driver/stm32u5xx_hal_pcd_ex.o
                0x08021634                HAL_PCDEx_PMAConfig
 .text.HAL_PCDEx_ActivateLPM
                0x08021666       0x20 ./Drivers/STM32U5xx_HAL_Driver/stm32u5xx_hal_pcd_ex.o
                0x08021666                HAL_PCDEx_ActivateLPM
 .text.HAL_PCDEx_LPM_Callback
                0x08021686        0x2 ./Drivers/STM32U5xx_HAL_Driver/stm32u5xx_hal_pcd_ex.o
                0x08021686                HAL_PCDEx_LPM_Callback
 .text.HAL_PWREx_EnableVddUSB
                0x08021688       0x10 ./Drivers/STM32U5xx_HAL_Driver/stm32u5xx_hal_pwr_ex.o
                0x08021688                HAL_PWREx_EnableVddUSB
 .text.HAL_RCC_GetSysClockFreq
                0x08021698      0x104 ./Drivers/STM32U5xx_HAL_Driver/stm32u5xx_hal_rcc.o
                0x08021698                HAL_RCC_GetSysClockFreq
 .text.HAL_RCC_GetHCLKFreq
                0x0802179c       0x28 ./Drivers/STM32U5xx_HAL_Driver/stm32u5xx_hal_rcc.o
                0x0802179c                HAL_RCC_GetHCLKFreq
 .text.HAL_RCC_GetPCLK1Freq
                0x080217c4       0x20 ./Drivers/STM32U5xx_HAL_Driver/stm32u5xx_hal_rcc.o
                0x080217c4                HAL_RCC_GetPCLK1Freq
 .text.HAL_RCC_GetPCLK2Freq
                0x080217e4       0x20 ./Drivers/STM32U5xx_HAL_Driver/stm32u5xx_hal_rcc.o
                0x080217e4                HAL_RCC_GetPCLK2Freq
 .text.HAL_RCC_GetPCLK3Freq
                0x08021804       0x20 ./Drivers/STM32U5xx_HAL_Driver/stm32u5xx_hal_rcc.o
                0x08021804                HAL_RCC_GetPCLK3Freq
 .text.RCCEx_PLL3_Config
                0x08021824       0xd4 ./Drivers/STM32U5xx_HAL_Driver/stm32u5xx_hal_rcc_ex.o
 .text.RCCEx_PLL2_Config
                0x080218f8       0xd4 ./Drivers/STM32U5xx_HAL_Driver/stm32u5xx_hal_rcc_ex.o
 .text.HAL_RCCEx_PeriphCLKConfig
                0x080219cc      0x51c ./Drivers/STM32U5xx_HAL_Driver/stm32u5xx_hal_rcc_ex.o
                0x080219cc                HAL_RCCEx_PeriphCLKConfig
 .text.HAL_RCCEx_GetPLL1ClockFreq
                0x08021ee8      0x128 ./Drivers/STM32U5xx_HAL_Driver/stm32u5xx_hal_rcc_ex.o
                0x08021ee8                HAL_RCCEx_GetPLL1ClockFreq
 .text.HAL_RCCEx_GetPLL2ClockFreq
                0x08022010      0x128 ./Drivers/STM32U5xx_HAL_Driver/stm32u5xx_hal_rcc_ex.o
                0x08022010                HAL_RCCEx_GetPLL2ClockFreq
 .text.HAL_RCCEx_GetPLL3ClockFreq
                0x08022138      0x128 ./Drivers/STM32U5xx_HAL_Driver/stm32u5xx_hal_rcc_ex.o
                0x08022138                HAL_RCCEx_GetPLL3ClockFreq
 .text.HAL_RCCEx_GetPeriphCLKFreq
                0x08022260      0xb70 ./Drivers/STM32U5xx_HAL_Driver/stm32u5xx_hal_rcc_ex.o
                0x08022260                HAL_RCCEx_GetPeriphCLKFreq
 .text.USB_CoreInit
                0x08022dd0       0x2e ./Drivers/STM32U5xx_HAL_Driver/stm32u5xx_ll_usb.o
                0x08022dd0                USB_CoreInit
 .text.USB_EnableGlobalInt
                0x08022dfe        0xe ./Drivers/STM32U5xx_HAL_Driver/stm32u5xx_ll_usb.o
                0x08022dfe                USB_EnableGlobalInt
 .text.USB_DisableGlobalInt
                0x08022e0c       0x10 ./Drivers/STM32U5xx_HAL_Driver/stm32u5xx_ll_usb.o
                0x08022e0c                USB_DisableGlobalInt
 .text.USB_SetCurrentMode
                0x08022e1c       0x1e ./Drivers/STM32U5xx_HAL_Driver/stm32u5xx_ll_usb.o
                0x08022e1c                USB_SetCurrentMode
 .text.USB_DevInit
                0x08022e3a       0x2c ./Drivers/STM32U5xx_HAL_Driver/stm32u5xx_ll_usb.o
                0x08022e3a                USB_DevInit
 .text.USB_FlushTxFifo
                0x08022e66        0x4 ./Drivers/STM32U5xx_HAL_Driver/stm32u5xx_ll_usb.o
                0x08022e66                USB_FlushTxFifo
 .text.USB_FlushRxFifo
                0x08022e6a        0x4 ./Drivers/STM32U5xx_HAL_Driver/stm32u5xx_ll_usb.o
                0x08022e6a                USB_FlushRxFifo
 *fill*         0x08022e6e        0x2 
 .text.USB_ActivateEndpoint
                0x08022e70      0x2dc ./Drivers/STM32U5xx_HAL_Driver/stm32u5xx_ll_usb.o
                0x08022e70                USB_ActivateEndpoint
 .text.USB_DeactivateEndpoint
                0x0802314c      0x138 ./Drivers/STM32U5xx_HAL_Driver/stm32u5xx_ll_usb.o
                0x0802314c                USB_DeactivateEndpoint
 .text.USB_EPSetStall
                0x08023284       0x34 ./Drivers/STM32U5xx_HAL_Driver/stm32u5xx_ll_usb.o
                0x08023284                USB_EPSetStall
 .text.USB_EPClearStall
                0x080232b8       0x7c ./Drivers/STM32U5xx_HAL_Driver/stm32u5xx_ll_usb.o
                0x080232b8                USB_EPClearStall
 .text.USB_EPStopXfer
                0x08023334       0x54 ./Drivers/STM32U5xx_HAL_Driver/stm32u5xx_ll_usb.o
                0x08023334                USB_EPStopXfer
 .text.USB_SetDevAddress
                0x08023388        0xa ./Drivers/STM32U5xx_HAL_Driver/stm32u5xx_ll_usb.o
                0x08023388                USB_SetDevAddress
 .text.USB_DevConnect
                0x08023392        0xc ./Drivers/STM32U5xx_HAL_Driver/stm32u5xx_ll_usb.o
                0x08023392                USB_DevConnect
 .text.USB_DevDisconnect
                0x0802339e        0xc ./Drivers/STM32U5xx_HAL_Driver/stm32u5xx_ll_usb.o
                0x0802339e                USB_DevDisconnect
 .text.USB_ReadInterrupts
                0x080233aa        0x4 ./Drivers/STM32U5xx_HAL_Driver/stm32u5xx_ll_usb.o
                0x080233aa                USB_ReadInterrupts
 .text.USB_WritePMA
                0x080233ae       0x48 ./Drivers/STM32U5xx_HAL_Driver/stm32u5xx_ll_usb.o
                0x080233ae                USB_WritePMA
 *fill*         0x080233f6        0x2 
 .text.USB_EPStartXfer
                0x080233f8      0x2e4 ./Drivers/STM32U5xx_HAL_Driver/stm32u5xx_ll_usb.o
                0x080233f8                USB_EPStartXfer
 .text.USB_ReadPMA
                0x080236dc       0x46 ./Drivers/STM32U5xx_HAL_Driver/stm32u5xx_ll_usb.o
                0x080236dc                USB_ReadPMA
 .text.USB_GetCurrentFrame
                0x08023722        0x8 ./Drivers/STM32U5xx_HAL_Driver/stm32u5xx_ll_usb.o
                0x08023722                USB_GetCurrentFrame
 *fill*         0x0802372a        0x2 
 .text._ux_system_error_handler
                0x0802372c       0x24 ./Middlewares/ST/usbx/Core System/ux_system_error_handler.o
                0x0802372c                _ux_system_error_handler
 .text._ux_system_initialize
                0x08023750       0x98 ./Middlewares/ST/usbx/Core System/ux_system_initialize.o
                0x08023750                _ux_system_initialize
 .text._uxe_system_initialize
                0x080237e8       0x16 ./Middlewares/ST/usbx/Core System/ux_system_initialize.o
                0x080237e8                _uxe_system_initialize
 .text._ux_system_tasks_run
                0x080237fe        0xa ./Middlewares/ST/usbx/Core System/ux_system_tasks_run.o
                0x080237fe                _ux_system_tasks_run
 .text._ux_utility_descriptor_parse
                0x08023808       0x5a ./Middlewares/ST/usbx/Core System/ux_utility_descriptor_parse.o
                0x08023808                _ux_utility_descriptor_parse
 .text._ux_utility_long_get
                0x08023862        0x4 ./Middlewares/ST/usbx/Core System/ux_utility_long_get.o
                0x08023862                _ux_utility_long_get
 .text._ux_utility_long_put
                0x08023866       0x10 ./Middlewares/ST/usbx/Core System/ux_utility_long_put.o
                0x08023866                _ux_utility_long_put
 *fill*         0x08023876        0x2 
 .text._ux_utility_memory_allocate
                0x08023878       0xcc ./Middlewares/ST/usbx/Core System/ux_utility_memory_allocate.o
                0x08023878                _ux_utility_memory_allocate
 .text._ux_utility_memory_allocate_mulc_safe
                0x08023944       0x18 ./Middlewares/ST/usbx/Core System/ux_utility_memory_allocate_mulc_safe.o
                0x08023944                _ux_utility_memory_allocate_mulc_safe
 .text._ux_utility_memory_byte_pool_create
                0x0802395c       0x3c ./Middlewares/ST/usbx/Core System/ux_utility_memory_byte_pool_create.o
                0x0802395c                _ux_utility_memory_byte_pool_create
 .text._ux_utility_memory_byte_pool_search
                0x08023998       0x7c ./Middlewares/ST/usbx/Core System/ux_utility_memory_byte_pool_search.o
                0x08023998                _ux_utility_memory_byte_pool_search
 .text._ux_utility_memory_copy
                0x08023a14       0x14 ./Middlewares/ST/usbx/Core System/ux_utility_memory_copy.o
                0x08023a14                _ux_utility_memory_copy
 .text._ux_utility_memory_free
                0x08023a28       0x50 ./Middlewares/ST/usbx/Core System/ux_utility_memory_free.o
                0x08023a28                _ux_utility_memory_free
 .text._ux_utility_memory_set
                0x08023a78        0xe ./Middlewares/ST/usbx/Core System/ux_utility_memory_set.o
                0x08023a78                _ux_utility_memory_set
 .text._ux_utility_short_get
                0x08023a86        0x4 ./Middlewares/ST/usbx/Core System/ux_utility_short_get.o
                0x08023a86                _ux_utility_short_get
 .text._ux_utility_string_length_check
                0x08023a8a       0x28 ./Middlewares/ST/usbx/Core System/ux_utility_string_length_check.o
                0x08023a8a                _ux_utility_string_length_check
 .text._ux_device_class_cdc_acm_activate
                0x08023ab2       0x18 ./Middlewares/ST/usbx/UX Device Class CDC ACM/ux_device_class_cdc_acm_activate.o
                0x08023ab2                _ux_device_class_cdc_acm_activate
 *fill*         0x08023aca        0x2 
 .text._ux_device_class_cdc_acm_control_request
                0x08023acc       0xb4 ./Middlewares/ST/usbx/UX Device Class CDC ACM/ux_device_class_cdc_acm_control_request.o
                0x08023acc                _ux_device_class_cdc_acm_control_request
 .text._ux_device_class_cdc_acm_deactivate
                0x08023b80       0x46 ./Middlewares/ST/usbx/UX Device Class CDC ACM/ux_device_class_cdc_acm_deactivate.o
                0x08023b80                _ux_device_class_cdc_acm_deactivate
 .text._ux_device_class_cdc_acm_entry
                0x08023bc6       0x38 ./Middlewares/ST/usbx/UX Device Class CDC ACM/ux_device_class_cdc_acm_entry.o
                0x08023bc6                _ux_device_class_cdc_acm_entry
 .text._ux_device_class_cdc_acm_initialize
                0x08023bfe       0x3c ./Middlewares/ST/usbx/UX Device Class CDC ACM/ux_device_class_cdc_acm_initialize.o
                0x08023bfe                _ux_device_class_cdc_acm_initialize
 .text._ux_device_class_cdc_acm_ioctl
                0x08023c3a       0xd8 ./Middlewares/ST/usbx/UX Device Class CDC ACM/ux_device_class_cdc_acm_ioctl.o
                0x08023c3a                _ux_device_class_cdc_acm_ioctl
 .text._ux_device_class_cdc_acm_uninitialize
                0x08023d12       0x10 ./Middlewares/ST/usbx/UX Device Class CDC ACM/ux_device_class_cdc_acm_unitialize.o
                0x08023d12                _ux_device_class_cdc_acm_uninitialize
 .text._ux_dcd_stm32_setup_isr_pending
                0x08023d22       0x92 ./Middlewares/ST/usbx/UX Device Controllers/ux_dcd_stm32_callback.o
                0x08023d22                _ux_dcd_stm32_setup_isr_pending
 .text.HAL_PCD_SetupStageCallback
                0x08023db4       0x98 ./Middlewares/ST/usbx/UX Device Controllers/ux_dcd_stm32_callback.o
                0x08023db4                HAL_PCD_SetupStageCallback
 .text.HAL_PCD_DataInStageCallback
                0x08023e4c       0xc4 ./Middlewares/ST/usbx/UX Device Controllers/ux_dcd_stm32_callback.o
                0x08023e4c                HAL_PCD_DataInStageCallback
 .text.HAL_PCD_DataOutStageCallback
                0x08023f10       0x98 ./Middlewares/ST/usbx/UX Device Controllers/ux_dcd_stm32_callback.o
                0x08023f10                HAL_PCD_DataOutStageCallback
 .text.HAL_PCD_ResetCallback
                0x08023fa8       0x30 ./Middlewares/ST/usbx/UX Device Controllers/ux_dcd_stm32_callback.o
                0x08023fa8                HAL_PCD_ResetCallback
 .text.HAL_PCD_SuspendCallback
                0x08023fd8       0x14 ./Middlewares/ST/usbx/UX Device Controllers/ux_dcd_stm32_callback.o
                0x08023fd8                HAL_PCD_SuspendCallback
 .text.HAL_PCD_ResumeCallback
                0x08023fec       0x14 ./Middlewares/ST/usbx/UX Device Controllers/ux_dcd_stm32_callback.o
                0x08023fec                HAL_PCD_ResumeCallback
 .text.HAL_PCD_SOFCallback
                0x08024000       0x14 ./Middlewares/ST/usbx/UX Device Controllers/ux_dcd_stm32_callback.o
                0x08024000                HAL_PCD_SOFCallback
 .text._ux_dcd_stm32_endpoint_create
                0x08024014       0x8e ./Middlewares/ST/usbx/UX Device Controllers/ux_dcd_stm32_endpoint_create.o
                0x08024014                _ux_dcd_stm32_endpoint_create
 .text._ux_dcd_stm32_endpoint_destroy
                0x080240a2       0x1a ./Middlewares/ST/usbx/UX Device Controllers/ux_dcd_stm32_endpoint_destroy.o
                0x080240a2                _ux_dcd_stm32_endpoint_destroy
 .text._ux_dcd_stm32_endpoint_reset
                0x080240bc       0x40 ./Middlewares/ST/usbx/UX Device Controllers/ux_dcd_stm32_endpoint_reset.o
                0x080240bc                _ux_dcd_stm32_endpoint_reset
 .text._ux_dcd_stm32_endpoint_stall
                0x080240fc       0x1e ./Middlewares/ST/usbx/UX Device Controllers/ux_dcd_stm32_endpoint_stall.o
                0x080240fc                _ux_dcd_stm32_endpoint_stall
 .text._ux_dcd_stm32_endpoint_status
                0x0802411a       0x3e ./Middlewares/ST/usbx/UX Device Controllers/ux_dcd_stm32_endpoint_status.o
                0x0802411a                _ux_dcd_stm32_endpoint_status
 .text._ux_dcd_stm32_frame_number_get
                0x08024158       0x18 ./Middlewares/ST/usbx/UX Device Controllers/ux_dcd_stm32_frame_number_get.o
                0x08024158                _ux_dcd_stm32_frame_number_get
 .text._ux_dcd_stm32_function
                0x08024170       0xa2 ./Middlewares/ST/usbx/UX Device Controllers/ux_dcd_stm32_function.o
                0x08024170                _ux_dcd_stm32_function
 *fill*         0x08024212        0x2 
 .text._ux_dcd_stm32_initialize
                0x08024214       0x3c ./Middlewares/ST/usbx/UX Device Controllers/ux_dcd_stm32_initialize.o
                0x08024214                _ux_dcd_stm32_initialize
 .text._ux_dcd_stm32_initialize_complete
                0x08024250       0xd8 ./Middlewares/ST/usbx/UX Device Controllers/ux_dcd_stm32_initialize_complete.o
                0x08024250                _ux_dcd_stm32_initialize_complete
 .text._ux_dcd_stm32_transfer_abort
                0x08024328       0x1e ./Middlewares/ST/usbx/UX Device Controllers/ux_dcd_stm32_transfer_abort.o
                0x08024328                _ux_dcd_stm32_transfer_abort
 *fill*         0x08024346        0x2 
 .text._ux_dcd_stm32_transfer_run
                0x08024348       0x88 ./Middlewares/ST/usbx/UX Device Controllers/ux_dcd_stm32_transfer_run.o
                0x08024348                _ux_dcd_stm32_transfer_run
 .text._ux_device_stack_alternate_setting_get
                0x080243d0       0x3c ./Middlewares/ST/usbx/UX Device CoreStack/ux_device_stack_alternate_setting_get.o
                0x080243d0                _ux_device_stack_alternate_setting_get
 .text._ux_device_stack_alternate_setting_set
                0x0802440c      0x1ec ./Middlewares/ST/usbx/UX Device CoreStack/ux_device_stack_alternate_setting_set.o
                0x0802440c                _ux_device_stack_alternate_setting_set
 .text._ux_device_stack_class_register
                0x080245f8       0x64 ./Middlewares/ST/usbx/UX Device CoreStack/ux_device_stack_class_register.o
                0x080245f8                _ux_device_stack_class_register
 .text._ux_device_stack_clear_feature
                0x0802465c       0x60 ./Middlewares/ST/usbx/UX Device CoreStack/ux_device_stack_clear_feature.o
                0x0802465c                _ux_device_stack_clear_feature
 .text._ux_device_stack_configuration_get
                0x080246bc       0x20 ./Middlewares/ST/usbx/UX Device CoreStack/ux_device_stack_configuration_get.o
                0x080246bc                _ux_device_stack_configuration_get
 .text._ux_device_stack_configuration_set
                0x080246dc      0x1a8 ./Middlewares/ST/usbx/UX Device CoreStack/ux_device_stack_configuration_set.o
                0x080246dc                _ux_device_stack_configuration_set
 .text._ux_device_stack_control_request_process
                0x08024884      0x1d4 ./Middlewares/ST/usbx/UX Device CoreStack/ux_device_stack_control_request_process.o
                0x08024884                _ux_device_stack_control_request_process
 .text._ux_device_stack_descriptor_send
                0x08024a58      0x200 ./Middlewares/ST/usbx/UX Device CoreStack/ux_device_stack_descriptor_send.o
                0x08024a58                _ux_device_stack_descriptor_send
 .text._ux_device_stack_disconnect
                0x08024c58       0x70 ./Middlewares/ST/usbx/UX Device CoreStack/ux_device_stack_disconnect.o
                0x08024c58                _ux_device_stack_disconnect
 .text._ux_device_stack_endpoint_stall
                0x08024cc8       0x44 ./Middlewares/ST/usbx/UX Device CoreStack/ux_device_stack_endpoint_stall.o
                0x08024cc8                _ux_device_stack_endpoint_stall
 .text._ux_device_stack_get_status
                0x08024d0c       0x8c ./Middlewares/ST/usbx/UX Device CoreStack/ux_device_stack_get_status.o
                0x08024d0c                _ux_device_stack_get_status
 .text._ux_device_stack_initialize
                0x08024d98      0x194 ./Middlewares/ST/usbx/UX Device CoreStack/ux_device_stack_initialize.o
                0x08024d98                _ux_device_stack_initialize
 .text._ux_device_stack_interface_delete
                0x08024f2c       0x48 ./Middlewares/ST/usbx/UX Device CoreStack/ux_device_stack_interface_delete.o
                0x08024f2c                _ux_device_stack_interface_delete
 .text._ux_device_stack_interface_set
                0x08024f74      0x10c ./Middlewares/ST/usbx/UX Device CoreStack/ux_device_stack_interface_set.o
                0x08024f74                _ux_device_stack_interface_set
 .text._ux_device_stack_interface_start
                0x08025080       0x58 ./Middlewares/ST/usbx/UX Device CoreStack/ux_device_stack_interface_start.o
                0x08025080                _ux_device_stack_interface_start
 .text._ux_device_stack_set_feature
                0x080250d8       0x58 ./Middlewares/ST/usbx/UX Device CoreStack/ux_device_stack_set_feature.o
                0x080250d8                _ux_device_stack_set_feature
 .text._ux_device_stack_tasks_run
                0x08025130       0x28 ./Middlewares/ST/usbx/UX Device CoreStack/ux_device_stack_tasks_run.o
                0x08025130                _ux_device_stack_tasks_run
 .text._ux_device_stack_transfer_abort
                0x08025158       0x38 ./Middlewares/ST/usbx/UX Device CoreStack/ux_device_stack_transfer_abort.o
                0x08025158                _ux_device_stack_transfer_abort
 .text._ux_device_stack_transfer_all_request_abort
                0x08025190        0xc ./Middlewares/ST/usbx/UX Device CoreStack/ux_device_stack_transfer_all_request_abort.o
                0x08025190                _ux_device_stack_transfer_all_request_abort
 .text._ux_device_stack_transfer_request
                0x0802519c       0x20 ./Middlewares/ST/usbx/UX Device CoreStack/ux_device_stack_transfer_request.o
                0x0802519c                _ux_device_stack_transfer_request
 .text._ux_device_stack_transfer_run
                0x080251bc       0xb4 ./Middlewares/ST/usbx/UX Device CoreStack/ux_device_stack_transfer_run.o
                0x080251bc                _ux_device_stack_transfer_run
 .text.MX_USBX_Init
                0x08025270       0x24 ./USBX/App/app_usbx.o
                0x08025270                MX_USBX_Init
 .text._ux_utility_interrupt_disable
                0x08025294        0x8 ./USBX/App/app_usbx.o
                0x08025294                _ux_utility_interrupt_disable
 .text._ux_utility_interrupt_restore
                0x0802529c        0x6 ./USBX/App/app_usbx.o
                0x0802529c                _ux_utility_interrupt_restore
 .text.USBD_ChangeFunction
                0x080252a2        0x4 ./USBX/App/app_usbx_device.o
 *fill*         0x080252a6        0x2 
 .text.MX_USBX_Device_Stack_Init
                0x080252a8       0xc4 ./USBX/App/app_usbx_device.o
                0x080252a8                MX_USBX_Device_Stack_Init
 .text.MX_USBX_Device_Init
                0x0802536c        0xe ./USBX/App/app_usbx_device.o
                0x0802536c                MX_USBX_Device_Init
 .text.USBD_CDC_ACM_Activate
                0x0802537a        0x2 ./USBX/App/ux_device_cdc_acm.o
                0x0802537a                USBD_CDC_ACM_Activate
 .text.USBD_CDC_ACM_Deactivate
                0x0802537c        0x2 ./USBX/App/ux_device_cdc_acm.o
                0x0802537c                USBD_CDC_ACM_Deactivate
 .text.USBD_CDC_ACM_ParameterChange
                0x0802537e        0x2 ./USBX/App/ux_device_cdc_acm.o
                0x0802537e                USBD_CDC_ACM_ParameterChange
 .text.USBD_FrameWork_AssignEp
                0x08025380       0x40 ./USBX/App/ux_device_descriptors.o
 .text.USBD_Desc_GetString.part.0
                0x080253c0       0x26 ./USBX/App/ux_device_descriptors.o
 *fill*         0x080253e6        0x2 
 .text.USBD_Device_Framework_Builder.constprop.0.isra.0
                0x080253e8      0x35c ./USBX/App/ux_device_descriptors.o
 .text.USBD_Get_Device_Framework_Speed
                0x08025744       0x60 ./USBX/App/ux_device_descriptors.o
                0x08025744                USBD_Get_Device_Framework_Speed
 .text.USBD_Get_String_Framework
                0x080257a4       0xa0 ./USBX/App/ux_device_descriptors.o
                0x080257a4                USBD_Get_String_Framework
 .text.USBD_Get_Language_Id_Framework
                0x08025844       0x1c ./USBX/App/ux_device_descriptors.o
                0x08025844                USBD_Get_Language_Id_Framework
 .text.USBD_Get_Interface_Number
                0x08025860       0x2c ./USBX/App/ux_device_descriptors.o
                0x08025860                USBD_Get_Interface_Number
 .text.USBD_Get_Configuration_Number
                0x0802588c        0x4 ./USBX/App/ux_device_descriptors.o
                0x0802588c                USBD_Get_Configuration_Number
 .text.memset   0x08025890       0x10 C:/ST/STM32CubeIDE_1.19.0/STM32CubeIDE/plugins/com.st.stm32cube.ide.mcu.externaltools.gnu-tools-for-stm32.14.3.rel1.win32_1.0.100.202602081740/tools/bin/../lib/gcc/arm-none-eabi/14.3.1/../../../../arm-none-eabi/lib/thumb/v8-m.main+fp/hard\libc_nano.a(libc_a-memset.o)
                0x08025890                memset
 .text.__libc_init_array
                0x080258a0       0x48 C:/ST/STM32CubeIDE_1.19.0/STM32CubeIDE/plugins/com.st.stm32cube.ide.mcu.externaltools.gnu-tools-for-stm32.14.3.rel1.win32_1.0.100.202602081740/tools/bin/../lib/gcc/arm-none-eabi/14.3.1/../../../../arm-none-eabi/lib/thumb/v8-m.main+fp/hard\libc_nano.a(libc_a-init.o)
                0x080258a0                __libc_init_array
 *(.glue_7)
 .glue_7        0x080258e8        0x0 linker stubs
 *(.glue_7t)
 .glue_7t       0x080258e8        0x0 linker stubs
 *(.eh_frame)
 .eh_frame      0x080258e8        0x0 C:/ST/STM32CubeIDE_1.19.0/STM32CubeIDE/plugins/com.st.stm32cube.ide.mcu.externaltools.gnu-tools-for-stm32.14.3.rel1.win32_1.0.100.202602081740/tools/bin/../lib/gcc/arm-none-eabi/14.3.1/thumb/v8-m.main+fp/hard/crtbegin.o
 *(.init)
 .init          0x080258e8        0x4 C:/ST/STM32CubeIDE_1.19.0/STM32CubeIDE/plugins/com.st.stm32cube.ide.mcu.externaltools.gnu-tools-for-stm32.14.3.rel1.win32_1.0.100.202602081740/tools/bin/../lib/gcc/arm-none-eabi/14.3.1/thumb/v8-m.main+fp/hard/crti.o
                0x080258e8                _init
 .init          0x080258ec        0x8 C:/ST/STM32CubeIDE_1.19.0/STM32CubeIDE/plugins/com.st.stm32cube.ide.mcu.externaltools.gnu-tools-for-stm32.14.3.rel1.win32_1.0.100.202602081740/tools/bin/../lib/gcc/arm-none-eabi/14.3.1/thumb/v8-m.main+fp/hard/crtn.o
 *(.fini)
 .fini          0x080258f4        0x4 C:/ST/STM32CubeIDE_1.19.0/STM32CubeIDE/plugins/com.st.stm32cube.ide.mcu.externaltools.gnu-tools-for-stm32.14.3.rel1.win32_1.0.100.202602081740/tools/bin/../lib/gcc/arm-none-eabi/14.3.1/thumb/v8-m.main+fp/hard/crti.o
                0x080258f4                _fini
 .fini          0x080258f8        0x8 C:/ST/STM32CubeIDE_1.19.0/STM32CubeIDE/plugins/com.st.stm32cube.ide.mcu.externaltools.gnu-tools-for-stm32.14.3.rel1.win32_1.0.100.202602081740/tools/bin/../lib/gcc/arm-none-eabi/14.3.1/thumb/v8-m.main+fp/hard/crtn.o
                0x08025900                        _etext = .

.vfp11_veneer   0x08025900        0x0
 .vfp11_veneer  0x08025900        0x0 linker stubs

.v4_bx          0x08025900        0x0
 .v4_bx         0x08025900        0x0 linker stubs

.iplt           0x08025900        0x0
 .iplt          0x08025900        0x0 C:/ST/STM32CubeIDE_1.19.0/STM32CubeIDE/plugins/com.st.stm32cube.ide.mcu.externaltools.gnu-tools-for-stm32.14.3.rel1.win32_1.0.100.202602081740/tools/bin/../lib/gcc/arm-none-eabi/14.3.1/thumb/v8-m.main+fp/hard/crtbegin.o

.rodata         0x08025900      0x109
 *(.rodata)
 *(.rodata*)
 .rodata.MSIRangeTable
                0x08025900       0x40 ./Core/Src/system_stm32u5xx_ns.o
                0x08025900                MSIRangeTable
 .rodata.APBPrescTable
                0x08025940        0x8 ./Core/Src/system_stm32u5xx_ns.o
                0x08025940                APBPrescTable
 .rodata.AHBPrescTable
                0x08025948       0x10 ./Core/Src/system_stm32u5xx_ns.o
                0x08025948                AHBPrescTable
 .rodata.LPGPIO_Map
                0x08025958       0x80 ./Drivers/STM32U5xx_HAL_Driver/stm32u5xx_hal_gpio.o
 .rodata.USBD_Get_String_Framework.str1.1
                0x080259d8       0x31 ./USBX/App/ux_device_descriptors.o

.ARM.extab
 *(.ARM.extab* .gnu.linkonce.armextab.*)

.ARM            0x08025a0c        0x8
                0x08025a0c                        __exidx_start = .
 *(.ARM.exidx*)
 .ARM.exidx     0x08025a0c        0x8 C:/ST/STM32CubeIDE_1.19.0/STM32CubeIDE/plugins/com.st.stm32cube.ide.mcu.externaltools.gnu-tools-for-stm32.14.3.rel1.win32_1.0.100.202602081740/tools/bin/../lib/gcc/arm-none-eabi/14.3.1/../../../../arm-none-eabi/lib/thumb/v8-m.main+fp/hard\libc_nano.a(libc_a-strlen.o)
                0x08025a14                        __exidx_end = .

.preinit_array  0x08025a14        0x0
                0x08025a14                        PROVIDE (__preinit_array_start = .)
 *(.preinit_array*)
                0x08025a14                        PROVIDE (__preinit_array_end = .)

.init_array     0x08025a14        0x4
                0x08025a14                        PROVIDE (__init_array_start = .)
 *(SORT_BY_NAME(.init_array.*))
 *(.init_array*)
 .init_array    0x08025a14        0x4 C:/ST/STM32CubeIDE_1.19.0/STM32CubeIDE/plugins/com.st.stm32cube.ide.mcu.externaltools.gnu-tools-for-stm32.14.3.rel1.win32_1.0.100.202602081740/tools/bin/../lib/gcc/arm-none-eabi/14.3.1/thumb/v8-m.main+fp/hard/crtbegin.o
                0x08025a18                        PROVIDE (__init_array_end = .)

.fini_array     0x08025a18        0x4
                [!provide]                        PROVIDE (__fini_array_start = .)
 *(SORT_BY_NAME(.fini_array.*))
 *(.fini_array*)
 .fini_array    0x08025a18        0x4 C:/ST/STM32CubeIDE_1.19.0/STM32CubeIDE/plugins/com.st.stm32cube.ide.mcu.externaltools.gnu-tools-for-stm32.14.3.rel1.win32_1.0.100.202602081740/tools/bin/../lib/gcc/arm-none-eabi/14.3.1/thumb/v8-m.main+fp/hard/crtbegin.o
                [!provide]                        PROVIDE (__fini_array_end = .)
                0x08025a1c                        _sidata = LOADADDR (.data)

.rel.dyn        0x08025a1c        0x0
 .rel.iplt      0x08025a1c        0x0 C:/ST/STM32CubeIDE_1.19.0/STM32CubeIDE/plugins/com.st.stm32cube.ide.mcu.externaltools.gnu-tools-for-stm32.14.3.rel1.win32_1.0.100.202602081740/tools/bin/../lib/gcc/arm-none-eabi/14.3.1/thumb/v8-m.main+fp/hard/crtbegin.o

.data           0x20030000       0x5c load address 0x08025a1c
                0x20030000                        _sdata = .
 *(.data)
 *(.data*)
 .data.SystemCoreClock
                0x20030000        0x4 ./Core/Src/system_stm32u5xx_ns.o
                0x20030000                SystemCoreClock
 .data.uwTickFreq
                0x20030004        0x1 ./Drivers/STM32U5xx_HAL_Driver/stm32u5xx_hal.o
                0x20030004                uwTickFreq
 *fill*         0x20030005        0x3 
 .data.uwTickPrio
                0x20030008        0x4 ./Drivers/STM32U5xx_HAL_Driver/stm32u5xx_hal.o
                0x20030008                uwTickPrio
 .data._ux_system_bos_descriptor_structure
                0x2003000c        0x4 ./Middlewares/ST/usbx/Core System/ux_system_initialize.o
                0x2003000c                _ux_system_bos_descriptor_structure
 .data._ux_system_interface_descriptor_structure
                0x20030010        0x9 ./Middlewares/ST/usbx/Core System/ux_system_initialize.o
                0x20030010                _ux_system_interface_descriptor_structure
 .data._ux_system_configuration_descriptor_structure
                0x20030019        0x8 ./Middlewares/ST/usbx/Core System/ux_system_initialize.o
                0x20030019                _ux_system_configuration_descriptor_structure
 .data._ux_system_device_descriptor_structure
                0x20030021        0xe ./Middlewares/ST/usbx/Core System/ux_system_initialize.o
                0x20030021                _ux_system_device_descriptor_structure
 .data._ux_system_endpoint_descriptor_structure
                0x2003002f        0x6 ./Middlewares/ST/usbx/Core System/ux_system_initialize.o
                0x2003002f                _ux_system_endpoint_descriptor_structure
 .data._ux_system_slave_class_cdc_acm_name
                0x20030035       0x17 ./Middlewares/ST/usbx/UX Device CoreStack/ux_device_stack_initialize.o
                0x20030035                _ux_system_slave_class_cdc_acm_name
 .data.usbd_dcd_initialize_status
                0x2003004c        0x4 ./USBX/App/app_usbx_device.o
 .data.UserClassInstance
                0x20030050        0xc ./USBX/App/ux_device_descriptors.o
                0x20030050                UserClassInstance
 *(.RamFunc)
 *(.RamFunc*)
                0x2003005c                        _edata = .

.igot.plt       0x2003005c        0x0 load address 0x08025a78
 .igot.plt      0x2003005c        0x0 C:/ST/STM32CubeIDE_1.19.0/STM32CubeIDE/plugins/com.st.stm32cube.ide.mcu.externaltools.gnu-tools-for-stm32.14.3.rel1.win32_1.0.100.202602081740/tools/bin/../lib/gcc/arm-none-eabi/14.3.1/thumb/v8-m.main+fp/hard/crtbegin.o

.bss            0x2003005c     0x8800 load address 0x08025a78
                0x2003005c                        _sbss = .
                0x2003005c                        __bss_start__ = _sbss
 *(.bss)
 .bss           0x2003005c       0x1c C:/ST/STM32CubeIDE_1.19.0/STM32CubeIDE/plugins/com.st.stm32cube.ide.mcu.externaltools.gnu-tools-for-stm32.14.3.rel1.win32_1.0.100.202602081740/tools/bin/../lib/gcc/arm-none-eabi/14.3.1/thumb/v8-m.main+fp/hard/crtbegin.o
 *(.bss*)
 .bss.hpcd_USB_DRD_FS
                0x20030078      0x2e4 ./Core/Src/main.o
                0x20030078                hpcd_USB_DRD_FS
 .bss.uwTick    0x2003035c        0x4 ./Drivers/STM32U5xx_HAL_Driver/stm32u5xx_hal.o
                0x2003035c                uwTick
 .bss._ux_system
                0x20030360        0x4 ./Middlewares/ST/usbx/Core System/ux_system_initialize.o
                0x20030360                _ux_system
 .bss._ux_system_slave
                0x20030364        0x4 ./Middlewares/ST/usbx/UX Device CoreStack/ux_device_stack_initialize.o
                0x20030364                _ux_system_slave
 .bss.ux_byte_pool_buffer
                0x20030368     0x8000 ./USBX/App/app_usbx.o
 .bss.cdc_acm_parameter
                0x20038368        0xc ./USBX/App/app_usbx_device.o
 .bss.cdc_acm_configuration_number
                0x20038374        0x4 ./USBX/App/app_usbx_device.o
 .bss.USBD_language_id_framework
                0x20038378        0x2 ./USBX/App/ux_device_descriptors.o
                0x20038378                USBD_language_id_framework
 *fill*         0x2003837a        0x2 
 .bss.USBD_string_framework
                0x2003837c      0x100 ./USBX/App/ux_device_descriptors.o
                0x2003837c                USBD_string_framework
 .bss.DevFrameWorkDesc_HS
                0x2003847c       0xc8 ./USBX/App/ux_device_descriptors.o
 .bss.DevFrameWorkDesc_FS
                0x20038544       0xc8 ./USBX/App/ux_device_descriptors.o
 .bss.USBD_Device_HS
                0x2003860c      0x128 ./USBX/App/ux_device_descriptors.o
                0x2003860c                USBD_Device_HS
 .bss.USBD_Device_FS
                0x20038734      0x128 ./USBX/App/ux_device_descriptors.o
                0x20038734                USBD_Device_FS
 *(COMMON)
                0x2003885c                        _ebss = .
                0x2003885c                        __bss_end__ = _ebss

._user_heap_stack
                0x2003885c      0x604 load address 0x08025a78
                0x20038860                        . = ALIGN (0x8)
 *fill*         0x2003885c        0x4 
                [!provide]                        PROVIDE (end = .)
                0x20038860                        PROVIDE (_end = .)
                0x20038a60                        . = (. + _Min_Heap_Size)
 *fill*         0x20038860      0x200 
                0x20038e60                        . = (. + _Min_Stack_Size)
 *fill*         0x20038a60      0x400 
                0x20038e60                        . = ALIGN (0x8)

.heap_stack_check
                0x20038e60      0x600 load address 0x08025a78
                0x20038e60                        . = ALIGN (0x8)
                0x20038e60                        __heap_start__ = .
                0x20039060                        . = (. + _Min_Heap_Size)
 *fill*         0x20038e60      0x200 
                0x20039060                        __stack_limit__ = .
                0x20039460                        . = (. + _Min_Stack_Size)
 *fill*         0x20039060      0x400 
                0x20039460                        __stack_top__ = .

/DISCARD/
 libc.a(*)
 libm.a(*)
 libgcc.a(*)

.ARM.attributes
                0x00000000       0x36
 *(.ARM.attributes)
 .ARM.attributes
                0x00000000       0x26 C:/ST/STM32CubeIDE_1.19.0/STM32CubeIDE/plugins/com.st.stm32cube.ide.mcu.externaltools.gnu-tools-for-stm32.14.3.rel1.win32_1.0.100.202602081740/tools/bin/../lib/gcc/arm-none-eabi/14.3.1/thumb/v8-m.main+fp/hard/crti.o
 .ARM.attributes
                0x00000026       0x38 C:/ST/STM32CubeIDE_1.19.0/STM32CubeIDE/plugins/com.st.stm32cube.ide.mcu.externaltools.gnu-tools-for-stm32.14.3.rel1.win32_1.0.100.202602081740/tools/bin/../lib/gcc/arm-none-eabi/14.3.1/thumb/v8-m.main+fp/hard/crtbegin.o
 .ARM.attributes
                0x0000005e       0x3a ./Core/Src/main.o
 .ARM.attributes
                0x00000098       0x3a ./Core/Src/stm32u5xx_hal_msp.o
 .ARM.attributes
                0x000000d2       0x3a ./Core/Src/stm32u5xx_it.o
 .ARM.attributes
                0x0000010c       0x3a ./Core/Src/system_stm32u5xx_ns.o
 .ARM.attributes
                0x00000146       0x24 ./Core/Startup/startup_stm32u535cctx.o
 .ARM.attributes
                0x0000016a       0x3a ./Drivers/STM32U5xx_HAL_Driver/stm32u5xx_hal.o
 .ARM.attributes
                0x000001a4       0x3a ./Drivers/STM32U5xx_HAL_Driver/stm32u5xx_hal_cortex.o
 .ARM.attributes
                0x000001de       0x3a ./Drivers/STM32U5xx_HAL_Driver/stm32u5xx_hal_gpio.o
 .ARM.attributes
                0x00000218       0x3a ./Drivers/STM32U5xx_HAL_Driver/stm32u5xx_hal_pcd.o
 .ARM.attributes
                0x00000252       0x3a ./Drivers/STM32U5xx_HAL_Driver/stm32u5xx_hal_pcd_ex.o
 .ARM.attributes
                0x0000028c       0x3a ./Drivers/STM32U5xx_HAL_Driver/stm32u5xx_hal_pwr_ex.o
 .ARM.attributes
                0x000002c6       0x3a ./Drivers/STM32U5xx_HAL_Driver/stm32u5xx_hal_rcc.o
 .ARM.attributes
                0x00000300       0x3a ./Drivers/STM32U5xx_HAL_Driver/stm32u5xx_hal_rcc_ex.o
 .ARM.attributes
                0x0000033a       0x3a ./Drivers/STM32U5xx_HAL_Driver/stm32u5xx_ll_usb.o
 .ARM.attributes
                0x00000374       0x3a ./Middlewares/ST/usbx/Core System/ux_system_error_handler.o
 .ARM.attributes
                0x000003ae       0x3a ./Middlewares/ST/usbx/Core System/ux_system_initialize.o
 .ARM.attributes
                0x000003e8       0x3a ./Middlewares/ST/usbx/Core System/ux_system_tasks_run.o
 .ARM.attributes
                0x00000422       0x3a ./Middlewares/ST/usbx/Core System/ux_utility_descriptor_parse.o
 .ARM.attributes
                0x0000045c       0x3a ./Middlewares/ST/usbx/Core System/ux_utility_long_get.o
 .ARM.attributes
                0x00000496       0x3a ./Middlewares/ST/usbx/Core System/ux_utility_long_put.o
 .ARM.attributes
                0x000004d0       0x3a ./Middlewares/ST/usbx/Core System/ux_utility_memory_allocate.o
 .ARM.attributes
                0x0000050a       0x3a ./Middlewares/ST/usbx/Core System/ux_utility_memory_allocate_mulc_safe.o
 .ARM.attributes
                0x00000544       0x3a ./Middlewares/ST/usbx/Core System/ux_utility_memory_byte_pool_create.o
 .ARM.attributes
                0x0000057e       0x3a ./Middlewares/ST/usbx/Core System/ux_utility_memory_byte_pool_search.o
 .ARM.attributes
                0x000005b8       0x3a ./Middlewares/ST/usbx/Core System/ux_utility_memory_copy.o
 .ARM.attributes
                0x000005f2       0x3a ./Middlewares/ST/usbx/Core System/ux_utility_memory_free.o
 .ARM.attributes
                0x0000062c       0x3a ./Middlewares/ST/usbx/Core System/ux_utility_memory_set.o
 .ARM.attributes
                0x00000666       0x3a ./Middlewares/ST/usbx/Core System/ux_utility_short_get.o
 .ARM.attributes
                0x000006a0       0x3a ./Middlewares/ST/usbx/Core System/ux_utility_string_length_check.o
 .ARM.attributes
                0x000006da       0x3a ./Middlewares/ST/usbx/UX Device Class CDC ACM/ux_device_class_cdc_acm_activate.o
 .ARM.attributes
                0x00000714       0x3a ./Middlewares/ST/usbx/UX Device Class CDC ACM/ux_device_class_cdc_acm_control_request.o
 .ARM.attributes
                0x0000074e       0x3a ./Middlewares/ST/usbx/UX Device Class CDC ACM/ux_device_class_cdc_acm_deactivate.o
 .ARM.attributes
                0x00000788       0x3a ./Middlewares/ST/usbx/UX Device Class CDC ACM/ux_device_class_cdc_acm_entry.o
 .ARM.attributes
                0x000007c2       0x3a ./Middlewares/ST/usbx/UX Device Class CDC ACM/ux_device_class_cdc_acm_initialize.o
 .ARM.attributes
                0x000007fc       0x3a ./Middlewares/ST/usbx/UX Device Class CDC ACM/ux_device_class_cdc_acm_ioctl.o
 .ARM.attributes
                0x00000836       0x3a ./Middlewares/ST/usbx/UX Device Class CDC ACM/ux_device_class_cdc_acm_unitialize.o
 .ARM.attributes
                0x00000870       0x3a ./Middlewares/ST/usbx/UX Device Controllers/ux_dcd_stm32_callback.o
 .ARM.attributes
                0x000008aa       0x3a ./Middlewares/ST/usbx/UX Device Controllers/ux_dcd_stm32_endpoint_create.o
 .ARM.attributes
                0x000008e4       0x3a ./Middlewares/ST/usbx/UX Device Controllers/ux_dcd_stm32_endpoint_destroy.o
 .ARM.attributes
                0x0000091e       0x3a ./Middlewares/ST/usbx/UX Device Controllers/ux_dcd_stm32_endpoint_reset.o
 .ARM.attributes
                0x00000958       0x3a ./Middlewares/ST/usbx/UX Device Controllers/ux_dcd_stm32_endpoint_stall.o
 .ARM.attributes
                0x00000992       0x3a ./Middlewares/ST/usbx/UX Device Controllers/ux_dcd_stm32_endpoint_status.o
 .ARM.attributes
                0x000009cc       0x3a ./Middlewares/ST/usbx/UX Device Controllers/ux_dcd_stm32_frame_number_get.o
 .ARM.attributes
                0x00000a06       0x3a ./Middlewares/ST/usbx/UX Device Controllers/ux_dcd_stm32_function.o
 .ARM.attributes
                0x00000a40       0x3a ./Middlewares/ST/usbx/UX Device Controllers/ux_dcd_stm32_initialize.o
 .ARM.attributes
                0x00000a7a       0x3a ./Middlewares/ST/usbx/UX Device Controllers/ux_dcd_stm32_initialize_complete.o
 .ARM.attributes
                0x00000ab4       0x3a ./Middlewares/ST/usbx/UX Device Controllers/ux_dcd_stm32_transfer_abort.o
 .ARM.attributes
                0x00000aee       0x3a ./Middlewares/ST/usbx/UX Device Controllers/ux_dcd_stm32_transfer_run.o
 .ARM.attributes
                0x00000b28       0x3a ./Middlewares/ST/usbx/UX Device CoreStack/ux_device_stack_alternate_setting_get.o
 .ARM.attributes
                0x00000b62       0x3a ./Middlewares/ST/usbx/UX Device CoreStack/ux_device_stack_alternate_setting_set.o
 .ARM.attributes
                0x00000b9c       0x3a ./Middlewares/ST/usbx/UX Device CoreStack/ux_device_stack_class_register.o
 .ARM.attributes
                0x00000bd6       0x3a ./Middlewares/ST/usbx/UX Device CoreStack/ux_device_stack_clear_feature.o
 .ARM.attributes
                0x00000c10       0x3a ./Middlewares/ST/usbx/UX Device CoreStack/ux_device_stack_configuration_get.o
 .ARM.attributes
                0x00000c4a       0x3a ./Middlewares/ST/usbx/UX Device CoreStack/ux_device_stack_configuration_set.o
 .ARM.attributes
                0x00000c84       0x3a ./Middlewares/ST/usbx/UX Device CoreStack/ux_device_stack_control_request_process.o
 .ARM.attributes
                0x00000cbe       0x3a ./Middlewares/ST/usbx/UX Device CoreStack/ux_device_stack_descriptor_send.o
 .ARM.attributes
                0x00000cf8       0x3a ./Middlewares/ST/usbx/UX Device CoreStack/ux_device_stack_disconnect.o
 .ARM.attributes
                0x00000d32       0x3a ./Middlewares/ST/usbx/UX Device CoreStack/ux_device_stack_endpoint_stall.o
 .ARM.attributes
                0x00000d6c       0x3a ./Middlewares/ST/usbx/UX Device CoreStack/ux_device_stack_get_status.o
 .ARM.attributes
                0x00000da6       0x3a ./Middlewares/ST/usbx/UX Device CoreStack/ux_device_stack_initialize.o
 .ARM.attributes
                0x00000de0       0x3a ./Middlewares/ST/usbx/UX Device CoreStack/ux_device_stack_interface_delete.o
 .ARM.attributes
                0x00000e1a       0x3a ./Middlewares/ST/usbx/UX Device CoreStack/ux_device_stack_interface_set.o
 .ARM.attributes
                0x00000e54       0x3a ./Middlewares/ST/usbx/UX Device CoreStack/ux_device_stack_interface_start.o
 .ARM.attributes
                0x00000e8e       0x3a ./Middlewares/ST/usbx/UX Device CoreStack/ux_device_stack_set_feature.o
 .ARM.attributes
                0x00000ec8       0x3a ./Middlewares/ST/usbx/UX Device CoreStack/ux_device_stack_tasks_run.o
 .ARM.attributes
                0x00000f02       0x3a ./Middlewares/ST/usbx/UX Device CoreStack/ux_device_stack_transfer_abort.o
 .ARM.attributes
                0x00000f3c       0x3a ./Middlewares/ST/usbx/UX Device CoreStack/ux_device_stack_transfer_all_request_abort.o
 .ARM.attributes
                0x00000f76       0x3a ./Middlewares/ST/usbx/UX Device CoreStack/ux_device_stack_transfer_request.o
 .ARM.attributes
                0x00000fb0       0x3a ./Middlewares/ST/usbx/UX Device CoreStack/ux_device_stack_transfer_run.o
 .ARM.attributes
                0x00000fea       0x3a ./USBX/App/app_usbx.o
 .ARM.attributes
                0x00001024       0x3a ./USBX/App/app_usbx_device.o
 .ARM.attributes
                0x0000105e       0x3a ./USBX/App/ux_device_cdc_acm.o
 .ARM.attributes
                0x00001098       0x3a ./USBX/App/ux_device_descriptors.o
 .ARM.attributes
                0x000010d2       0x38 C:/ST/STM32CubeIDE_1.19.0/STM32CubeIDE/plugins/com.st.stm32cube.ide.mcu.externaltools.gnu-tools-for-stm32.14.3.rel1.win32_1.0.100.202602081740/tools/bin/../lib/gcc/arm-none-eabi/14.3.1/../../../../arm-none-eabi/lib/thumb/v8-m.main+fp/hard\libc_nano.a(libc_a-memset.o)
 .ARM.attributes
                0x0000110a       0x38 C:/ST/STM32CubeIDE_1.19.0/STM32CubeIDE/plugins/com.st.stm32cube.ide.mcu.externaltools.gnu-tools-for-stm32.14.3.rel1.win32_1.0.100.202602081740/tools/bin/../lib/gcc/arm-none-eabi/14.3.1/../../../../arm-none-eabi/lib/thumb/v8-m.main+fp/hard\libc_nano.a(libc_a-init.o)
 .ARM.attributes
                0x00001142       0x24 C:/ST/STM32CubeIDE_1.19.0/STM32CubeIDE/plugins/com.st.stm32cube.ide.mcu.externaltools.gnu-tools-for-stm32.14.3.rel1.win32_1.0.100.202602081740/tools/bin/../lib/gcc/arm-none-eabi/14.3.1/../../../../arm-none-eabi/lib/thumb/v8-m.main+fp/hard\libc_nano.a(libc_a-strlen.o)
 .ARM.attributes
                0x00001166       0x26 C:/ST/STM32CubeIDE_1.19.0/STM32CubeIDE/plugins/com.st.stm32cube.ide.mcu.externaltools.gnu-tools-for-stm32.14.3.rel1.win32_1.0.100.202602081740/tools/bin/../lib/gcc/arm-none-eabi/14.3.1/thumb/v8-m.main+fp/hard/crtn.o
                0x00000001                        ASSERT ((((_ebss + _Min_Heap_Size) + _Min_Stack_Size) <= (ORIGIN (RAM) + LENGTH (RAM))), RAM overflow)
OUTPUT(test_NonSecure.elf elf32-littlearm)
LOAD linker stubs
LOAD C:/ST/STM32CubeIDE_1.19.0/STM32CubeIDE/plugins/com.st.stm32cube.ide.mcu.externaltools.gnu-tools-for-stm32.14.3.rel1.win32_1.0.100.202602081740/tools/bin/../lib/gcc/arm-none-eabi/14.3.1/../../../../arm-none-eabi/lib/thumb/v8-m.main+fp/hard\libc.a
LOAD C:/ST/STM32CubeIDE_1.19.0/STM32CubeIDE/plugins/com.st.stm32cube.ide.mcu.externaltools.gnu-tools-for-stm32.14.3.rel1.win32_1.0.100.202602081740/tools/bin/../lib/gcc/arm-none-eabi/14.3.1/../../../../arm-none-eabi/lib/thumb/v8-m.main+fp/hard\libm.a
LOAD C:/ST/STM32CubeIDE_1.19.0/STM32CubeIDE/plugins/com.st.stm32cube.ide.mcu.externaltools.gnu-tools-for-stm32.14.3.rel1.win32_1.0.100.202602081740/tools/bin/../lib/gcc/arm-none-eabi/14.3.1/thumb/v8-m.main+fp/hard\libgcc.a

.comment        0x00000000       0x43
 .comment       0x00000000       0x43 ./Core/Src/main.o
                                 0x44 (size before relaxing)
 .comment       0x00000043       0x44 ./Core/Src/stm32u5xx_hal_msp.o
 .comment       0x00000043       0x44 ./Core/Src/stm32u5xx_it.o
 .comment       0x00000043       0x44 ./Core/Src/system_stm32u5xx_ns.o
 .comment       0x00000043       0x44 ./Drivers/STM32U5xx_HAL_Driver/stm32u5xx_hal.o
 .comment       0x00000043       0x44 ./Drivers/STM32U5xx_HAL_Driver/stm32u5xx_hal_cortex.o
 .comment       0x00000043       0x44 ./Drivers/STM32U5xx_HAL_Driver/stm32u5xx_hal_gpio.o
 .comment       0x00000043       0x44 ./Drivers/STM32U5xx_HAL_Driver/stm32u5xx_hal_pcd.o
 .comment       0x00000043       0x44 ./Drivers/STM32U5xx_HAL_Driver/stm32u5xx_hal_pcd_ex.o
 .comment       0x00000043       0x44 ./Drivers/STM32U5xx_HAL_Driver/stm32u5xx_hal_pwr_ex.o
 .comment       0x00000043       0x44 ./Drivers/STM32U5xx_HAL_Driver/stm32u5xx_hal_rcc.o
 .comment       0x00000043       0x44 ./Drivers/STM32U5xx_HAL_Driver/stm32u5xx_hal_rcc_ex.o
 .comment       0x00000043       0x44 ./Drivers/STM32U5xx_HAL_Driver/stm32u5xx_ll_usb.o
 .comment       0x00000043       0x44 ./Middlewares/ST/usbx/Core System/ux_system_error_handler.o
 .comment       0x00000043       0x44 ./Middlewares/ST/usbx/Core System/ux_system_initialize.o
 .comment       0x00000043       0x44 ./Middlewares/ST/usbx/Core System/ux_system_tasks_run.o
 .comment       0x00000043       0x44 ./Middlewares/ST/usbx/Core System/ux_utility_descriptor_parse.o
 .comment       0x00000043       0x44 ./Middlewares/ST/usbx/Core System/ux_utility_long_get.o
 .comment       0x00000043       0x44 ./Middlewares/ST/usbx/Core System/ux_utility_long_put.o
 .comment       0x00000043       0x44 ./Middlewares/ST/usbx/Core System/ux_utility_memory_allocate.o
 .comment       0x00000043       0x44 ./Middlewares/ST/usbx/Core System/ux_utility_memory_allocate_mulc_safe.o
 .comment       0x00000043       0x44 ./Middlewares/ST/usbx/Core System/ux_utility_memory_byte_pool_create.o
 .comment       0x00000043       0x44 ./Middlewares/ST/usbx/Core System/ux_utility_memory_byte_pool_search.o
 .comment       0x00000043       0x44 ./Middlewares/ST/usbx/Core System/ux_utility_memory_copy.o
 .comment       0x00000043       0x44 ./Middlewares/ST/usbx/Core System/ux_utility_memory_free.o
 .comment       0x00000043       0x44 ./Middlewares/ST/usbx/Core System/ux_utility_memory_set.o
 .comment       0x00000043       0x44 ./Middlewares/ST/usbx/Core System/ux_utility_short_get.o
 .comment       0x00000043       0x44 ./Middlewares/ST/usbx/Core System/ux_utility_string_length_check.o
 .comment       0x00000043       0x44 ./Middlewares/ST/usbx/UX Device Class CDC ACM/ux_device_class_cdc_acm_activate.o
 .comment       0x00000043       0x44 ./Middlewares/ST/usbx/UX Device Class CDC ACM/ux_device_class_cdc_acm_control_request.o
 .comment       0x00000043       0x44 ./Middlewares/ST/usbx/UX Device Class CDC ACM/ux_device_class_cdc_acm_deactivate.o
 .comment       0x00000043       0x44 ./Middlewares/ST/usbx/UX Device Class CDC ACM/ux_device_class_cdc_acm_entry.o
 .comment       0x00000043       0x44 ./Middlewares/ST/usbx/UX Device Class CDC ACM/ux_device_class_cdc_acm_initialize.o
 .comment       0x00000043       0x44 ./Middlewares/ST/usbx/UX Device Class CDC ACM/ux_device_class_cdc_acm_ioctl.o
 .comment       0x00000043       0x44 ./Middlewares/ST/usbx/UX Device Class CDC ACM/ux_device_class_cdc_acm_unitialize.o
 .comment       0x00000043       0x44 ./Middlewares/ST/usbx/UX Device Controllers/ux_dcd_stm32_callback.o
 .comment       0x00000043       0x44 ./Middlewares/ST/usbx/UX Device Controllers/ux_dcd_stm32_endpoint_create.o
 .comment       0x00000043       0x44 ./Middlewares/ST/usbx/UX Device Controllers/ux_dcd_stm32_endpoint_destroy.o
 .comment       0x00000043       0x44 ./Middlewares/ST/usbx/UX Device Controllers/ux_dcd_stm32_endpoint_reset.o
 .comment       0x00000043       0x44 ./Middlewares/ST/usbx/UX Device Controllers/ux_dcd_stm32_endpoint_stall.o
 .comment       0x00000043       0x44 ./Middlewares/ST/usbx/UX Device Controllers/ux_dcd_stm32_endpoint_status.o
 .comment       0x00000043       0x44 ./Middlewares/ST/usbx/UX Device Controllers/ux_dcd_stm32_frame_number_get.o
 .comment       0x00000043       0x44 ./Middlewares/ST/usbx/UX Device Controllers/ux_dcd_stm32_function.o
 .comment       0x00000043       0x44 ./Middlewares/ST/usbx/UX Device Controllers/ux_dcd_stm32_initialize.o
 .comment       0x00000043       0x44 ./Middlewares/ST/usbx/UX Device Controllers/ux_dcd_stm32_initialize_complete.o
 .comment       0x00000043       0x44 ./Middlewares/ST/usbx/UX Device Controllers/ux_dcd_stm32_transfer_abort.o
 .comment       0x00000043       0x44 ./Middlewares/ST/usbx/UX Device Controllers/ux_dcd_stm32_transfer_run.o
 .comment       0x00000043       0x44 ./Middlewares/ST/usbx/UX Device CoreStack/ux_device_stack_alternate_setting_get.o
 .comment       0x00000043       0x44 ./Middlewares/ST/usbx/UX Device CoreStack/ux_device_stack_alternate_setting_set.o
 .comment       0x00000043       0x44 ./Middlewares/ST/usbx/UX Device CoreStack/ux_device_stack_class_register.o
 .comment       0x00000043       0x44 ./Middlewares/ST/usbx/UX Device CoreStack/ux_device_stack_clear_feature.o
 .comment       0x00000043       0x44 ./Middlewares/ST/usbx/UX Device CoreStack/ux_device_stack_configuration_get.o
 .comment       0x00000043       0x44 ./Middlewares/ST/usbx/UX Device CoreStack/ux_device_stack_configuration_set.o
 .comment       0x00000043       0x44 ./Middlewares/ST/usbx/UX Device CoreStack/ux_device_stack_control_request_process.o
 .comment       0x00000043       0x44 ./Middlewares/ST/usbx/UX Device CoreStack/ux_device_stack_descriptor_send.o
 .comment       0x00000043       0x44 ./Middlewares/ST/usbx/UX Device CoreStack/ux_device_stack_disconnect.o
 .comment       0x00000043       0x44 ./Middlewares/ST/usbx/UX Device CoreStack/ux_device_stack_endpoint_stall.o
 .comment       0x00000043       0x44 ./Middlewares/ST/usbx/UX Device CoreStack/ux_device_stack_get_status.o
 .comment       0x00000043       0x44 ./Middlewares/ST/usbx/UX Device CoreStack/ux_device_stack_initialize.o
 .comment       0x00000043       0x44 ./Middlewares/ST/usbx/UX Device CoreStack/ux_device_stack_interface_delete.o
 .comment       0x00000043       0x44 ./Middlewares/ST/usbx/UX Device CoreStack/ux_device_stack_interface_set.o
 .comment       0x00000043       0x44 ./Middlewares/ST/usbx/UX Device CoreStack/ux_device_stack_interface_start.o
 .comment       0x00000043       0x44 ./Middlewares/ST/usbx/UX Device CoreStack/ux_device_stack_set_feature.o
 .comment       0x00000043       0x44 ./Middlewares/ST/usbx/UX Device CoreStack/ux_device_stack_tasks_run.o
 .comment       0x00000043       0x44 ./Middlewares/ST/usbx/UX Device CoreStack/ux_device_stack_transfer_abort.o
 .comment       0x00000043       0x44 ./Middlewares/ST/usbx/UX Device CoreStack/ux_device_stack_transfer_all_request_abort.o
 .comment       0x00000043       0x44 ./Middlewares/ST/usbx/UX Device CoreStack/ux_device_stack_transfer_request.o
 .comment       0x00000043       0x44 ./Middlewares/ST/usbx/UX Device CoreStack/ux_device_stack_transfer_run.o
 .comment       0x00000043       0x44 ./USBX/App/app_usbx.o
 .comment       0x00000043       0x44 ./USBX/App/app_usbx_device.o
 .comment       0x00000043       0x44 ./USBX/App/ux_device_cdc_acm.o
 .comment       0x00000043       0x44 ./USBX/App/ux_device_descriptors.o

.debug_frame    0x00000000       0x6c
 .debug_frame   0x00000000       0x20 C:/ST/STM32CubeIDE_1.19.0/STM32CubeIDE/plugins/com.st.stm32cube.ide.mcu.externaltools.gnu-tools-for-stm32.14.3.rel1.win32_1.0.100.202602081740/tools/bin/../lib/gcc/arm-none-eabi/14.3.1/../../../../arm-none-eabi/lib/thumb/v8-m.main+fp/hard\libc_nano.a(libc_a-memset.o)
 .debug_frame   0x00000020       0x2c C:/ST/STM32CubeIDE_1.19.0/STM32CubeIDE/plugins/com.st.stm32cube.ide.mcu.externaltools.gnu-tools-for-stm32.14.3.rel1.win32_1.0.100.202602081740/tools/bin/../lib/gcc/arm-none-eabi/14.3.1/../../../../arm-none-eabi/lib/thumb/v8-m.main+fp/hard\libc_nano.a(libc_a-init.o)
 .debug_frame   0x0000004c       0x20 C:/ST/STM32CubeIDE_1.19.0/STM32CubeIDE/plugins/com.st.stm32cube.ide.mcu.externaltools.gnu-tools-for-stm32.14.3.rel1.win32_1.0.100.202602081740/tools/bin/../lib/gcc/arm-none-eabi/14.3.1/../../../../arm-none-eabi/lib/thumb/v8-m.main+fp/hard\libc_nano.a(libc_a-strlen.o)
