Archive member included to satisfy reference by file (symbol)

C:/ST/STM32CubeIDE_1.19.0/STM32CubeIDE/plugins/com.st.stm32cube.ide.mcu.externaltools.gnu-tools-for-stm32.14.3.rel1.win32_1.0.100.202602081740/tools/bin/../lib/gcc/arm-none-eabi/14.3.1/../../../../arm-none-eabi/lib/thumb/v8-m.main+fp/hard\libc_nano.a(libc_a-exit.o)
                              C:/ST/STM32CubeIDE_1.19.0/STM32CubeIDE/plugins/com.st.stm32cube.ide.mcu.externaltools.gnu-tools-for-stm32.14.3.rel1.win32_1.0.100.202602081740/tools/bin/../lib/gcc/arm-none-eabi/14.3.1/../../../../arm-none-eabi/lib/thumb/v8-m.main+fp/hard/crt0.o (exit)
C:/ST/STM32CubeIDE_1.19.0/STM32CubeIDE/plugins/com.st.stm32cube.ide.mcu.externaltools.gnu-tools-for-stm32.14.3.rel1.win32_1.0.100.202602081740/tools/bin/../lib/gcc/arm-none-eabi/14.3.1/../../../../arm-none-eabi/lib/thumb/v8-m.main+fp/hard\libc_nano.a(libc_a-strtoul.o)
                              ./Core/Src/tls_usb_io.o (strtoul)
C:/ST/STM32CubeIDE_1.19.0/STM32CubeIDE/plugins/com.st.stm32cube.ide.mcu.externaltools.gnu-tools-for-stm32.14.3.rel1.win32_1.0.100.202602081740/tools/bin/../lib/gcc/arm-none-eabi/14.3.1/../../../../arm-none-eabi/lib/thumb/v8-m.main+fp/hard\libc_nano.a(libc_a-ctype_.o)
                              ./Core/Src/tls_usb_io.o (_ctype_)
C:/ST/STM32CubeIDE_1.19.0/STM32CubeIDE/plugins/com.st.stm32cube.ide.mcu.externaltools.gnu-tools-for-stm32.14.3.rel1.win32_1.0.100.202602081740/tools/bin/../lib/gcc/arm-none-eabi/14.3.1/../../../../arm-none-eabi/lib/thumb/v8-m.main+fp/hard\libc_nano.a(libc_a-findfp.o)
                              C:/ST/STM32CubeIDE_1.19.0/STM32CubeIDE/plugins/com.st.stm32cube.ide.mcu.externaltools.gnu-tools-for-stm32.14.3.rel1.win32_1.0.100.202602081740/tools/bin/../lib/gcc/arm-none-eabi/14.3.1/../../../../arm-none-eabi/lib/thumb/v8-m.main+fp/hard\libc_nano.a(libc_a-exit.o) (__stdio_exit_handler)
C:/ST/STM32CubeIDE_1.19.0/STM32CubeIDE/plugins/com.st.stm32cube.ide.mcu.externaltools.gnu-tools-for-stm32.14.3.rel1.win32_1.0.100.202602081740/tools/bin/../lib/gcc/arm-none-eabi/14.3.1/../../../../arm-none-eabi/lib/thumb/v8-m.main+fp/hard\libc_nano.a(libc_a-fwalk.o)
                              C:/ST/STM32CubeIDE_1.19.0/STM32CubeIDE/plugins/com.st.stm32cube.ide.mcu.externaltools.gnu-tools-for-stm32.14.3.rel1.win32_1.0.100.202602081740/tools/bin/../lib/gcc/arm-none-eabi/14.3.1/../../../../arm-none-eabi/lib/thumb/v8-m.main+fp/hard\libc_nano.a(libc_a-findfp.o) (_fwalk_sglue)
C:/ST/STM32CubeIDE_1.19.0/STM32CubeIDE/plugins/com.st.stm32cube.ide.mcu.externaltools.gnu-tools-for-stm32.14.3.rel1.win32_1.0.100.202602081740/tools/bin/../lib/gcc/arm-none-eabi/14.3.1/../../../../arm-none-eabi/lib/thumb/v8-m.main+fp/hard\libc_nano.a(libc_a-stdio.o)
                              C:/ST/STM32CubeIDE_1.19.0/STM32CubeIDE/plugins/com.st.stm32cube.ide.mcu.externaltools.gnu-tools-for-stm32.14.3.rel1.win32_1.0.100.202602081740/tools/bin/../lib/gcc/arm-none-eabi/14.3.1/../../../../arm-none-eabi/lib/thumb/v8-m.main+fp/hard\libc_nano.a(libc_a-findfp.o) (__sread)
C:/ST/STM32CubeIDE_1.19.0/STM32CubeIDE/plugins/com.st.stm32cube.ide.mcu.externaltools.gnu-tools-for-stm32.14.3.rel1.win32_1.0.100.202602081740/tools/bin/../lib/gcc/arm-none-eabi/14.3.1/../../../../arm-none-eabi/lib/thumb/v8-m.main+fp/hard\libc_nano.a(libc_a-memset.o)
                              C:/ST/STM32CubeIDE_1.19.0/STM32CubeIDE/plugins/com.st.stm32cube.ide.mcu.externaltools.gnu-tools-for-stm32.14.3.rel1.win32_1.0.100.202602081740/tools/bin/../lib/gcc/arm-none-eabi/14.3.1/../../../../arm-none-eabi/lib/thumb/v8-m.main+fp/hard/crt0.o (memset)
C:/ST/STM32CubeIDE_1.19.0/STM32CubeIDE/plugins/com.st.stm32cube.ide.mcu.externaltools.gnu-tools-for-stm32.14.3.rel1.win32_1.0.100.202602081740/tools/bin/../lib/gcc/arm-none-eabi/14.3.1/../../../../arm-none-eabi/lib/thumb/v8-m.main+fp/hard\libc_nano.a(libc_a-strcspn.o)
                              ./Core/Src/tls_usb_io.o (strcspn)
C:/ST/STM32CubeIDE_1.19.0/STM32CubeIDE/plugins/com.st.stm32cube.ide.mcu.externaltools.gnu-tools-for-stm32.14.3.rel1.win32_1.0.100.202602081740/tools/bin/../lib/gcc/arm-none-eabi/14.3.1/../../../../arm-none-eabi/lib/thumb/v8-m.main+fp/hard\libc_nano.a(libc_a-strncmp.o)
                              ./Core/Src/tls_usb_io.o (strncmp)
C:/ST/STM32CubeIDE_1.19.0/STM32CubeIDE/plugins/com.st.stm32cube.ide.mcu.externaltools.gnu-tools-for-stm32.14.3.rel1.win32_1.0.100.202602081740/tools/bin/../lib/gcc/arm-none-eabi/14.3.1/../../../../arm-none-eabi/lib/thumb/v8-m.main+fp/hard\libc_nano.a(libc_a-closer.o)
                              C:/ST/STM32CubeIDE_1.19.0/STM32CubeIDE/plugins/com.st.stm32cube.ide.mcu.externaltools.gnu-tools-for-stm32.14.3.rel1.win32_1.0.100.202602081740/tools/bin/../lib/gcc/arm-none-eabi/14.3.1/../../../../arm-none-eabi/lib/thumb/v8-m.main+fp/hard\libc_nano.a(libc_a-stdio.o) (_close_r)
[...]
Memory Configuration

Name             Origin             Length             Attributes
RAM              0x20030000         0x00010000         xrw
SRAM4            0x28000000         0x00004000         xrw
FLASH            0x08030000         0x00010000         xr
*default*        0x00000000         0xffffffff

Linker script and memory map

LOAD C:/ST/STM32CubeIDE_1.19.0/STM32CubeIDE/plugins/com.st.stm32cube.ide.mcu.externaltools.gnu-tools-for-stm32.14.3.rel1.win32_1.0.100.202602081740/tools/bin/../lib/gcc/arm-none-eabi/14.3.1/thumb/v8-m.main+fp/hard/crti.o
LOAD C:/ST/STM32CubeIDE_1.19.0/STM32CubeIDE/plugins/com.st.stm32cube.ide.mcu.externaltools.gnu-tools-for-stm32.14.3.rel1.win32_1.0.100.202602081740/tools/bin/../lib/gcc/arm-none-eabi/14.3.1/thumb/v8-m.main+fp/hard/crtbegin.o
LOAD C:/ST/STM32CubeIDE_1.19.0/STM32CubeIDE/plugins/com.st.stm32cube.ide.mcu.externaltools.gnu-tools-for-stm32.14.3.rel1.win32_1.0.100.202602081740/tools/bin/../lib/gcc/arm-none-eabi/14.3.1/../../../../arm-none-eabi/lib/thumb/v8-m.main+fp/hard/crt0.o
LOAD ./Core/Src/main.o
LOAD ./Core/Src/stm32u5xx_hal_msp.o
LOAD ./Core/Src/stm32u5xx_it.o
LOAD ./Core/Src/syscalls.o
LOAD ./Core/Src/sysmem.o
LOAD ./Core/Src/system_stm32u5xx_ns.o
LOAD ./Core/Src/tls_usb_io.o
LOAD ./Core/Startup/startup_stm32u535cctx.o
LOAD ./USBX/App/app_usbx.o
LOAD ./USBX/App/app_usbx_device.o
LOAD ./USBX/App/ux_device_cdc_acm.o
LOAD ./USBX/App/ux_device_descriptors.o
LOAD C:/tmp/SE_firmware/Secure/Debug/secure_nsclib.o
START GROUP
LOAD C:/ST/STM32CubeIDE_1.19.0/STM32CubeIDE/plugins/com.st.stm32cube.ide.mcu.externaltools.gnu-tools-for-stm32.14.3.rel1.win32_1.0.100.202602081740/tools/bin/../lib/gcc/arm-none-eabi/14.3.1/../../../../arm-none-eabi/lib/thumb/v8-m.main+fp/hard\libc_nano.a
LOAD C:/ST/STM32CubeIDE_1.19.0/STM32CubeIDE/plugins/com.st.stm32cube.ide.mcu.externaltools.gnu-tools-for-stm32.14.3.rel1.win32_1.0.100.202602081740/tools/bin/../lib/gcc/arm-none-eabi/14.3.1/../../../../arm-none-eabi/lib/thumb/v8-m.main+fp/hard\libm.a
END GROUP
START GROUP
LOAD C:/ST/STM32CubeIDE_1.19.0/STM32CubeIDE/plugins/com.st.stm32cube.ide.mcu.externaltools.gnu-tools-for-stm32.14.3.rel1.win32_1.0.100.202602081740/tools/bin/../lib/gcc/arm-none-eabi/14.3.1/thumb/v8-m.main+fp/hard\libgcc.a
LOAD C:/ST/STM32CubeIDE_1.19.0/STM32CubeIDE/plugins/com.st.stm32cube.ide.mcu.externaltools.gnu-tools-for-stm32.14.3.rel1.win32_1.0.100.202602081740/tools/bin/../lib/gcc/arm-none-eabi/14.3.1/../../../../arm-none-eabi/lib/thumb/v8-m.main+fp/hard\libc_nano.a
END GROUP
START GROUP
LOAD C:/ST/STM32CubeIDE_1.19.0/STM32CubeIDE/plugins/com.st.stm32cube.ide.mcu.externaltools.gnu-tools-for-stm32.14.3.rel1.win32_1.0.100.202602081740/tools/bin/../lib/gcc/arm-none-eabi/14.3.1/thumb/v8-m.main+fp/hard\libgcc.a
LOAD C:/ST/STM32CubeIDE_1.19.0/STM32CubeIDE/plugins/com.st.stm32cube.ide.mcu.externaltools.gnu-tools-for-stm32.14.3.rel1.win32_1.0.100.202602081740/tools/bin/../lib/gcc/arm-none-eabi/14.3.1/../../../../arm-none-eabi/lib/thumb/v8-m.main+fp/hard\libc_nano.a
LOAD C:/ST/STM32CubeIDE_1.19.0/STM32CubeIDE/plugins/com.st.stm32cube.ide.mcu.externaltools.gnu-tools-for-stm32.14.3.rel1.win32_1.0.100.202602081740/tools/bin/../lib/gcc/arm-none-eabi/14.3.1/../../../../arm-none-eabi/lib/thumb/v8-m.main+fp/hard\libnosys.a
END GROUP
START GROUP
LOAD C:/ST/STM32CubeIDE_1.19.0/STM32CubeIDE/plugins/com.st.stm32cube.ide.mcu.externaltools.gnu-tools-for-stm32.14.3.rel1.win32_1.0.100.202602081740/tools/bin/../lib/gcc/arm-none-eabi/14.3.1/thumb/v8-m.main+fp/hard\libgcc.a
LOAD C:/ST/STM32CubeIDE_1.19.0/STM32CubeIDE/plugins/com.st.stm32cube.ide.mcu.externaltools.gnu-tools-for-stm32.14.3.rel1.win32_1.0.100.202602081740/tools/bin/../lib/gcc/arm-none-eabi/14.3.1/../../../../arm-none-eabi/lib/thumb/v8-m.main+fp/hard\libc_nano.a
LOAD C:/ST/STM32CubeIDE_1.19.0/STM32CubeIDE/plugins/com.st.stm32cube.ide.mcu.externaltools.gnu-tools-for-stm32.14.3.rel1.win32_1.0.100.202602081740/tools/bin/../lib/gcc/arm-none-eabi/14.3.1/../../../../arm-none-eabi/lib/thumb/v8-m.main+fp/hard\libnosys.a
END GROUP
LOAD C:/ST/STM32CubeIDE_1.19.0/STM32CubeIDE/plugins/com.st.stm32cube.ide.mcu.externaltools.gnu-tools-for-stm32.14.3.rel1.win32_1.0.100.202602081740/tools/bin/../lib/gcc/arm-none-eabi/14.3.1/thumb/v8-m.main+fp/hard/crtend.o
LOAD C:/ST/STM32CubeIDE_1.19.0/STM32CubeIDE/plugins/com.st.stm32cube.ide.mcu.externaltools.gnu-tools-for-stm32.14.3.rel1.win32_1.0.100.202602081740/tools/bin/../lib/gcc/arm-none-eabi/14.3.1/thumb/v8-m.main+fp/hard/crtn.o
                0x20040000                        _estack = (ORIGIN (RAM) + LENGTH (RAM))
                0x2003fc00                        _sstack = (_estack - _Min_Stack_Size)
                0x00000200                        _Min_Heap_Size = 0x200
                0x00000400                        _Min_Stack_Size = 0x400

.isr_vector     0x08030000      0x238
 *(.isr_vector)
 .isr_vector    0x08030000      0x238 ./Core/Startup/startup_stm32u535cctx.o
                0x08030000                g_pfnVectors

.text           0x08030238     0x5030
 *(.text)
 .text          0x08030238       0x40 C:/ST/STM32CubeIDE_1.19.0/STM32CubeIDE/plugins/com.st.stm32cube.ide.mcu.externaltools.gnu-tools-for-stm32.14.3.rel1.win32_1.0.100.202602081740/tools/bin/../lib/gcc/arm-none-eabi/14.3.1/thumb/v8-m.main+fp/hard/crtbegin.o
 .text          0x08030278       0x14 C:/ST/STM32CubeIDE_1.19.0/STM32CubeIDE/plugins/com.st.stm32cube.ide.mcu.externaltools.gnu-tools-for-stm32.14.3.rel1.win32_1.0.100.202602081740/tools/bin/../lib/gcc/arm-none-eabi/14.3.1/../../../../arm-none-eabi/lib/thumb/v8-m.main+fp/hard\libc_nano.a(libc_a-strcmp.o)
                0x08030278                strcmp
 .text          0x0803028c       0x10 C:/ST/STM32CubeIDE_1.19.0/STM32CubeIDE/plugins/com.st.stm32cube.ide.mcu.externaltools.gnu-tools-for-stm32.14.3.rel1.win32_1.0.100.202602081740/tools/bin/../lib/gcc/arm-none-eabi/14.3.1/../../../../arm-none-eabi/lib/thumb/v8-m.main+fp/hard\libc_nano.a(libc_a-strlen.o)
                0x0803028c                strlen
 *(.text*)
 .text.MX_USB_DRD_FS_PCD_Init
                0x0803029c       0x74 ./Core/Src/main.o
                0x0803029c                MX_USB_DRD_FS_PCD_Init
 .text.startup.main
                0x08030310       0x5c ./Core/Src/main.o
                0x08030310                main
 .text.Error_Handler
                0x0803036c        0x4 ./Core/Src/main.o
                0x0803036c                Error_Handler
 .text.HAL_MspInit
                0x08030370       0x28 ./Core/Src/stm32u5xx_hal_msp.o
                0x08030370                HAL_MspInit
 .text.HAL_PCD_MspInit
                0x08030398       0xd8 ./Core/Src/stm32u5xx_hal_msp.o
                0x08030398                HAL_PCD_MspInit
 .text.PCD_GET_EP_DBUF0_CNT.isra.0
                0x08030470       0x24 ./Core/Src/stm32u5xx_it.o
 .text.PCD_GET_EP_RX_CNT.isra.0
                0x08030494       0x24 ./Core/Src/stm32u5xx_it.o
 .text.MemManage_Handler
                0x080304b8        0x2 ./Core/Src/stm32u5xx_it.o
                0x080304b8                MemManage_Handler
 .text.UsageFault_Handler
                0x080304ba        0x2 ./Core/Src/stm32u5xx_it.o
                0x080304ba                UsageFault_Handler
 .text.SVC_Handler
                0x080304bc        0x2 ./Core/Src/stm32u5xx_it.o
                0x080304bc                SVC_Handler
 .text.PendSV_Handler
                0x080304be        0x2 ./Core/Src/stm32u5xx_it.o
                0x080304be                PendSV_Handler
 .text.HAL_IncTick
                0x080304c0       0x18 ./Core/Src/stm32u5xx_it.o
                0x080304c0                HAL_IncTick
 .text.SysTick_Handler
                0x080304d8        0x8 ./Core/Src/stm32u5xx_it.o
                0x080304d8                SysTick_Handler
 .text.HAL_GetTick
                0x080304e0        0xc ./Core/Src/stm32u5xx_it.o
                0x080304e0                HAL_GetTick
 .text.RCCEx_PLL3_Config
                0x080304ec       0xd4 ./Core/Src/stm32u5xx_it.o
 .text.RCCEx_PLL2_Config
                0x080305c0       0xd4 ./Core/Src/stm32u5xx_it.o
 .text.HAL_Delay
                0x08030694       0x24 ./Core/Src/stm32u5xx_it.o
                0x08030694                HAL_Delay
 .text.HAL_NVIC_SetPriority
                0x080306b8       0x60 ./Core/Src/stm32u5xx_it.o
                0x080306b8                HAL_NVIC_SetPriority
 .text.HAL_NVIC_EnableIRQ
                0x08030718       0x1c ./Core/Src/stm32u5xx_it.o
                0x08030718                HAL_NVIC_EnableIRQ
 .text.HAL_SYSTICK_Config
                0x08030734       0x20 ./Core/Src/stm32u5xx_it.o
                0x08030734                HAL_SYSTICK_Config
 .text.HAL_SYSTICK_CLKSourceConfig
                0x08030754       0x74 ./Core/Src/stm32u5xx_it.o
                0x08030754                HAL_SYSTICK_CLKSourceConfig
 .text.HAL_SYSTICK_GetCLKSourceConfig
                0x080307c8       0x34 ./Core/Src/stm32u5xx_it.o
                0x080307c8                HAL_SYSTICK_GetCLKSourceConfig
 .text.HAL_InitTick
                0x080307fc       0x88 ./Core/Src/stm32u5xx_it.o
                0x080307fc                HAL_InitTick
 .text.HAL_GPIO_Init
                0x08030884      0x218 ./Core/Src/stm32u5xx_it.o
                0x08030884                HAL_GPIO_Init
 .text.HAL_PCD_Start
                0x08030a9c       0x28 ./Core/Src/stm32u5xx_it.o
                0x08030a9c                HAL_PCD_Start
 .text.HAL_PCD_Stop
                0x08030ac4       0x2c ./Core/Src/stm32u5xx_it.o
                0x08030ac4                HAL_PCD_Stop
 .text.HAL_PCD_DevDisconnect
                0x08030af0       0x20 ./Core/Src/stm32u5xx_it.o
                0x08030af0                HAL_PCD_DevDisconnect
 .text.HAL_PCD_SetAddress
                0x08030b10       0x20 ./Core/Src/stm32u5xx_it.o
                0x08030b10                HAL_PCD_SetAddress
 .text.HAL_PCD_EP_GetRxCount
                0x08030b30       0x10 ./Core/Src/stm32u5xx_it.o
                0x08030b30                HAL_PCD_EP_GetRxCount
 .text.HAL_PCD_EP_Flush
                0x08030b40       0x14 ./Core/Src/stm32u5xx_it.o
                0x08030b40                HAL_PCD_EP_Flush
 .text.HAL_PCDEx_PMAConfig
                0x08030b54       0x32 ./Core/Src/stm32u5xx_it.o
                0x08030b54                HAL_PCDEx_PMAConfig
 .text.HAL_PCDEx_ActivateLPM
                0x08030b86       0x20 ./Core/Src/stm32u5xx_it.o
                0x08030b86                HAL_PCDEx_ActivateLPM
 .text.HAL_PCD_Init
                0x08030ba6       0xda ./Core/Src/stm32u5xx_it.o
                0x08030ba6                HAL_PCD_Init
 .text.HAL_PCDEx_LPM_Callback
                0x08030c80        0x2 ./Core/Src/stm32u5xx_it.o
                0x08030c80                HAL_PCDEx_LPM_Callback
 *fill*         0x08030c82        0x2 
 .text.HAL_PWREx_EnableVddUSB
                0x08030c84       0x10 ./Core/Src/stm32u5xx_it.o
                0x08030c84                HAL_PWREx_EnableVddUSB
 .text.HAL_RCC_GetSysClockFreq
                0x08030c94      0x104 ./Core/Src/stm32u5xx_it.o
                0x08030c94                HAL_RCC_GetSysClockFreq
 .text.HAL_Init
                0x08030d98       0x68 ./Core/Src/stm32u5xx_it.o
                0x08030d98                HAL_Init
 .text.HAL_RCCEx_PeriphCLKConfig
                0x08030e00      0x51c ./Core/Src/stm32u5xx_it.o
                0x08030e00                HAL_RCCEx_PeriphCLKConfig
 .text.USB_ActivateEndpoint
                0x0803131c      0x2dc ./Core/Src/stm32u5xx_it.o
                0x0803131c                USB_ActivateEndpoint
 .text.HAL_PCD_EP_Open
                0x080315f8       0x64 ./Core/Src/stm32u5xx_it.o
                0x080315f8                HAL_PCD_EP_Open
 .text.USB_DeactivateEndpoint
                0x0803165c      0x138 ./Core/Src/stm32u5xx_it.o
                0x0803165c                USB_DeactivateEndpoint
 .text.HAL_PCD_EP_Close
                0x08031794       0x50 ./Core/Src/stm32u5xx_it.o
                0x08031794                HAL_PCD_EP_Close
 .text.USB_EPSetStall
                0x080317e4       0x34 ./Core/Src/stm32u5xx_it.o
                0x080317e4                USB_EPSetStall
 .text.HAL_PCD_EP_SetStall
                0x08031818       0x60 ./Core/Src/stm32u5xx_it.o
                0x08031818                HAL_PCD_EP_SetStall
 .text.USB_EPClearStall
                0x08031878       0x80 ./Core/Src/stm32u5xx_it.o
                0x08031878                USB_EPClearStall
 .text.HAL_PCD_EP_ClrStall
                0x080318f8       0x64 ./Core/Src/stm32u5xx_it.o
                0x080318f8                HAL_PCD_EP_ClrStall
 .text.USB_EPStopXfer
                0x0803195c       0x54 ./Core/Src/stm32u5xx_it.o
                0x0803195c                USB_EPStopXfer
 .text.HAL_PCD_EP_Abort
                0x080319b0       0x22 ./Core/Src/stm32u5xx_it.o
                0x080319b0                HAL_PCD_EP_Abort
 .text.USB_WritePMA
                0x080319d2       0x48 ./Core/Src/stm32u5xx_it.o
                0x080319d2                USB_WritePMA
 *fill*         0x08031a1a        0x2 
 .text.USB_EPStartXfer
                0x08031a1c      0x2e4 ./Core/Src/stm32u5xx_it.o
                0x08031a1c                USB_EPStartXfer
 .text.HAL_PCD_EP_Receive
                0x08031d00       0x2e ./Core/Src/stm32u5xx_it.o
                0x08031d00                HAL_PCD_EP_Receive
 .text.HAL_PCD_EP_Transmit
                0x08031d2e       0x30 ./Core/Src/stm32u5xx_it.o
                0x08031d2e                HAL_PCD_EP_Transmit
 .text.USB_ReadPMA
                0x08031d5e       0x46 ./Core/Src/stm32u5xx_it.o
                0x08031d5e                USB_ReadPMA
 .text.HAL_PCD_IRQHandler
                0x08031da4      0x860 ./Core/Src/stm32u5xx_it.o
                0x08031da4                HAL_PCD_IRQHandler
 .text.USB_IRQHandler
                0x08032604        0xc ./Core/Src/stm32u5xx_it.o
                0x08032604                USB_IRQHandler
 .text.SystemInit
                0x08032610        0x2 ./Core/Src/system_stm32u5xx_ns.o
                0x08032610                SystemInit
 *fill*         0x08032612        0x2 
 .text.tls_disarm
                0x08032614       0x1c ./Core/Src/tls_usb_io.o
 .text._stm32_ed_get
                0x08032630       0x34 ./Core/Src/tls_usb_io.o
 .text.parse_hex_nibbles
                0x08032664       0x64 ./Core/Src/tls_usb_io.o
 .text.trim_line
                0x080326c8       0x34 ./Core/Src/tls_usb_io.o
 .text.ns_log.part.0
                0x080326fc       0x14 ./Core/Src/tls_usb_io.o
 .text.cmd_list_usage
                0x08032710       0x1a ./Core/Src/tls_usb_io.o
 *fill*         0x0803272a        0x2 
 .text.cmd_help
                0x0803272c       0x34 ./Core/Src/tls_usb_io.o
 .text.tropic_log_status
                0x08032760       0x34 ./Core/Src/tls_usb_io.o
 .text.cmd_tropic_kem_pub
                0x08032794        0xe ./Core/Src/tls_usb_io.o
 .text.cmd_tropic_pub
                0x080327a2       0x12 ./Core/Src/tls_usb_io.o
 .text.cmd_tropic_info
                0x080327b4        0xe ./Core/Src/tls_usb_io.o
 .text.cmd_tropic_ping
                0x080327c2        0xe ./Core/Src/tls_usb_io.o
 .text.cmd_tropic_pairing
                0x080327d0       0x64 ./Core/Src/tls_usb_io.o
 .text.cmd_tropic_kem_store
                0x08032834       0x70 ./Core/Src/tls_usb_io.o
 .text.cmd_tropic_sign
                0x080328a4       0x40 ./Core/Src/tls_usb_io.o
 .text.cmd_tropic_keygen
                0x080328e4       0x38 ./Core/Src/tls_usb_io.o
 .text.cmd_tls_start
                0x0803291c       0x64 ./Core/Src/tls_usb_io.o
 .text.cmd_decrypt
                0x08032980        0x8 ./Core/Src/tls_usb_io.o
 .text.cmd_encrypt
                0x08032988        0x8 ./Core/Src/tls_usb_io.o
 .text.cmd_provision
                0x08032990        0x8 ./Core/Src/tls_usb_io.o
 .text.parse_pin_hex.constprop.0
                0x08032998       0x30 ./Core/Src/tls_usb_io.o
 .text.cmd_tropic_kem_init
                0x080329c8       0x6c ./Core/Src/tls_usb_io.o
 .text.cmd_tropic_otp
                0x08032a34       0xa4 ./Core/Src/tls_usb_io.o
 .text.cmd_lookup.constprop.0
                0x08032ad8       0x66 ./Core/Src/tls_usb_io.o
 *fill*         0x08032b3e        0x2 
 .text.cmd_tropic_kem
                0x08032b40       0x38 ./Core/Src/tls_usb_io.o
 .text.cmd_tropic
                0x08032b78       0x38 ./Core/Src/tls_usb_io.o
 .text.tls_usb_io_reset
                0x08032bb0       0x2c ./Core/Src/tls_usb_io.o
                0x08032bb0                tls_usb_io_reset
 .text.tls_usb_io_init
                0x08032bdc        0x4 ./Core/Src/tls_usb_io.o
                0x08032bdc                tls_usb_io_init
 .text.tls_usb_cdc_activate
                0x08032be0       0x24 ./Core/Src/tls_usb_io.o
                0x08032be0                tls_usb_cdc_activate
 .text.tls_usb_cdc_deactivate
                0x08032c04       0x38 ./Core/Src/tls_usb_io.o
                0x08032c04                tls_usb_cdc_deactivate
 .text.tls_usb_cdc_parameter_change
                0x08032c3c       0x38 ./Core/Src/tls_usb_io.o
                0x08032c3c                tls_usb_cdc_parameter_change
 .text._ux_system_error_handler
                0x08032c74       0x24 ./Core/Src/tls_usb_io.o
                0x08032c74                _ux_system_error_handler
 .text._ux_utility_long_get
                0x08032c98        0x4 ./Core/Src/tls_usb_io.o
                0x08032c98                _ux_utility_long_get
 .text._ux_utility_descriptor_parse
                0x08032c9c       0x4c ./Core/Src/tls_usb_io.o
                0x08032c9c                _ux_utility_descriptor_parse
 .text._ux_utility_long_put
                0x08032ce8       0x10 ./Core/Src/tls_usb_io.o
                0x08032ce8                _ux_utility_long_put
 .text._ux_utility_memory_byte_pool_search
                0x08032cf8       0x7c ./Core/Src/tls_usb_io.o
                0x08032cf8                _ux_utility_memory_byte_pool_search
 .text._ux_utility_memory_copy
                0x08032d74       0x14 ./Core/Src/tls_usb_io.o
                0x08032d74                _ux_utility_memory_copy
 .text._ux_utility_memory_free
                0x08032d88       0x50 ./Core/Src/tls_usb_io.o
                0x08032d88                _ux_utility_memory_free
 .text._ux_utility_memory_set
                0x08032dd8        0xe ./Core/Src/tls_usb_io.o
                0x08032dd8                _ux_utility_memory_set
 *fill*         0x08032de6        0x2 
 .text._ux_utility_memory_allocate
                0x08032de8       0xcc ./Core/Src/tls_usb_io.o
                0x08032de8                _ux_utility_memory_allocate
 .text._ux_utility_memory_allocate_mulc_safe
                0x08032eb4       0x18 ./Core/Src/tls_usb_io.o
                0x08032eb4                _ux_utility_memory_allocate_mulc_safe
 .text._ux_utility_memory_byte_pool_create
                0x08032ecc       0x3c ./Core/Src/tls_usb_io.o
                0x08032ecc                _ux_utility_memory_byte_pool_create
 .text._ux_system_initialize
                0x08032f08       0x98 ./Core/Src/tls_usb_io.o
                0x08032f08                _ux_system_initialize
 .text._uxe_system_initialize
                0x08032fa0       0x16 ./Core/Src/tls_usb_io.o
                0x08032fa0                _uxe_system_initialize
 .text._ux_utility_string_length_check
                0x08032fb6       0x28 ./Core/Src/tls_usb_io.o
                0x08032fb6                _ux_utility_string_length_check
 .text._ux_device_class_cdc_acm_activate
                0x08032fde       0x18 ./Core/Src/tls_usb_io.o
                0x08032fde                _ux_device_class_cdc_acm_activate
 .text._ux_device_class_cdc_acm_initialize
                0x08032ff6       0x3c ./Core/Src/tls_usb_io.o
                0x08032ff6                _ux_device_class_cdc_acm_initialize
 .text._ux_device_class_cdc_acm_uninitialize
                0x08033032       0x10 ./Core/Src/tls_usb_io.o
                0x08033032                _ux_device_class_cdc_acm_uninitialize
 *fill*         0x08033042        0x2 
 .text.HAL_PCD_DataInStageCallback
                0x08033044       0xc4 ./Core/Src/tls_usb_io.o
                0x08033044                HAL_PCD_DataInStageCallback
 .text.HAL_PCD_DataOutStageCallback
                0x08033108       0x98 ./Core/Src/tls_usb_io.o
                0x08033108                HAL_PCD_DataOutStageCallback
 .text.HAL_PCD_SuspendCallback
                0x080331a0       0x14 ./Core/Src/tls_usb_io.o
                0x080331a0                HAL_PCD_SuspendCallback
 .text.HAL_PCD_ResumeCallback
                0x080331b4       0x14 ./Core/Src/tls_usb_io.o
                0x080331b4                HAL_PCD_ResumeCallback
 .text.HAL_PCD_SOFCallback
                0x080331c8       0x14 ./Core/Src/tls_usb_io.o
                0x080331c8                HAL_PCD_SOFCallback
 .text._ux_dcd_stm32_endpoint_create
                0x080331dc       0x7c ./Core/Src/tls_usb_io.o
                0x080331dc                _ux_dcd_stm32_endpoint_create
 .text._ux_dcd_stm32_endpoint_destroy
                0x08033258       0x1a ./Core/Src/tls_usb_io.o
                0x08033258                _ux_dcd_stm32_endpoint_destroy
 .text._ux_dcd_stm32_endpoint_reset
                0x08033272       0x40 ./Core/Src/tls_usb_io.o
                0x08033272                _ux_dcd_stm32_endpoint_reset
 .text._ux_dcd_stm32_endpoint_stall
                0x080332b2       0x1e ./Core/Src/tls_usb_io.o
                0x080332b2                _ux_dcd_stm32_endpoint_stall
 .text.HAL_PCD_SetupStageCallback
                0x080332d0       0x84 ./Core/Src/tls_usb_io.o
                0x080332d0                HAL_PCD_SetupStageCallback
 .text._ux_dcd_stm32_endpoint_status
                0x08033354       0x1c ./Core/Src/tls_usb_io.o
                0x08033354                _ux_dcd_stm32_endpoint_status
 .text._ux_dcd_stm32_frame_number_get
                0x08033370       0x18 ./Core/Src/tls_usb_io.o
                0x08033370                _ux_dcd_stm32_frame_number_get
 .text._ux_dcd_stm32_initialize
                0x08033388       0x3c ./Core/Src/tls_usb_io.o
                0x08033388                _ux_dcd_stm32_initialize
 .text._ux_dcd_stm32_initialize_complete
                0x080333c4       0xd8 ./Core/Src/tls_usb_io.o
                0x080333c4                _ux_dcd_stm32_initialize_complete
 .text._ux_dcd_stm32_transfer_abort
                0x0803349c       0x1e ./Core/Src/tls_usb_io.o
                0x0803349c                _ux_dcd_stm32_transfer_abort
 *fill*         0x080334ba        0x2 
 .text._ux_dcd_stm32_transfer_run
                0x080334bc       0x88 ./Core/Src/tls_usb_io.o
                0x080334bc                _ux_dcd_stm32_transfer_run
 .text._ux_device_stack_class_register
                0x08033544       0x68 ./Core/Src/tls_usb_io.o
                0x08033544                _ux_device_stack_class_register
 .text._ux_device_stack_clear_feature
                0x080335ac       0x60 ./Core/Src/tls_usb_io.o
                0x080335ac                _ux_device_stack_clear_feature
 .text._ux_device_stack_endpoint_stall
                0x0803360c       0x44 ./Core/Src/tls_usb_io.o
                0x0803360c                _ux_device_stack_endpoint_stall
 .text._ux_device_stack_initialize
                0x08033650      0x194 ./Core/Src/tls_usb_io.o
                0x08033650                _ux_device_stack_initialize
 .text._ux_device_stack_interface_delete
                0x080337e4       0x48 ./Core/Src/tls_usb_io.o
                0x080337e4                _ux_device_stack_interface_delete
 .text._ux_device_stack_disconnect
                0x0803382c       0x70 ./Core/Src/tls_usb_io.o
                0x0803382c                _ux_device_stack_disconnect
 .text.HAL_PCD_ResetCallback
                0x0803389c       0x30 ./Core/Src/tls_usb_io.o
                0x0803389c                HAL_PCD_ResetCallback
 .text._ux_device_stack_interface_start
                0x080338cc       0x58 ./Core/Src/tls_usb_io.o
                0x080338cc                _ux_device_stack_interface_start
 .text._ux_device_stack_interface_set
                0x08033924      0x10c ./Core/Src/tls_usb_io.o
                0x08033924                _ux_device_stack_interface_set
 .text._ux_device_stack_configuration_set
                0x08033a30      0x1d8 ./Core/Src/tls_usb_io.o
                0x08033a30                _ux_device_stack_configuration_set
 .text._ux_device_stack_set_feature
                0x08033c08       0x58 ./Core/Src/tls_usb_io.o
                0x08033c08                _ux_device_stack_set_feature
 .text._ux_device_stack_tasks_run
                0x08033c60       0x28 ./Core/Src/tls_usb_io.o
                0x08033c60                _ux_device_stack_tasks_run
 .text._ux_system_tasks_run
                0x08033c88        0xa ./Core/Src/tls_usb_io.o
                0x08033c88                _ux_system_tasks_run
 *fill*         0x08033c92        0x2 
 .text._ux_device_stack_transfer_abort
                0x08033c94       0x38 ./Core/Src/tls_usb_io.o
                0x08033c94                _ux_device_stack_transfer_abort
 .text._ux_device_class_cdc_acm_deactivate
                0x08033ccc       0x4a ./Core/Src/tls_usb_io.o
                0x08033ccc                _ux_device_class_cdc_acm_deactivate
 *fill*         0x08033d16        0x2 
 .text._ux_device_stack_alternate_setting_set
                0x08033d18      0x1ec ./Core/Src/tls_usb_io.o
                0x08033d18                _ux_device_stack_alternate_setting_set
 .text._ux_device_stack_transfer_run
                0x08033f04       0xb4 ./Core/Src/tls_usb_io.o
                0x08033f04                _ux_device_stack_transfer_run
 .text._ux_device_class_cdc_acm_read_run
                0x08033fb8       0xd8 ./Core/Src/tls_usb_io.o
                0x08033fb8                _ux_device_class_cdc_acm_read_run
 .text._ux_device_class_cdc_acm_write_run
                0x08034090       0xec ./Core/Src/tls_usb_io.o
                0x08034090                _ux_device_class_cdc_acm_write_run
 .text.tls_usb_drain_tx
                0x0803417c       0x78 ./Core/Src/tls_usb_io.o
 .text.tls_usb_poll
                0x080341f4      0x134 ./Core/Src/tls_usb_io.o
                0x080341f4                tls_usb_poll
 .text._ux_device_stack_transfer_request
                0x08034328       0x20 ./Core/Src/tls_usb_io.o
                0x08034328                _ux_device_stack_transfer_request
 .text._ux_device_class_cdc_acm_control_request
                0x08034348       0xa0 ./Core/Src/tls_usb_io.o
                0x08034348                _ux_device_class_cdc_acm_control_request
 .text._ux_device_class_cdc_acm_entry
                0x080343e8       0x48 ./Core/Src/tls_usb_io.o
                0x080343e8                _ux_device_class_cdc_acm_entry
 .text._ux_device_stack_alternate_setting_get
                0x08034430       0x3c ./Core/Src/tls_usb_io.o
                0x08034430                _ux_device_stack_alternate_setting_get
 .text._ux_device_stack_configuration_get
                0x0803446c       0x20 ./Core/Src/tls_usb_io.o
                0x0803446c                _ux_device_stack_configuration_get
 .text._ux_device_stack_descriptor_send
                0x0803448c      0x1d4 ./Core/Src/tls_usb_io.o
                0x0803448c                _ux_device_stack_descriptor_send
 .text._ux_device_stack_get_status
                0x08034660       0x8c ./Core/Src/tls_usb_io.o
                0x08034660                _ux_device_stack_get_status
 .text._ux_device_stack_control_request_process
                0x080346ec      0x1bc ./Core/Src/tls_usb_io.o
                0x080346ec                _ux_device_stack_control_request_process
 .text._ux_dcd_stm32_setup_isr_pending
                0x080348a8       0x92 ./Core/Src/tls_usb_io.o
                0x080348a8                _ux_dcd_stm32_setup_isr_pending
 .text._ux_dcd_stm32_function
                0x0803493a       0x98 ./Core/Src/tls_usb_io.o
                0x0803493a                _ux_dcd_stm32_function
 *fill*         0x080349d2        0x2 
 .text.Reset_Handler
                0x080349d4       0x50 ./Core/Startup/startup_stm32u535cctx.o
                0x080349d4                Reset_Handler
 .text.Default_Handler
                0x08034a24        0x2 ./Core/Startup/startup_stm32u535cctx.o
                0x08034a24                EXTI2_IRQHandler
                0x08034a24                TIM8_TRG_COM_IRQHandler
                0x08034a24                TIM8_CC_IRQHandler
                0x08034a24                EXTI5_IRQHandler
                0x08034a24                DebugMon_Handler
                0x08034a24                FLASH_S_IRQHandler
                0x08034a24                EXTI13_IRQHandler
                0x08034a24                TIM1_CC_IRQHandler
                0x08034a24                TSC_IRQHandler
                0x08034a24                HardFault_Handler
                0x08034a24                TAMP_IRQHandler
                0x08034a24                TIM6_IRQHandler
                0x08034a24                EXTI12_IRQHandler
                0x08034a24                CORDIC_IRQHandler
                0x08034a24                NMI_Handler
                0x08034a24                EXTI3_IRQHandler
                0x08034a24                LPTIM4_IRQHandler
                0x08034a24                GPDMA1_Channel5_IRQHandler
                0x08034a24                EXTI8_IRQHandler
                0x08034a24                LPTIM2_IRQHandler
                0x08034a24                I2C3_ER_IRQHandler
                0x08034a24                PWR_S3WU_IRQHandler
                0x08034a24                LPDMA1_Channel3_IRQHandler
                0x08034a24                LPTIM3_IRQHandler
                0x08034a24                EXTI0_IRQHandler
                0x08034a24                I2C2_EV_IRQHandler
                0x08034a24                FPU_IRQHandler
                0x08034a24                GPDMA1_Channel3_IRQHandler
                0x08034a24                GPDMA1_Channel7_IRQHandler
                0x08034a24                FDCAN1_IT1_IRQHandler
                0x08034a24                RAMCFG_IRQHandler
                0x08034a24                GPDMA1_Channel9_IRQHandler
                0x08034a24                DCACHE1_IRQHandler
                0x08034a24                SPI1_IRQHandler
                0x08034a24                OCTOSPI1_IRQHandler
                0x08034a24                GPDMA1_Channel2_IRQHandler
                0x08034a24                TIM8_UP_IRQHandler
                0x08034a24                RCC_S_IRQHandler
                0x08034a24                MDF1_FLT1_IRQHandler
                0x08034a24                ADC1_IRQHandler
                0x08034a24                EXTI15_IRQHandler
                0x08034a24                TIM17_IRQHandler
                0x08034a24                USART3_IRQHandler
                0x08034a24                RTC_IRQHandler
                0x08034a24                EXTI9_IRQHandler
                0x08034a24                UART5_IRQHandler
                0x08034a24                TIM4_IRQHandler
                0x08034a24                I2C1_EV_IRQHandler
                0x08034a24                GPDMA1_Channel12_IRQHandler
                0x08034a24                GPDMA1_Channel1_IRQHandler
                0x08034a24                TIM16_IRQHandler
                0x08034a24                GPDMA1_Channel15_IRQHandler
                0x08034a24                UART4_IRQHandler
                0x08034a24                SecureFault_Handler
                0x08034a24                TIM3_IRQHandler
                0x08034a24                RCC_IRQHandler
                0x08034a24                TIM1_TRG_COM_IRQHandler
                0x08034a24                Default_Handler
                0x08034a24                GPDMA1_Channel8_IRQHandler
                0x08034a24                FMAC_IRQHandler
                0x08034a24                GPDMA1_Channel11_IRQHandler
                0x08034a24                TIM7_IRQHandler
                0x08034a24                SDMMC1_IRQHandler
                0x08034a24                TIM5_IRQHandler
                0x08034a24                GPDMA1_Channel0_IRQHandler
                0x08034a24                TIM15_IRQHandler
                0x08034a24                I2C3_EV_IRQHandler
                0x08034a24                LPDMA1_Channel0_IRQHandler
                0x08034a24                PVD_PVM_IRQHandler
                0x08034a24                SPI2_IRQHandler
                0x08034a24                LPDMA1_Channel1_IRQHandler
                0x08034a24                EXTI14_IRQHandler
                0x08034a24                EXTI11_IRQHandler
                0x08034a24                CRS_IRQHandler
                0x08034a24                GPDMA1_Channel14_IRQHandler
                0x08034a24                LSECSSD_IRQHandler
                0x08034a24                EXTI4_IRQHandler
                0x08034a24                RTC_S_IRQHandler
                0x08034a24                GPDMA1_Channel13_IRQHandler
                0x08034a24                RNG_IRQHandler
                0x08034a24                COMP_IRQHandler
                0x08034a24                TIM1_UP_IRQHandler
                0x08034a24                ADC4_IRQHandler
                0x08034a24                WWDG_IRQHandler
                0x08034a24                I2C4_EV_IRQHandler
                0x08034a24                ADF1_IRQHandler
                0x08034a24                IWDG_IRQHandler
                0x08034a24                LPUART1_IRQHandler
                0x08034a24                MDF1_FLT0_IRQHandler
                0x08034a24                FDCAN1_IT0_IRQHandler
                0x08034a24                TIM2_IRQHandler
                0x08034a24                GPDMA1_Channel4_IRQHandler
                0x08034a24                EXTI7_IRQHandler
                0x08034a24                TIM1_BRK_IRQHandler
                0x08034a24                EXTI1_IRQHandler
                0x08034a24                DAC1_IRQHandler
                0x08034a24                GTZC_IRQHandler
                0x08034a24                GPDMA1_Channel6_IRQHandler
                0x08034a24                I2C2_ER_IRQHandler
                0x08034a24                TIM8_BRK_IRQHandler
                0x08034a24                FLASH_IRQHandler
                0x08034a24                BusFault_Handler
                0x08034a24                USART1_IRQHandler
                0x08034a24                EXTI10_IRQHandler
                0x08034a24                SPI3_IRQHandler
                0x08034a24                LPDMA1_Channel2_IRQHandler
                0x08034a24                I2C1_ER_IRQHandler
                0x08034a24                EXTI6_IRQHandler
                0x08034a24                LPTIM1_IRQHandler
                0x08034a24                DCMI_PSSI_IRQHandler
                0x08034a24                I2C4_ER_IRQHandler
                0x08034a24                GPDMA1_Channel10_IRQHandler
                0x08034a24                ICACHE_IRQHandler
                0x08034a24                SAI1_IRQHandler
                0x08034a24                HASH_IRQHandler
 *fill*         0x08034a26        0x2 
 .text.MX_USBX_Init
                0x08034a28       0x24 ./USBX/App/app_usbx.o
                0x08034a28                MX_USBX_Init
 .text._ux_utility_interrupt_disable
                0x08034a4c        0x8 ./USBX/App/app_usbx.o
                0x08034a4c                _ux_utility_interrupt_disable
 .text._ux_utility_interrupt_restore
                0x08034a54        0x6 ./USBX/App/app_usbx.o
                0x08034a54                _ux_utility_interrupt_restore
 .text.USBD_ChangeFunction
                0x08034a5a        0x4 ./USBX/App/app_usbx_device.o
 *fill*         0x08034a5e        0x2 
 .text.MX_USBX_Device_Stack_Init
                0x08034a60       0xb8 ./USBX/App/app_usbx_device.o
                0x08034a60                MX_USBX_Device_Stack_Init
 .text.MX_USBX_Device_Init
                0x08034b18        0xe ./USBX/App/app_usbx_device.o
                0x08034b18                MX_USBX_Device_Init
 .text.USBD_CDC_ACM_Activate
                0x08034b26        0x4 ./USBX/App/ux_device_cdc_acm.o
                0x08034b26                USBD_CDC_ACM_Activate
 .text.USBD_CDC_ACM_Deactivate
                0x08034b2a        0x4 ./USBX/App/ux_device_cdc_acm.o
                0x08034b2a                USBD_CDC_ACM_Deactivate
 .text.USBD_CDC_ACM_ParameterChange
                0x08034b2e        0x4 ./USBX/App/ux_device_cdc_acm.o
                0x08034b2e                USBD_CDC_ACM_ParameterChange
 .text.USBD_FrameWork_AssignEp
                0x08034b32       0x40 ./USBX/App/ux_device_descriptors.o
 .text.USBD_Desc_GetString.part.0
                0x08034b72       0x26 ./USBX/App/ux_device_descriptors.o
 .text.USBD_Device_Framework_Builder.constprop.0.isra.0
                0x08034b98      0x35c ./USBX/App/ux_device_descriptors.o
 .text.USBD_Get_Device_Framework_Speed
                0x08034ef4       0x60 ./USBX/App/ux_device_descriptors.o
                0x08034ef4                USBD_Get_Device_Framework_Speed
 .text.USBD_Get_String_Framework
                0x08034f54       0xa0 ./USBX/App/ux_device_descriptors.o
                0x08034f54                USBD_Get_String_Framework
 .text.USBD_Get_Language_Id_Framework
                0x08034ff4       0x1c ./USBX/App/ux_device_descriptors.o
                0x08034ff4                USBD_Get_Language_Id_Framework
 .text.USBD_Get_Interface_Number
                0x08035010       0x2c ./USBX/App/ux_device_descriptors.o
                0x08035010                USBD_Get_Interface_Number
 .text.USBD_Get_Configuration_Number
                0x0803503c        0x4 ./USBX/App/ux_device_descriptors.o
                0x0803503c                USBD_Get_Configuration_Number
 .text._strtoul_l.isra.0
                0x08035040       0xdc C:/ST/STM32CubeIDE_1.19.0/STM32CubeIDE/plugins/com.st.stm32cube.ide.mcu.externaltools.gnu-tools-for-stm32.14.3.rel1.win32_1.0.100.202602081740/tools/bin/../lib/gcc/arm-none-eabi/14.3.1/../../../../arm-none-eabi/lib/thumb/v8-m.main+fp/hard\libc_nano.a(libc_a-strtoul.o)
 .text.strtoul  0x0803511c       0x14 C:/ST/STM32CubeIDE_1.19.0/STM32CubeIDE/plugins/com.st.stm32cube.ide.mcu.externaltools.gnu-tools-for-stm32.14.3.rel1.win32_1.0.100.202602081740/tools/bin/../lib/gcc/arm-none-eabi/14.3.1/../../../../arm-none-eabi/lib/thumb/v8-m.main+fp/hard\libc_nano.a(libc_a-strtoul.o)
                0x0803511c                strtoul
 .text.memset   0x08035130       0x10 C:/ST/STM32CubeIDE_1.19.0/STM32CubeIDE/plugins/com.st.stm32cube.ide.mcu.externaltools.gnu-tools-for-stm32.14.3.rel1.win32_1.0.100.202602081740/tools/bin/../lib/gcc/arm-none-eabi/14.3.1/../../../../arm-none-eabi/lib/thumb/v8-m.main+fp/hard\libc_nano.a(libc_a-memset.o)
                0x08035130                memset
 .text.strcspn  0x08035140       0x22 C:/ST/STM32CubeIDE_1.19.0/STM32CubeIDE/plugins/com.st.stm32cube.ide.mcu.externaltools.gnu-tools-for-stm32.14.3.rel1.win32_1.0.100.202602081740/tools/bin/../lib/gcc/arm-none-eabi/14.3.1/../../../../arm-none-eabi/lib/thumb/v8-m.main+fp/hard\libc_nano.a(libc_a-strcspn.o)
                0x08035140                strcspn
 .text.strncmp  0x08035162       0x24 C:/ST/STM32CubeIDE_1.19.0/STM32CubeIDE/plugins/com.st.stm32cube.ide.mcu.externaltools.gnu-tools-for-stm32.14.3.rel1.win32_1.0.100.202602081740/tools/bin/../lib/gcc/arm-none-eabi/14.3.1/../../../../arm-none-eabi/lib/thumb/v8-m.main+fp/hard\libc_nano.a(libc_a-strncmp.o)
                0x08035162                strncmp
 *fill*         0x08035186        0x2 
 .text.__libc_init_array
                0x08035188       0x48 C:/ST/STM32CubeIDE_1.19.0/STM32CubeIDE/plugins/com.st.stm32cube.ide.mcu.externaltools.gnu-tools-for-stm32.14.3.rel1.win32_1.0.100.202602081740/tools/bin/../lib/gcc/arm-none-eabi/14.3.1/../../../../arm-none-eabi/lib/thumb/v8-m.main+fp/hard\libc_nano.a(libc_a-init.o)
                0x08035188                __libc_init_array
 *(.glue_7)
 .glue_7        0x080351d0        0x0 linker stubs
 *(.glue_7t)
 .glue_7t       0x080351d0        0x0 linker stubs
 *(.eh_frame)
 .eh_frame      0x080351d0        0x0 C:/ST/STM32CubeIDE_1.19.0/STM32CubeIDE/plugins/com.st.stm32cube.ide.mcu.externaltools.gnu-tools-for-stm32.14.3.rel1.win32_1.0.100.202602081740/tools/bin/../lib/gcc/arm-none-eabi/14.3.1/thumb/v8-m.main+fp/hard/crtbegin.o
 *(.init)
 .init          0x080351d0        0x4 C:/ST/STM32CubeIDE_1.19.0/STM32CubeIDE/plugins/com.st.stm32cube.ide.mcu.externaltools.gnu-tools-for-stm32.14.3.rel1.win32_1.0.100.202602081740/tools/bin/../lib/gcc/arm-none-eabi/14.3.1/thumb/v8-m.main+fp/hard/crti.o
                0x080351d0                _init
 .init          0x080351d4        0x8 C:/ST/STM32CubeIDE_1.19.0/STM32CubeIDE/plugins/com.st.stm32cube.ide.mcu.externaltools.gnu-tools-for-stm32.14.3.rel1.win32_1.0.100.202602081740/tools/bin/../lib/gcc/arm-none-eabi/14.3.1/thumb/v8-m.main+fp/hard/crtn.o
 *(.fini)
 .fini          0x080351dc        0x4 C:/ST/STM32CubeIDE_1.19.0/STM32CubeIDE/plugins/com.st.stm32cube.ide.mcu.externaltools.gnu-tools-for-stm32.14.3.rel1.win32_1.0.100.202602081740/tools/bin/../lib/gcc/arm-none-eabi/14.3.1/thumb/v8-m.main+fp/hard/crti.o
                0x080351dc                _fini
 .fini          0x080351e0        0x8 C:/ST/STM32CubeIDE_1.19.0/STM32CubeIDE/plugins/com.st.stm32cube.ide.mcu.externaltools.gnu-tools-for-stm32.14.3.rel1.win32_1.0.100.202602081740/tools/bin/../lib/gcc/arm-none-eabi/14.3.1/thumb/v8-m.main+fp/hard/crtn.o
 .fini.__stub   0x080351e8       0x80 linker stubs
                0x08035268                        _etext = .

.vfp11_veneer   0x08035268        0x0
 .vfp11_veneer  0x08035268        0x0 linker stubs

.v4_bx          0x08035268        0x0
 .v4_bx         0x08035268        0x0 linker stubs

.iplt           0x08035268        0x0
 .iplt          0x08035268        0x0 C:/ST/STM32CubeIDE_1.19.0/STM32CubeIDE/plugins/com.st.stm32cube.ide.mcu.externaltools.gnu-tools-for-stm32.14.3.rel1.win32_1.0.100.202602081740/tools/bin/../lib/gcc/arm-none-eabi/14.3.1/thumb/v8-m.main+fp/hard/crtbegin.o

.rodata         0x08035268      0x62d
 *(.rodata)
 *(.rodata*)
 .rodata.LPGPIO_Map
                0x08035268       0x80 ./Core/Src/stm32u5xx_it.o
 .rodata.MSIRangeTable
                0x080352e8       0x40 ./Core/Src/system_stm32u5xx_ns.o
                0x080352e8                MSIRangeTable
 .rodata.AHBPrescTable
                0x08035328       0x10 ./Core/Src/system_stm32u5xx_ns.o
                0x08035328                AHBPrescTable
 .rodata.cmd_help.str1.1
                0x08035338      0x38e ./Core/Src/tls_usb_io.o
                                  0xa (size before relaxing)
 .rodata.tropic_log_status.str1.1
                0x080356c6       0x4c ./Core/Src/tls_usb_io.o
 .rodata.cmd_tropic_pairing.str1.1
                0x080356c6       0x58 ./Core/Src/tls_usb_io.o
 .rodata.cmd_tropic_kem_store.str1.1
                0x080356c6       0x33 ./Core/Src/tls_usb_io.o
 .rodata.cmd_tropic_sign.str1.1
                0x080356c6       0x15 ./Core/Src/tls_usb_io.o
 .rodata.cmd_tropic_keygen.str1.1
                0x080356c6       0x1a ./Core/Src/tls_usb_io.o
 .rodata.cmd_tls_start.str1.1
                0x080356c6       0x1f ./Core/Src/tls_usb_io.o
 .rodata.cmd_tropic_kem_init.str1.1
                0x080356c6       0x42 ./Core/Src/tls_usb_io.o
 .rodata.cmd_tropic_otp.str1.1
                0x080356c6       0x35 ./Core/Src/tls_usb_io.o
 .rodata.cmd_tropic_kem.str1.1
                0x080356c6       0x1b ./Core/Src/tls_usb_io.o
 .rodata.cmd_tropic.str1.1
                0x080356c6       0x17 ./Core/Src/tls_usb_io.o
 .rodata.tls_usb_poll.str1.1
                0x080356c6       0x39 ./Core/Src/tls_usb_io.o
 .rodata.str1.1
                0x080356c6      0x174 ./Core/Src/tls_usb_io.o
 *fill*         0x080356c6        0x2 
 .rodata.s_host_cmds
                0x080356c8       0x48 ./Core/Src/tls_usb_io.o
 .rodata.s_tropic_cmds
                0x08035710       0x60 ./Core/Src/tls_usb_io.o
 .rodata.s_kem_cmds
                0x08035770       0x24 ./Core/Src/tls_usb_io.o
 .rodata.USBD_Get_String_Framework.str1.1
                0x08035794       0x31 ./USBX/App/ux_device_descriptors.o
 .rodata._ctype_
                0x08035794      0x101 C:/ST/STM32CubeIDE_1.19.0/STM32CubeIDE/plugins/com.st.stm32cube.ide.mcu.externaltools.gnu-tools-for-stm32.14.3.rel1.win32_1.0.100.202602081740/tools/bin/../lib/gcc/arm-none-eabi/14.3.1/../../../../arm-none-eabi/lib/thumb/v8-m.main+fp/hard\libc_nano.a(libc_a-ctype_.o)
                0x08035794                _ctype_

.ARM.extab
 *(.ARM.extab* .gnu.linkonce.armextab.*)

.ARM            0x08035898        0x8
                0x08035898                        __exidx_start = .
 *(.ARM.exidx*)
 .ARM.exidx     0x08035898        0x8 C:/ST/STM32CubeIDE_1.19.0/STM32CubeIDE/plugins/com.st.stm32cube.ide.mcu.externaltools.gnu-tools-for-stm32.14.3.rel1.win32_1.0.100.202602081740/tools/bin/../lib/gcc/arm-none-eabi/14.3.1/../../../../arm-none-eabi/lib/thumb/v8-m.main+fp/hard\libc_nano.a(libc_a-strcmp.o)
 .ARM.exidx     0x080358a0        0x0 C:/ST/STM32CubeIDE_1.19.0/STM32CubeIDE/plugins/com.st.stm32cube.ide.mcu.externaltools.gnu-tools-for-stm32.14.3.rel1.win32_1.0.100.202602081740/tools/bin/../lib/gcc/arm-none-eabi/14.3.1/../../../../arm-none-eabi/lib/thumb/v8-m.main+fp/hard\libc_nano.a(libc_a-strlen.o)
                                  0x8 (size before relaxing)
                0x080358a0                        __exidx_end = .

.preinit_array  0x080358a0        0x0
                0x080358a0                        PROVIDE (__preinit_array_start = .)
 *(.preinit_array*)
                0x080358a0                        PROVIDE (__preinit_array_end = .)

.init_array     0x080358a0        0x4
                0x080358a0                        PROVIDE (__init_array_start = .)
 *(SORT_BY_NAME(.init_array.*))
 *(.init_array*)
 .init_array    0x080358a0        0x4 C:/ST/STM32CubeIDE_1.19.0/STM32CubeIDE/plugins/com.st.stm32cube.ide.mcu.externaltools.gnu-tools-for-stm32.14.3.rel1.win32_1.0.100.202602081740/tools/bin/../lib/gcc/arm-none-eabi/14.3.1/thumb/v8-m.main+fp/hard/crtbegin.o
                0x080358a4                        PROVIDE (__init_array_end = .)

.fini_array     0x080358a4        0x4
                [!provide]                        PROVIDE (__fini_array_start = .)
 *(SORT_BY_NAME(.fini_array.*))
 *(.fini_array*)
 .fini_array    0x080358a4        0x4 C:/ST/STM32CubeIDE_1.19.0/STM32CubeIDE/plugins/com.st.stm32cube.ide.mcu.externaltools.gnu-tools-for-stm32.14.3.rel1.win32_1.0.100.202602081740/tools/bin/../lib/gcc/arm-none-eabi/14.3.1/thumb/v8-m.main+fp/hard/crtbegin.o
                [!provide]                        PROVIDE (__fini_array_end = .)
                0x080358a8                        _sidata = LOADADDR (.data)

.rel.dyn        0x080358a8        0x0
 .rel.iplt      0x080358a8        0x0 C:/ST/STM32CubeIDE_1.19.0/STM32CubeIDE/plugins/com.st.stm32cube.ide.mcu.externaltools.gnu-tools-for-stm32.14.3.rel1.win32_1.0.100.202602081740/tools/bin/../lib/gcc/arm-none-eabi/14.3.1/thumb/v8-m.main+fp/hard/crtbegin.o

.data           0x20030000       0xa8 load address 0x080358a8
                0x20030000                        _sdata = .
 *(.data)
 *(.data*)
 .data.uwTickFreq
                0x20030000        0x1 ./Core/Src/stm32u5xx_it.o
                0x20030000                uwTickFreq
 *fill*         0x20030001        0x3 
 .data.uwTickPrio
                0x20030004        0x4 ./Core/Src/stm32u5xx_it.o
                0x20030004                uwTickPrio
 .data.SystemCoreClock
                0x20030008        0x4 ./Core/Src/system_stm32u5xx_ns.o
                0x20030008                SystemCoreClock
 .data._ux_system_slave_class_cdc_acm_name
                0x2003000c       0x17 ./Core/Src/tls_usb_io.o
                0x2003000c                _ux_system_slave_class_cdc_acm_name
 .data._ux_system_bos_descriptor_structure
                0x20030023        0x4 ./Core/Src/tls_usb_io.o
                0x20030023                _ux_system_bos_descriptor_structure
 .data._ux_system_interface_descriptor_structure
                0x20030027        0x9 ./Core/Src/tls_usb_io.o
                0x20030027                _ux_system_interface_descriptor_structure
 .data._ux_system_configuration_descriptor_structure
                0x20030030        0x8 ./Core/Src/tls_usb_io.o
                0x20030030                _ux_system_configuration_descriptor_structure
 .data._ux_system_device_descriptor_structure
                0x20030038        0xe ./Core/Src/tls_usb_io.o
                0x20030038                _ux_system_device_descriptor_structure
 .data._ux_system_endpoint_descriptor_structure
                0x20030046        0x6 ./Core/Src/tls_usb_io.o
                0x20030046                _ux_system_endpoint_descriptor_structure
 .data.UserClassInstance
                0x2003004c        0xc ./USBX/App/ux_device_descriptors.o
                0x2003004c                UserClassInstance
 .data._impure_ptr
                0x20030058        0x4 C:/ST/STM32CubeIDE_1.19.0/STM32CubeIDE/plugins/com.st.stm32cube.ide.mcu.externaltools.gnu-tools-for-stm32.14.3.rel1.win32_1.0.100.202602081740/tools/bin/../lib/gcc/arm-none-eabi/14.3.1/../../../../arm-none-eabi/lib/thumb/v8-m.main+fp/hard\libc_nano.a(libc_a-impure.o)
                0x20030058                _impure_ptr
 .data._impure_data
                0x2003005c       0x4c C:/ST/STM32CubeIDE_1.19.0/STM32CubeIDE/plugins/com.st.stm32cube.ide.mcu.externaltools.gnu-tools-for-stm32.14.3.rel1.win32_1.0.100.202602081740/tools/bin/../lib/gcc/arm-none-eabi/14.3.1/../../../../arm-none-eabi/lib/thumb/v8-m.main+fp/hard\libc_nano.a(libc_a-impure.o)
                0x2003005c                _impure_data
 *(.RamFunc)
 *(.RamFunc*)
                0x200300a8                        _edata = .

.igot.plt       0x200300a8        0x0 load address 0x08035950
 .igot.plt      0x200300a8        0x0 C:/ST/STM32CubeIDE_1.19.0/STM32CubeIDE/plugins/com.st.stm32cube.ide.mcu.externaltools.gnu-tools-for-stm32.14.3.rel1.win32_1.0.100.202602081740/tools/bin/../lib/gcc/arm-none-eabi/14.3.1/thumb/v8-m.main+fp/hard/crtbegin.o

.bss            0x200300a8     0x56f8 load address 0x08035950
                0x200300a8                        _sbss = .
                0x200300a8                        __bss_start__ = _sbss
 *(.bss)
 .bss           0x200300a8       0x1c C:/ST/STM32CubeIDE_1.19.0/STM32CubeIDE/plugins/com.st.stm32cube.ide.mcu.externaltools.gnu-tools-for-stm32.14.3.rel1.win32_1.0.100.202602081740/tools/bin/../lib/gcc/arm-none-eabi/14.3.1/thumb/v8-m.main+fp/hard/crtbegin.o
 *(.bss*)
 .bss.hpcd_USB_DRD_FS
                0x200300c4      0x2e4 ./Core/Src/main.o
                0x200300c4                hpcd_USB_DRD_FS
 .bss.uwTick    0x200303a8        0x4 ./Core/Src/stm32u5xx_it.o
                0x200303a8                uwTick
 .bss.image.0   0x200303ac      0x1db ./Core/Src/tls_usb_io.o
 .bss.out.1     0x20030587      0x578 ./Core/Src/tls_usb_io.o
 .bss.msg.2     0x20030aff      0x578 ./Core/Src/tls_usb_io.o
 *fill*         0x20031077        0x1 
 .bss._ux_system_slave
                0x20031078        0x4 ./Core/Src/tls_usb_io.o
                0x20031078                _ux_system_slave
 .bss._ux_system
                0x2003107c        0x4 ./Core/Src/tls_usb_io.o
                0x2003107c                _ux_system
 .bss.s_rx_pkt  0x20031080       0x40 ./Core/Src/tls_usb_io.o
 .bss.s_tx_in_flight
                0x200310c0        0x1 ./Core/Src/tls_usb_io.o
 *fill*         0x200310c1        0x3 
 .bss.s_tx_pkt_len
                0x200310c4        0x4 ./Core/Src/tls_usb_io.o
 .bss.s_tx_pkt  0x200310c8       0x40 ./Core/Src/tls_usb_io.o
 .bss.s_cmd_len
                0x20031108        0x1 ./Core/Src/tls_usb_io.o
 .bss.s_cmd_line
                0x20031109       0x61 ./Core/Src/tls_usb_io.o
 .bss.s_wait_time_logged
                0x2003116a        0x1 ./Core/Src/tls_usb_io.o
 .bss.s_tls_armed
                0x2003116b        0x1 ./Core/Src/tls_usb_io.o
 .bss.s_active  0x2003116c        0x1 ./Core/Src/tls_usb_io.o
 .bss.s_dtr     0x2003116d        0x1 ./Core/Src/tls_usb_io.o
 *fill*         0x2003116e        0x2 
 .bss.s_cdc     0x20031170        0x4 ./Core/Src/tls_usb_io.o
 .bss.ux_byte_pool_buffer
                0x20031174     0x4000 ./USBX/App/app_usbx.o
 .bss.cdc_acm_parameter
                0x20035174        0xc ./USBX/App/app_usbx_device.o
 .bss.cdc_acm_configuration_number
                0x20035180        0x4 ./USBX/App/app_usbx_device.o
 .bss.USBD_language_id_framework
                0x20035184        0x2 ./USBX/App/ux_device_descriptors.o
                0x20035184                USBD_language_id_framework
 *fill*         0x20035186        0x2 
 .bss.USBD_string_framework
                0x20035188      0x100 ./USBX/App/ux_device_descriptors.o
                0x20035188                USBD_string_framework
 .bss.DevFrameWorkDesc_HS
                0x20035288       0xc8 ./USBX/App/ux_device_descriptors.o
 .bss.DevFrameWorkDesc_FS
                0x20035350       0xc8 ./USBX/App/ux_device_descriptors.o
 .bss.USBD_Device_HS
                0x20035418      0x128 ./USBX/App/ux_device_descriptors.o
                0x20035418                USBD_Device_HS
 .bss.USBD_Device_FS
                0x20035540      0x128 ./USBX/App/ux_device_descriptors.o
                0x20035540                USBD_Device_FS
 .bss.__sf      0x20035668      0x138 C:/ST/STM32CubeIDE_1.19.0/STM32CubeIDE/plugins/com.st.stm32cube.ide.mcu.externaltools.gnu-tools-for-stm32.14.3.rel1.win32_1.0.100.202602081740/tools/bin/../lib/gcc/arm-none-eabi/14.3.1/../../../../arm-none-eabi/lib/thumb/v8-m.main+fp/hard\libc_nano.a(libc_a-findfp.o)
                0x20035668                __sf
 *(COMMON)
                0x200357a0                        _ebss = .
                0x200357a0                        __bss_end__ = _ebss

._user_heap_stack
                0x200357a0      0x600 load address 0x08035950
                0x200357a0                        . = ALIGN (0x8)
                [!provide]                        PROVIDE (end = .)
                0x200357a0                        PROVIDE (_end = .)
                0x200359a0                        . = (. + _Min_Heap_Size)
 *fill*         0x200357a0      0x200 
                0x20035da0                        . = (. + _Min_Stack_Size)
 *fill*         0x200359a0      0x400 
                0x20035da0                        . = ALIGN (0x8)

/DISCARD/
 libc.a(*)
 libm.a(*)
 libgcc.a(*)

.ARM.attributes
                0x00000000       0x36
 *(.ARM.attributes)
 .ARM.attributes
                0x00000000       0x26 C:/ST/STM32CubeIDE_1.19.0/STM32CubeIDE/plugins/com.st.stm32cube.ide.mcu.externaltools.gnu-tools-for-stm32.14.3.rel1.win32_1.0.100.202602081740/tools/bin/../lib/gcc/arm-none-eabi/14.3.1/thumb/v8-m.main+fp/hard/crti.o
 .ARM.attributes
                0x00000026       0x38 C:/ST/STM32CubeIDE_1.19.0/STM32CubeIDE/plugins/com.st.stm32cube.ide.mcu.externaltools.gnu-tools-for-stm32.14.3.rel1.win32_1.0.100.202602081740/tools/bin/../lib/gcc/arm-none-eabi/14.3.1/thumb/v8-m.main+fp/hard/crtbegin.o
 .ARM.attributes
                0x0000005e       0x3a ./Core/Src/main.o
 .ARM.attributes
                0x00000098       0x3a ./Core/Src/stm32u5xx_hal_msp.o
 .ARM.attributes
                0x000000d2       0x3a ./Core/Src/stm32u5xx_it.o
 .ARM.attributes
                0x0000010c       0x3a ./Core/Src/system_stm32u5xx_ns.o
 .ARM.attributes
                0x00000146       0x3a ./Core/Src/tls_usb_io.o
 .ARM.attributes
                0x00000180       0x24 ./Core/Startup/startup_stm32u535cctx.o
 .ARM.attributes
                0x000001a4       0x3a ./USBX/App/app_usbx.o
 .ARM.attributes
                0x000001de       0x3a ./USBX/App/app_usbx_device.o
 .ARM.attributes
                0x00000218       0x3a ./USBX/App/ux_device_cdc_acm.o
 .ARM.attributes
                0x00000252       0x3a ./USBX/App/ux_device_descriptors.o
 .ARM.attributes
                0x0000028c       0x38 C:/ST/STM32CubeIDE_1.19.0/STM32CubeIDE/plugins/com.st.stm32cube.ide.mcu.externaltools.gnu-tools-for-stm32.14.3.rel1.win32_1.0.100.202602081740/tools/bin/../lib/gcc/arm-none-eabi/14.3.1/../../../../arm-none-eabi/lib/thumb/v8-m.main+fp/hard\libc_nano.a(libc_a-strtoul.o)
 .ARM.attributes
                0x000002c4       0x38 C:/ST/STM32CubeIDE_1.19.0/STM32CubeIDE/plugins/com.st.stm32cube.ide.mcu.externaltools.gnu-tools-for-stm32.14.3.rel1.win32_1.0.100.202602081740/tools/bin/../lib/gcc/arm-none-eabi/14.3.1/../../../../arm-none-eabi/lib/thumb/v8-m.main+fp/hard\libc_nano.a(libc_a-ctype_.o)
 .ARM.attributes
                0x000002fc       0x38 C:/ST/STM32CubeIDE_1.19.0/STM32CubeIDE/plugins/com.st.stm32cube.ide.mcu.externaltools.gnu-tools-for-stm32.14.3.rel1.win32_1.0.100.202602081740/tools/bin/../lib/gcc/arm-none-eabi/14.3.1/../../../../arm-none-eabi/lib/thumb/v8-m.main+fp/hard\libc_nano.a(libc_a-findfp.o)
 .ARM.attributes
                0x00000334       0x38 C:/ST/STM32CubeIDE_1.19.0/STM32CubeIDE/plugins/com.st.stm32cube.ide.mcu.externaltools.gnu-tools-for-stm32.14.3.rel1.win32_1.0.100.202602081740/tools/bin/../lib/gcc/arm-none-eabi/14.3.1/../../../../arm-none-eabi/lib/thumb/v8-m.main+fp/hard\libc_nano.a(libc_a-memset.o)
 .ARM.attributes
                0x0000036c       0x38 C:/ST/STM32CubeIDE_1.19.0/STM32CubeIDE/plugins/com.st.stm32cube.ide.mcu.externaltools.gnu-tools-for-stm32.14.3.rel1.win32_1.0.100.202602081740/tools/bin/../lib/gcc/arm-none-eabi/14.3.1/../../../../arm-none-eabi/lib/thumb/v8-m.main+fp/hard\libc_nano.a(libc_a-strcspn.o)
 .ARM.attributes
                0x000003a4       0x38 C:/ST/STM32CubeIDE_1.19.0/STM32CubeIDE/plugins/com.st.stm32cube.ide.mcu.externaltools.gnu-tools-for-stm32.14.3.rel1.win32_1.0.100.202602081740/tools/bin/../lib/gcc/arm-none-eabi/14.3.1/../../../../arm-none-eabi/lib/thumb/v8-m.main+fp/hard\libc_nano.a(libc_a-strncmp.o)
 .ARM.attributes
                0x000003dc       0x38 C:/ST/STM32CubeIDE_1.19.0/STM32CubeIDE/plugins/com.st.stm32cube.ide.mcu.externaltools.gnu-tools-for-stm32.14.3.rel1.win32_1.0.100.202602081740/tools/bin/../lib/gcc/arm-none-eabi/14.3.1/../../../../arm-none-eabi/lib/thumb/v8-m.main+fp/hard\libc_nano.a(libc_a-impure.o)
 .ARM.attributes
                0x00000414       0x38 C:/ST/STM32CubeIDE_1.19.0/STM32CubeIDE/plugins/com.st.stm32cube.ide.mcu.externaltools.gnu-tools-for-stm32.14.3.rel1.win32_1.0.100.202602081740/tools/bin/../lib/gcc/arm-none-eabi/14.3.1/../../../../arm-none-eabi/lib/thumb/v8-m.main+fp/hard\libc_nano.a(libc_a-init.o)
 .ARM.attributes
                0x0000044c       0x24 C:/ST/STM32CubeIDE_1.19.0/STM32CubeIDE/plugins/com.st.stm32cube.ide.mcu.externaltools.gnu-tools-for-stm32.14.3.rel1.win32_1.0.100.202602081740/tools/bin/../lib/gcc/arm-none-eabi/14.3.1/../../../../arm-none-eabi/lib/thumb/v8-m.main+fp/hard\libc_nano.a(libc_a-strcmp.o)
 .ARM.attributes
                0x00000470       0x24 C:/ST/STM32CubeIDE_1.19.0/STM32CubeIDE/plugins/com.st.stm32cube.ide.mcu.externaltools.gnu-tools-for-stm32.14.3.rel1.win32_1.0.100.202602081740/tools/bin/../lib/gcc/arm-none-eabi/14.3.1/../../../../arm-none-eabi/lib/thumb/v8-m.main+fp/hard\libc_nano.a(libc_a-strlen.o)
 .ARM.attributes
                0x00000494       0x26 C:/ST/STM32CubeIDE_1.19.0/STM32CubeIDE/plugins/com.st.stm32cube.ide.mcu.externaltools.gnu-tools-for-stm32.14.3.rel1.win32_1.0.100.202602081740/tools/bin/../lib/gcc/arm-none-eabi/14.3.1/thumb/v8-m.main+fp/hard/crtn.o
OUTPUT(SE_firmware_NonSecure.elf elf32-littlearm)
LOAD linker stubs
LOAD C:/ST/STM32CubeIDE_1.19.0/STM32CubeIDE/plugins/com.st.stm32cube.ide.mcu.externaltools.gnu-tools-for-stm32.14.3.rel1.win32_1.0.100.202602081740/tools/bin/../lib/gcc/arm-none-eabi/14.3.1/../../../../arm-none-eabi/lib/thumb/v8-m.main+fp/hard\libc.a
LOAD C:/ST/STM32CubeIDE_1.19.0/STM32CubeIDE/plugins/com.st.stm32cube.ide.mcu.externaltools.gnu-tools-for-stm32.14.3.rel1.win32_1.0.100.202602081740/tools/bin/../lib/gcc/arm-none-eabi/14.3.1/../../../../arm-none-eabi/lib/thumb/v8-m.main+fp/hard\libm.a
LOAD C:/ST/STM32CubeIDE_1.19.0/STM32CubeIDE/plugins/com.st.stm32cube.ide.mcu.externaltools.gnu-tools-for-stm32.14.3.rel1.win32_1.0.100.202602081740/tools/bin/../lib/gcc/arm-none-eabi/14.3.1/thumb/v8-m.main+fp/hard\libgcc.a

.debug_info     0x00000000    0x1df48
 .debug_info    0x00000000      0xc1f ./Core/Src/main.o
 .debug_info    0x00000c1f     0x15fb ./Core/Src/stm32u5xx_hal_msp.o
 .debug_info    0x0000221a    0x10778 ./Core/Src/stm32u5xx_it.o
 .debug_info    0x00012992      0x1a4 ./Core/Src/system_stm32u5xx_ns.o
 .debug_info    0x00012b36     0x8551 ./Core/Src/tls_usb_io.o
 .debug_info    0x0001b087       0x30 ./Core/Startup/startup_stm32u535cctx.o
 .debug_info    0x0001b0b7      0x2b1 ./USBX/App/app_usbx.o
 .debug_info    0x0001b368     0x113b ./USBX/App/app_usbx_device.o
 .debug_info    0x0001c4a3      0x970 ./USBX/App/ux_device_cdc_acm.o
 .debug_info    0x0001ce13     0x1135 ./USBX/App/ux_device_descriptors.o

.debug_abbrev   0x00000000     0x2090
 .debug_abbrev  0x00000000      0x307 ./Core/Src/main.o
 .debug_abbrev  0x00000307      0x262 ./Core/Src/stm32u5xx_hal_msp.o
 .debug_abbrev  0x00000569      0x84e ./Core/Src/stm32u5xx_it.o
 .debug_abbrev  0x00000db7       0xca ./Core/Src/system_stm32u5xx_ns.o
 .debug_abbrev  0x00000e81      0x7c0 ./Core/Src/tls_usb_io.o
 .debug_abbrev  0x00001641       0x24 ./Core/Startup/startup_stm32u535cctx.o
 .debug_abbrev  0x00001665      0x205 ./USBX/App/app_usbx.o
 .debug_abbrev  0x0000186a      0x2b4 ./USBX/App/app_usbx_device.o
 .debug_abbrev  0x00001b1e      0x169 ./USBX/App/ux_device_cdc_acm.o
 .debug_abbrev  0x00001c87      0x409 ./USBX/App/ux_device_descriptors.o

.debug_aranges  0x00000000     0x1520
 .debug_aranges
                0x00000000       0x30 ./Core/Src/main.o
 .debug_aranges
                0x00000030       0x40 ./Core/Src/stm32u5xx_hal_msp.o
 .debug_aranges
                0x00000070      0xf08 ./Core/Src/stm32u5xx_it.o
 .debug_aranges
                0x00000f78       0x28 ./Core/Src/system_stm32u5xx_ns.o
 .debug_aranges
                0x00000fa0      0x460 ./Core/Src/tls_usb_io.o
 .debug_aranges
                0x00001400       0x28 ./Core/Startup/startup_stm32u535cctx.o
 .debug_aranges
                0x00001428       0x38 ./USBX/App/app_usbx.o
 .debug_aranges
                0x00001460       0x38 ./USBX/App/app_usbx_device.o
 .debug_aranges
                0x00001498       0x30 ./USBX/App/ux_device_cdc_acm.o
 .debug_aranges
                0x000014c8       0x58 ./USBX/App/ux_device_descriptors.o

.debug_rnglists
                0x00000000     0x182d
 .debug_rnglists
                0x00000000       0x2b ./Core/Src/main.o
 .debug_rnglists
                0x0000002b       0x59 ./Core/Src/stm32u5xx_hal_msp.o
 .debug_rnglists
                0x00000084     0x11a6 ./Core/Src/stm32u5xx_it.o
 .debug_rnglists
                0x0000122a       0x19 ./Core/Src/system_stm32u5xx_ns.o
 .debug_rnglists
                0x00001243      0x4b1 ./Core/Src/tls_usb_io.o
 .debug_rnglists
                0x000016f4       0x19 ./Core/Startup/startup_stm32u535cctx.o
 .debug_rnglists
                0x0000170d       0x25 ./USBX/App/app_usbx.o
 .debug_rnglists
                0x00001732       0x26 ./USBX/App/app_usbx_device.o
 .debug_rnglists
                0x00001758       0x1f ./USBX/App/ux_device_cdc_acm.o
 .debug_rnglists
                0x00001777       0xb6 ./USBX/App/ux_device_descriptors.o

.debug_macro    0x00000000    0x2dcf3
 .debug_macro   0x00000000      0x38f ./Core/Src/main.o
 .debug_macro   0x0000038f      0xaea ./Core/Src/main.o
 .debug_macro   0x00000e79      0x1fb ./Core/Src/main.o
 .debug_macro   0x00001074       0x2e ./Core/Src/main.o
 .debug_macro   0x000010a2       0x42 ./Core/Src/main.o
 .debug_macro   0x000010e4       0x22 ./Core/Src/main.o
 .debug_macro   0x00001106       0x8e ./Core/Src/main.o
 .debug_macro   0x00001194       0x51 ./Core/Src/main.o
 .debug_macro   0x000011e5      0x103 ./Core/Src/main.o
 .debug_macro   0x000012e8       0x6a ./Core/Src/main.o
 .debug_macro   0x00001352      0x1df ./Core/Src/main.o
 .debug_macro   0x00001531       0x1c ./Core/Src/main.o
 .debug_macro   0x0000154d       0x29 ./Core/Src/main.o
 .debug_macro   0x00001576       0xfb ./Core/Src/main.o
 .debug_macro   0x00001671     0x1685 ./Core/Src/main.o
 .debug_macro   0x00002cf6       0x5e ./Core/Src/main.o
 .debug_macro   0x00002d54    0x1d35b ./Core/Src/main.o
 .debug_macro   0x000200af       0x6d ./Core/Src/main.o
 .debug_macro   0x0002011c     0x393e ./Core/Src/main.o
 .debug_macro   0x00023a5a      0x190 ./Core/Src/main.o
 .debug_macro   0x00023bea       0x61 ./Core/Src/main.o
 .debug_macro   0x00023c4b       0x2a ./Core/Src/main.o
 .debug_macro   0x00023c75       0x43 ./Core/Src/main.o
 .debug_macro   0x00023cb8       0x34 ./Core/Src/main.o
 .debug_macro   0x00023cec      0x364 ./Core/Src/main.o
 .debug_macro   0x00024050       0x16 ./Core/Src/main.o
 .debug_macro   0x00024066       0x4a ./Core/Src/main.o
 .debug_macro   0x000240b0       0x34 ./Core/Src/main.o
 .debug_macro   0x000240e4       0x10 ./Core/Src/main.o
 .debug_macro   0x000240f4       0x58 ./Core/Src/main.o
 .debug_macro   0x0002414c       0x8e ./Core/Src/main.o
 .debug_macro   0x000241da       0x1c ./Core/Src/main.o
 .debug_macro   0x000241f6      0x17e ./Core/Src/main.o
 .debug_macro   0x00024374      0x19b ./Core/Src/main.o
 .debug_macro   0x0002450f       0x5d ./Core/Src/main.o
 .debug_macro   0x0002456c     0x1853 ./Core/Src/main.o
 .debug_macro   0x00025dbf      0x773 ./Core/Src/main.o
 .debug_macro   0x00026532      0x166 ./Core/Src/main.o
 .debug_macro   0x00026698      0x250 ./Core/Src/main.o
 .debug_macro   0x000268e8      0x574 ./Core/Src/main.o
 .debug_macro   0x00026e5c      0x440 ./Core/Src/main.o
 .debug_macro   0x0002729c       0xd6 ./Core/Src/main.o
 .debug_macro   0x00027372      0x1cd ./Core/Src/main.o
 .debug_macro   0x0002753f      0x42b ./Core/Src/main.o
 .debug_macro   0x0002796a       0x95 ./Core/Src/main.o
 .debug_macro   0x000279ff      0x11c ./Core/Src/main.o
 .debug_macro   0x00027b1b      0x525 ./Core/Src/main.o
 .debug_macro   0x00028040      0x448 ./Core/Src/main.o
 .debug_macro   0x00028488      0x328 ./Core/Src/main.o
 .debug_macro   0x000287b0      0x916 ./Core/Src/main.o
 .debug_macro   0x000290c6       0xe4 ./Core/Src/main.o
 .debug_macro   0x000291aa      0x23f ./Core/Src/main.o
 .debug_macro   0x000293e9      0x177 ./Core/Src/main.o
 .debug_macro   0x00029560      0x1b8 ./Core/Src/main.o
 .debug_macro   0x00029718      0x361 ./Core/Src/main.o
 .debug_macro   0x00029a79       0x34 ./Core/Src/main.o
 .debug_macro   0x00029aad       0x1c ./Core/Src/main.o
 .debug_macro   0x00029ac9       0x3c ./Core/Src/main.o
 .debug_macro   0x00029b05       0x10 ./Core/Src/main.o
 .debug_macro   0x00029b15       0x1c ./Core/Src/main.o
 .debug_macro   0x00029b31       0x16 ./Core/Src/main.o
 .debug_macro   0x00029b47      0x146 ./Core/Src/main.o
 .debug_macro   0x00029c8d       0x16 ./Core/Src/main.o
 .debug_macro   0x00029ca3       0x20 ./Core/Src/main.o
 .debug_macro   0x00029cc3       0xec ./Core/Src/main.o
 .debug_macro   0x00029daf     0x1295 ./Core/Src/main.o
 .debug_macro   0x0002b044      0x36e ./Core/Src/main.o
 .debug_macro   0x0002b3b2       0x18 ./Core/Src/main.o
 .debug_macro   0x0002b3ca      0x24e ./Core/Src/main.o
 .debug_macro   0x0002b618       0x16 ./Core/Src/main.o
 .debug_macro   0x0002b62e      0x14b ./Core/Src/main.o
 .debug_macro   0x0002b779       0xd9 ./Core/Src/main.o
 .debug_macro   0x0002b852       0x10 ./Core/Src/main.o
 .debug_macro   0x0002b862      0x297 ./Core/Src/stm32u5xx_hal_msp.o
 .debug_macro   0x0002baf9      0x328 ./Core/Src/stm32u5xx_it.o
 .debug_macro   0x0002be21       0x28 ./Core/Src/stm32u5xx_it.o
 .debug_macro   0x0002be49       0x1c ./Core/Src/stm32u5xx_it.o
 .debug_macro   0x0002be65       0x39 ./Core/Src/stm32u5xx_it.o
 .debug_macro   0x0002be9e       0x10 ./Core/Src/stm32u5xx_it.o
 .debug_macro   0x0002beae       0x20 ./Core/Src/stm32u5xx_it.o
 .debug_macro   0x0002bece       0x2e ./Core/Src/stm32u5xx_it.o
 .debug_macro   0x0002befc      0x10a ./Core/Src/stm32u5xx_it.o
 .debug_macro   0x0002c006      0x121 ./Core/Src/stm32u5xx_it.o
 .debug_macro   0x0002c127      0x283 ./Core/Src/system_stm32u5xx_ns.o
 .debug_macro   0x0002c3aa      0x751 ./Core/Src/tls_usb_io.o
 .debug_macro   0x0002cafb       0x16 ./Core/Src/tls_usb_io.o
 .debug_macro   0x0002cb11       0x9e ./Core/Src/tls_usb_io.o
 .debug_macro   0x0002cbaf      0x112 ./Core/Src/tls_usb_io.o
 .debug_macro   0x0002ccc1       0x16 ./Core/Src/tls_usb_io.o
 .debug_macro   0x0002ccd7       0x10 ./Core/Src/tls_usb_io.o
 .debug_macro   0x0002cce7       0x70 ./Core/Src/tls_usb_io.o
 .debug_macro   0x0002cd57      0x11f ./Core/Src/tls_usb_io.o
 .debug_macro   0x0002ce76       0x10 ./Core/Src/tls_usb_io.o
 .debug_macro   0x0002ce86       0x94 ./Core/Src/tls_usb_io.o
 .debug_macro   0x0002cf1a       0x10 ./Core/Src/tls_usb_io.o
 .debug_macro   0x0002cf2a       0x10 ./Core/Src/tls_usb_io.o
 .debug_macro   0x0002cf3a       0xd3 ./Core/Src/tls_usb_io.o
 .debug_macro   0x0002d00d       0x10 ./Core/Src/tls_usb_io.o
 .debug_macro   0x0002d01d       0x10 ./Core/Src/tls_usb_io.o
 .debug_macro   0x0002d02d       0x10 ./Core/Src/tls_usb_io.o
 .debug_macro   0x0002d03d       0x10 ./Core/Src/tls_usb_io.o
 .debug_macro   0x0002d04d       0x10 ./Core/Src/tls_usb_io.o
 .debug_macro   0x0002d05d       0x10 ./Core/Src/tls_usb_io.o
 .debug_macro   0x0002d06d       0x10 ./Core/Src/tls_usb_io.o
 .debug_macro   0x0002d07d       0x10 ./Core/Src/tls_usb_io.o
 .debug_macro   0x0002d08d       0x10 ./Core/Src/tls_usb_io.o
 .debug_macro   0x0002d09d       0x10 ./Core/Src/tls_usb_io.o
 .debug_macro   0x0002d0ad       0x10 ./Core/Src/tls_usb_io.o
 .debug_macro   0x0002d0bd       0x10 ./Core/Src/tls_usb_io.o
 .debug_macro   0x0002d0cd       0x10 ./Core/Src/tls_usb_io.o
 .debug_macro   0x0002d0dd       0x16 ./Core/Src/tls_usb_io.o
 .debug_macro   0x0002d0f3      0x37d ./USBX/App/app_usbx.o
 .debug_macro   0x0002d470      0x36e ./USBX/App/app_usbx_device.o
 .debug_macro   0x0002d7de      0x1c4 ./USBX/App/ux_device_cdc_acm.o
 .debug_macro   0x0002d9a2      0x351 ./USBX/App/ux_device_descriptors.o

.debug_line     0x00000000    0x1be76
 .debug_line    0x00000000      0xc46 ./Core/Src/main.o
 .debug_line    0x00000c46      0xa5d ./Core/Src/stm32u5xx_hal_msp.o
 .debug_line    0x000016a3    0x10921 ./Core/Src/stm32u5xx_it.o
 .debug_line    0x00011fc4      0x8bd ./Core/Src/system_stm32u5xx_ns.o
 .debug_line    0x00012881     0x653b ./Core/Src/tls_usb_io.o
 .debug_line    0x00018dbc       0x7b ./Core/Startup/startup_stm32u535cctx.o
 .debug_line    0x00018e37      0xb4f ./USBX/App/app_usbx.o
 .debug_line    0x00019986      0xbf4 ./USBX/App/app_usbx_device.o
 .debug_line    0x0001a57a      0x6fc ./USBX/App/ux_device_cdc_acm.o
 .debug_line    0x0001ac76     0x1200 ./USBX/App/ux_device_descriptors.o

.debug_str      0x00000000   0x12717a
 .debug_str     0x00000000   0x12717a ./Core/Src/main.o
                             0x11a505 (size before relaxing)
 .debug_str     0x0012717a   0x110a87 ./Core/Src/stm32u5xx_hal_msp.o
 .debug_str     0x0012717a   0x1191a0 ./Core/Src/stm32u5xx_it.o
 .debug_str     0x0012717a   0x10f845 ./Core/Src/system_stm32u5xx_ns.o
 .debug_str     0x0012717a   0x11e710 ./Core/Src/tls_usb_io.o
 .debug_str     0x0012717a       0x67 ./Core/Startup/startup_stm32u535cctx.o
 .debug_str     0x0012717a   0x119ec3 ./USBX/App/app_usbx.o
 .debug_str     0x0012717a   0x11b12d ./USBX/App/app_usbx_device.o
 .debug_str     0x0012717a    0x118bf ./USBX/App/ux_device_cdc_acm.o
 .debug_str     0x0012717a   0x11a115 ./USBX/App/ux_device_descriptors.o

.comment        0x00000000       0x43
 .comment       0x00000000       0x43 ./Core/Src/main.o
                                 0x44 (size before relaxing)
 .comment       0x00000043       0x44 ./Core/Src/stm32u5xx_hal_msp.o
 .comment       0x00000043       0x44 ./Core/Src/stm32u5xx_it.o
 .comment       0x00000043       0x44 ./Core/Src/system_stm32u5xx_ns.o
 .comment       0x00000043       0x44 ./Core/Src/tls_usb_io.o
 .comment       0x00000043       0x44 ./USBX/App/app_usbx.o
 .comment       0x00000043       0x44 ./USBX/App/app_usbx_device.o
 .comment       0x00000043       0x44 ./USBX/App/ux_device_cdc_acm.o
 .comment       0x00000043       0x44 ./USBX/App/ux_device_descriptors.o

.debug_frame    0x00000000     0x3c6c
 .debug_frame   0x00000000       0x54 ./Core/Src/main.o
 .debug_frame   0x00000054       0xa4 ./Core/Src/stm32u5xx_hal_msp.o
 .debug_frame   0x000000f8     0x27b0 ./Core/Src/stm32u5xx_it.o
 .debug_frame   0x000028a8       0x38 ./Core/Src/system_stm32u5xx_ns.o
 .debug_frame   0x000028e0      0xef8 ./Core/Src/tls_usb_io.o
 .debug_frame   0x000037d8       0x58 ./USBX/App/app_usbx.o
 .debug_frame   0x00003830       0x74 ./USBX/App/app_usbx_device.o
 .debug_frame   0x000038a4       0x40 ./USBX/App/ux_device_cdc_acm.o
 .debug_frame   0x000038e4      0x100 ./USBX/App/ux_device_descriptors.o
 .debug_frame   0x000039e4       0x64 C:/ST/STM32CubeIDE_1.19.0/STM32CubeIDE/plugins/com.st.stm32cube.ide.mcu.externaltools.gnu-tools-for-stm32.14.3.rel1.win32_1.0.100.202602081740/tools/bin/../lib/gcc/arm-none-eabi/14.3.1/../../../../arm-none-eabi/lib/thumb/v8-m.main+fp/hard\libc_nano.a(libc_a-strtoul.o)
 .debug_frame   0x00003a48      0x144 C:/ST/STM32CubeIDE_1.19.0/STM32CubeIDE/plugins/com.st.stm32cube.ide.mcu.externaltools.gnu-tools-for-stm32.14.3.rel1.win32_1.0.100.202602081740/tools/bin/../lib/gcc/arm-none-eabi/14.3.1/../../../../arm-none-eabi/lib/thumb/v8-m.main+fp/hard\libc_nano.a(libc_a-findfp.o)
 .debug_frame   0x00003b8c       0x20 C:/ST/STM32CubeIDE_1.19.0/STM32CubeIDE/plugins/com.st.stm32cube.ide.mcu.externaltools.gnu-tools-for-stm32.14.3.rel1.win32_1.0.100.202602081740/tools/bin/../lib/gcc/arm-none-eabi/14.3.1/../../../../arm-none-eabi/lib/thumb/v8-m.main+fp/hard\libc_nano.a(libc_a-memset.o)
 .debug_frame   0x00003bac       0x2c C:/ST/STM32CubeIDE_1.19.0/STM32CubeIDE/plugins/com.st.stm32cube.ide.mcu.externaltools.gnu-tools-for-stm32.14.3.rel1.win32_1.0.100.202602081740/tools/bin/../lib/gcc/arm-none-eabi/14.3.1/../../../../arm-none-eabi/lib/thumb/v8-m.main+fp/hard\libc_nano.a(libc_a-strcspn.o)
 .debug_frame   0x00003bd8       0x28 C:/ST/STM32CubeIDE_1.19.0/STM32CubeIDE/plugins/com.st.stm32cube.ide.mcu.externaltools.gnu-tools-for-stm32.14.3.rel1.win32_1.0.100.202602081740/tools/bin/../lib/gcc/arm-none-eabi/14.3.1/../../../../arm-none-eabi/lib/thumb/v8-m.main+fp/hard\libc_nano.a(libc_a-strncmp.o)
 .debug_frame   0x00003c00       0x2c C:/ST/STM32CubeIDE_1.19.0/STM32CubeIDE/plugins/com.st.stm32cube.ide.mcu.externaltools.gnu-tools-for-stm32.14.3.rel1.win32_1.0.100.202602081740/tools/bin/../lib/gcc/arm-none-eabi/14.3.1/../../../../arm-none-eabi/lib/thumb/v8-m.main+fp/hard\libc_nano.a(libc_a-init.o)
 .debug_frame   0x00003c2c       0x20 C:/ST/STM32CubeIDE_1.19.0/STM32CubeIDE/plugins/com.st.stm32cube.ide.mcu.externaltools.gnu-tools-for-stm32.14.3.rel1.win32_1.0.100.202602081740/tools/bin/../lib/gcc/arm-none-eabi/14.3.1/../../../../arm-none-eabi/lib/thumb/v8-m.main+fp/hard\libc_nano.a(libc_a-strcmp.o)
 .debug_frame   0x00003c4c       0x20 C:/ST/STM32CubeIDE_1.19.0/STM32CubeIDE/plugins/com.st.stm32cube.ide.mcu.externaltools.gnu-tools-for-stm32.14.3.rel1.win32_1.0.100.202602081740/tools/bin/../lib/gcc/arm-none-eabi/14.3.1/../../../../arm-none-eabi/lib/thumb/v8-m.main+fp/hard\libc_nano.a(libc_a-strlen.o)

.debug_loclists
                0x00000000    0x10e6b
 .debug_loclists
                0x00000000       0x90 ./Core/Src/stm32u5xx_hal_msp.o
 .debug_loclists
                0x00000090     0xa0fe ./Core/Src/stm32u5xx_it.o
 .debug_loclists
                0x0000a18e     0x65f9 ./Core/Src/tls_usb_io.o
 .debug_loclists
                0x00010787       0x37 ./USBX/App/app_usbx.o
 .debug_loclists
                0x000107be       0x88 ./USBX/App/app_usbx_device.o
 .debug_loclists
                0x00010846       0x63 ./USBX/App/ux_device_cdc_acm.o
 .debug_loclists
                0x000108a9      0x5c2 ./USBX/App/ux_device_descriptors.o

.debug_line_str
                0x00000000       0x4b
 .debug_line_str
                0x00000000       0x4b ./Core/Startup/startup_stm32u535cctx.o
