Archive member included to satisfy reference by file (symbol)

C:/ST/STM32CubeIDE_1.19.0/STM32CubeIDE/plugins/com.st.stm32cube.ide.mcu.externaltools.gnu-tools-for-stm32.14.3.rel1.win32_1.0.100.202602081740/tools/bin/../lib/gcc/arm-none-eabi/14.3.1/../../../../arm-none-eabi/lib/thumb/v8-m.main+fp/hard\libc_nano.a(libc_a-exit.o)
                              C:/ST/STM32CubeIDE_1.19.0/STM32CubeIDE/plugins/com.st.stm32cube.ide.mcu.externaltools.gnu-tools-for-stm32.14.3.rel1.win32_1.0.100.202602081740/tools/bin/../lib/gcc/arm-none-eabi/14.3.1/../../../../arm-none-eabi/lib/thumb/v8-m.main+fp/hard/crt0.o (exit)
C:/ST/STM32CubeIDE_1.19.0/STM32CubeIDE/plugins/com.st.stm32cube.ide.mcu.externaltools.gnu-tools-for-stm32.14.3.rel1.win32_1.0.100.202602081740/tools/bin/../lib/gcc/arm-none-eabi/14.3.1/../../../../arm-none-eabi/lib/thumb/v8-m.main+fp/hard\libc_nano.a(libc_a-malloc.o)
                              ./Middlewares/wolfSSL/wolfSSL/wolfCrypt/Core/memory.o (malloc)
C:/ST/STM32CubeIDE_1.19.0/STM32CubeIDE/plugins/com.st.stm32cube.ide.mcu.externaltools.gnu-tools-for-stm32.14.3.rel1.win32_1.0.100.202602081740/tools/bin/../lib/gcc/arm-none-eabi/14.3.1/../../../../arm-none-eabi/lib/thumb/v8-m.main+fp/hard\libc_nano.a(libc_a-mallocr.o)
                              C:/ST/STM32CubeIDE_1.19.0/STM32CubeIDE/plugins/com.st.stm32cube.ide.mcu.externaltools.gnu-tools-for-stm32.14.3.rel1.win32_1.0.100.202602081740/tools/bin/../lib/gcc/arm-none-eabi/14.3.1/../../../../arm-none-eabi/lib/thumb/v8-m.main+fp/hard\libc_nano.a(libc_a-malloc.o) (_malloc_r)
C:/ST/STM32CubeIDE_1.19.0/STM32CubeIDE/plugins/com.st.stm32cube.ide.mcu.externaltools.gnu-tools-for-stm32.14.3.rel1.win32_1.0.100.202602081740/tools/bin/../lib/gcc/arm-none-eabi/14.3.1/../../../../arm-none-eabi/lib/thumb/v8-m.main+fp/hard\libc_nano.a(libc_a-mlock.o)
                              C:/ST/STM32CubeIDE_1.19.0/STM32CubeIDE/plugins/com.st.stm32cube.ide.mcu.externaltools.gnu-tools-for-stm32.14.3.rel1.win32_1.0.100.202602081740/tools/bin/../lib/gcc/arm-none-eabi/14.3.1/../../../../arm-none-eabi/lib/thumb/v8-m.main+fp/hard\libc_nano.a(libc_a-mallocr.o) (__malloc_lock)
C:/ST/STM32CubeIDE_1.19.0/STM32CubeIDE/plugins/com.st.stm32cube.ide.mcu.externaltools.gnu-tools-for-stm32.14.3.rel1.win32_1.0.100.202602081740/tools/bin/../lib/gcc/arm-none-eabi/14.3.1/../../../../arm-none-eabi/lib/thumb/v8-m.main+fp/hard\libc_nano.a(libc_a-realloc.o)
                              ./Middlewares/wolfSSL/wolfSSL/wolfCrypt/Core/memory.o (realloc)
C:/ST/STM32CubeIDE_1.19.0/STM32CubeIDE/plugins/com.st.stm32cube.ide.mcu.externaltools.gnu-tools-for-stm32.14.3.rel1.win32_1.0.100.202602081740/tools/bin/../lib/gcc/arm-none-eabi/14.3.1/../../../../arm-none-eabi/lib/thumb/v8-m.main+fp/hard\libc_nano.a(libc_a-reallocr.o)
                              C:/ST/STM32CubeIDE_1.19.0/STM32CubeIDE/plugins/com.st.stm32cube.ide.mcu.externaltools.gnu-tools-for-stm32.14.3.rel1.win32_1.0.100.202602081740/tools/bin/../lib/gcc/arm-none-eabi/14.3.1/../../../../arm-none-eabi/lib/thumb/v8-m.main+fp/hard\libc_nano.a(libc_a-realloc.o) (_realloc_r)
C:/ST/STM32CubeIDE_1.19.0/STM32CubeIDE/plugins/com.st.stm32cube.ide.mcu.externaltools.gnu-tools-for-stm32.14.3.rel1.win32_1.0.100.202602081740/tools/bin/../lib/gcc/arm-none-eabi/14.3.1/../../../../arm-none-eabi/lib/thumb/v8-m.main+fp/hard\libc_nano.a(libc_a-ctype_.o)
                              ./Middlewares/wolfSSL/wolfSSL/wolfCrypt/Core/asn.o (_ctype_)
C:/ST/STM32CubeIDE_1.19.0/STM32CubeIDE/plugins/com.st.stm32cube.ide.mcu.externaltools.gnu-tools-for-stm32.14.3.rel1.win32_1.0.100.202602081740/tools/bin/../lib/gcc/arm-none-eabi/14.3.1/../../../../arm-none-eabi/lib/thumb/v8-m.main+fp/hard\libc_nano.a(libc_a-findfp.o)
                              C:/ST/STM32CubeIDE_1.19.0/STM32CubeIDE/plugins/com.st.stm32cube.ide.mcu.externaltools.gnu-tools-for-stm32.14.3.rel1.win32_1.0.100.202602081740/tools/bin/../lib/gcc/arm-none-eabi/14.3.1/../../../../arm-none-eabi/lib/thumb/v8-m.main+fp/hard\libc_nano.a(libc_a-exit.o) (__stdio_exit_handler)
C:/ST/STM32CubeIDE_1.19.0/STM32CubeIDE/plugins/com.st.stm32cube.ide.mcu.externaltools.gnu-tools-for-stm32.14.3.rel1.win32_1.0.100.202602081740/tools/bin/../lib/gcc/arm-none-eabi/14.3.1/../../../../arm-none-eabi/lib/thumb/v8-m.main+fp/hard\libc_nano.a(libc_a-fwalk.o)
                              C:/ST/STM32CubeIDE_1.19.0/STM32CubeIDE/plugins/com.st.stm32cube.ide.mcu.externaltools.gnu-tools-for-stm32.14.3.rel1.win32_1.0.100.202602081740/tools/bin/../lib/gcc/arm-none-eabi/14.3.1/../../../../arm-none-eabi/lib/thumb/v8-m.main+fp/hard\libc_nano.a(libc_a-findfp.o) (_fwalk_sglue)
C:/ST/STM32CubeIDE_1.19.0/STM32CubeIDE/plugins/com.st.stm32cube.ide.mcu.externaltools.gnu-tools-for-stm32.14.3.rel1.win32_1.0.100.202602081740/tools/bin/../lib/gcc/arm-none-eabi/14.3.1/../../../../arm-none-eabi/lib/thumb/v8-m.main+fp/hard\libc_nano.a(libc_a-stdio.o)
[...]
Memory Configuration

Name             Origin             Length             Attributes
RAM              0x30000000         0x00030000         xrw
SRAM4            0x38000000         0x00004000         xrw
FLASH            0x0c000000         0x0001e000         xr
FLASH_NSC        0x0c01e000         0x00002000         xr
*default*        0x00000000         0xffffffff

Linker script and memory map

LOAD C:/ST/STM32CubeIDE_1.19.0/STM32CubeIDE/plugins/com.st.stm32cube.ide.mcu.externaltools.gnu-tools-for-stm32.14.3.rel1.win32_1.0.100.202602081740/tools/bin/../lib/gcc/arm-none-eabi/14.3.1/thumb/v8-m.main+fp/hard/crti.o
LOAD C:/ST/STM32CubeIDE_1.19.0/STM32CubeIDE/plugins/com.st.stm32cube.ide.mcu.externaltools.gnu-tools-for-stm32.14.3.rel1.win32_1.0.100.202602081740/tools/bin/../lib/gcc/arm-none-eabi/14.3.1/thumb/v8-m.main+fp/hard/crtbegin.o
LOAD C:/ST/STM32CubeIDE_1.19.0/STM32CubeIDE/plugins/com.st.stm32cube.ide.mcu.externaltools.gnu-tools-for-stm32.14.3.rel1.win32_1.0.100.202602081740/tools/bin/../lib/gcc/arm-none-eabi/14.3.1/../../../../arm-none-eabi/lib/thumb/v8-m.main+fp/hard/crt0.o
LOAD ./Core/Src/main.o
LOAD ./Core/Src/secure_nsc.o
LOAD ./Core/Src/stm32u5xx_hal_msp.o
LOAD ./Core/Src/stm32u5xx_it.o
LOAD ./Core/Src/syscalls.o
LOAD ./Core/Src/sysmem.o
LOAD ./Core/Src/system_stm32u5xx_s.o
LOAD ./Core/Startup/startup_stm32u535cctx.o
LOAD ./Drivers/STM32U5xx_HAL_Driver/stm32u5xx_hal.o
LOAD ./Drivers/STM32U5xx_HAL_Driver/stm32u5xx_hal_cortex.o
LOAD ./Drivers/STM32U5xx_HAL_Driver/stm32u5xx_hal_dma.o
LOAD ./Drivers/STM32U5xx_HAL_Driver/stm32u5xx_hal_dma_ex.o
LOAD ./Drivers/STM32U5xx_HAL_Driver/stm32u5xx_hal_exti.o
LOAD ./Drivers/STM32U5xx_HAL_Driver/stm32u5xx_hal_flash.o
LOAD ./Drivers/STM32U5xx_HAL_Driver/stm32u5xx_hal_flash_ex.o
LOAD ./Drivers/STM32U5xx_HAL_Driver/stm32u5xx_hal_gpio.o
LOAD ./Drivers/STM32U5xx_HAL_Driver/stm32u5xx_hal_gtzc.o
LOAD ./Drivers/STM32U5xx_HAL_Driver/stm32u5xx_hal_i2c.o
LOAD ./Drivers/STM32U5xx_HAL_Driver/stm32u5xx_hal_i2c_ex.o
LOAD ./Drivers/STM32U5xx_HAL_Driver/stm32u5xx_hal_icache.o
LOAD ./Drivers/STM32U5xx_HAL_Driver/stm32u5xx_hal_pwr.o
LOAD ./Drivers/STM32U5xx_HAL_Driver/stm32u5xx_hal_pwr_ex.o
LOAD ./Drivers/STM32U5xx_HAL_Driver/stm32u5xx_hal_rcc.o
LOAD ./Drivers/STM32U5xx_HAL_Driver/stm32u5xx_hal_rcc_ex.o
LOAD ./Drivers/STM32U5xx_HAL_Driver/stm32u5xx_hal_rng.o
LOAD ./Drivers/STM32U5xx_HAL_Driver/stm32u5xx_hal_rng_ex.o
LOAD ./Middlewares/wolfSSL/wolfSSL/wolfCrypt/Core/aes.o
LOAD ./Middlewares/wolfSSL/wolfSSL/wolfCrypt/Core/arc4.o
LOAD ./Middlewares/wolfSSL/wolfSSL/wolfCrypt/Core/armv8-32-curve25519_c.o
LOAD ./Middlewares/wolfSSL/wolfSSL/wolfCrypt/Core/armv8-32-sha512-asm_c.o
LOAD ./Middlewares/wolfSSL/wolfSSL/wolfCrypt/Core/armv8-aes.o
LOAD ./Middlewares/wolfSSL/wolfSSL/wolfCrypt/Core/armv8-chacha-asm_c.o
LOAD ./Middlewares/wolfSSL/wolfSSL/wolfCrypt/Core/armv8-curve25519_c.o
LOAD ./Middlewares/wolfSSL/wolfSSL/wolfCrypt/Core/armv8-poly1305-asm_c.o
LOAD ./Middlewares/wolfSSL/wolfSSL/wolfCrypt/Core/armv8-sha256.o
LOAD ./Middlewares/wolfSSL/wolfSSL/wolfCrypt/Core/armv8-sha512.o
LOAD ./Middlewares/wolfSSL/wolfSSL/wolfCrypt/Core/asm.o
LOAD ./Middlewares/wolfSSL/wolfSSL/wolfCrypt/Core/asn.o
LOAD ./Middlewares/wolfSSL/wolfSSL/wolfCrypt/Core/atmel.o
LOAD ./Middlewares/wolfSSL/wolfSSL/wolfCrypt/Core/blake2b.o
LOAD ./Middlewares/wolfSSL/wolfSSL/wolfCrypt/Core/blake2s.o
LOAD ./Middlewares/wolfSSL/wolfSSL/wolfCrypt/Core/camellia.o
LOAD ./Middlewares/wolfSSL/wolfSSL/wolfCrypt/Core/chacha.o
LOAD ./Middlewares/wolfSSL/wolfSSL/wolfCrypt/Core/chacha20_poly1305.o
LOAD ./Middlewares/wolfSSL/wolfSSL/wolfCrypt/Core/cmac.o
LOAD ./Middlewares/wolfSSL/wolfSSL/wolfCrypt/Core/coding.o
LOAD ./Middlewares/wolfSSL/wolfSSL/wolfCrypt/Core/compress.o
LOAD ./Middlewares/wolfSSL/wolfSSL/wolfCrypt/Core/cpuid.o
LOAD ./Middlewares/wolfSSL/wolfSSL/wolfCrypt/Core/cryptocb.o
LOAD ./Middlewares/wolfSSL/wolfSSL/wolfCrypt/Core/curve25519.o
LOAD ./Middlewares/wolfSSL/wolfSSL/wolfCrypt/Core/curve448.o
LOAD ./Middlewares/wolfSSL/wolfSSL/wolfCrypt/Core/des3.o
LOAD ./Middlewares/wolfSSL/wolfSSL/wolfCrypt/Core/dh.o
LOAD ./Middlewares/wolfSSL/wolfSSL/wolfCrypt/Core/dsa.o
LOAD ./Middlewares/wolfSSL/wolfSSL/wolfCrypt/Core/ecc.o
LOAD ./Middlewares/wolfSSL/wolfSSL/wolfCrypt/Core/ecc_fp.o
LOAD ./Middlewares/wolfSSL/wolfSSL/wolfCrypt/Core/eccsi.o
LOAD ./Middlewares/wolfSSL/wolfSSL/wolfCrypt/Core/ed25519.o
LOAD ./Middlewares/wolfSSL/wolfSSL/wolfCrypt/Core/ed448.o
LOAD ./Middlewares/wolfSSL/wolfSSL/wolfCrypt/Core/error.o
LOAD ./Middlewares/wolfSSL/wolfSSL/wolfCrypt/Core/evp.o
LOAD ./Middlewares/wolfSSL/wolfSSL/wolfCrypt/Core/evp_pk.o
LOAD ./Middlewares/wolfSSL/wolfSSL/wolfCrypt/Core/fe_448.o
LOAD ./Middlewares/wolfSSL/wolfSSL/wolfCrypt/Core/fe_low_mem.o
LOAD ./Middlewares/wolfSSL/wolfSSL/wolfCrypt/Core/fe_operations.o
LOAD ./Middlewares/wolfSSL/wolfSSL/wolfCrypt/Core/ge_448.o
LOAD ./Middlewares/wolfSSL/wolfSSL/wolfCrypt/Core/ge_low_mem.o
LOAD ./Middlewares/wolfSSL/wolfSSL/wolfCrypt/Core/ge_operations.o
LOAD ./Middlewares/wolfSSL/wolfSSL/wolfCrypt/Core/hash.o
LOAD ./Middlewares/wolfSSL/wolfSSL/wolfCrypt/Core/hmac.o
LOAD ./Middlewares/wolfSSL/wolfSSL/wolfCrypt/Core/hpke.o
LOAD ./Middlewares/wolfSSL/wolfSSL/wolfCrypt/Core/integer.o
LOAD ./Middlewares/wolfSSL/wolfSSL/wolfCrypt/Core/kdf.o
LOAD ./Middlewares/wolfSSL/wolfSSL/wolfCrypt/Core/logging.o
LOAD ./Middlewares/wolfSSL/wolfSSL/wolfCrypt/Core/md2.o
LOAD ./Middlewares/wolfSSL/wolfSSL/wolfCrypt/Core/md4.o
LOAD ./Middlewares/wolfSSL/wolfSSL/wolfCrypt/Core/md5.o
LOAD ./Middlewares/wolfSSL/wolfSSL/wolfCrypt/Core/memory.o
LOAD ./Middlewares/wolfSSL/wolfSSL/wolfCrypt/Core/misc.o
LOAD ./Middlewares/wolfSSL/wolfSSL/wolfCrypt/Core/pkcs12.o
LOAD ./Middlewares/wolfSSL/wolfSSL/wolfCrypt/Core/pkcs7.o
LOAD ./Middlewares/wolfSSL/wolfSSL/wolfCrypt/Core/poly1305.o
LOAD ./Middlewares/wolfSSL/wolfSSL/wolfCrypt/Core/pwdbased.o
LOAD ./Middlewares/wolfSSL/wolfSSL/wolfCrypt/Core/random.o
LOAD ./Middlewares/wolfSSL/wolfSSL/wolfCrypt/Core/rc2.o
LOAD ./Middlewares/wolfSSL/wolfSSL/wolfCrypt/Core/ripemd.o
LOAD ./Middlewares/wolfSSL/wolfSSL/wolfCrypt/Core/rsa.o
LOAD ./Middlewares/wolfSSL/wolfSSL/wolfCrypt/Core/sakke.o
LOAD ./Middlewares/wolfSSL/wolfSSL/wolfCrypt/Core/sha.o
LOAD ./Middlewares/wolfSSL/wolfSSL/wolfCrypt/Core/sha256.o
LOAD ./Middlewares/wolfSSL/wolfSSL/wolfCrypt/Core/sha3.o
LOAD ./Middlewares/wolfSSL/wolfSSL/wolfCrypt/Core/sha512.o
LOAD ./Middlewares/wolfSSL/wolfSSL/wolfCrypt/Core/signature.o
LOAD ./Middlewares/wolfSSL/wolfSSL/wolfCrypt/Core/sp_arm32.o
LOAD ./Middlewares/wolfSSL/wolfSSL/wolfCrypt/Core/sp_arm64.o
LOAD ./Middlewares/wolfSSL/wolfSSL/wolfCrypt/Core/sp_armthumb.o
LOAD ./Middlewares/wolfSSL/wolfSSL/wolfCrypt/Core/sp_c32.o
LOAD ./Middlewares/wolfSSL/wolfSSL/wolfCrypt/Core/sp_c64.o
LOAD ./Middlewares/wolfSSL/wolfSSL/wolfCrypt/Core/sp_cortexm.o
LOAD ./Middlewares/wolfSSL/wolfSSL/wolfCrypt/Core/sp_dsp32.o
LOAD ./Middlewares/wolfSSL/wolfSSL/wolfCrypt/Core/sp_int.o
LOAD ./Middlewares/wolfSSL/wolfSSL/wolfCrypt/Core/sp_x86_64.o
LOAD ./Middlewares/wolfSSL/wolfSSL/wolfCrypt/Core/srp.o
LOAD ./Middlewares/wolfSSL/wolfSSL/wolfCrypt/Core/stm32.o
LOAD ./Middlewares/wolfSSL/wolfSSL/wolfCrypt/Core/stsafe.o
LOAD ./Middlewares/wolfSSL/wolfSSL/wolfCrypt/Core/tfm.o
LOAD ./Middlewares/wolfSSL/wolfSSL/wolfCrypt/Core/thumb2-aes-asm_c.o
LOAD ./Middlewares/wolfSSL/wolfSSL/wolfCrypt/Core/thumb2-chacha-asm_c.o
LOAD ./Middlewares/wolfSSL/wolfSSL/wolfCrypt/Core/thumb2-curve25519_c.o
LOAD ./Middlewares/wolfSSL/wolfSSL/wolfCrypt/Core/thumb2-mlkem-asm_c.o
LOAD ./Middlewares/wolfSSL/wolfSSL/wolfCrypt/Core/thumb2-poly1305-asm_c.o
LOAD ./Middlewares/wolfSSL/wolfSSL/wolfCrypt/Core/thumb2-sha256-asm_c.o
LOAD ./Middlewares/wolfSSL/wolfSSL/wolfCrypt/Core/thumb2-sha3-asm_c.o
LOAD ./Middlewares/wolfSSL/wolfSSL/wolfCrypt/Core/thumb2-sha512-asm_c.o
LOAD ./Middlewares/wolfSSL/wolfSSL/wolfCrypt/Core/wc_dsp.o
LOAD ./Middlewares/wolfSSL/wolfSSL/wolfCrypt/Core/wc_encrypt.o
LOAD ./Middlewares/wolfSSL/wolfSSL/wolfCrypt/Core/wc_lms.o
LOAD ./Middlewares/wolfSSL/wolfSSL/wolfCrypt/Core/wc_lms_impl.o
LOAD ./Middlewares/wolfSSL/wolfSSL/wolfCrypt/Core/wc_mldsa.o
LOAD ./Middlewares/wolfSSL/wolfSSL/wolfCrypt/Core/wc_mlkem.o
LOAD ./Middlewares/wolfSSL/wolfSSL/wolfCrypt/Core/wc_mlkem_poly.o
LOAD ./Middlewares/wolfSSL/wolfSSL/wolfCrypt/Core/wc_pkcs11.o
LOAD ./Middlewares/wolfSSL/wolfSSL/wolfCrypt/Core/wc_port.o
LOAD ./Middlewares/wolfSSL/wolfSSL/wolfCrypt/Core/wc_slhdsa.o
LOAD ./Middlewares/wolfSSL/wolfSSL/wolfCrypt/Core/wc_xmss.o
LOAD ./Middlewares/wolfSSL/wolfSSL/wolfCrypt/Core/wc_xmss_impl.o
LOAD ./Middlewares/wolfSSL/wolfSSL/wolfCrypt/Core/wolfevent.o
LOAD ./Middlewares/wolfSSL/wolfSSL/wolfCrypt/Core/wolfmath.o
LOAD ./Middlewares/wolfSSL/wolfSSL/wolfSSL/Core/bio.o
LOAD ./Middlewares/wolfSSL/wolfSSL/wolfSSL/Core/conf.o
LOAD ./Middlewares/wolfSSL/wolfSSL/wolfSSL/Core/crl.o
LOAD ./Middlewares/wolfSSL/wolfSSL/wolfSSL/Core/dtls.o
LOAD ./Middlewares/wolfSSL/wolfSSL/wolfSSL/Core/dtls13.o
LOAD ./Middlewares/wolfSSL/wolfSSL/wolfSSL/Core/internal.o
LOAD ./Middlewares/wolfSSL/wolfSSL/wolfSSL/Core/keys.o
LOAD ./Middlewares/wolfSSL/wolfSSL/wolfSSL/Core/ocsp.o
LOAD ./Middlewares/wolfSSL/wolfSSL/wolfSSL/Core/pk.o
LOAD ./Middlewares/wolfSSL/wolfSSL/wolfSSL/Core/pk_ec.o
LOAD ./Middlewares/wolfSSL/wolfSSL/wolfSSL/Core/pk_rsa.o
LOAD ./Middlewares/wolfSSL/wolfSSL/wolfSSL/Core/quic.o
LOAD ./Middlewares/wolfSSL/wolfSSL/wolfSSL/Core/sniffer.o
LOAD ./Middlewares/wolfSSL/wolfSSL/wolfSSL/Core/ssl.o
LOAD ./Middlewares/wolfSSL/wolfSSL/wolfSSL/Core/ssl_api_cert.o
LOAD ./Middlewares/wolfSSL/wolfSSL/wolfSSL/Core/ssl_api_crl_ocsp.o
LOAD ./Middlewares/wolfSSL/wolfSSL/wolfSSL/Core/ssl_api_dtls.o
LOAD ./Middlewares/wolfSSL/wolfSSL/wolfSSL/Core/ssl_api_ext.o
LOAD ./Middlewares/wolfSSL/wolfSSL/wolfSSL/Core/ssl_api_pk.o
LOAD ./Middlewares/wolfSSL/wolfSSL/wolfSSL/Core/ssl_asn1.o
LOAD ./Middlewares/wolfSSL/wolfSSL/wolfSSL/Core/ssl_bn.o
LOAD ./Middlewares/wolfSSL/wolfSSL/wolfSSL/Core/ssl_certman.o
LOAD ./Middlewares/wolfSSL/wolfSSL/wolfSSL/Core/ssl_crypto.o
LOAD ./Middlewares/wolfSSL/wolfSSL/wolfSSL/Core/ssl_ech.o
LOAD ./Middlewares/wolfSSL/wolfSSL/wolfSSL/Core/ssl_load.o
LOAD ./Middlewares/wolfSSL/wolfSSL/wolfSSL/Core/ssl_misc.o
LOAD ./Middlewares/wolfSSL/wolfSSL/wolfSSL/Core/ssl_p7p12.o
LOAD ./Middlewares/wolfSSL/wolfSSL/wolfSSL/Core/ssl_sess.o
LOAD ./Middlewares/wolfSSL/wolfSSL/wolfSSL/Core/ssl_sk.o
LOAD ./Middlewares/wolfSSL/wolfSSL/wolfSSL/Core/tls.o
LOAD ./Middlewares/wolfSSL/wolfSSL/wolfSSL/Core/tls13.o
LOAD ./Middlewares/wolfSSL/wolfSSL/wolfSSL/Core/wolfio.o
LOAD ./Middlewares/wolfSSL/wolfSSL/wolfSSL/Core/x509.o
LOAD ./Middlewares/wolfSSL/wolfSSL/wolfSSL/Core/x509_str.o
START GROUP
LOAD C:/ST/STM32CubeIDE_1.19.0/STM32CubeIDE/plugins/com.st.stm32cube.ide.mcu.externaltools.gnu-tools-for-stm32.14.3.rel1.win32_1.0.100.202602081740/tools/bin/../lib/gcc/arm-none-eabi/14.3.1/../../../../arm-none-eabi/lib/thumb/v8-m.main+fp/hard\libc_nano.a
LOAD C:/ST/STM32CubeIDE_1.19.0/STM32CubeIDE/plugins/com.st.stm32cube.ide.mcu.externaltools.gnu-tools-for-stm32.14.3.rel1.win32_1.0.100.202602081740/tools/bin/../lib/gcc/arm-none-eabi/14.3.1/../../../../arm-none-eabi/lib/thumb/v8-m.main+fp/hard\libm.a
END GROUP
START GROUP
LOAD C:/ST/STM32CubeIDE_1.19.0/STM32CubeIDE/plugins/com.st.stm32cube.ide.mcu.externaltools.gnu-tools-for-stm32.14.3.rel1.win32_1.0.100.202602081740/tools/bin/../lib/gcc/arm-none-eabi/14.3.1/thumb/v8-m.main+fp/hard\libgcc.a
LOAD C:/ST/STM32CubeIDE_1.19.0/STM32CubeIDE/plugins/com.st.stm32cube.ide.mcu.externaltools.gnu-tools-for-stm32.14.3.rel1.win32_1.0.100.202602081740/tools/bin/../lib/gcc/arm-none-eabi/14.3.1/../../../../arm-none-eabi/lib/thumb/v8-m.main+fp/hard\libc_nano.a
END GROUP
START GROUP
LOAD C:/ST/STM32CubeIDE_1.19.0/STM32CubeIDE/plugins/com.st.stm32cube.ide.mcu.externaltools.gnu-tools-for-stm32.14.3.rel1.win32_1.0.100.202602081740/tools/bin/../lib/gcc/arm-none-eabi/14.3.1/thumb/v8-m.main+fp/hard\libgcc.a
LOAD C:/ST/STM32CubeIDE_1.19.0/STM32CubeIDE/plugins/com.st.stm32cube.ide.mcu.externaltools.gnu-tools-for-stm32.14.3.rel1.win32_1.0.100.202602081740/tools/bin/../lib/gcc/arm-none-eabi/14.3.1/../../../../arm-none-eabi/lib/thumb/v8-m.main+fp/hard\libc_nano.a
LOAD C:/ST/STM32CubeIDE_1.19.0/STM32CubeIDE/plugins/com.st.stm32cube.ide.mcu.externaltools.gnu-tools-for-stm32.14.3.rel1.win32_1.0.100.202602081740/tools/bin/../lib/gcc/arm-none-eabi/14.3.1/../../../../arm-none-eabi/lib/thumb/v8-m.main+fp/hard\libnosys.a
END GROUP
START GROUP
LOAD C:/ST/STM32CubeIDE_1.19.0/STM32CubeIDE/plugins/com.st.stm32cube.ide.mcu.externaltools.gnu-tools-for-stm32.14.3.rel1.win32_1.0.100.202602081740/tools/bin/../lib/gcc/arm-none-eabi/14.3.1/thumb/v8-m.main+fp/hard\libgcc.a
LOAD C:/ST/STM32CubeIDE_1.19.0/STM32CubeIDE/plugins/com.st.stm32cube.ide.mcu.externaltools.gnu-tools-for-stm32.14.3.rel1.win32_1.0.100.202602081740/tools/bin/../lib/gcc/arm-none-eabi/14.3.1/../../../../arm-none-eabi/lib/thumb/v8-m.main+fp/hard\libc_nano.a
LOAD C:/ST/STM32CubeIDE_1.19.0/STM32CubeIDE/plugins/com.st.stm32cube.ide.mcu.externaltools.gnu-tools-for-stm32.14.3.rel1.win32_1.0.100.202602081740/tools/bin/../lib/gcc/arm-none-eabi/14.3.1/../../../../arm-none-eabi/lib/thumb/v8-m.main+fp/hard\libnosys.a
END GROUP
LOAD C:/ST/STM32CubeIDE_1.19.0/STM32CubeIDE/plugins/com.st.stm32cube.ide.mcu.externaltools.gnu-tools-for-stm32.14.3.rel1.win32_1.0.100.202602081740/tools/bin/../lib/gcc/arm-none-eabi/14.3.1/thumb/v8-m.main+fp/hard/crtend.o
LOAD C:/ST/STM32CubeIDE_1.19.0/STM32CubeIDE/plugins/com.st.stm32cube.ide.mcu.externaltools.gnu-tools-for-stm32.14.3.rel1.win32_1.0.100.202602081740/tools/bin/../lib/gcc/arm-none-eabi/14.3.1/thumb/v8-m.main+fp/hard/crtn.o
                0x30030000                        _estack = (ORIGIN (RAM) + LENGTH (RAM))
                0x3002fc00                        _sstack = (_estack - _Min_Stack_Size)
                0x00000200                        _Min_Heap_Size = 0x200
                0x00000400                        _Min_Stack_Size = 0x400

.isr_vector     0x0c000000      0x238
 *(.isr_vector)
 .isr_vector    0x0c000000      0x238 ./Core/Startup/startup_stm32u535cctx.o
                0x0c000000                g_pfnVectors

.text           0x0c000238     0x224c
 *(.text)
 .text          0x0c000238       0x40 C:/ST/STM32CubeIDE_1.19.0/STM32CubeIDE/plugins/com.st.stm32cube.ide.mcu.externaltools.gnu-tools-for-stm32.14.3.rel1.win32_1.0.100.202602081740/tools/bin/../lib/gcc/arm-none-eabi/14.3.1/thumb/v8-m.main+fp/hard/crtbegin.o
 .text          0x0c000278       0x5c C:/ST/STM32CubeIDE_1.19.0/STM32CubeIDE/plugins/com.st.stm32cube.ide.mcu.externaltools.gnu-tools-for-stm32.14.3.rel1.win32_1.0.100.202602081740/tools/bin/../lib/gcc/arm-none-eabi/14.3.1/thumb/v8-m.main+fp/hard\libgcc.a(cmse_nonsecure_call.o)
                0x0c000278                __gnu_cmse_nonsecure_call
 *(.text*)
 .text.MX_GTZC_S_Init
                0x0c0002d4       0x94 ./Core/Src/main.o
 .text.SystemClock_Config
                0x0c000368       0xb8 ./Core/Src/main.o
                0x0c000368                SystemClock_Config
 .text.startup.main
                0x0c000420       0xcc ./Core/Src/main.o
                0x0c000420                main
 .text.Error_Handler
                0x0c0004ec        0x4 ./Core/Src/main.o
                0x0c0004ec                Error_Handler
 .text.SECURE_RegisterCallback
                0x0c0004f0       0x84 ./Core/Src/secure_nsc.o
                0x0c0004f0                __acle_se_SECURE_RegisterCallback
 .text.HAL_MspInit
                0x0c000574       0x3c ./Core/Src/stm32u5xx_hal_msp.o
                0x0c000574                HAL_MspInit
 .text.HAL_RNG_MspInit
                0x0c0005b0       0x54 ./Core/Src/stm32u5xx_hal_msp.o
                0x0c0005b0                HAL_RNG_MspInit
 .text.NMI_Handler
                0x0c000604        0x2 ./Core/Src/stm32u5xx_it.o
                0x0c000604                NMI_Handler
 .text.HardFault_Handler
                0x0c000606        0x2 ./Core/Src/stm32u5xx_it.o
                0x0c000606                HardFault_Handler
 .text.MemManage_Handler
                0x0c000608        0x2 ./Core/Src/stm32u5xx_it.o
                0x0c000608                MemManage_Handler
 .text.BusFault_Handler
                0x0c00060a        0x2 ./Core/Src/stm32u5xx_it.o
                0x0c00060a                BusFault_Handler
 .text.UsageFault_Handler
                0x0c00060c        0x2 ./Core/Src/stm32u5xx_it.o
                0x0c00060c                UsageFault_Handler
 .text.SecureFault_Handler
                0x0c00060e        0x2 ./Core/Src/stm32u5xx_it.o
                0x0c00060e                SecureFault_Handler
 .text.SVC_Handler
                0x0c000610        0x2 ./Core/Src/stm32u5xx_it.o
                0x0c000610                SVC_Handler
 .text.DebugMon_Handler
                0x0c000612        0x2 ./Core/Src/stm32u5xx_it.o
                0x0c000612                DebugMon_Handler
 .text.PendSV_Handler
                0x0c000614        0x2 ./Core/Src/stm32u5xx_it.o
                0x0c000614                PendSV_Handler
 .text.SysTick_Handler
                0x0c000616        0x4 ./Core/Src/stm32u5xx_it.o
                0x0c000616                SysTick_Handler
 *fill*         0x0c00061a        0x2 
 .text.SystemInit
                0x0c00061c      0x130 ./Core/Src/system_stm32u5xx_s.o
                0x0c00061c                SystemInit
 .text.SystemCoreClockUpdate
                0x0c00074c       0xf8 ./Core/Src/system_stm32u5xx_s.o
                0x0c00074c                SystemCoreClockUpdate
 .text.SECURE_SystemCoreClockUpdate
                0x0c000844       0x78 ./Core/Src/system_stm32u5xx_s.o
                0x0c000844                __acle_se_SECURE_SystemCoreClockUpdate
 .text.Reset_Handler
                0x0c0008bc       0x50 ./Core/Startup/startup_stm32u535cctx.o
                0x0c0008bc                Reset_Handler
 .text.Default_Handler
                0x0c00090c        0x2 ./Core/Startup/startup_stm32u535cctx.o
                0x0c00090c                EXTI2_IRQHandler
                0x0c00090c                TIM8_TRG_COM_IRQHandler
                0x0c00090c                TIM8_CC_IRQHandler
                0x0c00090c                EXTI5_IRQHandler
                0x0c00090c                FLASH_S_IRQHandler
                0x0c00090c                EXTI13_IRQHandler
                0x0c00090c                TIM1_CC_IRQHandler
                0x0c00090c                TSC_IRQHandler
                0x0c00090c                TAMP_IRQHandler
                0x0c00090c                TIM6_IRQHandler
                0x0c00090c                EXTI12_IRQHandler
                0x0c00090c                CORDIC_IRQHandler
                0x0c00090c                EXTI3_IRQHandler
                0x0c00090c                LPTIM4_IRQHandler
                0x0c00090c                GPDMA1_Channel5_IRQHandler
                0x0c00090c                EXTI8_IRQHandler
                0x0c00090c                LPTIM2_IRQHandler
                0x0c00090c                I2C3_ER_IRQHandler
                0x0c00090c                PWR_S3WU_IRQHandler
                0x0c00090c                LPDMA1_Channel3_IRQHandler
                0x0c00090c                LPTIM3_IRQHandler
                0x0c00090c                EXTI0_IRQHandler
                0x0c00090c                I2C2_EV_IRQHandler
                0x0c00090c                FPU_IRQHandler
                0x0c00090c                GPDMA1_Channel3_IRQHandler
                0x0c00090c                GPDMA1_Channel7_IRQHandler
                0x0c00090c                FDCAN1_IT1_IRQHandler
                0x0c00090c                RAMCFG_IRQHandler
                0x0c00090c                GPDMA1_Channel9_IRQHandler
                0x0c00090c                DCACHE1_IRQHandler
                0x0c00090c                SPI1_IRQHandler
                0x0c00090c                OCTOSPI1_IRQHandler
                0x0c00090c                GPDMA1_Channel2_IRQHandler
                0x0c00090c                TIM8_UP_IRQHandler
                0x0c00090c                RCC_S_IRQHandler
                0x0c00090c                MDF1_FLT1_IRQHandler
                0x0c00090c                ADC1_IRQHandler
                0x0c00090c                EXTI15_IRQHandler
                0x0c00090c                TIM17_IRQHandler
                0x0c00090c                USART3_IRQHandler
                0x0c00090c                RTC_IRQHandler
                0x0c00090c                EXTI9_IRQHandler
                0x0c00090c                UART5_IRQHandler
                0x0c00090c                TIM4_IRQHandler
                0x0c00090c                I2C1_EV_IRQHandler
                0x0c00090c                GPDMA1_Channel12_IRQHandler
                0x0c00090c                GPDMA1_Channel1_IRQHandler
                0x0c00090c                TIM16_IRQHandler
                0x0c00090c                GPDMA1_Channel15_IRQHandler
                0x0c00090c                UART4_IRQHandler
                0x0c00090c                TIM3_IRQHandler
                0x0c00090c                RCC_IRQHandler
                0x0c00090c                TIM1_TRG_COM_IRQHandler
                0x0c00090c                Default_Handler
                0x0c00090c                GPDMA1_Channel8_IRQHandler
                0x0c00090c                FMAC_IRQHandler
                0x0c00090c                GPDMA1_Channel11_IRQHandler
                0x0c00090c                TIM7_IRQHandler
                0x0c00090c                SDMMC1_IRQHandler
                0x0c00090c                TIM5_IRQHandler
                0x0c00090c                GPDMA1_Channel0_IRQHandler
                0x0c00090c                TIM15_IRQHandler
                0x0c00090c                I2C3_EV_IRQHandler
                0x0c00090c                USB_IRQHandler
                0x0c00090c                LPDMA1_Channel0_IRQHandler
                0x0c00090c                PVD_PVM_IRQHandler
                0x0c00090c                SPI2_IRQHandler
                0x0c00090c                LPDMA1_Channel1_IRQHandler
                0x0c00090c                EXTI14_IRQHandler
                0x0c00090c                EXTI11_IRQHandler
                0x0c00090c                CRS_IRQHandler
                0x0c00090c                GPDMA1_Channel14_IRQHandler
                0x0c00090c                LSECSSD_IRQHandler
                0x0c00090c                EXTI4_IRQHandler
                0x0c00090c                RTC_S_IRQHandler
                0x0c00090c                GPDMA1_Channel13_IRQHandler
                0x0c00090c                RNG_IRQHandler
                0x0c00090c                COMP_IRQHandler
                0x0c00090c                TIM1_UP_IRQHandler
                0x0c00090c                ADC4_IRQHandler
                0x0c00090c                WWDG_IRQHandler
                0x0c00090c                I2C4_EV_IRQHandler
                0x0c00090c                ADF1_IRQHandler
                0x0c00090c                IWDG_IRQHandler
                0x0c00090c                LPUART1_IRQHandler
                0x0c00090c                MDF1_FLT0_IRQHandler
                0x0c00090c                FDCAN1_IT0_IRQHandler
                0x0c00090c                TIM2_IRQHandler
                0x0c00090c                GPDMA1_Channel4_IRQHandler
                0x0c00090c                EXTI7_IRQHandler
                0x0c00090c                TIM1_BRK_IRQHandler
                0x0c00090c                EXTI1_IRQHandler
                0x0c00090c                DAC1_IRQHandler
                0x0c00090c                GTZC_IRQHandler
                0x0c00090c                GPDMA1_Channel6_IRQHandler
                0x0c00090c                I2C2_ER_IRQHandler
                0x0c00090c                TIM8_BRK_IRQHandler
                0x0c00090c                FLASH_IRQHandler
                0x0c00090c                USART1_IRQHandler
                0x0c00090c                EXTI10_IRQHandler
                0x0c00090c                SPI3_IRQHandler
                0x0c00090c                LPDMA1_Channel2_IRQHandler
                0x0c00090c                I2C1_ER_IRQHandler
                0x0c00090c                EXTI6_IRQHandler
                0x0c00090c                LPTIM1_IRQHandler
                0x0c00090c                DCMI_PSSI_IRQHandler
                0x0c00090c                I2C4_ER_IRQHandler
                0x0c00090c                GPDMA1_Channel10_IRQHandler
                0x0c00090c                ICACHE_IRQHandler
                0x0c00090c                SAI1_IRQHandler
                0x0c00090c                HASH_IRQHandler
 *fill*         0x0c00090e        0x2 
 .text.HAL_InitTick
                0x0c000910       0x90 ./Drivers/STM32U5xx_HAL_Driver/stm32u5xx_hal.o
                0x0c000910                HAL_InitTick
 .text.HAL_Init
                0x0c0009a0       0x54 ./Drivers/STM32U5xx_HAL_Driver/stm32u5xx_hal.o
                0x0c0009a0                HAL_Init
 .text.HAL_IncTick
                0x0c0009f4       0x18 ./Drivers/STM32U5xx_HAL_Driver/stm32u5xx_hal.o
                0x0c0009f4                HAL_IncTick
 .text.HAL_GetTick
                0x0c000a0c        0xc ./Drivers/STM32U5xx_HAL_Driver/stm32u5xx_hal.o
                0x0c000a0c                HAL_GetTick
 .text.HAL_NVIC_SetPriorityGrouping
                0x0c000a18       0x24 ./Drivers/STM32U5xx_HAL_Driver/stm32u5xx_hal_cortex.o
                0x0c000a18                HAL_NVIC_SetPriorityGrouping
 .text.HAL_NVIC_SetPriority
                0x0c000a3c       0x60 ./Drivers/STM32U5xx_HAL_Driver/stm32u5xx_hal_cortex.o
                0x0c000a3c                HAL_NVIC_SetPriority
 .text.HAL_SYSTICK_Config
                0x0c000a9c       0x20 ./Drivers/STM32U5xx_HAL_Driver/stm32u5xx_hal_cortex.o
                0x0c000a9c                HAL_SYSTICK_Config
 .text.HAL_SYSTICK_CLKSourceConfig
                0x0c000abc       0x74 ./Drivers/STM32U5xx_HAL_Driver/stm32u5xx_hal_cortex.o
                0x0c000abc                HAL_SYSTICK_CLKSourceConfig
 .text.HAL_SYSTICK_GetCLKSourceConfig
                0x0c000b30       0x34 ./Drivers/STM32U5xx_HAL_Driver/stm32u5xx_hal_cortex.o
                0x0c000b30                HAL_SYSTICK_GetCLKSourceConfig
 .text.HAL_GPIO_ConfigPinAttributes
                0x0c000b64       0x50 ./Drivers/STM32U5xx_HAL_Driver/stm32u5xx_hal_gpio.o
                0x0c000b64                HAL_GPIO_ConfigPinAttributes
 .text.HAL_GTZC_TZSC_ConfigPeriphAttributes
                0x0c000bb4      0x190 ./Drivers/STM32U5xx_HAL_Driver/stm32u5xx_hal_gtzc.o
                0x0c000bb4                HAL_GTZC_TZSC_ConfigPeriphAttributes
 .text.HAL_GTZC_MPCBB_ConfigMem
                0x0c000d44       0xb0 ./Drivers/STM32U5xx_HAL_Driver/stm32u5xx_hal_gtzc.o
                0x0c000d44                HAL_GTZC_MPCBB_ConfigMem
 .text.HAL_PWREx_ControlVoltageScaling
                0x0c000df4       0x80 ./Drivers/STM32U5xx_HAL_Driver/stm32u5xx_hal_pwr_ex.o
                0x0c000df4                HAL_PWREx_ControlVoltageScaling
 .text.HAL_PWREx_GetVoltageRange
                0x0c000e74       0x10 ./Drivers/STM32U5xx_HAL_Driver/stm32u5xx_hal_pwr_ex.o
                0x0c000e74                HAL_PWREx_GetVoltageRange
 .text.HAL_PWREx_EnableVddUSB
                0x0c000e84       0x10 ./Drivers/STM32U5xx_HAL_Driver/stm32u5xx_hal_pwr_ex.o
                0x0c000e84                HAL_PWREx_EnableVddUSB
 .text.RCC_SetFlashLatencyFromMSIRange
                0x0c000e94       0xb8 ./Drivers/STM32U5xx_HAL_Driver/stm32u5xx_hal_rcc.o
 .text.HAL_RCC_GetSysClockFreq
                0x0c000f4c      0x104 ./Drivers/STM32U5xx_HAL_Driver/stm32u5xx_hal_rcc.o
                0x0c000f4c                HAL_RCC_GetSysClockFreq
 .text.HAL_RCC_ClockConfig
                0x0c001050      0x29c ./Drivers/STM32U5xx_HAL_Driver/stm32u5xx_hal_rcc.o
                0x0c001050                HAL_RCC_ClockConfig
 .text.HAL_RCC_GetHCLKFreq
                0x0c0012ec       0x28 ./Drivers/STM32U5xx_HAL_Driver/stm32u5xx_hal_rcc.o
                0x0c0012ec                HAL_RCC_GetHCLKFreq
 .text.HAL_RCC_OscConfig
                0x0c001314      0x8c0 ./Drivers/STM32U5xx_HAL_Driver/stm32u5xx_hal_rcc.o
                0x0c001314                HAL_RCC_OscConfig
 .text.HAL_RCC_ConfigAttributes
                0x0c001bd4       0x7c ./Drivers/STM32U5xx_HAL_Driver/stm32u5xx_hal_rcc.o
                0x0c001bd4                HAL_RCC_ConfigAttributes
 .text.RCCEx_PLL3_Config
                0x0c001c50       0xd4 ./Drivers/STM32U5xx_HAL_Driver/stm32u5xx_hal_rcc_ex.o
 .text.RCCEx_PLL2_Config
                0x0c001d24       0xd4 ./Drivers/STM32U5xx_HAL_Driver/stm32u5xx_hal_rcc_ex.o
 .text.HAL_RCCEx_PeriphCLKConfig
                0x0c001df8      0x51c ./Drivers/STM32U5xx_HAL_Driver/stm32u5xx_hal_rcc_ex.o
                0x0c001df8                HAL_RCCEx_PeriphCLKConfig
 .text.HAL_RCCEx_CRSConfig
                0x0c002314       0x4c ./Drivers/STM32U5xx_HAL_Driver/stm32u5xx_hal_rcc_ex.o
                0x0c002314                HAL_RCCEx_CRSConfig
 .text.HAL_RNG_Init
                0x0c002360       0xb4 ./Drivers/STM32U5xx_HAL_Driver/stm32u5xx_hal_rng.o
                0x0c002360                HAL_RNG_Init
 .text.memset   0x0c002414       0x10 C:/ST/STM32CubeIDE_1.19.0/STM32CubeIDE/plugins/com.st.stm32cube.ide.mcu.externaltools.gnu-tools-for-stm32.14.3.rel1.win32_1.0.100.202602081740/tools/bin/../lib/gcc/arm-none-eabi/14.3.1/../../../../arm-none-eabi/lib/thumb/v8-m.main+fp/hard\libc_nano.a(libc_a-memset.o)
                0x0c002414                memset
 .text.__libc_init_array
                0x0c002424       0x48 C:/ST/STM32CubeIDE_1.19.0/STM32CubeIDE/plugins/com.st.stm32cube.ide.mcu.externaltools.gnu-tools-for-stm32.14.3.rel1.win32_1.0.100.202602081740/tools/bin/../lib/gcc/arm-none-eabi/14.3.1/../../../../arm-none-eabi/lib/thumb/v8-m.main+fp/hard\libc_nano.a(libc_a-init.o)
                0x0c002424                __libc_init_array
 *(.glue_7)
 .glue_7        0x0c00246c        0x0 linker stubs
 *(.glue_7t)
 .glue_7t       0x0c00246c        0x0 linker stubs
 *(.eh_frame)
 .eh_frame      0x0c00246c        0x0 C:/ST/STM32CubeIDE_1.19.0/STM32CubeIDE/plugins/com.st.stm32cube.ide.mcu.externaltools.gnu-tools-for-stm32.14.3.rel1.win32_1.0.100.202602081740/tools/bin/../lib/gcc/arm-none-eabi/14.3.1/thumb/v8-m.main+fp/hard/crtbegin.o
 *(.init)
 .init          0x0c00246c        0x4 C:/ST/STM32CubeIDE_1.19.0/STM32CubeIDE/plugins/com.st.stm32cube.ide.mcu.externaltools.gnu-tools-for-stm32.14.3.rel1.win32_1.0.100.202602081740/tools/bin/../lib/gcc/arm-none-eabi/14.3.1/thumb/v8-m.main+fp/hard/crti.o
                0x0c00246c                _init
 .init          0x0c002470        0x8 C:/ST/STM32CubeIDE_1.19.0/STM32CubeIDE/plugins/com.st.stm32cube.ide.mcu.externaltools.gnu-tools-for-stm32.14.3.rel1.win32_1.0.100.202602081740/tools/bin/../lib/gcc/arm-none-eabi/14.3.1/thumb/v8-m.main+fp/hard/crtn.o
 *(.fini)
 .fini          0x0c002478        0x4 C:/ST/STM32CubeIDE_1.19.0/STM32CubeIDE/plugins/com.st.stm32cube.ide.mcu.externaltools.gnu-tools-for-stm32.14.3.rel1.win32_1.0.100.202602081740/tools/bin/../lib/gcc/arm-none-eabi/14.3.1/thumb/v8-m.main+fp/hard/crti.o
                0x0c002478                _fini
 .fini          0x0c00247c        0x8 C:/ST/STM32CubeIDE_1.19.0/STM32CubeIDE/plugins/com.st.stm32cube.ide.mcu.externaltools.gnu-tools-for-stm32.14.3.rel1.win32_1.0.100.202602081740/tools/bin/../lib/gcc/arm-none-eabi/14.3.1/thumb/v8-m.main+fp/hard/crtn.o
                0x0c002484                        _etext = .

.vfp11_veneer   0x0c002484        0x0
 .vfp11_veneer  0x0c002484        0x0 linker stubs

.v4_bx          0x0c002484        0x0
 .v4_bx         0x0c002484        0x0 linker stubs

.iplt           0x0c002484        0x0
 .iplt          0x0c002484        0x0 C:/ST/STM32CubeIDE_1.19.0/STM32CubeIDE/plugins/com.st.stm32cube.ide.mcu.externaltools.gnu-tools-for-stm32.14.3.rel1.win32_1.0.100.202602081740/tools/bin/../lib/gcc/arm-none-eabi/14.3.1/thumb/v8-m.main+fp/hard/crtbegin.o

.rodata         0x0c002484       0xd0
 *(.rodata)
 *(.rodata*)
 .rodata.MSIRangeTable
                0x0c002484       0x40 ./Core/Src/system_stm32u5xx_s.o
                0x0c002484                MSIRangeTable
 .rodata.AHBPrescTable
                0x0c0024c4       0x10 ./Core/Src/system_stm32u5xx_s.o
                0x0c0024c4                AHBPrescTable
 .rodata.LPGPIO_Map
                0x0c0024d4       0x80 ./Drivers/STM32U5xx_HAL_Driver/stm32u5xx_hal_gpio.o

.ARM.extab
 *(.ARM.extab* .gnu.linkonce.armextab.*)

.ARM            0x0c002554        0x0
                0x0c002554                        __exidx_start = .
 *(.ARM.exidx*)
                0x0c002554                        __exidx_end = .

.preinit_array  0x0c002554        0x0
                0x0c002554                        PROVIDE (__preinit_array_start = .)
 *(.preinit_array*)
                0x0c002554                        PROVIDE (__preinit_array_end = .)

.init_array     0x0c002554        0x4
                0x0c002554                        PROVIDE (__init_array_start = .)
 *(SORT_BY_NAME(.init_array.*))
 *(.init_array*)
 .init_array    0x0c002554        0x4 C:/ST/STM32CubeIDE_1.19.0/STM32CubeIDE/plugins/com.st.stm32cube.ide.mcu.externaltools.gnu-tools-for-stm32.14.3.rel1.win32_1.0.100.202602081740/tools/bin/../lib/gcc/arm-none-eabi/14.3.1/thumb/v8-m.main+fp/hard/crtbegin.o
                0x0c002558                        PROVIDE (__init_array_end = .)

.fini_array     0x0c002558        0x4
                [!provide]                        PROVIDE (__fini_array_start = .)
 *(SORT_BY_NAME(.fini_array.*))
 *(.fini_array*)
 .fini_array    0x0c002558        0x4 C:/ST/STM32CubeIDE_1.19.0/STM32CubeIDE/plugins/com.st.stm32cube.ide.mcu.externaltools.gnu-tools-for-stm32.14.3.rel1.win32_1.0.100.202602081740/tools/bin/../lib/gcc/arm-none-eabi/14.3.1/thumb/v8-m.main+fp/hard/crtbegin.o
                [!provide]                        PROVIDE (__fini_array_end = .)
                0x0c00255c                        _sidata = LOADADDR (.data)

.rel.dyn        0x0c00255c        0x0
 .rel.iplt      0x0c00255c        0x0 C:/ST/STM32CubeIDE_1.19.0/STM32CubeIDE/plugins/com.st.stm32cube.ide.mcu.externaltools.gnu-tools-for-stm32.14.3.rel1.win32_1.0.100.202602081740/tools/bin/../lib/gcc/arm-none-eabi/14.3.1/thumb/v8-m.main+fp/hard/crtbegin.o

.data           0x30000000        0xc load address 0x0c00255c
                0x30000000                        _sdata = .
 *(.data)
 *(.data*)
 .data.SystemCoreClock
                0x30000000        0x4 ./Core/Src/system_stm32u5xx_s.o
                0x30000000                SystemCoreClock
 .data.uwTickFreq
                0x30000004        0x1 ./Drivers/STM32U5xx_HAL_Driver/stm32u5xx_hal.o
                0x30000004                uwTickFreq
 *fill*         0x30000005        0x3 
 .data.uwTickPrio
                0x30000008        0x4 ./Drivers/STM32U5xx_HAL_Driver/stm32u5xx_hal.o
                0x30000008                uwTickPrio
 *(.RamFunc)
 *(.RamFunc*)
                0x3000000c                        _edata = .

.igot.plt       0x3000000c        0x0 load address 0x0c002568
 .igot.plt      0x3000000c        0x0 C:/ST/STM32CubeIDE_1.19.0/STM32CubeIDE/plugins/com.st.stm32cube.ide.mcu.externaltools.gnu-tools-for-stm32.14.3.rel1.win32_1.0.100.202602081740/tools/bin/../lib/gcc/arm-none-eabi/14.3.1/thumb/v8-m.main+fp/hard/crtbegin.o

.gnu.sgstubs    0x0c01e000       0x20
                0x0c01e000                        . = ALIGN (0x4)
 *(.gnu.sgstubs*)
                0x0c01e000                        . = ALIGN (0x4)
 .gnu.sgstubs.__stub
                0x0c01e000       0x10 linker stubs
                0x0c01e000                SECURE_SystemCoreClockUpdate
                0x0c01e008                SECURE_RegisterCallback

.bss            0x3000000c       0x3c
                0x3000000c                        _sbss = .
                0x3000000c                        __bss_start__ = _sbss
 *(.bss)
 .bss           0x3000000c       0x1c C:/ST/STM32CubeIDE_1.19.0/STM32CubeIDE/plugins/com.st.stm32cube.ide.mcu.externaltools.gnu-tools-for-stm32.14.3.rel1.win32_1.0.100.202602081740/tools/bin/../lib/gcc/arm-none-eabi/14.3.1/thumb/v8-m.main+fp/hard/crtbegin.o
 *(.bss*)
 .bss.hrng      0x30000028       0x14 ./Core/Src/main.o
                0x30000028                hrng
 .bss.pSecureErrorCallback
                0x3000003c        0x4 ./Core/Src/secure_nsc.o
                0x3000003c                pSecureErrorCallback
 .bss.pSecureFaultCallback
                0x30000040        0x4 ./Core/Src/secure_nsc.o
                0x30000040                pSecureFaultCallback
 .bss.uwTick    0x30000044        0x4 ./Drivers/STM32U5xx_HAL_Driver/stm32u5xx_hal.o
                0x30000044                uwTick
 *(COMMON)
                0x30000048                        _ebss = .
                0x30000048                        __bss_end__ = _ebss

._user_heap_stack
                0x30000048      0x600
                0x30000048                        . = ALIGN (0x8)
                [!provide]                        PROVIDE (end = .)
                0x30000048                        PROVIDE (_end = .)
                0x30000248                        . = (. + _Min_Heap_Size)
 *fill*         0x30000048      0x200 
                0x30000648                        . = (. + _Min_Stack_Size)
 *fill*         0x30000248      0x400 
                0x30000648                        . = ALIGN (0x8)

/DISCARD/
 libc.a(*)
 libm.a(*)
 libgcc.a(*)

.ARM.attributes
                0x00000000       0x36
 *(.ARM.attributes)
 .ARM.attributes
                0x00000000       0x26 C:/ST/STM32CubeIDE_1.19.0/STM32CubeIDE/plugins/com.st.stm32cube.ide.mcu.externaltools.gnu-tools-for-stm32.14.3.rel1.win32_1.0.100.202602081740/tools/bin/../lib/gcc/arm-none-eabi/14.3.1/thumb/v8-m.main+fp/hard/crti.o
 .ARM.attributes
                0x00000026       0x38 C:/ST/STM32CubeIDE_1.19.0/STM32CubeIDE/plugins/com.st.stm32cube.ide.mcu.externaltools.gnu-tools-for-stm32.14.3.rel1.win32_1.0.100.202602081740/tools/bin/../lib/gcc/arm-none-eabi/14.3.1/thumb/v8-m.main+fp/hard/crtbegin.o
 .ARM.attributes
                0x0000005e       0x3a ./Core/Src/main.o
 .ARM.attributes
                0x00000098       0x3a ./Core/Src/stm32u5xx_hal_msp.o
 .ARM.attributes
                0x000000d2       0x3a ./Core/Src/stm32u5xx_it.o
 .ARM.attributes
                0x0000010c       0x3a ./Core/Src/system_stm32u5xx_s.o
 .ARM.attributes
                0x00000146       0x24 ./Core/Startup/startup_stm32u535cctx.o
 .ARM.attributes
                0x0000016a       0x3a ./Drivers/STM32U5xx_HAL_Driver/stm32u5xx_hal.o
 .ARM.attributes
                0x000001a4       0x3a ./Drivers/STM32U5xx_HAL_Driver/stm32u5xx_hal_cortex.o
 .ARM.attributes
                0x000001de       0x3a ./Drivers/STM32U5xx_HAL_Driver/stm32u5xx_hal_gpio.o
 .ARM.attributes
                0x00000218       0x3a ./Drivers/STM32U5xx_HAL_Driver/stm32u5xx_hal_gtzc.o
 .ARM.attributes
                0x00000252       0x3a ./Drivers/STM32U5xx_HAL_Driver/stm32u5xx_hal_pwr_ex.o
 .ARM.attributes
                0x0000028c       0x3a ./Drivers/STM32U5xx_HAL_Driver/stm32u5xx_hal_rcc.o
 .ARM.attributes
                0x000002c6       0x3a ./Drivers/STM32U5xx_HAL_Driver/stm32u5xx_hal_rcc_ex.o
 .ARM.attributes
                0x00000300       0x3a ./Drivers/STM32U5xx_HAL_Driver/stm32u5xx_hal_rng.o
 .ARM.attributes
                0x0000033a       0x38 C:/ST/STM32CubeIDE_1.19.0/STM32CubeIDE/plugins/com.st.stm32cube.ide.mcu.externaltools.gnu-tools-for-stm32.14.3.rel1.win32_1.0.100.202602081740/tools/bin/../lib/gcc/arm-none-eabi/14.3.1/../../../../arm-none-eabi/lib/thumb/v8-m.main+fp/hard\libc_nano.a(libc_a-memset.o)
 .ARM.attributes
                0x00000372       0x38 C:/ST/STM32CubeIDE_1.19.0/STM32CubeIDE/plugins/com.st.stm32cube.ide.mcu.externaltools.gnu-tools-for-stm32.14.3.rel1.win32_1.0.100.202602081740/tools/bin/../lib/gcc/arm-none-eabi/14.3.1/../../../../arm-none-eabi/lib/thumb/v8-m.main+fp/hard\libc_nano.a(libc_a-init.o)
 .ARM.attributes
                0x000003aa       0x24 C:/ST/STM32CubeIDE_1.19.0/STM32CubeIDE/plugins/com.st.stm32cube.ide.mcu.externaltools.gnu-tools-for-stm32.14.3.rel1.win32_1.0.100.202602081740/tools/bin/../lib/gcc/arm-none-eabi/14.3.1/thumb/v8-m.main+fp/hard\libgcc.a(cmse_nonsecure_call.o)
 .ARM.attributes
                0x000003ce       0x26 C:/ST/STM32CubeIDE_1.19.0/STM32CubeIDE/plugins/com.st.stm32cube.ide.mcu.externaltools.gnu-tools-for-stm32.14.3.rel1.win32_1.0.100.202602081740/tools/bin/../lib/gcc/arm-none-eabi/14.3.1/thumb/v8-m.main+fp/hard/crtn.o
OUTPUT(test_Secure.elf elf32-littlearm)
LOAD linker stubs
LOAD C:/ST/STM32CubeIDE_1.19.0/STM32CubeIDE/plugins/com.st.stm32cube.ide.mcu.externaltools.gnu-tools-for-stm32.14.3.rel1.win32_1.0.100.202602081740/tools/bin/../lib/gcc/arm-none-eabi/14.3.1/../../../../arm-none-eabi/lib/thumb/v8-m.main+fp/hard\libc.a
LOAD C:/ST/STM32CubeIDE_1.19.0/STM32CubeIDE/plugins/com.st.stm32cube.ide.mcu.externaltools.gnu-tools-for-stm32.14.3.rel1.win32_1.0.100.202602081740/tools/bin/../lib/gcc/arm-none-eabi/14.3.1/../../../../arm-none-eabi/lib/thumb/v8-m.main+fp/hard\libm.a
LOAD C:/ST/STM32CubeIDE_1.19.0/STM32CubeIDE/plugins/com.st.stm32cube.ide.mcu.externaltools.gnu-tools-for-stm32.14.3.rel1.win32_1.0.100.202602081740/tools/bin/../lib/gcc/arm-none-eabi/14.3.1/thumb/v8-m.main+fp/hard\libgcc.a

.comment        0x00000000       0x43
 .comment       0x00000000       0x43 ./Core/Src/main.o
                                 0x44 (size before relaxing)
 .comment       0x00000043       0x44 ./Core/Src/stm32u5xx_hal_msp.o
 .comment       0x00000043       0x44 ./Core/Src/stm32u5xx_it.o
 .comment       0x00000043       0x44 ./Core/Src/system_stm32u5xx_s.o
 .comment       0x00000043       0x44 ./Drivers/STM32U5xx_HAL_Driver/stm32u5xx_hal.o
 .comment       0x00000043       0x44 ./Drivers/STM32U5xx_HAL_Driver/stm32u5xx_hal_cortex.o
 .comment       0x00000043       0x44 ./Drivers/STM32U5xx_HAL_Driver/stm32u5xx_hal_gpio.o
 .comment       0x00000043       0x44 ./Drivers/STM32U5xx_HAL_Driver/stm32u5xx_hal_gtzc.o
 .comment       0x00000043       0x44 ./Drivers/STM32U5xx_HAL_Driver/stm32u5xx_hal_pwr_ex.o
 .comment       0x00000043       0x44 ./Drivers/STM32U5xx_HAL_Driver/stm32u5xx_hal_rcc.o
 .comment       0x00000043       0x44 ./Drivers/STM32U5xx_HAL_Driver/stm32u5xx_hal_rcc_ex.o
 .comment       0x00000043       0x44 ./Drivers/STM32U5xx_HAL_Driver/stm32u5xx_hal_rng.o

.debug_frame    0x00000000       0x4c
 .debug_frame   0x00000000       0x20 C:/ST/STM32CubeIDE_1.19.0/STM32CubeIDE/plugins/com.st.stm32cube.ide.mcu.externaltools.gnu-tools-for-stm32.14.3.rel1.win32_1.0.100.202602081740/tools/bin/../lib/gcc/arm-none-eabi/14.3.1/../../../../arm-none-eabi/lib/thumb/v8-m.main+fp/hard\libc_nano.a(libc_a-memset.o)
 .debug_frame   0x00000020       0x2c C:/ST/STM32CubeIDE_1.19.0/STM32CubeIDE/plugins/com.st.stm32cube.ide.mcu.externaltools.gnu-tools-for-stm32.14.3.rel1.win32_1.0.100.202602081740/tools/bin/../lib/gcc/arm-none-eabi/14.3.1/../../../../arm-none-eabi/lib/thumb/v8-m.main+fp/hard\libc_nano.a(libc_a-init.o)
