../Core/Src/../../../Drivers/STM32U5xx_HAL_Driver/Src/stm32u5xx_hal_spi.c:3769:13:SPI_RxISR_16BIT	0	static
../Core/Src/../../../Drivers/STM32U5xx_HAL_Driver/Src/stm32u5xx_hal_spi.c:3797:13:SPI_RxISR_32BIT	0	static
../Core/Src/../../../Drivers/STM32U5xx_HAL_Driver/Src/stm32u5xx_hal_spi.c:3894:13:SPI_AbortTransfer	0	static
../Core/Src/../../../Drivers/STM32U5xx_HAL_Driver/Src/stm32u5xx_hal_spi.c:3933:13:SPI_CloseTransfer	0	static
../Core/Src/../../../libtropic/src/lt_l3_process.c:24:17:lt_l3_nonce_increase	0	static
../Core/Src/../../../libtropic/src/libtropic_l3.c:497:13:conf_addr_valid	0	static
../Core/Src/../../../libtropic/src/lt_asn1_der.c:57:17:consume_bytes	16	static
../Core/Src/../../../Drivers/STM32U5xx_HAL_Driver/Src/stm32u5xx_hal_spi.c:3747:13:SPI_RxISR_8BIT	0	static
../Core/Src/../../../Drivers/STM32U5xx_HAL_Driver/Src/stm32u5xx_hal_spi.c:3819:13:SPI_TxISR_8BIT	0	static
../Core/Src/../../../Drivers/STM32U5xx_HAL_Driver/Src/stm32u5xx_hal_spi.c:3842:13:SPI_TxISR_16BIT	0	static
../Core/Src/../../../Drivers/STM32U5xx_HAL_Driver/Src/stm32u5xx_hal_spi.c:3871:13:SPI_TxISR_32BIT	0	static
../Core/Src/../../../libtropic/src/lt_asn1_der.c:140:17:parse_object	32	dynamic
../Core/Src/../../../libtropic/cal/wolfcrypt/lt_wolfcrypt_aesgcm.c:62:17:lt_aesgcm_deinit.isra	8	static
../Core/Src/se_tropic_port_stm32.c:29:6:se_tropic_port_hw_init	8	static
../Core/Src/se_tropic_port_stm32.c:42:10:se_tropic_port_attach	16	static
../Core/Src/se_tropic_port_stm32.c:66:6:se_tropic_log	176	static
../Core/Src/se_tropic_port_stm32.c:80:10:se_tropic_port_device_aead_key	32	static
../Core/Src/se_tropic_port_stm32.c:92:16:se_tropic_port_mlkem_pk	0	static
../Core/Src/se_tropic_port_stm32.c:97:14:se_tropic_port_mlkem_pk_len	0	static
../Core/Src/se_tropic_port_stm32.c:102:6:se_tropic_port_print_chip_id	0	static
../Core/Src/se_tropic_port_stm32.c:116:10:se_tropic_port_nv_raw_read	8	static
../Core/Src/se_tropic_port_stm32.c:125:10:se_tropic_port_nv_raw_write	72	static
../Core/Src/se_tropic_port_stm32.c:178:10:se_tropic_port_nv_random	24	static
../Core/Src/../../../Drivers/STM32U5xx_HAL_Driver/Src/stm32u5xx_hal_spi.c:547:13:HAL_SPI_MspInit	0	static
../Core/Src/../../../Drivers/STM32U5xx_HAL_Driver/Src/stm32u5xx_hal_spi.c:239:19:HAL_SPI_Init	24	static
../Core/Src/../../../Drivers/STM32U5xx_HAL_Driver/Src/stm32u5xx_hal_spi.c:563:13:HAL_SPI_MspDeInit	0	static
../Core/Src/../../../Drivers/STM32U5xx_HAL_Driver/Src/stm32u5xx_hal_spi.c:503:19:HAL_SPI_DeInit	8	static
../Core/Src/../../../Drivers/STM32U5xx_HAL_Driver/Src/stm32u5xx_hal_spi.c:838:19:HAL_SPI_Transmit	32	static
../Core/Src/../../../Drivers/STM32U5xx_HAL_Driver/Src/stm32u5xx_hal_spi.c:1072:19:HAL_SPI_Receive	32	static
../Core/Src/../../../Drivers/STM32U5xx_HAL_Driver/Src/stm32u5xx_hal_spi.c:1379:19:HAL_SPI_TransmitReceive	40	static
../Core/Src/../../../Drivers/STM32U5xx_HAL_Driver/Src/stm32u5xx_hal_spi.c:1716:19:HAL_SPI_Transmit_IT	12	static
../Core/Src/../../../Drivers/STM32U5xx_HAL_Driver/Src/stm32u5xx_hal_spi.c:1810:19:HAL_SPI_Receive_IT	12	static
../Core/Src/../../../Drivers/STM32U5xx_HAL_Driver/Src/stm32u5xx_hal_spi.c:1909:19:HAL_SPI_TransmitReceive_IT	12	static
../Core/Src/../../../Drivers/STM32U5xx_HAL_Driver/Src/stm32u5xx_hal_spi.c:2039:19:HAL_SPI_Transmit_DMA	24	static
../Core/Src/../../../Drivers/STM32U5xx_HAL_Driver/Src/stm32u5xx_hal_spi.c:2235:19:HAL_SPI_Receive_DMA	16	static
../Core/Src/../../../Drivers/STM32U5xx_HAL_Driver/Src/stm32u5xx_hal_spi.c:2433:19:HAL_SPI_TransmitReceive_DMA	24	static
../Core/Src/../../../Drivers/STM32U5xx_HAL_Driver/Src/stm32u5xx_hal_spi.c:2708:19:HAL_SPI_Abort	16	static
../Core/Src/../../../Drivers/STM32U5xx_HAL_Driver/Src/stm32u5xx_hal_spi.c:2996:19:HAL_SPI_DMAPause	0	static
../Core/Src/../../../Drivers/STM32U5xx_HAL_Driver/Src/stm32u5xx_hal_spi.c:3011:19:HAL_SPI_DMAResume	0	static
../Core/Src/../../../Drivers/STM32U5xx_HAL_Driver/Src/stm32u5xx_hal_spi.c:3026:19:HAL_SPI_DMAStop	0	static
../Core/Src/../../../Drivers/STM32U5xx_HAL_Driver/Src/stm32u5xx_hal_spi.c:3285:13:HAL_SPI_TxCpltCallback	0	static
../Core/Src/../../../Drivers/STM32U5xx_HAL_Driver/Src/stm32u5xx_hal_spi.c:3486:13:SPI_DMATransmitCplt	8	static
../Core/Src/../../../Drivers/STM32U5xx_HAL_Driver/Src/stm32u5xx_hal_spi.c:3301:13:HAL_SPI_RxCpltCallback	0	static
../Core/Src/../../../Drivers/STM32U5xx_HAL_Driver/Src/stm32u5xx_hal_spi.c:3514:13:SPI_DMAReceiveCplt	8	static
../Core/Src/../../../Drivers/STM32U5xx_HAL_Driver/Src/stm32u5xx_hal_spi.c:3317:13:HAL_SPI_TxRxCpltCallback	0	static
../Core/Src/../../../Drivers/STM32U5xx_HAL_Driver/Src/stm32u5xx_hal_spi.c:3542:13:SPI_DMATransmitReceiveCplt	8	static
../Core/Src/../../../Drivers/STM32U5xx_HAL_Driver/Src/stm32u5xx_hal_spi.c:3333:13:HAL_SPI_TxHalfCpltCallback	0	static
../Core/Src/../../../Drivers/STM32U5xx_HAL_Driver/Src/stm32u5xx_hal_spi.c:3571:13:SPI_DMAHalfTransmitCplt	8	static
../Core/Src/../../../Drivers/STM32U5xx_HAL_Driver/Src/stm32u5xx_hal_spi.c:3349:13:HAL_SPI_RxHalfCpltCallback	0	static
../Core/Src/../../../Drivers/STM32U5xx_HAL_Driver/Src/stm32u5xx_hal_spi.c:3589:13:SPI_DMAHalfReceiveCplt	8	static
../Core/Src/../../../Drivers/STM32U5xx_HAL_Driver/Src/stm32u5xx_hal_spi.c:3365:13:HAL_SPI_TxRxHalfCpltCallback	0	static
../Core/Src/../../../Drivers/STM32U5xx_HAL_Driver/Src/stm32u5xx_hal_spi.c:3607:13:SPI_DMAHalfTransmitReceiveCplt	8	static
../Core/Src/../../../Drivers/STM32U5xx_HAL_Driver/Src/stm32u5xx_hal_spi.c:3381:13:HAL_SPI_ErrorCallback	0	static
../Core/Src/../../../Drivers/STM32U5xx_HAL_Driver/Src/stm32u5xx_hal_spi.c:3625:13:SPI_DMAError	8	static
../Core/Src/../../../Drivers/STM32U5xx_HAL_Driver/Src/stm32u5xx_hal_spi.c:3651:13:SPI_DMAAbortOnError	8	static
../Core/Src/../../../Drivers/STM32U5xx_HAL_Driver/Src/stm32u5xx_hal_spi.c:3399:13:HAL_SPI_AbortCpltCallback	0	static
../Core/Src/../../../Drivers/STM32U5xx_HAL_Driver/Src/stm32u5xx_hal_spi.c:2841:19:HAL_SPI_Abort_IT	24	static
../Core/Src/../../../Drivers/STM32U5xx_HAL_Driver/Src/stm32u5xx_hal_spi.c:3675:13:SPI_DMATxAbortCallback	8	static
../Core/Src/../../../Drivers/STM32U5xx_HAL_Driver/Src/stm32u5xx_hal_spi.c:3712:13:SPI_DMARxAbortCallback	8	static
../Core/Src/../../../Drivers/STM32U5xx_HAL_Driver/Src/stm32u5xx_hal_spi.c:3414:13:HAL_SPI_SuspendCallback	0	static
../Core/Src/../../../Drivers/STM32U5xx_HAL_Driver/Src/stm32u5xx_hal_spi.c:3040:6:HAL_SPI_IRQHandler	32	static
../Core/Src/../../../Drivers/STM32U5xx_HAL_Driver/Src/stm32u5xx_hal_spi.c:3449:22:HAL_SPI_GetState	0	static
../Core/Src/../../../Drivers/STM32U5xx_HAL_Driver/Src/stm32u5xx_hal_spi.c:3461:10:HAL_SPI_GetError	0	static
../Core/Src/../../../Drivers/STM32U5xx_HAL_Driver/Src/stm32u5xx_hal_spi_ex.c:74:19:HAL_SPIEx_FlushRxFifo	32	static
../Core/Src/../../../Drivers/STM32U5xx_HAL_Driver/Src/stm32u5xx_hal_spi_ex.c:113:19:HAL_SPIEx_EnableLockConfiguration	0	static
../Core/Src/../../../Drivers/STM32U5xx_HAL_Driver/Src/stm32u5xx_hal_spi_ex.c:162:19:HAL_SPIEx_ConfigureUnderrun	0	static
../Core/Src/../../../Drivers/STM32U5xx_HAL_Driver/Src/stm32u5xx_hal_spi_ex.c:219:19:HAL_SPIEx_SetConfigAutonomousMode	12	static
../Core/Src/../../../Drivers/STM32U5xx_HAL_Driver/Src/stm32u5xx_hal_spi_ex.c:262:19:HAL_SPIEx_GetConfigAutonomousMode	8	static
../Core/Src/../../../Drivers/STM32U5xx_HAL_Driver/Src/stm32u5xx_hal_spi_ex.c:296:19:HAL_SPIEx_ClearConfigAutonomousMode	8	static
../Core/Src/../../../libtropic/src/libtropic_secure_memzero.c:24:6:lt_secure_memzero	0	static
../Core/Src/../../../libtropic/src/lt_crc16.c:45:10:crc16	12	static
../Core/Src/../../../libtropic/src/lt_crc16.c:58:6:add_crc	16	static
../Core/Src/../../../libtropic/src/lt_port_wrap.c:68:10:lt_l1_delay	8	static
../Core/Src/../../../libtropic/src/lt_l2_frame_check.c:14:10:lt_l2_frame_check	16	static
../Core/Src/../../../libtropic/src/lt_asn1_der.c:274:10:asn1der_find_object	32	static
../Core/Src/../../../libtropic/src/libtropic.c:299:10:lt_get_st_pub	16	static
../Core/Src/../../../libtropic/src/libtropic.c:1507:13:lt_ret_verbose	0	static
../Core/Src/../../../libtropic/src/libtropic.c:1691:10:lt_print_bytes	32	static
../Core/Src/../../../libtropic/src/libtropic.c:1726:10:lt_print_chip_id	88	static
../Core/Src/../../../libtropic/cal/wolfcrypt/lt_wolfcrypt_common.c:16:10:lt_crypto_ctx_init	0	static
../Core/Src/../../../libtropic/cal/wolfcrypt/lt_wolfcrypt_common.c:26:10:lt_crypto_ctx_deinit	8	static
../Core/Src/../../../libtropic/src/lt_l3_process.c:47:6:lt_l3_invalidate_host_session_data	8	static
../Core/Src/../../../libtropic/cal/wolfcrypt/lt_wolfcrypt_sha256.c:19:10:lt_sha256_init	8	static
../Core/Src/../../../libtropic/cal/wolfcrypt/lt_wolfcrypt_sha256.c:32:10:lt_sha256_start	0	static
../Core/Src/../../../libtropic/cal/wolfcrypt/lt_wolfcrypt_sha256.c:40:10:lt_sha256_update	8	static
../Core/Src/../../../libtropic/cal/wolfcrypt/lt_wolfcrypt_sha256.c:53:10:lt_sha256_finish	8	static
../Core/Src/../../../libtropic/cal/wolfcrypt/lt_wolfcrypt_sha256.c:67:10:lt_sha256_deinit	8	static
../Core/Src/../../../libtropic/cal/wolfcrypt/lt_wolfcrypt_hmac_sha256.c:17:10:lt_hmac_sha256	792	static
../Core/Src/../../../libtropic/src/lt_hkdf.c:18:10:lt_hkdf	112	static
../Core/Src/../../../libtropic/cal/wolfcrypt/lt_wolfcrypt_aesgcm.c:72:10:lt_aesgcm_encrypt_init	16	static
../Core/Src/../../../libtropic/cal/wolfcrypt/lt_wolfcrypt_aesgcm.c:82:10:lt_aesgcm_decrypt_init	24	static
../Core/Src/../../../libtropic/cal/wolfcrypt/lt_wolfcrypt_aesgcm.c:92:10:lt_aesgcm_encrypt	40	static
../Core/Src/../../../libtropic/src/lt_l3_process.c:66:10:lt_l3_encrypt_request	40	static
../Core/Src/../../../libtropic/src/libtropic_l3.c:302:10:lt_out__ping	16	static
../Core/Src/../../../libtropic/src/libtropic_l3.c:350:10:lt_out__pairing_key_write	4	static
../Core/Src/../../../libtropic/src/libtropic_l3.c:400:10:lt_out__pairing_key_read	0	static
../Core/Src/../../../libtropic/src/libtropic_l3.c:448:10:lt_out__pairing_key_invalidate	0	static
../Core/Src/../../../libtropic/src/libtropic_l3.c:534:10:lt_out__r_config_write	8	static
../Core/Src/../../../libtropic/src/libtropic_l3.c:582:10:lt_out__r_config_read	8	static
../Core/Src/../../../libtropic/src/libtropic_l3.c:630:10:lt_out__r_config_erase	0	static
../Core/Src/../../../libtropic/src/libtropic_l3.c:675:10:lt_out__i_config_write	8	static
../Core/Src/../../../libtropic/src/libtropic_l3.c:723:10:lt_out__i_config_read	8	static
../Core/Src/../../../libtropic/src/libtropic_l3.c:771:10:lt_out__r_mem_data_write	16	static
../Core/Src/../../../libtropic/src/libtropic_l3.c:821:10:lt_out__r_mem_data_read	0	static
../Core/Src/../../../libtropic/src/libtropic_l3.c:884:10:lt_out__r_mem_data_erase	0	static
../Core/Src/../../../libtropic/src/libtropic_l3.c:930:10:lt_out__random_value_get	0	static
../Core/Src/../../../libtropic/src/libtropic_l3.c:983:10:lt_out__ecc_key_generate	0	static
../Core/Src/../../../libtropic/src/libtropic_l3.c:1032:10:lt_out__ecc_key_store	4	static
../Core/Src/../../../libtropic/src/libtropic_l3.c:1082:10:lt_out__ecc_key_read	0	static
../Core/Src/../../../libtropic/src/libtropic_l3.c:1164:10:lt_out__ecc_key_erase	0	static
../Core/Src/../../../libtropic/src/libtropic_l3.c:1210:10:lt_out__ecc_ecdsa_sign	4	static
../Core/Src/../../../libtropic/src/libtropic_l3.c:1262:10:lt_out__ecc_eddsa_sign	16	static
../Core/Src/../../../libtropic/src/libtropic_l3.c:1314:10:lt_out__mcounter_init	0	static
../Core/Src/../../../libtropic/src/libtropic_l3.c:1362:10:lt_out__mcounter_update	0	static
../Core/Src/../../../libtropic/src/libtropic_l3.c:1408:10:lt_out__mcounter_get	0	static
../Core/Src/../../../libtropic/src/libtropic_l3.c:1456:10:lt_out__mac_and_destroy	4	static
../Core/Src/../../../libtropic/cal/wolfcrypt/lt_wolfcrypt_aesgcm.c:110:10:lt_aesgcm_decrypt	40	static
../Core/Src/../../../libtropic/src/lt_l3_process.c:89:10:lt_l3_decrypt_response	40	static
../Core/Src/../../../libtropic/src/libtropic_l3.c:322:10:lt_in__ping	24	static
../Core/Src/../../../libtropic/src/libtropic_l3.c:373:10:lt_in__pairing_key_write	16	static
../Core/Src/../../../libtropic/src/libtropic_l3.c:420:10:lt_in__pairing_key_read	16	static
../Core/Src/../../../libtropic/src/libtropic_l3.c:470:10:lt_in__pairing_key_invalidate	16	static
../Core/Src/../../../libtropic/src/libtropic_l3.c:556:10:lt_in__r_config_write	16	static
../Core/Src/../../../libtropic/src/libtropic_l3.c:602:10:lt_in__r_config_read	16	static
../Core/Src/../../../libtropic/src/libtropic_l3.c:649:10:lt_in__r_config_erase	16	static
../Core/Src/../../../libtropic/src/libtropic_l3.c:697:10:lt_in__i_config_write	16	static
../Core/Src/../../../libtropic/src/libtropic_l3.c:743:10:lt_in__i_config_read	16	static
../Core/Src/../../../libtropic/src/libtropic_l3.c:795:10:lt_in__r_mem_data_write	16	static
../Core/Src/../../../libtropic/src/libtropic_l3.c:841:10:lt_in__r_mem_data_read	32	static
../Core/Src/../../../libtropic/src/libtropic_l3.c:904:10:lt_in__r_mem_data_erase	16	static
../Core/Src/../../../libtropic/src/libtropic_l3.c:950:10:lt_in__random_value_get	24	static
../Core/Src/../../../libtropic/src/libtropic_l3.c:1006:10:lt_in__ecc_key_generate	16	static
../Core/Src/../../../libtropic/src/libtropic_l3.c:1056:10:lt_in__ecc_key_store	16	static
../Core/Src/../../../libtropic/src/libtropic_l3.c:1102:10:lt_in__ecc_key_read	32	static
../Core/Src/../../../libtropic/src/libtropic_l3.c:1184:10:lt_in__ecc_key_erase	16	static
../Core/Src/../../../libtropic/src/libtropic_l3.c:1233:10:lt_in__ecc_ecdsa_sign	16	static
../Core/Src/../../../libtropic/src/libtropic_l3.c:1285:10:lt_in__ecc_eddsa_sign	16	static
../Core/Src/../../../libtropic/src/libtropic_l3.c:1336:10:lt_in__mcounter_init	16	static
../Core/Src/../../../libtropic/src/libtropic_l3.c:1382:10:lt_in__mcounter_update	16	static
../Core/Src/../../../libtropic/src/libtropic_l3.c:1428:10:lt_in__mcounter_get	16	static
../Core/Src/../../../libtropic/src/libtropic_l3.c:1478:10:lt_in__mac_and_destroy	16	static
../Core/Src/../../../libtropic/cal/wolfcrypt/lt_wolfcrypt_aesgcm.c:128:10:lt_aesgcm_encrypt_deinit	8	static
../Core/Src/../../../libtropic/cal/wolfcrypt/lt_wolfcrypt_aesgcm.c:135:10:lt_aesgcm_decrypt_deinit	8	static
../Core/Src/../../../libtropic/cal/wolfcrypt/lt_wolfcrypt_x25519.c:20:10:lt_X25519	208	static
../Core/Src/../../../libtropic/src/libtropic_l3.c:68:10:lt_in__session_start	336	static
../Core/Src/../../../libtropic/cal/wolfcrypt/lt_wolfcrypt_x25519.c:110:10:lt_X25519_scalarmult	104	static
../Core/Src/../../../libtropic/hal/stm32/stm32u5xx/libtropic_port_stm32u5xx.c:25:10:lt_port_random_bytes	32	static
../Core/Src/../../../libtropic/src/lt_port_wrap.c:91:10:lt_random_bytes	0	static
../Core/Src/../../../libtropic/src/libtropic_l3.c:32:10:lt_out__session_start	24	static
../Core/Src/../../../libtropic/hal/stm32/stm32u5xx/libtropic_port_stm32u5xx.c:51:10:lt_port_spi_csn_low	16	static
../Core/Src/../../../libtropic/src/lt_port_wrap.c:38:10:lt_l1_spi_csn_low	0	static
../Core/Src/../../../libtropic/hal/stm32/stm32u5xx/libtropic_port_stm32u5xx.c:68:10:lt_port_spi_csn_high	16	static
../Core/Src/../../../libtropic/src/lt_port_wrap.c:48:10:lt_l1_spi_csn_high	0	static
../Core/Src/../../../libtropic/hal/stm32/stm32u5xx/libtropic_port_stm32u5xx.c:85:10:lt_port_init	48	static
../Core/Src/../../../libtropic/src/lt_port_wrap.c:18:10:lt_l1_init	0	static
../Core/Src/../../../libtropic/hal/stm32/stm32u5xx/libtropic_port_stm32u5xx.c:153:10:lt_port_deinit	8	static
../Core/Src/../../../libtropic/src/lt_port_wrap.c:28:10:lt_l1_deinit	0	static
../Core/Src/../../../libtropic/src/libtropic.c:118:10:lt_deinit	8	static
../Core/Src/../../../libtropic/hal/stm32/stm32u5xx/libtropic_port_stm32u5xx.c:167:10:lt_port_spi_transfer	16	static
../Core/Src/../../../libtropic/src/lt_port_wrap.c:58:10:lt_l1_spi_transfer	0	static
../Core/Src/../../../libtropic/src/lt_l1.c:178:10:lt_l1_write	16	static
../Core/Src/../../../libtropic/src/libtropic_l2.c:28:10:lt_l2_send	8	static
../Core/Src/../../../libtropic/src/libtropic.c:134:10:lt_get_tr01_mode	24	static
../Core/Src/../../../libtropic/src/lt_l1.c:43:10:lt_l1_read	24	static
../Core/Src/../../../libtropic/src/libtropic_l2.c:41:10:lt_l2_resend_response	8	static
../Core/Src/../../../libtropic/src/libtropic_l2.c:61:10:lt_l2_receive	8	static
../Core/Src/../../../libtropic/src/libtropic_l2.c:88:10:lt_l2_transfer	280	static
../Core/Src/../../../libtropic/src/libtropic.c:312:10:lt_get_info_chip_id	16	static
../Core/Src/../../../libtropic/src/libtropic.c:343:10:lt_get_info_riscv_fw_ver	16	static
../Core/Src/../../../libtropic/src/lt_tr01_attrs.c:19:10:lt_init_tr01_attrs	16	static
../Core/Src/../../../libtropic/src/libtropic.c:373:10:lt_get_info_spect_fw_ver	16	static
../Core/Src/../../../libtropic/src/libtropic.c:403:10:lt_get_info_fw_bank	24	static
../Core/Src/../../../libtropic/src/libtropic.c:1987:17:validate_fw_ver_in_bank	72	static
../Core/Src/../../../libtropic/src/libtropic.c:2165:10:lt_print_fw_header	176	static
../Core/Src/../../../libtropic/src/libtropic.c:445:10:lt_session_start	104	static
../Core/Src/../../../libtropic/src/libtropic.c:478:10:lt_session_abort	8	static
../Core/Src/../../../libtropic/src/libtropic.c:508:10:lt_sleep	8	static
../Core/Src/../../../libtropic/src/libtropic.c:671:10:lt_mutable_fw_update	16	static
../Core/Src/../../../libtropic/src/libtropic.c:712:10:lt_mutable_fw_update_data	32	static
../Core/Src/../../../libtropic/src/libtropic.c:1922:17:update_mutable_fw_bank.isra	16	static
../Core/Src/../../../libtropic/src/libtropic.c:762:10:lt_get_log_req	24	static
../Core/Src/../../../libtropic/src/libtropic.c:184:10:lt_get_info_cert_store	64	static
../Core/Src/../../../libtropic/src/libtropic.c:1628:10:lt_verify_chip_and_start_secure_session	3056	static
../Core/Src/../../../libtropic/src/libtropic.c:535:10:lt_reboot	24	static
../Core/Src/../../../libtropic/src/libtropic.c:39:10:lt_init	24	static
../Core/Src/../../../libtropic/src/libtropic.c:2024:10:lt_do_mutable_fw_update	32	static
../Core/Src/../../../libtropic/src/libtropic_l2.c:150:10:lt_l2_send_encrypted_cmd	56	static
../Core/Src/../../../libtropic/src/libtropic_l2.c:278:10:lt_l2_recv_encrypted_res	40	static
../Core/Src/../../../libtropic/src/libtropic.c:794:10:lt_ping	24	static
../Core/Src/../../../libtropic/src/libtropic.c:822:10:lt_pairing_key_write	16	static
../Core/Src/../../../libtropic/src/libtropic.c:850:10:lt_pairing_key_read	24	static
../Core/Src/../../../libtropic/src/libtropic.c:878:10:lt_pairing_key_invalidate	16	static
../Core/Src/../../../libtropic/src/libtropic.c:906:10:lt_r_config_write	16	static
../Core/Src/../../../libtropic/src/libtropic.c:1566:10:lt_write_whole_R_config	24	static
../Core/Src/../../../libtropic/src/libtropic.c:934:10:lt_r_config_read	24	static
../Core/Src/../../../libtropic/src/libtropic.c:1548:10:lt_read_whole_R_config	24	static
../Core/Src/../../../libtropic/src/libtropic.c:962:10:lt_r_config_erase	16	static
../Core/Src/../../../libtropic/src/libtropic.c:990:10:lt_i_config_write	16	static
../Core/Src/../../../libtropic/src/libtropic.c:1602:10:lt_write_whole_I_config	48	static
../Core/Src/../../../libtropic/src/libtropic.c:1019:10:lt_i_config_read	24	static
../Core/Src/../../../libtropic/src/libtropic.c:1584:10:lt_read_whole_I_config	24	static
../Core/Src/../../../libtropic/src/libtropic.c:1047:10:lt_r_mem_data_write	24	static
../Core/Src/../../../libtropic/src/libtropic.c:1078:10:lt_r_mem_data_read	32	static
../Core/Src/../../../libtropic/src/libtropic.c:1111:10:lt_r_mem_data_erase	16	static
../Core/Src/../../../libtropic/src/libtropic.c:1139:10:lt_random_value_get	24	static
../Core/Src/../../../libtropic/src/libtropic.c:1167:10:lt_ecc_key_generate	16	static
../Core/Src/../../../libtropic/src/libtropic.c:1196:10:lt_ecc_key_store	24	static
../Core/Src/../../../libtropic/src/libtropic.c:1225:10:lt_ecc_key_read	32	static
../Core/Src/../../../libtropic/src/libtropic.c:1255:10:lt_ecc_key_erase	16	static
../Core/Src/../../../libtropic/src/libtropic.c:1283:10:lt_ecc_ecdsa_sign	24	static
../Core/Src/../../../libtropic/src/libtropic.c:1314:10:lt_ecc_eddsa_sign	24	static
../Core/Src/../../../libtropic/src/libtropic.c:1344:10:lt_mcounter_init	16	static
../Core/Src/../../../libtropic/src/libtropic.c:1373:10:lt_mcounter_update	16	static
../Core/Src/../../../libtropic/src/libtropic.c:1401:10:lt_mcounter_get	24	static
../Core/Src/../../../libtropic/src/libtropic.c:1430:10:lt_mac_and_destroy	24	static
../Core/Src/../../../libtropic/hal/stm32/stm32u5xx/libtropic_port_stm32u5xx.c:186:10:lt_port_delay	8	static
../Core/Src/../../../libtropic/hal/stm32/stm32u5xx/libtropic_port_stm32u5xx.c:214:5:lt_port_log	16	static
../Core/Src/../../../libtropic/src/lt_l1.c:213:10:lt_l1_retrieve_alarm_log	24	static
