../Core/Src/se_tropic_rmem.c:704:17:rmem_slot_has_data	504	static
../Core/Src/se_tropic_rmem.c:399:17:otp_dir_range.constprop	32	static
../Core/Src/se_tropic_rmem.c:451:17:qkd_cursor_advance_from_slot	24	static
../Core/Src/se_tropic_rmem.c:35:10:se_tropic_get_rmem_slot_max_size	0	static
../Core/Src/se_tropic_rmem.c:43:10:se_tropic_get_rmem_slot_plaintext_max_size	8	static
../Core/Src/se_tropic_rmem.c:53:5:se_tropic_slot_is_keystream	0	static
../Core/Src/se_tropic_rmem.c:64:10:se_tropic_get_slot_index_from_phys	0	static
../Core/Src/se_tropic_rmem.c:73:10:se_tropic_get_phys_from_slot_index	0	static
../Core/Src/se_tropic_rmem.c:110:10:se_tropic_encrypt_storage_blob	384	static
../Core/Src/se_tropic_rmem.c:153:10:se_tropic_decrypt_storage_blob	376	static
../Core/Src/se_tropic_rmem.c:214:10:se_tropic_get_pad_encryption_key	104	static
../Core/Src/se_tropic_rmem.c:273:10:se_tropic_encrypt_and_write_to_rmem	560	static
../Core/Src/se_tropic_rmem.c:319:10:se_tropic_read_and_decrypt_from_rmem	528	static
../Core/Src/se_tropic_rmem.c:345:10:se_tropic_encrypt_and_write_mcu_sealed_to_rmem	80	static
../Core/Src/se_tropic_rmem.c:362:10:se_tropic_read_and_decrypt_mcu_sealed_from_rmem	80	static
../Core/Src/se_tropic_rmem.c:474:10:se_tropic_qkd_provision_begin	16	static
../Core/Src/se_tropic_rmem.c:497:10:se_tropic_qkd_arm_halves	24	static
../Core/Src/se_tropic_rmem.c:533:10:se_tropic_qkd_cursor_init	4	static
../Core/Src/se_tropic_rmem.c:541:10:se_tropic_qkd_cursor_get	40	static
../Core/Src/se_tropic_rmem.c:575:10:se_tropic_qkd_cursor_advance	24	static
../Core/Src/se_tropic_rmem.c:593:10:se_tropic_kem_ct_write	168	static
../Core/Src/se_tropic_rmem.c:653:10:se_tropic_kem_ct_read	160	static
../Core/Src/se_tropic_rmem.c:721:10:se_tropic_qkd_store	24	static
../Core/Src/se_tropic_rmem.c:767:10:se_tropic_OTP_xor_consume	616	static
../Core/Src/se_tropic_rmem.c:840:6:se_tropic_otp_xor_close	8	static
../Core/Src/se_tropic_rmem.c:851:10:se_tropic_otp_xor_pad_max	0	static
../Core/Src/se_tropic_rmem.c:856:10:se_tropic_otp_xor_bytes_left	0	static
../Core/Src/se_tropic_rmem.c:861:10:se_tropic_otp_xor_pads_needed	0	static
../Core/Src/se_tropic_rmem.c:866:10:se_tropic_otp_xor_open	56	static
../Core/Src/se_tropic_rmem.c:932:10:se_tropic_otp_xor_pad	72	static
../Core/Src/se_tropic_rmem.c:1034:10:se_tropic_otp_xor_message	72	static
