../Core/Src/se_tropic.c:35:13:pairing_creds_load	88	static
../Core/Src/se_tropic.c:271:17:se_tropic_slot_occupied	88	static
../Core/Src/se_tropic.c:83:6:se_tropic_log_hex.part.0	120	static
../Core/Src/se_tropic.c:78:6:se_tropic_hw_init	0	static
../Core/Src/se_tropic.c:83:6:se_tropic_log_hex	16	static
../Core/Src/se_tropic.c:109:10:se_tropic_init_session	24	static
../Core/Src/se_tropic.c:150:6:se_tropic_deinit_session	8	static
../Core/Src/se_tropic.c:159:10:se_tropic_is_session_active	0	static
../Core/Src/se_tropic.c:164:10:se_tropic_ping	16	static
../Core/Src/se_tropic.c:212:10:se_tropic_info	184	static
../Core/Src/se_tropic.c:244:10:se_tropic_pub_read	96	static
../Core/Src/se_tropic.c:285:10:se_tropic_keygen_probe	8	static
../Core/Src/se_tropic.c:299:10:se_tropic_keygen_confirm	8	static
../Core/Src/se_tropic.c:322:10:se_tropic_sign_hash	24	static
../Core/Src/se_tropic.c:345:10:se_tropic_session_sign	0	static
../Core/Src/se_tropic.c:350:10:se_create_pairing_key_to_tropic	120	static
../Core/Src/se_tropic.c:426:10:se_tropic_pairing_pub_read	8	static
../Core/Src/se_tropic.c:439:14:se_tropic_handle	0	static
