../Core/Src/se_usb_tls.c:110:13:link_reset_flags	0	static
../Core/Src/se_usb_tls.c:56:12:rx_read.part.0	12	static
../Core/Src/se_usb_tls.c:71:12:tx_write	20	static
../Core/Src/se_usb_tls.c:183:6:se_usb_tls_clear_rings	8	static
../Core/Src/se_usb_tls.c:191:6:se_usb_tls_clear_rx	8	static
../Core/Src/se_usb_tls.c:197:6:se_usb_tls_end_tls_wire	8	static
../Core/Src/se_usb_tls.c:205:6:se_usb_tls_reset	8	static
../Core/Src/se_usb_tls.c:178:6:se_usb_tls_init	0	static
../Core/Src/se_usb_tls.c:213:6:se_usb_tls_set_active	0	static
../Core/Src/se_usb_tls.c:221:6:se_usb_tls_set_dtr	8	static
../Core/Src/se_usb_tls.c:237:5:se_usb_tls_rx_push	20	static
../Core/Src/se_usb_tls.c:248:5:se_usb_tls_tx_pop	16	static
../Core/Src/se_usb_tls.c:256:6:se_usb_debug_printf	208	static
../Core/Src/se_usb_tls.c:285:5:se_tls_embed_recv	24	static
../Core/Src/se_usb_tls.c:317:5:se_tls_embed_send	8	static
../Core/Src/se_usb_tls.c:355:6:se_usb_tls_service_once	32	static
