../../Middlewares/Third_Party/wolfSSL_wolfSSL_wolfSSL/wolfssl/wolfcrypt/src/misc.c:723:31:ctMaskNotEq	0	static
C:/tmp/test/Middlewares/Third_Party/wolfSSL_wolfSSL_wolfSSL/wolfssl/wolfcrypt/src/rsa.c:4906:12:RsaGetValue	24	static
C:/tmp/test/Middlewares/Third_Party/wolfSSL_wolfSSL_wolfSSL/wolfssl/wolfcrypt/src/rsa.c:5853:12:CalcDX	24	static
../../Middlewares/Third_Party/wolfSSL_wolfSSL_wolfSSL/wolfssl/wolfcrypt/src/misc.c:591:31:ForceZero	12	static
C:/tmp/test/Middlewares/Third_Party/wolfSSL_wolfSSL_wolfSSL/wolfssl/wolfcrypt/src/rsa.c:154:13:wc_RsaCleanup	8	static
C:/tmp/test/Middlewares/Third_Party/wolfSSL_wolfSSL_wolfSSL/wolfssl/wolfcrypt/src/rsa.c:1004:12:RsaMGF1.isra	144	static
../../Middlewares/Third_Party/wolfSSL_wolfSSL_wolfSSL/wolfssl/wolfcrypt/src/misc.c:513:31:xorbuf	20	static
C:/tmp/test/Middlewares/Third_Party/wolfSSL_wolfSSL_wolfSSL/wolfssl/wolfcrypt/src/rsa.c:1188:12:RsaMGF	32	static
C:/tmp/test/Middlewares/Third_Party/wolfSSL_wolfSSL_wolfSSL/wolfssl/wolfcrypt/src/rsa.c:282:5:wc_InitRsaKey_ex	24	static
C:/tmp/test/Middlewares/Third_Party/wolfSSL_wolfSSL_wolfSSL/wolfssl/wolfcrypt/src/rsa.c:244:9:wc_NewRsaKey	24	static
C:/tmp/test/Middlewares/Third_Party/wolfSSL_wolfSSL_wolfSSL/wolfssl/wolfcrypt/src/rsa.c:377:5:wc_InitRsaKey	0	static
C:/tmp/test/Middlewares/Third_Party/wolfSSL_wolfSSL_wolfSSL/wolfssl/wolfcrypt/src/rsa.c:647:5:wc_FreeRsaKey	8	static
C:/tmp/test/Middlewares/Third_Party/wolfSSL_wolfSSL_wolfSSL/wolfssl/wolfcrypt/src/rsa.c:266:5:wc_DeleteRsaKey	16	static
C:/tmp/test/Middlewares/Third_Party/wolfSSL_wolfSSL_wolfSSL/wolfssl/wolfcrypt/src/rsa.c:1687:5:wc_RsaPad_ex	128	static
C:/tmp/test/Middlewares/Third_Party/wolfSSL_wolfSSL_wolfSSL/wolfssl/wolfcrypt/src/rsa.c:2112:5:wc_RsaUnPad_ex	144	static
C:/tmp/test/Middlewares/Third_Party/wolfSSL_wolfSSL_wolfSSL/wolfssl/wolfcrypt/src/rsa.c:2179:5:wc_hash2mgf	0	static
C:/tmp/test/Middlewares/Third_Party/wolfSSL_wolfSSL_wolfSSL/wolfssl/wolfcrypt/src/rsa.c:3480:5:RsaFunctionCheckIn	32	static
C:/tmp/test/Middlewares/Third_Party/wolfSSL_wolfSSL_wolfSSL/wolfssl/wolfcrypt/src/rsa.c:4501:5:wc_RsaPSS_CheckPadding_ex2	176	static
C:/tmp/test/Middlewares/Third_Party/wolfSSL_wolfSSL_wolfSSL/wolfssl/wolfcrypt/src/rsa.c:4600:5:wc_RsaPSS_CheckPadding_ex	24	static
C:/tmp/test/Middlewares/Third_Party/wolfSSL_wolfSSL_wolfSSL/wolfssl/wolfcrypt/src/rsa.c:4476:5:wc_RsaPSS_CheckPadding	24	static
C:/tmp/test/Middlewares/Third_Party/wolfSSL_wolfSSL_wolfSSL/wolfssl/wolfcrypt/src/rsa.c:4792:5:wc_RsaEncryptSize	0	static
C:/tmp/test/Middlewares/Third_Party/wolfSSL_wolfSSL_wolfSSL/wolfssl/wolfcrypt/src/rsa.c:3528:12:wc_RsaFunction_ex	80	static
C:/tmp/test/Middlewares/Third_Party/wolfSSL_wolfSSL_wolfSSL/wolfssl/wolfcrypt/src/rsa.c:3646:5:wc_RsaFunction	24	static
C:/tmp/test/Middlewares/Third_Party/wolfSSL_wolfSSL_wolfSSL/wolfssl/wolfcrypt/src/rsa.c:3881:12:RsaPrivateDecryptEx	80	static
C:/tmp/test/Middlewares/Third_Party/wolfSSL_wolfSSL_wolfSSL/wolfssl/wolfcrypt/src/rsa.c:4198:5:wc_RsaPrivateDecryptInline	64	static
C:/tmp/test/Middlewares/Third_Party/wolfSSL_wolfSSL_wolfSSL/wolfssl/wolfcrypt/src/rsa.c:4218:5:wc_RsaPrivateDecryptInline_ex	64	static
C:/tmp/test/Middlewares/Third_Party/wolfSSL_wolfSSL_wolfSSL/wolfssl/wolfcrypt/src/rsa.c:4240:5:wc_RsaPrivateDecrypt	64	static
C:/tmp/test/Middlewares/Third_Party/wolfSSL_wolfSSL_wolfSSL/wolfssl/wolfcrypt/src/rsa.c:4260:5:wc_RsaPrivateDecrypt_ex	64	static
C:/tmp/test/Middlewares/Third_Party/wolfSSL_wolfSSL_wolfSSL/wolfssl/wolfcrypt/src/rsa.c:4284:5:wc_RsaSSL_VerifyInline	64	static
C:/tmp/test/Middlewares/Third_Party/wolfSSL_wolfSSL_wolfSSL/wolfssl/wolfcrypt/src/rsa.c:4319:6:wc_RsaSSL_Verify_ex2	72	static
C:/tmp/test/Middlewares/Third_Party/wolfSSL_wolfSSL_wolfSSL/wolfssl/wolfcrypt/src/rsa.c:4310:6:wc_RsaSSL_Verify_ex	24	static
C:/tmp/test/Middlewares/Third_Party/wolfSSL_wolfSSL_wolfSSL/wolfssl/wolfcrypt/src/rsa.c:4304:5:wc_RsaSSL_Verify	16	static
C:/tmp/test/Middlewares/Third_Party/wolfSSL_wolfSSL_wolfSSL/wolfssl/wolfcrypt/src/rsa.c:4387:5:wc_RsaPSS_VerifyInline_ex	72	static
C:/tmp/test/Middlewares/Third_Party/wolfSSL_wolfSSL_wolfSSL/wolfssl/wolfcrypt/src/rsa.c:4361:5:wc_RsaPSS_VerifyInline	24	static
C:/tmp/test/Middlewares/Third_Party/wolfSSL_wolfSSL_wolfSSL/wolfssl/wolfcrypt/src/rsa.c:4623:5:wc_RsaPSS_VerifyCheckInline	48	static
C:/tmp/test/Middlewares/Third_Party/wolfSSL_wolfSSL_wolfSSL/wolfssl/wolfcrypt/src/rsa.c:4443:5:wc_RsaPSS_Verify_ex	64	static
C:/tmp/test/Middlewares/Third_Party/wolfSSL_wolfSSL_wolfSSL/wolfssl/wolfcrypt/src/rsa.c:4418:5:wc_RsaPSS_Verify	24	static
C:/tmp/test/Middlewares/Third_Party/wolfSSL_wolfSSL_wolfSSL/wolfssl/wolfcrypt/src/rsa.c:4682:5:wc_RsaPSS_VerifyCheck	48	static
C:/tmp/test/Middlewares/Third_Party/wolfSSL_wolfSSL_wolfSSL/wolfssl/wolfcrypt/src/rsa.c:3673:12:RsaPublicEncryptEx	80	static
C:/tmp/test/Middlewares/Third_Party/wolfSSL_wolfSSL_wolfSSL/wolfssl/wolfcrypt/src/rsa.c:4171:5:wc_RsaPublicEncrypt	56	static
C:/tmp/test/Middlewares/Third_Party/wolfSSL_wolfSSL_wolfSSL/wolfssl/wolfcrypt/src/rsa.c:4183:5:wc_RsaPublicEncrypt_ex	56	static
C:/tmp/test/Middlewares/Third_Party/wolfSSL_wolfSSL_wolfSSL/wolfssl/wolfcrypt/src/rsa.c:4731:5:wc_RsaSSL_Sign	48	static
C:/tmp/test/Middlewares/Third_Party/wolfSSL_wolfSSL_wolfSSL/wolfssl/wolfcrypt/src/rsa.c:4779:5:wc_RsaPSS_Sign_ex	56	static
C:/tmp/test/Middlewares/Third_Party/wolfSSL_wolfSSL_wolfSSL/wolfssl/wolfcrypt/src/rsa.c:4756:5:wc_RsaPSS_Sign	32	static
C:/tmp/test/Middlewares/Third_Party/wolfSSL_wolfSSL_wolfSSL/wolfssl/wolfcrypt/src/rsa.c:4855:5:wc_RsaFlattenPublicKey	32	static
C:/tmp/test/Middlewares/Third_Party/wolfSSL_wolfSSL_wolfSSL/wolfssl/wolfcrypt/src/rsa.c:4974:5:wc_RsaExportKey	48	static
C:/tmp/test/Middlewares/Third_Party/wolfSSL_wolfSSL_wolfSSL/wolfssl/wolfcrypt/src/rsa.c:5806:5:wc_RsaSetRNG	0	static
C:/tmp/test/Middlewares/Third_Party/wolfSSL_wolfSSL_wolfSSL/wolfssl/wolfcrypt/src/rsa.c:5965:5:wc_RsaPrivateKeyDecodeRaw	48	static
