../../Middlewares/Third_Party/wolfSSL_wolfSSL_wolfSSL/wolfssl/wolfcrypt/src/misc.c:181:31:ByteReverseWords	8	static
../../Middlewares/Third_Party/wolfSSL_wolfSSL_wolfSSL/wolfssl/wolfcrypt/src/misc.c:591:31:ForceZero	12	static
C:/tmp/test/Middlewares/Third_Party/wolfSSL_wolfSSL_wolfSSL/wolfssl/wolfcrypt/src/sha256.c:1319:16:Transform_Sha256	80	static
C:/tmp/test/Middlewares/Third_Party/wolfSSL_wolfSSL_wolfSSL/wolfssl/wolfcrypt/src/sha256.c:279:12:InitSha256.isra	16	static
C:/tmp/test/Middlewares/Third_Party/wolfSSL_wolfSSL_wolfSSL/wolfssl/wolfcrypt/src/sha256.c:1227:9:wc_InitSha256_ex	16	static
C:/tmp/test/Middlewares/Third_Party/wolfSSL_wolfSSL_wolfSSL/wolfssl/wolfcrypt/src/sha256.c:1643:9:wc_Sha256Update	32	static
C:/tmp/test/Middlewares/Third_Party/wolfSSL_wolfSSL_wolfSSL/wolfssl/wolfcrypt/src/sha256.c:1833:9:wc_Sha256FinalRaw	48	static
C:/tmp/test/Middlewares/Third_Party/wolfSSL_wolfSSL_wolfSSL/wolfssl/wolfcrypt/src/sha256.c:1858:9:wc_Sha256Final	24	static
C:/tmp/test/Middlewares/Third_Party/wolfSSL_wolfSSL_wolfSSL/wolfssl/wolfcrypt/src/sha256.c:2553:5:wc_InitSha256	8	static
C:/tmp/test/Middlewares/Third_Party/wolfSSL_wolfSSL_wolfSSL/wolfssl/wolfcrypt/src/sha256.c:2566:6:wc_Sha256Free	0	static
C:/tmp/test/Middlewares/Third_Party/wolfSSL_wolfSSL_wolfSSL/wolfssl/wolfcrypt/src/sha256.c:2905:5:wc_Sha256Copy	16	static
C:/tmp/test/Middlewares/Third_Party/wolfSSL_wolfSSL_wolfSSL/wolfssl/wolfcrypt/src/sha256.c:2882:5:wc_Sha256GetHash	16	static
