C:/tmp/test/Middlewares/Third_Party/wolfSSL_wolfSSL_wolfSSL/wolfssl/wolfcrypt/src/sha3.c:1323:12:wc_Sha3Copy	8	static
C:/tmp/test/Middlewares/Third_Party/wolfSSL_wolfSSL_wolfSSL/wolfssl/wolfcrypt/src/sha3.c:657:12:InitSha3.isra	8	static
../../Middlewares/Third_Party/wolfSSL_wolfSSL_wolfSSL/wolfssl/wolfcrypt/src/misc.c:513:31:xorbuf	20	static
C:/tmp/test/Middlewares/Third_Party/wolfSSL_wolfSSL_wolfSSL/wolfssl/wolfcrypt/src/sha3.c:581:6:BlockSha3	320	static
C:/tmp/test/Middlewares/Third_Party/wolfSSL_wolfSSL_wolfSSL/wolfssl/wolfcrypt/src/sha3.c:869:12:Sha3Final.isra	32	static
C:/tmp/test/Middlewares/Third_Party/wolfSSL_wolfSSL_wolfSSL/wolfssl/wolfcrypt/src/sha3.c:1210:12:wc_Sha3Final	16	static
C:/tmp/test/Middlewares/Third_Party/wolfSSL_wolfSSL_wolfSSL/wolfssl/wolfcrypt/src/sha3.c:1378:12:wc_Sha3GetHash	24	static
C:/tmp/test/Middlewares/Third_Party/wolfSSL_wolfSSL_wolfSSL/wolfssl/wolfcrypt/src/sha3.c:744:12:Sha3Update.isra	32	static
C:/tmp/test/Middlewares/Third_Party/wolfSSL_wolfSSL_wolfSSL/wolfssl/wolfcrypt/src/sha3.c:1144:12:wc_Sha3Update	16	static
C:/tmp/test/Middlewares/Third_Party/wolfSSL_wolfSSL_wolfSSL/wolfssl/wolfcrypt/src/sha3.c:1408:5:wc_InitSha3_224	8	static
C:/tmp/test/Middlewares/Third_Party/wolfSSL_wolfSSL_wolfSSL/wolfssl/wolfcrypt/src/sha3.c:1420:5:wc_Sha3_224_Update	0	static
C:/tmp/test/Middlewares/Third_Party/wolfSSL_wolfSSL_wolfSSL/wolfssl/wolfcrypt/src/sha3.c:1432:5:wc_Sha3_224_Final	0	static
C:/tmp/test/Middlewares/Third_Party/wolfSSL_wolfSSL_wolfSSL/wolfssl/wolfcrypt/src/sha3.c:1443:6:wc_Sha3_224_Free	0	static
C:/tmp/test/Middlewares/Third_Party/wolfSSL_wolfSSL_wolfSSL/wolfssl/wolfcrypt/src/sha3.c:1456:5:wc_Sha3_224_GetHash	0	static
C:/tmp/test/Middlewares/Third_Party/wolfSSL_wolfSSL_wolfSSL/wolfssl/wolfcrypt/src/sha3.c:1467:5:wc_Sha3_224_Copy	0	static
C:/tmp/test/Middlewares/Third_Party/wolfSSL_wolfSSL_wolfSSL/wolfssl/wolfcrypt/src/sha3.c:1481:5:wc_InitSha3_256	8	static
C:/tmp/test/Middlewares/Third_Party/wolfSSL_wolfSSL_wolfSSL/wolfssl/wolfcrypt/src/sha3.c:1493:5:wc_Sha3_256_Update	0	static
C:/tmp/test/Middlewares/Third_Party/wolfSSL_wolfSSL_wolfSSL/wolfssl/wolfcrypt/src/sha3.c:1505:5:wc_Sha3_256_Final	0	static
C:/tmp/test/Middlewares/Third_Party/wolfSSL_wolfSSL_wolfSSL/wolfssl/wolfcrypt/src/sha3.c:1516:6:wc_Sha3_256_Free	0	static
C:/tmp/test/Middlewares/Third_Party/wolfSSL_wolfSSL_wolfSSL/wolfssl/wolfcrypt/src/sha3.c:1529:5:wc_Sha3_256_GetHash	0	static
C:/tmp/test/Middlewares/Third_Party/wolfSSL_wolfSSL_wolfSSL/wolfssl/wolfcrypt/src/sha3.c:1540:5:wc_Sha3_256_Copy	0	static
C:/tmp/test/Middlewares/Third_Party/wolfSSL_wolfSSL_wolfSSL/wolfssl/wolfcrypt/src/sha3.c:1554:5:wc_InitSha3_384	8	static
C:/tmp/test/Middlewares/Third_Party/wolfSSL_wolfSSL_wolfSSL/wolfssl/wolfcrypt/src/sha3.c:1566:5:wc_Sha3_384_Update	0	static
C:/tmp/test/Middlewares/Third_Party/wolfSSL_wolfSSL_wolfSSL/wolfssl/wolfcrypt/src/sha3.c:1578:5:wc_Sha3_384_Final	0	static
C:/tmp/test/Middlewares/Third_Party/wolfSSL_wolfSSL_wolfSSL/wolfssl/wolfcrypt/src/sha3.c:1589:6:wc_Sha3_384_Free	0	static
C:/tmp/test/Middlewares/Third_Party/wolfSSL_wolfSSL_wolfSSL/wolfssl/wolfcrypt/src/sha3.c:1602:5:wc_Sha3_384_GetHash	0	static
C:/tmp/test/Middlewares/Third_Party/wolfSSL_wolfSSL_wolfSSL/wolfssl/wolfcrypt/src/sha3.c:1613:5:wc_Sha3_384_Copy	0	static
C:/tmp/test/Middlewares/Third_Party/wolfSSL_wolfSSL_wolfSSL/wolfssl/wolfcrypt/src/sha3.c:1627:5:wc_InitSha3_512	8	static
C:/tmp/test/Middlewares/Third_Party/wolfSSL_wolfSSL_wolfSSL/wolfssl/wolfcrypt/src/sha3.c:1639:5:wc_Sha3_512_Update	0	static
C:/tmp/test/Middlewares/Third_Party/wolfSSL_wolfSSL_wolfSSL/wolfssl/wolfcrypt/src/sha3.c:1651:5:wc_Sha3_512_Final	0	static
C:/tmp/test/Middlewares/Third_Party/wolfSSL_wolfSSL_wolfSSL/wolfssl/wolfcrypt/src/sha3.c:1662:6:wc_Sha3_512_Free	0	static
C:/tmp/test/Middlewares/Third_Party/wolfSSL_wolfSSL_wolfSSL/wolfssl/wolfcrypt/src/sha3.c:1675:5:wc_Sha3_512_GetHash	0	static
C:/tmp/test/Middlewares/Third_Party/wolfSSL_wolfSSL_wolfSSL/wolfssl/wolfcrypt/src/sha3.c:1686:5:wc_Sha3_512_Copy	0	static
C:/tmp/test/Middlewares/Third_Party/wolfSSL_wolfSSL_wolfSSL/wolfssl/wolfcrypt/src/sha3.c:1717:5:wc_InitShake128	8	static
C:/tmp/test/Middlewares/Third_Party/wolfSSL_wolfSSL_wolfSSL/wolfssl/wolfcrypt/src/sha3.c:1824:5:wc_Shake128_Update	8	static
C:/tmp/test/Middlewares/Third_Party/wolfSSL_wolfSSL_wolfSSL/wolfssl/wolfcrypt/src/sha3.c:1845:5:wc_Shake128_Final	16	static
C:/tmp/test/Middlewares/Third_Party/wolfSSL_wolfSSL_wolfSSL/wolfssl/wolfcrypt/src/sha3.c:1869:5:wc_Shake128_Absorb	32	static
C:/tmp/test/Middlewares/Third_Party/wolfSSL_wolfSSL_wolfSSL/wolfssl/wolfcrypt/src/sha3.c:1902:5:wc_Shake128_SqueezeBlocks	16	static
C:/tmp/test/Middlewares/Third_Party/wolfSSL_wolfSSL_wolfSSL/wolfssl/wolfcrypt/src/sha3.c:1940:6:wc_Shake128_Free	0	static
C:/tmp/test/Middlewares/Third_Party/wolfSSL_wolfSSL_wolfSSL/wolfssl/wolfcrypt/src/sha3.c:1951:5:wc_Shake128_Copy	0	static
C:/tmp/test/Middlewares/Third_Party/wolfSSL_wolfSSL_wolfSSL/wolfssl/wolfcrypt/src/sha3.c:1965:5:wc_InitShake256	8	static
C:/tmp/test/Middlewares/Third_Party/wolfSSL_wolfSSL_wolfSSL/wolfssl/wolfcrypt/src/sha3.c:2071:5:wc_Shake256_Update	8	static
C:/tmp/test/Middlewares/Third_Party/wolfSSL_wolfSSL_wolfSSL/wolfssl/wolfcrypt/src/sha3.c:2093:5:wc_Shake256_Final	16	static
C:/tmp/test/Middlewares/Third_Party/wolfSSL_wolfSSL_wolfSSL/wolfssl/wolfcrypt/src/sha3.c:2117:5:wc_Shake256_Absorb	32	static
C:/tmp/test/Middlewares/Third_Party/wolfSSL_wolfSSL_wolfSSL/wolfssl/wolfcrypt/src/sha3.c:2143:5:wc_Shake256_SqueezeBlocks	16	static
C:/tmp/test/Middlewares/Third_Party/wolfSSL_wolfSSL_wolfSSL/wolfssl/wolfcrypt/src/sha3.c:2180:6:wc_Shake256_Free	0	static
C:/tmp/test/Middlewares/Third_Party/wolfSSL_wolfSSL_wolfSSL/wolfssl/wolfcrypt/src/sha3.c:2191:5:wc_Shake256_Copy	0	static
