C:/tmp/test/Middlewares/Third_Party/wolfSSL_wolfSSL_wolfSSL/wolfssl/wolfcrypt/src/wc_mlkem_poly.c:215:13:mlkem_ntt	104	static
C:/tmp/test/Middlewares/Third_Party/wolfSSL_wolfSSL_wolfSSL/wolfssl/wolfcrypt/src/wc_mlkem_poly.c:591:13:mlkem_invntt	96	static
C:/tmp/test/Middlewares/Third_Party/wolfSSL_wolfSSL_wolfSSL/wolfssl/wolfcrypt/src/wc_mlkem_poly.c:1032:13:mlkem_basemul	20	static
C:/tmp/test/Middlewares/Third_Party/wolfSSL_wolfSSL_wolfSSL/wolfssl/wolfcrypt/src/wc_mlkem_poly.c:1127:13:mlkem_basemul_mont_add	64	static
C:/tmp/test/Middlewares/Third_Party/wolfSSL_wolfSSL_wolfSSL/wolfssl/wolfcrypt/src/wc_mlkem_poly.c:1220:13:mlkem_pointwise_acc_mont	48	static
C:/tmp/test/Middlewares/Third_Party/wolfSSL_wolfSSL_wolfSSL/wolfssl/wolfcrypt/src/wc_mlkem_poly.c:3260:21:mlkem_rej_uniform_c	20	static
C:/tmp/test/Middlewares/Third_Party/wolfSSL_wolfSSL_wolfSSL/wolfssl/wolfcrypt/src/wc_mlkem_poly.c:3750:13:mlkem_cbd_eta2	16	static
C:/tmp/test/Middlewares/Third_Party/wolfSSL_wolfSSL_wolfSSL/wolfssl/wolfcrypt/src/wc_mlkem_poly.c:4799:28:mlkem_csubq_c	8	static
C:/tmp/test/Middlewares/Third_Party/wolfSSL_wolfSSL_wolfSSL/wolfssl/wolfcrypt/src/wc_mlkem_poly.c:3058:12:mlkem_prf	16	static
C:/tmp/test/Middlewares/Third_Party/wolfSSL_wolfSSL_wolfSSL/wolfssl/wolfcrypt/src/wc_mlkem_poly.c:4024:12:mlkem_get_noise_eta1_c	224	static
C:/tmp/test/Middlewares/Third_Party/wolfSSL_wolfSSL_wolfSSL/wolfssl/wolfcrypt/src/wc_mlkem_poly.c:4569:12:mlkem_get_noise_c	176	static
C:/tmp/test/Middlewares/Third_Party/wolfSSL_wolfSSL_wolfSSL/wolfssl/wolfcrypt/src/wc_mlkem_poly.c:3434:12:mlkem_gen_matrix_c	96	static
C:/tmp/test/Middlewares/Third_Party/wolfSSL_wolfSSL_wolfSSL/wolfssl/wolfcrypt/src/wc_mlkem_poly.c:1242:6:mlkem_init	0	static
C:/tmp/test/Middlewares/Third_Party/wolfSSL_wolfSSL_wolfSSL/wolfssl/wolfcrypt/src/wc_mlkem_poly.c:1863:6:mlkem_keygen	136	static
C:/tmp/test/Middlewares/Third_Party/wolfSSL_wolfSSL_wolfSSL/wolfssl/wolfcrypt/src/wc_mlkem_poly.c:2066:6:mlkem_encapsulate	72	static
C:/tmp/test/Middlewares/Third_Party/wolfSSL_wolfSSL_wolfSSL/wolfssl/wolfcrypt/src/wc_mlkem_poly.c:2263:6:mlkem_decapsulate	32	static
C:/tmp/test/Middlewares/Third_Party/wolfSSL_wolfSSL_wolfSSL/wolfssl/wolfcrypt/src/wc_mlkem_poly.c:2934:5:mlkem_hash_new	0	static
C:/tmp/test/Middlewares/Third_Party/wolfSSL_wolfSSL_wolfSSL/wolfssl/wolfcrypt/src/wc_mlkem_poly.c:2946:6:mlkem_hash_free	0	static
C:/tmp/test/Middlewares/Third_Party/wolfSSL_wolfSSL_wolfSSL/wolfssl/wolfcrypt/src/wc_mlkem_poly.c:2962:5:mlkem_hash256	16	static
C:/tmp/test/Middlewares/Third_Party/wolfSSL_wolfSSL_wolfSSL/wolfssl/wolfcrypt/src/wc_mlkem_poly.c:2989:5:mlkem_hash512	24	static
C:/tmp/test/Middlewares/Third_Party/wolfSSL_wolfSSL_wolfSSL/wolfssl/wolfcrypt/src/wc_mlkem_poly.c:3013:6:mlkem_prf_init	0	static
C:/tmp/test/Middlewares/Third_Party/wolfSSL_wolfSSL_wolfSSL/wolfssl/wolfcrypt/src/wc_mlkem_poly.c:3028:5:mlkem_prf_new	0	static
C:/tmp/test/Middlewares/Third_Party/wolfSSL_wolfSSL_wolfSSL/wolfssl/wolfcrypt/src/wc_mlkem_poly.c:3040:6:mlkem_prf_free	0	static
C:/tmp/test/Middlewares/Third_Party/wolfSSL_wolfSSL_wolfSSL/wolfssl/wolfcrypt/src/wc_mlkem_poly.c:3198:5:mlkem_derive_secret	24	static
C:/tmp/test/Middlewares/Third_Party/wolfSSL_wolfSSL_wolfSSL/wolfssl/wolfcrypt/src/wc_mlkem_poly.c:3537:5:mlkem_gen_matrix	8	static
C:/tmp/test/Middlewares/Third_Party/wolfSSL_wolfSSL_wolfSSL/wolfssl/wolfcrypt/src/wc_mlkem_poly.c:4618:5:mlkem_get_noise	32	static
C:/tmp/test/Middlewares/Third_Party/wolfSSL_wolfSSL_wolfSSL/wolfssl/wolfcrypt/src/wc_mlkem_poly.c:4767:5:mlkem_cmp	16	static
C:/tmp/test/Middlewares/Third_Party/wolfSSL_wolfSSL_wolfSSL/wolfssl/wolfcrypt/src/wc_mlkem_poly.c:5059:6:mlkem_vec_compress_10	56	static
C:/tmp/test/Middlewares/Third_Party/wolfSSL_wolfSSL_wolfSSL/wolfssl/wolfcrypt/src/wc_mlkem_poly.c:5157:6:mlkem_vec_compress_11	72	static
C:/tmp/test/Middlewares/Third_Party/wolfSSL_wolfSSL_wolfSSL/wolfssl/wolfcrypt/src/wc_mlkem_poly.c:5263:6:mlkem_vec_decompress_10	32	static
C:/tmp/test/Middlewares/Third_Party/wolfSSL_wolfSSL_wolfSSL/wolfssl/wolfcrypt/src/wc_mlkem_poly.c:5351:6:mlkem_vec_decompress_11	56	static
C:/tmp/test/Middlewares/Third_Party/wolfSSL_wolfSSL_wolfSSL/wolfssl/wolfcrypt/src/wc_mlkem_poly.c:5520:6:mlkem_compress_4	32	static
C:/tmp/test/Middlewares/Third_Party/wolfSSL_wolfSSL_wolfSSL/wolfssl/wolfcrypt/src/wc_mlkem_poly.c:5598:6:mlkem_compress_5	32	static
C:/tmp/test/Middlewares/Third_Party/wolfSSL_wolfSSL_wolfSSL/wolfssl/wolfcrypt/src/wc_mlkem_poly.c:5668:6:mlkem_decompress_4	12	static
C:/tmp/test/Middlewares/Third_Party/wolfSSL_wolfSSL_wolfSSL/wolfssl/wolfcrypt/src/wc_mlkem_poly.c:5747:6:mlkem_decompress_5	20	static
C:/tmp/test/Middlewares/Third_Party/wolfSSL_wolfSSL_wolfSSL/wolfssl/wolfcrypt/src/wc_mlkem_poly.c:5824:6:mlkem_from_msg	24	static
C:/tmp/test/Middlewares/Third_Party/wolfSSL_wolfSSL_wolfSSL/wolfssl/wolfcrypt/src/wc_mlkem_poly.c:5925:6:mlkem_to_msg	24	static
C:/tmp/test/Middlewares/Third_Party/wolfSSL_wolfSSL_wolfSSL/wolfssl/wolfcrypt/src/wc_mlkem_poly.c:6012:6:mlkem_from_bytes	20	static
C:/tmp/test/Middlewares/Third_Party/wolfSSL_wolfSSL_wolfSSL/wolfssl/wolfcrypt/src/wc_mlkem_poly.c:6077:6:mlkem_to_bytes	24	static
C:/tmp/test/Middlewares/Third_Party/wolfSSL_wolfSSL_wolfSSL/wolfssl/wolfcrypt/src/wc_mlkem_poly.c:6109:5:mlkem_check_reduced	0	static
