C:/tmp/test/Drivers/STM32U5xx_HAL_Driver/Src/stm32u5xx_hal_flash.c:781:13:FLASH_Program_QuadWord	8	static,ignoring_inline_asm
C:/tmp/test/Drivers/STM32U5xx_HAL_Driver/Src/stm32u5xx_hal_flash.c:821:13:FLASH_Program_Burst	8	static,ignoring_inline_asm
C:/tmp/test/Drivers/STM32U5xx_HAL_Driver/Src/stm32u5xx_hal_flash.c:398:13:HAL_FLASH_EndOfOperationCallback	0	static
C:/tmp/test/Drivers/STM32U5xx_HAL_Driver/Src/stm32u5xx_hal_flash.c:416:13:HAL_FLASH_OperationErrorCallback	0	static
C:/tmp/test/Drivers/STM32U5xx_HAL_Driver/Src/stm32u5xx_hal_flash.c:280:6:HAL_FLASH_IRQHandler	24	static
C:/tmp/test/Drivers/STM32U5xx_HAL_Driver/Src/stm32u5xx_hal_flash.c:449:19:HAL_FLASH_Unlock	0	static
C:/tmp/test/Drivers/STM32U5xx_HAL_Driver/Src/stm32u5xx_hal_flash.c:491:19:HAL_FLASH_Lock	0	static
C:/tmp/test/Drivers/STM32U5xx_HAL_Driver/Src/stm32u5xx_hal_flash.c:525:19:HAL_FLASH_Unlock_NS	0	static
C:/tmp/test/Drivers/STM32U5xx_HAL_Driver/Src/stm32u5xx_hal_flash.c:549:19:HAL_FLASH_Lock_NS	0	static
C:/tmp/test/Drivers/STM32U5xx_HAL_Driver/Src/stm32u5xx_hal_flash.c:569:19:HAL_FLASH_Unlock_S	0	static
C:/tmp/test/Drivers/STM32U5xx_HAL_Driver/Src/stm32u5xx_hal_flash.c:593:19:HAL_FLASH_Lock_S	0	static
C:/tmp/test/Drivers/STM32U5xx_HAL_Driver/Src/stm32u5xx_hal_flash.c:614:19:HAL_FLASH_OB_Unlock	0	static
C:/tmp/test/Drivers/STM32U5xx_HAL_Driver/Src/stm32u5xx_hal_flash.c:636:19:HAL_FLASH_OB_Lock	0	static
C:/tmp/test/Drivers/STM32U5xx_HAL_Driver/Src/stm32u5xx_hal_flash.c:654:19:HAL_FLASH_OB_Launch	0	static
C:/tmp/test/Drivers/STM32U5xx_HAL_Driver/Src/stm32u5xx_hal_flash.c:694:10:HAL_FLASH_GetError	0	static
C:/tmp/test/Drivers/STM32U5xx_HAL_Driver/Src/stm32u5xx_hal_flash.c:718:19:FLASH_WaitForLastOperation	24	static
C:/tmp/test/Drivers/STM32U5xx_HAL_Driver/Src/stm32u5xx_hal_flash.c:166:19:HAL_FLASH_Program	24	static
C:/tmp/test/Drivers/STM32U5xx_HAL_Driver/Src/stm32u5xx_hal_flash.c:227:19:HAL_FLASH_Program_IT	32	static
