C:/tmp/test/Drivers/STM32U5xx_HAL_Driver/Src/stm32u5xx_hal_rng.c:352:13:HAL_RNG_MspInit	0	static
C:/tmp/test/Drivers/STM32U5xx_HAL_Driver/Src/stm32u5xx_hal_rng.c:154:19:HAL_RNG_Init	16	static
C:/tmp/test/Drivers/STM32U5xx_HAL_Driver/Src/stm32u5xx_hal_rng.c:367:13:HAL_RNG_MspDeInit	0	static
C:/tmp/test/Drivers/STM32U5xx_HAL_Driver/Src/stm32u5xx_hal_rng.c:278:19:HAL_RNG_DeInit	16	static
C:/tmp/test/Drivers/STM32U5xx_HAL_Driver/Src/stm32u5xx_hal_rng.c:724:19:HAL_RNG_GenerateRandomNumber_IT	0	static
C:/tmp/test/Drivers/STM32U5xx_HAL_Driver/Src/stm32u5xx_hal_rng.c:860:10:HAL_RNG_ReadLastRandomNumber	0	static
C:/tmp/test/Drivers/STM32U5xx_HAL_Driver/Src/stm32u5xx_hal_rng.c:877:13:HAL_RNG_ReadyDataCallback	0	static
C:/tmp/test/Drivers/STM32U5xx_HAL_Driver/Src/stm32u5xx_hal_rng.c:893:13:HAL_RNG_ErrorCallback	0	static
C:/tmp/test/Drivers/STM32U5xx_HAL_Driver/Src/stm32u5xx_hal_rng.c:773:6:HAL_RNG_IRQHandler	8	static
C:/tmp/test/Drivers/STM32U5xx_HAL_Driver/Src/stm32u5xx_hal_rng.c:927:22:HAL_RNG_GetState	0	static
C:/tmp/test/Drivers/STM32U5xx_HAL_Driver/Src/stm32u5xx_hal_rng.c:937:10:HAL_RNG_GetError	0	static
C:/tmp/test/Drivers/STM32U5xx_HAL_Driver/Src/stm32u5xx_hal_rng.c:959:19:RNG_RecoverSeedError	16	static
C:/tmp/test/Drivers/STM32U5xx_HAL_Driver/Src/stm32u5xx_hal_rng.c:634:19:HAL_RNG_GenerateRandomNumber	24	static
