C:/tmp/SE_firmware/Drivers/STM32U5xx_HAL_Driver/Src/stm32u5xx_hal_rtc_ex.c:171:19:HAL_RTCEx_SetTimeStamp	0	static
C:/tmp/SE_firmware/Drivers/STM32U5xx_HAL_Driver/Src/stm32u5xx_hal_rtc_ex.c:218:19:HAL_RTCEx_SetTimeStamp_IT	0	static
C:/tmp/SE_firmware/Drivers/STM32U5xx_HAL_Driver/Src/stm32u5xx_hal_rtc_ex.c:254:19:HAL_RTCEx_DeactivateTimeStamp	0	static
C:/tmp/SE_firmware/Drivers/STM32U5xx_HAL_Driver/Src/stm32u5xx_hal_rtc_ex.c:280:19:HAL_RTCEx_SetInternalTimeStamp	0	static
C:/tmp/SE_firmware/Drivers/STM32U5xx_HAL_Driver/Src/stm32u5xx_hal_rtc_ex.c:306:19:HAL_RTCEx_DeactivateInternalTimeStamp	0	static
C:/tmp/SE_firmware/Drivers/STM32U5xx_HAL_Driver/Src/stm32u5xx_hal_rtc_ex.c:338:19:HAL_RTCEx_GetTimeStamp	24	static
C:/tmp/SE_firmware/Drivers/STM32U5xx_HAL_Driver/Src/stm32u5xx_hal_rtc_ex.c:420:13:HAL_RTCEx_TimeStampEventCallback	0	static
C:/tmp/SE_firmware/Drivers/STM32U5xx_HAL_Driver/Src/stm32u5xx_hal_rtc_ex.c:391:6:HAL_RTCEx_TimeStampIRQHandler	16	static
C:/tmp/SE_firmware/Drivers/STM32U5xx_HAL_Driver/Src/stm32u5xx_hal_rtc_ex.c:436:19:HAL_RTCEx_PollForTimeStampEvent	16	static
C:/tmp/SE_firmware/Drivers/STM32U5xx_HAL_Driver/Src/stm32u5xx_hal_rtc_ex.c:498:19:HAL_RTCEx_SetWakeUpTimer	24	static
C:/tmp/SE_firmware/Drivers/STM32U5xx_HAL_Driver/Src/stm32u5xx_hal_rtc_ex.c:577:19:HAL_RTCEx_SetWakeUpTimer_IT	32	static
C:/tmp/SE_firmware/Drivers/STM32U5xx_HAL_Driver/Src/stm32u5xx_hal_rtc_ex.c:655:19:HAL_RTCEx_DeactivateWakeUpTimer	0	static
C:/tmp/SE_firmware/Drivers/STM32U5xx_HAL_Driver/Src/stm32u5xx_hal_rtc_ex.c:686:10:HAL_RTCEx_GetWakeUpTimer	0	static
C:/tmp/SE_firmware/Drivers/STM32U5xx_HAL_Driver/Src/stm32u5xx_hal_rtc_ex.c:729:13:HAL_RTCEx_WakeUpTimerEventCallback	0	static
C:/tmp/SE_firmware/Drivers/STM32U5xx_HAL_Driver/Src/stm32u5xx_hal_rtc_ex.c:699:6:HAL_RTCEx_WakeUpTimerIRQHandler	8	static
C:/tmp/SE_firmware/Drivers/STM32U5xx_HAL_Driver/Src/stm32u5xx_hal_rtc_ex.c:745:19:HAL_RTCEx_PollForWakeUpTimerEvent	24	static
C:/tmp/SE_firmware/Drivers/STM32U5xx_HAL_Driver/Src/stm32u5xx_hal_rtc_ex.c:831:19:HAL_RTCEx_SetSmoothCalib	32	static
C:/tmp/SE_firmware/Drivers/STM32U5xx_HAL_Driver/Src/stm32u5xx_hal_rtc_ex.c:901:19:HAL_RTCEx_SetLowPowerCalib	0	static
C:/tmp/SE_firmware/Drivers/STM32U5xx_HAL_Driver/Src/stm32u5xx_hal_rtc_ex.c:942:19:HAL_RTCEx_SetSynchroShift	24	static
C:/tmp/SE_firmware/Drivers/STM32U5xx_HAL_Driver/Src/stm32u5xx_hal_rtc_ex.c:1045:19:HAL_RTCEx_SetCalibrationOutPut	0	static
C:/tmp/SE_firmware/Drivers/STM32U5xx_HAL_Driver/Src/stm32u5xx_hal_rtc_ex.c:1078:19:HAL_RTCEx_DeactivateCalibrationOutPut	0	static
C:/tmp/SE_firmware/Drivers/STM32U5xx_HAL_Driver/Src/stm32u5xx_hal_rtc_ex.c:1105:19:HAL_RTCEx_SetRefClock	16	static
C:/tmp/SE_firmware/Drivers/STM32U5xx_HAL_Driver/Src/stm32u5xx_hal_rtc_ex.c:1149:19:HAL_RTCEx_DeactivateRefClock	16	static
C:/tmp/SE_firmware/Drivers/STM32U5xx_HAL_Driver/Src/stm32u5xx_hal_rtc_ex.c:1195:19:HAL_RTCEx_EnableBypassShadow	0	static
C:/tmp/SE_firmware/Drivers/STM32U5xx_HAL_Driver/Src/stm32u5xx_hal_rtc_ex.c:1224:19:HAL_RTCEx_DisableBypassShadow	0	static
C:/tmp/SE_firmware/Drivers/STM32U5xx_HAL_Driver/Src/stm32u5xx_hal_rtc_ex.c:1254:19:HAL_RTCEx_MonotonicCounterIncrement	0	static
C:/tmp/SE_firmware/Drivers/STM32U5xx_HAL_Driver/Src/stm32u5xx_hal_rtc_ex.c:1275:19:HAL_RTCEx_MonotonicCounterGet	0	static
C:/tmp/SE_firmware/Drivers/STM32U5xx_HAL_Driver/Src/stm32u5xx_hal_rtc_ex.c:1293:19:HAL_RTCEx_SetSSRU_IT	0	static
C:/tmp/SE_firmware/Drivers/STM32U5xx_HAL_Driver/Src/stm32u5xx_hal_rtc_ex.c:1320:19:HAL_RTCEx_DeactivateSSRU	0	static
C:/tmp/SE_firmware/Drivers/STM32U5xx_HAL_Driver/Src/stm32u5xx_hal_rtc_ex.c:1378:13:HAL_RTCEx_SSRUEventCallback	0	static
C:/tmp/SE_firmware/Drivers/STM32U5xx_HAL_Driver/Src/stm32u5xx_hal_rtc_ex.c:1347:6:HAL_RTCEx_SSRUIRQHandler	8	static
C:/tmp/SE_firmware/Drivers/STM32U5xx_HAL_Driver/Src/stm32u5xx_hal_rtc_ex.c:1412:13:HAL_RTCEx_AlarmBEventCallback	0	static
C:/tmp/SE_firmware/Drivers/STM32U5xx_HAL_Driver/Src/stm32u5xx_hal_rtc_ex.c:1428:19:HAL_RTCEx_PollForAlarmBEvent	16	static
C:/tmp/SE_firmware/Drivers/STM32U5xx_HAL_Driver/Src/stm32u5xx_hal_rtc_ex.c:1498:19:HAL_RTCEx_SetTamper	16	static
C:/tmp/SE_firmware/Drivers/STM32U5xx_HAL_Driver/Src/stm32u5xx_hal_rtc_ex.c:1569:19:HAL_RTCEx_SetTamper_IT	16	static
C:/tmp/SE_firmware/Drivers/STM32U5xx_HAL_Driver/Src/stm32u5xx_hal_rtc_ex.c:1650:19:HAL_RTCEx_DeactivateTamper	0	static
C:/tmp/SE_firmware/Drivers/STM32U5xx_HAL_Driver/Src/stm32u5xx_hal_rtc_ex.c:1798:6:HAL_RTCEx_GetActiveTampers	20	static
C:/tmp/SE_firmware/Drivers/STM32U5xx_HAL_Driver/Src/stm32u5xx_hal_rtc_ex.c:1824:19:HAL_RTCEx_SetActiveSeed	16	static
C:/tmp/SE_firmware/Drivers/STM32U5xx_HAL_Driver/Src/stm32u5xx_hal_rtc_ex.c:1871:19:HAL_RTCEx_SetBoothardwareKey	0	static
C:/tmp/SE_firmware/Drivers/STM32U5xx_HAL_Driver/Src/stm32u5xx_hal_rtc_ex.c:1885:19:HAL_RTCEx_DeactivateActiveTampers	0	static
C:/tmp/SE_firmware/Drivers/STM32U5xx_HAL_Driver/Src/stm32u5xx_hal_rtc_ex.c:1677:19:HAL_RTCEx_SetActiveTampers	32	static
C:/tmp/SE_firmware/Drivers/STM32U5xx_HAL_Driver/Src/stm32u5xx_hal_rtc_ex.c:1929:19:HAL_RTCEx_PollForTamperEvent	24	static
C:/tmp/SE_firmware/Drivers/STM32U5xx_HAL_Driver/Src/stm32u5xx_hal_rtc_ex.c:1971:19:HAL_RTCEx_SetInternalTamper	8	static
C:/tmp/SE_firmware/Drivers/STM32U5xx_HAL_Driver/Src/stm32u5xx_hal_rtc_ex.c:2010:6:HAL_RTCEx_GetInternalTampers	0	static
C:/tmp/SE_firmware/Drivers/STM32U5xx_HAL_Driver/Src/stm32u5xx_hal_rtc_ex.c:2030:19:HAL_RTCEx_SetInternalTamper_IT	0	static
C:/tmp/SE_firmware/Drivers/STM32U5xx_HAL_Driver/Src/stm32u5xx_hal_rtc_ex.c:2071:19:HAL_RTCEx_DeactivateInternalTamper	0	static
C:/tmp/SE_firmware/Drivers/STM32U5xx_HAL_Driver/Src/stm32u5xx_hal_rtc_ex.c:2099:19:HAL_RTCEx_PollForInternalTamperEvent	0	static
C:/tmp/SE_firmware/Drivers/STM32U5xx_HAL_Driver/Src/stm32u5xx_hal_rtc_ex.c:2384:13:HAL_RTCEx_Tamper1EventCallback	0	static
C:/tmp/SE_firmware/Drivers/STM32U5xx_HAL_Driver/Src/stm32u5xx_hal_rtc_ex.c:2399:13:HAL_RTCEx_Tamper2EventCallback	0	static
C:/tmp/SE_firmware/Drivers/STM32U5xx_HAL_Driver/Src/stm32u5xx_hal_rtc_ex.c:2414:13:HAL_RTCEx_Tamper3EventCallback	0	static
C:/tmp/SE_firmware/Drivers/STM32U5xx_HAL_Driver/Src/stm32u5xx_hal_rtc_ex.c:2429:13:HAL_RTCEx_Tamper4EventCallback	0	static
C:/tmp/SE_firmware/Drivers/STM32U5xx_HAL_Driver/Src/stm32u5xx_hal_rtc_ex.c:2444:13:HAL_RTCEx_Tamper5EventCallback	0	static
C:/tmp/SE_firmware/Drivers/STM32U5xx_HAL_Driver/Src/stm32u5xx_hal_rtc_ex.c:2459:13:HAL_RTCEx_Tamper6EventCallback	0	static
C:/tmp/SE_firmware/Drivers/STM32U5xx_HAL_Driver/Src/stm32u5xx_hal_rtc_ex.c:2474:13:HAL_RTCEx_Tamper7EventCallback	0	static
C:/tmp/SE_firmware/Drivers/STM32U5xx_HAL_Driver/Src/stm32u5xx_hal_rtc_ex.c:2489:13:HAL_RTCEx_Tamper8EventCallback	0	static
C:/tmp/SE_firmware/Drivers/STM32U5xx_HAL_Driver/Src/stm32u5xx_hal_rtc_ex.c:2504:13:HAL_RTCEx_InternalTamper1EventCallback	0	static
C:/tmp/SE_firmware/Drivers/STM32U5xx_HAL_Driver/Src/stm32u5xx_hal_rtc_ex.c:2519:13:HAL_RTCEx_InternalTamper2EventCallback	0	static
C:/tmp/SE_firmware/Drivers/STM32U5xx_HAL_Driver/Src/stm32u5xx_hal_rtc_ex.c:2534:13:HAL_RTCEx_InternalTamper3EventCallback	0	static
C:/tmp/SE_firmware/Drivers/STM32U5xx_HAL_Driver/Src/stm32u5xx_hal_rtc_ex.c:2550:13:HAL_RTCEx_InternalTamper5EventCallback	0	static
C:/tmp/SE_firmware/Drivers/STM32U5xx_HAL_Driver/Src/stm32u5xx_hal_rtc_ex.c:2565:13:HAL_RTCEx_InternalTamper6EventCallback	0	static
C:/tmp/SE_firmware/Drivers/STM32U5xx_HAL_Driver/Src/stm32u5xx_hal_rtc_ex.c:2580:13:HAL_RTCEx_InternalTamper7EventCallback	0	static
C:/tmp/SE_firmware/Drivers/STM32U5xx_HAL_Driver/Src/stm32u5xx_hal_rtc_ex.c:2595:13:HAL_RTCEx_InternalTamper8EventCallback	0	static
C:/tmp/SE_firmware/Drivers/STM32U5xx_HAL_Driver/Src/stm32u5xx_hal_rtc_ex.c:2610:13:HAL_RTCEx_InternalTamper9EventCallback	0	static
C:/tmp/SE_firmware/Drivers/STM32U5xx_HAL_Driver/Src/stm32u5xx_hal_rtc_ex.c:2625:13:HAL_RTCEx_InternalTamper11EventCallback	0	static
C:/tmp/SE_firmware/Drivers/STM32U5xx_HAL_Driver/Src/stm32u5xx_hal_rtc_ex.c:2640:13:HAL_RTCEx_InternalTamper12EventCallback	0	static
C:/tmp/SE_firmware/Drivers/STM32U5xx_HAL_Driver/Src/stm32u5xx_hal_rtc_ex.c:2655:13:HAL_RTCEx_InternalTamper13EventCallback	0	static
C:/tmp/SE_firmware/Drivers/STM32U5xx_HAL_Driver/Src/stm32u5xx_hal_rtc_ex.c:2139:6:HAL_RTCEx_TamperIRQHandler	16	static
C:/tmp/SE_firmware/Drivers/STM32U5xx_HAL_Driver/Src/stm32u5xx_hal_rtc_ex.c:2697:6:HAL_RTCEx_BKUPWrite	0	static
C:/tmp/SE_firmware/Drivers/STM32U5xx_HAL_Driver/Src/stm32u5xx_hal_rtc_ex.c:2722:10:HAL_RTCEx_BKUPRead	0	static
C:/tmp/SE_firmware/Drivers/STM32U5xx_HAL_Driver/Src/stm32u5xx_hal_rtc_ex.c:2743:7:HAL_RTCEx_BKUPErase	0	static
C:/tmp/SE_firmware/Drivers/STM32U5xx_HAL_Driver/Src/stm32u5xx_hal_rtc_ex.c:2754:7:HAL_RTCEx_BKUPBlock_Enable	0	static
C:/tmp/SE_firmware/Drivers/STM32U5xx_HAL_Driver/Src/stm32u5xx_hal_rtc_ex.c:2765:7:HAL_RTCEx_BKUPBlock_Disable	0	static
C:/tmp/SE_firmware/Drivers/STM32U5xx_HAL_Driver/Src/stm32u5xx_hal_rtc_ex.c:2783:7:HAL_RTCEx_Erase_SecretDev_Conf	0	static
C:/tmp/SE_firmware/Drivers/STM32U5xx_HAL_Driver/Src/stm32u5xx_hal_rtc_ex.c:2801:10:HAL_RTCEx_Get_Erase_SecretDev_Conf	0	static
C:/tmp/SE_firmware/Drivers/STM32U5xx_HAL_Driver/Src/stm32u5xx_hal_rtc_ex.c:2838:19:HAL_RTCEx_SecureModeGet	0	static
C:/tmp/SE_firmware/Drivers/STM32U5xx_HAL_Driver/Src/stm32u5xx_hal_rtc_ex.c:2875:19:HAL_RTCEx_SecureModeSet	0	static
C:/tmp/SE_firmware/Drivers/STM32U5xx_HAL_Driver/Src/stm32u5xx_hal_rtc_ex.c:2928:19:HAL_RTCEx_PrivilegeModeSet	0	static
C:/tmp/SE_firmware/Drivers/STM32U5xx_HAL_Driver/Src/stm32u5xx_hal_rtc_ex.c:2970:19:HAL_RTCEx_PrivilegeModeGet	8	static
