C:/tmp/SE_firmware/Drivers/STM32U5xx_HAL_Driver/Src/stm32u5xx_hal_dma.c:239:19:HAL_DMA_Init	16	static
C:/tmp/SE_firmware/Drivers/STM32U5xx_HAL_Driver/Src/stm32u5xx_hal_dma.c:330:19:HAL_DMA_DeInit	16	static
C:/tmp/SE_firmware/Drivers/STM32U5xx_HAL_Driver/Src/stm32u5xx_hal_dma.c:470:19:HAL_DMA_Start	12	static
C:/tmp/SE_firmware/Drivers/STM32U5xx_HAL_Driver/Src/stm32u5xx_hal_dma.c:525:19:HAL_DMA_Start_IT	12	static
C:/tmp/SE_firmware/Drivers/STM32U5xx_HAL_Driver/Src/stm32u5xx_hal_dma.c:597:19:HAL_DMA_Abort	16	static
C:/tmp/SE_firmware/Drivers/STM32U5xx_HAL_Driver/Src/stm32u5xx_hal_dma.c:689:19:HAL_DMA_Abort_IT	0	static
C:/tmp/SE_firmware/Drivers/STM32U5xx_HAL_Driver/Src/stm32u5xx_hal_dma.c:725:19:HAL_DMA_PollForTransfer	24	static
C:/tmp/SE_firmware/Drivers/STM32U5xx_HAL_Driver/Src/stm32u5xx_hal_dma.c:897:6:HAL_DMA_IRQHandler	8	static
C:/tmp/SE_firmware/Drivers/STM32U5xx_HAL_Driver/Src/stm32u5xx_hal_dma.c:1133:19:HAL_DMA_RegisterCallback	8	static
C:/tmp/SE_firmware/Drivers/STM32U5xx_HAL_Driver/Src/stm32u5xx_hal_dma.c:1212:19:HAL_DMA_UnRegisterCallback	0	static
C:/tmp/SE_firmware/Drivers/STM32U5xx_HAL_Driver/Src/stm32u5xx_hal_dma.c:1320:22:HAL_DMA_GetState	0	static
C:/tmp/SE_firmware/Drivers/STM32U5xx_HAL_Driver/Src/stm32u5xx_hal_dma.c:1332:10:HAL_DMA_GetError	0	static
C:/tmp/SE_firmware/Drivers/STM32U5xx_HAL_Driver/Src/stm32u5xx_hal_dma.c:1376:19:HAL_DMA_ConfigChannelAttributes	0	static
C:/tmp/SE_firmware/Drivers/STM32U5xx_HAL_Driver/Src/stm32u5xx_hal_dma.c:1464:19:HAL_DMA_GetConfigChannelAttributes	8	static
C:/tmp/SE_firmware/Drivers/STM32U5xx_HAL_Driver/Src/stm32u5xx_hal_dma.c:1540:19:HAL_DMA_GetLockChannelAttributes	0	static
