C:/tmp/SE_firmware/Drivers/STM32U5xx_HAL_Driver/Src/stm32u5xx_hal_rtc.c:921:13:HAL_RTC_MspInit	0	static
C:/tmp/SE_firmware/Drivers/STM32U5xx_HAL_Driver/Src/stm32u5xx_hal_rtc.c:936:13:HAL_RTC_MspDeInit	0	static
C:/tmp/SE_firmware/Drivers/STM32U5xx_HAL_Driver/Src/stm32u5xx_hal_rtc.c:1082:6:HAL_RTC_DST_Add1Hour	0	static
C:/tmp/SE_firmware/Drivers/STM32U5xx_HAL_Driver/Src/stm32u5xx_hal_rtc.c:1096:6:HAL_RTC_DST_Sub1Hour	0	static
C:/tmp/SE_firmware/Drivers/STM32U5xx_HAL_Driver/Src/stm32u5xx_hal_rtc.c:1110:6:HAL_RTC_DST_SetStoreOperation	0	static
C:/tmp/SE_firmware/Drivers/STM32U5xx_HAL_Driver/Src/stm32u5xx_hal_rtc.c:1121:6:HAL_RTC_DST_ClearStoreOperation	0	static
C:/tmp/SE_firmware/Drivers/STM32U5xx_HAL_Driver/Src/stm32u5xx_hal_rtc.c:1132:10:HAL_RTC_DST_ReadStoreOperation	0	static
C:/tmp/SE_firmware/Drivers/STM32U5xx_HAL_Driver/Src/stm32u5xx_hal_rtc.c:1770:19:HAL_RTC_DeactivateAlarm	0	static
C:/tmp/SE_firmware/Drivers/STM32U5xx_HAL_Driver/Src/stm32u5xx_hal_rtc.c:1964:13:HAL_RTC_AlarmAEventCallback	0	static
C:/tmp/SE_firmware/Drivers/STM32U5xx_HAL_Driver/Src/stm32u5xx_hal_rtc.c:1924:6:HAL_RTC_AlarmIRQHandler	16	static
C:/tmp/SE_firmware/Drivers/STM32U5xx_HAL_Driver/Src/stm32u5xx_hal_rtc.c:1980:19:HAL_RTC_PollForAlarmAEvent	16	static
C:/tmp/SE_firmware/Drivers/STM32U5xx_HAL_Driver/Src/stm32u5xx_hal_rtc.c:2045:19:HAL_RTC_WaitForSynchro	16	static
C:/tmp/SE_firmware/Drivers/STM32U5xx_HAL_Driver/Src/stm32u5xx_hal_rtc.c:2099:21:HAL_RTC_GetState	0	static
C:/tmp/SE_firmware/Drivers/STM32U5xx_HAL_Driver/Src/stm32u5xx_hal_rtc.c:2122:19:RTC_EnterInitMode	24	static
C:/tmp/SE_firmware/Drivers/STM32U5xx_HAL_Driver/Src/stm32u5xx_hal_rtc.c:2163:19:RTC_ExitInitMode	16	static
C:/tmp/SE_firmware/Drivers/STM32U5xx_HAL_Driver/Src/stm32u5xx_hal_rtc.c:268:19:HAL_RTC_Init	16	static
C:/tmp/SE_firmware/Drivers/STM32U5xx_HAL_Driver/Src/stm32u5xx_hal_rtc.c:434:19:HAL_RTC_DeInit	16	static
C:/tmp/SE_firmware/Drivers/STM32U5xx_HAL_Driver/Src/stm32u5xx_hal_rtc.c:2199:9:RTC_ByteToBcd2	0	static
C:/tmp/SE_firmware/Drivers/STM32U5xx_HAL_Driver/Src/stm32u5xx_hal_rtc.c:979:19:HAL_RTC_SetTime	24	static
C:/tmp/SE_firmware/Drivers/STM32U5xx_HAL_Driver/Src/stm32u5xx_hal_rtc.c:1221:19:HAL_RTC_SetDate	24	static
C:/tmp/SE_firmware/Drivers/STM32U5xx_HAL_Driver/Src/stm32u5xx_hal_rtc.c:1365:19:HAL_RTC_SetAlarm	32	static
C:/tmp/SE_firmware/Drivers/STM32U5xx_HAL_Driver/Src/stm32u5xx_hal_rtc.c:1570:19:HAL_RTC_SetAlarm_IT	32	static
C:/tmp/SE_firmware/Drivers/STM32U5xx_HAL_Driver/Src/stm32u5xx_hal_rtc.c:2218:9:RTC_Bcd2ToByte	0	static
C:/tmp/SE_firmware/Drivers/STM32U5xx_HAL_Driver/Src/stm32u5xx_hal_rtc.c:1163:19:HAL_RTC_GetTime	16	static
C:/tmp/SE_firmware/Drivers/STM32U5xx_HAL_Driver/Src/stm32u5xx_hal_rtc.c:1305:19:HAL_RTC_GetDate	16	static
C:/tmp/SE_firmware/Drivers/STM32U5xx_HAL_Driver/Src/stm32u5xx_hal_rtc.c:1818:19:HAL_RTC_GetAlarm	24	static
