C:/tmp/test/Drivers/STM32U5xx_HAL_Driver/Src/stm32u5xx_hal_rcc.c:360:19:HAL_RCC_DeInit	16	static
C:/tmp/test/Drivers/STM32U5xx_HAL_Driver/Src/stm32u5xx_hal_rcc.c:522:19:HAL_RCC_OscConfig	64	static
C:/tmp/test/Drivers/STM32U5xx_HAL_Driver/Src/stm32u5xx_hal_rcc.c:1349:19:HAL_RCC_ClockConfig	32	static
C:/tmp/test/Drivers/STM32U5xx_HAL_Driver/Src/stm32u5xx_hal_rcc.c:1654:6:HAL_RCC_MCOConfig	48	static
C:/tmp/test/Drivers/STM32U5xx_HAL_Driver/Src/stm32u5xx_hal_rcc.c:1707:10:HAL_RCC_GetSysClockFreq	48	static
C:/tmp/test/Drivers/STM32U5xx_HAL_Driver/Src/stm32u5xx_hal_rcc.c:1809:10:HAL_RCC_GetHCLKFreq	8	static
C:/tmp/test/Drivers/STM32U5xx_HAL_Driver/Src/stm32u5xx_hal_rcc.c:1821:10:HAL_RCC_GetPCLK1Freq	8	static
C:/tmp/test/Drivers/STM32U5xx_HAL_Driver/Src/stm32u5xx_hal_rcc.c:1833:10:HAL_RCC_GetPCLK2Freq	8	static
C:/tmp/test/Drivers/STM32U5xx_HAL_Driver/Src/stm32u5xx_hal_rcc.c:1845:10:HAL_RCC_GetPCLK3Freq	8	static
C:/tmp/test/Drivers/STM32U5xx_HAL_Driver/Src/stm32u5xx_hal_rcc.c:1857:6:HAL_RCC_GetOscConfig	32	static
C:/tmp/test/Drivers/STM32U5xx_HAL_Driver/Src/stm32u5xx_hal_rcc.c:1958:6:HAL_RCC_GetClockConfig	16	static
C:/tmp/test/Drivers/STM32U5xx_HAL_Driver/Src/stm32u5xx_hal_rcc.c:1993:10:HAL_RCC_GetResetSource	16	static
C:/tmp/test/Drivers/STM32U5xx_HAL_Driver/Src/stm32u5xx_hal_rcc.c:2016:6:HAL_RCC_EnableCSS	4	static
C:/tmp/test/Drivers/STM32U5xx_HAL_Driver/Src/stm32u5xx_hal_rcc.c:2026:6:HAL_RCC_NMI_IRQHandler	8	static
C:/tmp/test/Drivers/STM32U5xx_HAL_Driver/Src/stm32u5xx_hal_rcc.c:2043:13:HAL_RCC_CSSCallback	4	static
C:/tmp/test/Drivers/STM32U5xx_HAL_Driver/Src/stm32u5xx_hal_rcc.c:2080:6:HAL_RCC_ConfigAttributes	16	static
C:/tmp/test/Drivers/STM32U5xx_HAL_Driver/Src/stm32u5xx_hal_rcc.c:2141:19:HAL_RCC_GetConfigAttributes	24	static
C:/tmp/test/Drivers/STM32U5xx_HAL_Driver/Src/stm32u5xx_hal_rcc.c:2194:26:RCC_SetFlashLatencyFromMSIRange	32	static
