../../Middlewares/Third_Party/wolfSSL_wolfSSL_wolfSSL/wolfssl/wolfcrypt/src/misc.c:591:31:ForceZero	24	static
C:/tmp/test/Middlewares/Third_Party/wolfSSL_wolfSSL_wolfSSL/wolfssl/wolfcrypt/src/ecc.c:1461:21:wc_ecc_get_sets	4	static
C:/tmp/test/Middlewares/Third_Party/wolfSSL_wolfSSL_wolfSSL/wolfssl/wolfcrypt/src/ecc.c:1464:8:wc_ecc_get_sets_count	4	static
C:/tmp/test/Middlewares/Third_Party/wolfSSL_wolfSSL_wolfSSL/wolfssl/wolfcrypt/src/ecc.c:1674:13:wc_ecc_curve_cache_free_spec_item	24	static
C:/tmp/test/Middlewares/Third_Party/wolfSSL_wolfSSL_wolfSSL/wolfssl/wolfcrypt/src/ecc.c:1685:13:wc_ecc_curve_cache_free_spec	16	static
C:/tmp/test/Middlewares/Third_Party/wolfSSL_wolfSSL_wolfSSL/wolfssl/wolfcrypt/src/ecc.c:1707:13:wc_ecc_curve_free	16	static
C:/tmp/test/Middlewares/Third_Party/wolfSSL_wolfSSL_wolfSSL/wolfssl/wolfcrypt/src/ecc.c:1724:12:wc_ecc_curve_cache_load_item	32	static
C:/tmp/test/Middlewares/Third_Party/wolfSSL_wolfSSL_wolfSSL/wolfssl/wolfcrypt/src/ecc.c:1761:12:wc_ecc_curve_load	40	static
C:/tmp/test/Middlewares/Third_Party/wolfSSL_wolfSSL_wolfSSL/wolfssl/wolfcrypt/src/ecc.c:1916:13:wc_ecc_get_name	24	static
C:/tmp/test/Middlewares/Third_Party/wolfSSL_wolfSSL_wolfSSL/wolfssl/wolfcrypt/src/ecc.c:1924:5:wc_ecc_set_curve	32	static
C:/tmp/test/Middlewares/Third_Party/wolfSSL_wolfSSL_wolfSSL/wolfssl/wolfcrypt/src/ecc.c:3737:5:wc_ecc_mulmod_ex	40	static
C:/tmp/test/Middlewares/Third_Party/wolfSSL_wolfSSL_wolfSSL/wolfssl/wolfcrypt/src/ecc.c:3953:5:wc_ecc_mulmod_ex2	40	static
C:/tmp/test/Middlewares/Third_Party/wolfSSL_wolfSSL_wolfSSL/wolfssl/wolfcrypt/src/ecc.c:4115:5:wc_ecc_mulmod	40	static
C:/tmp/test/Middlewares/Third_Party/wolfSSL_wolfSSL_wolfSSL/wolfssl/wolfcrypt/src/ecc.c:4136:12:wc_ecc_new_point_ex	40	static
C:/tmp/test/Middlewares/Third_Party/wolfSSL_wolfSSL_wolfSSL/wolfssl/wolfcrypt/src/ecc.c:4179:12:wc_ecc_new_point_h	24	static
C:/tmp/test/Middlewares/Third_Party/wolfSSL_wolfSSL_wolfSSL/wolfssl/wolfcrypt/src/ecc.c:4186:12:wc_ecc_new_point	16	static
C:/tmp/test/Middlewares/Third_Party/wolfSSL_wolfSSL_wolfSSL/wolfssl/wolfcrypt/src/ecc.c:4196:13:wc_ecc_del_point_ex	24	static
C:/tmp/test/Middlewares/Third_Party/wolfSSL_wolfSSL_wolfSSL/wolfssl/wolfcrypt/src/ecc.c:4207:6:wc_ecc_del_point_h	16	static
C:/tmp/test/Middlewares/Third_Party/wolfSSL_wolfSSL_wolfSSL/wolfssl/wolfcrypt/src/ecc.c:4211:6:wc_ecc_del_point	16	static
C:/tmp/test/Middlewares/Third_Party/wolfSSL_wolfSSL_wolfSSL/wolfssl/wolfcrypt/src/ecc.c:4216:6:wc_ecc_forcezero_point	16	static
C:/tmp/test/Middlewares/Third_Party/wolfSSL_wolfSSL_wolfSSL/wolfssl/wolfcrypt/src/ecc.c:4230:5:wc_ecc_copy_point	24	static
C:/tmp/test/Middlewares/Third_Party/wolfSSL_wolfSSL_wolfSSL/wolfssl/wolfcrypt/src/ecc.c:4257:5:wc_ecc_cmp_point	24	static
C:/tmp/test/Middlewares/Third_Party/wolfSSL_wolfSSL_wolfSSL/wolfssl/wolfcrypt/src/ecc.c:4283:5:wc_ecc_is_valid_idx	24	static
C:/tmp/test/Middlewares/Third_Party/wolfSSL_wolfSSL_wolfSSL/wolfssl/wolfcrypt/src/ecc.c:4301:5:wc_ecc_get_curve_idx	24	static
C:/tmp/test/Middlewares/Third_Party/wolfSSL_wolfSSL_wolfSSL/wolfssl/wolfcrypt/src/ecc.c:4314:5:wc_ecc_get_curve_id	16	static
C:/tmp/test/Middlewares/Third_Party/wolfSSL_wolfSSL_wolfSSL/wolfssl/wolfcrypt/src/ecc.c:4327:5:wc_ecc_get_curve_size_from_id	24	static
C:/tmp/test/Middlewares/Third_Party/wolfSSL_wolfSSL_wolfSSL/wolfssl/wolfcrypt/src/ecc.c:4341:5:wc_ecc_get_curve_idx_from_name	24	static
C:/tmp/test/Middlewares/Third_Party/wolfSSL_wolfSSL_wolfSSL/wolfssl/wolfcrypt/src/ecc.c:4370:5:wc_ecc_get_curve_size_from_name	24	static
C:/tmp/test/Middlewares/Third_Party/wolfSSL_wolfSSL_wolfSSL/wolfssl/wolfcrypt/src/ecc.c:4390:5:wc_ecc_get_curve_id_from_name	24	static
C:/tmp/test/Middlewares/Third_Party/wolfSSL_wolfSSL_wolfSSL/wolfssl/wolfcrypt/src/ecc.c:4408:12:wc_ecc_cmp_param	64	static
C:/tmp/test/Middlewares/Third_Party/wolfSSL_wolfSSL_wolfSSL/wolfssl/wolfcrypt/src/ecc.c:4488:5:wc_ecc_get_curve_id_from_params	32	static
C:/tmp/test/Middlewares/Third_Party/wolfSSL_wolfSSL_wolfSSL/wolfssl/wolfcrypt/src/ecc.c:4535:5:wc_ecc_get_curve_id_from_dp_params	32	static
C:/tmp/test/Middlewares/Third_Party/wolfSSL_wolfSSL_wolfSSL/wolfssl/wolfcrypt/src/ecc.c:4581:5:wc_ecc_get_curve_id_from_oid	24	static
C:/tmp/test/Middlewares/Third_Party/wolfSSL_wolfSSL_wolfSSL/wolfssl/wolfcrypt/src/ecc.c:4649:21:wc_ecc_get_curve_params	24	static
C:/tmp/test/Middlewares/Third_Party/wolfSSL_wolfSSL_wolfSSL/wolfssl/wolfcrypt/src/ecc.c:4714:5:wc_ecc_shared_secret	32	static
C:/tmp/test/Middlewares/Third_Party/wolfSSL_wolfSSL_wolfSSL/wolfssl/wolfcrypt/src/ecc.c:4807:5:wc_ecc_shared_secret_gen_sync	40	static
C:/tmp/test/Middlewares/Third_Party/wolfSSL_wolfSSL_wolfSSL/wolfssl/wolfcrypt/src/ecc.c:5144:5:wc_ecc_shared_secret_ex	32	static
C:/tmp/test/Middlewares/Third_Party/wolfSSL_wolfSSL_wolfSSL/wolfssl/wolfcrypt/src/ecc.c:5280:5:wc_ecc_point_is_on_curve	80	static
C:/tmp/test/Middlewares/Third_Party/wolfSSL_wolfSSL_wolfSSL/wolfssl/wolfcrypt/src/ecc.c:5315:5:wc_ecc_point_is_at_infinity	16	static
C:/tmp/test/Middlewares/Third_Party/wolfSSL_wolfSSL_wolfSSL/wolfssl/wolfcrypt/src/ecc.c:5327:5:wc_ecc_gen_k	104	static
C:/tmp/test/Middlewares/Third_Party/wolfSSL_wolfSSL_wolfSSL/wolfssl/wolfcrypt/src/ecc.c:5429:23:wc_ecc_reset	16	static
C:/tmp/test/Middlewares/Third_Party/wolfSSL_wolfSSL_wolfSSL/wolfssl/wolfcrypt/src/ecc.c:5451:12:ecc_make_pub_ex	40	static
C:/tmp/test/Middlewares/Third_Party/wolfSSL_wolfSSL_wolfSSL/wolfssl/wolfcrypt/src/ecc.c:5623:5:wc_ecc_make_pub	16	static
C:/tmp/test/Middlewares/Third_Party/wolfSSL_wolfSSL_wolfSSL/wolfssl/wolfcrypt/src/ecc.c:5639:5:wc_ecc_make_pub_ex	88	static
C:/tmp/test/Middlewares/Third_Party/wolfSSL_wolfSSL_wolfSSL/wolfssl/wolfcrypt/src/ecc.c:5680:12:_ecc_make_key_ex	32	static
C:/tmp/test/Middlewares/Third_Party/wolfSSL_wolfSSL_wolfSSL/wolfssl/wolfcrypt/src/ecc.c:6107:5:wc_ecc_make_key_ex2	40	static
C:/tmp/test/Middlewares/Third_Party/wolfSSL_wolfSSL_wolfSSL/wolfssl/wolfcrypt/src/ecc.c:6139:5:wc_ecc_make_key_ex	32	static
C:/tmp/test/Middlewares/Third_Party/wolfSSL_wolfSSL_wolfSSL/wolfssl/wolfcrypt/src/ecc.c:6203:10:wc_ecc_key_new	32	static
C:/tmp/test/Middlewares/Third_Party/wolfSSL_wolfSSL_wolfSSL/wolfssl/wolfcrypt/src/ecc.c:6225:6:wc_ecc_key_free	24	static
C:/tmp/test/Middlewares/Third_Party/wolfSSL_wolfSSL_wolfSSL/wolfssl/wolfcrypt/src/ecc.c:6247:5:wc_ecc_make_key	24	static
C:/tmp/test/Middlewares/Third_Party/wolfSSL_wolfSSL_wolfSSL/wolfssl/wolfcrypt/src/ecc.c:6254:5:wc_ecc_init_ex	48	static
C:/tmp/test/Middlewares/Third_Party/wolfSSL_wolfSSL_wolfSSL/wolfssl/wolfcrypt/src/ecc.c:6393:5:wc_ecc_init	16	static
C:/tmp/test/Middlewares/Third_Party/wolfSSL_wolfSSL_wolfSSL/wolfssl/wolfcrypt/src/ecc.c:6456:5:wc_ecc_set_flags	16	static
C:/tmp/test/Middlewares/Third_Party/wolfSSL_wolfSSL_wolfSSL/wolfssl/wolfcrypt/src/ecc.c:6466:12:wc_ecc_get_curve_order_bit_count	88	static
C:/tmp/test/Middlewares/Third_Party/wolfSSL_wolfSSL_wolfSSL/wolfssl/wolfcrypt/src/ecc.c:6825:5:wc_ecc_sign_hash	80	static
C:/tmp/test/Middlewares/Third_Party/wolfSSL_wolfSSL_wolfSSL/wolfssl/wolfcrypt/src/ecc.c:7222:12:ecc_sign_hash_sp	48	static
C:/tmp/test/Middlewares/Third_Party/wolfSSL_wolfSSL_wolfSSL/wolfssl/wolfcrypt/src/ecc.c:7347:5:wc_ecc_sign_hash_ex	48	static
C:/tmp/test/Middlewares/Third_Party/wolfSSL_wolfSSL_wolfSSL/wolfssl/wolfcrypt/src/ecc.c:8049:5:wc_ecc_free	16	static
C:/tmp/test/Middlewares/Third_Party/wolfSSL_wolfSSL_wolfSSL/wolfssl/wolfcrypt/src/ecc.c:8665:5:wc_ecc_verify_hash	80	static
C:/tmp/test/Middlewares/Third_Party/wolfSSL_wolfSSL_wolfSSL/wolfssl/wolfcrypt/src/ecc.c:8857:12:wc_ecc_check_r_s_range	88	static
C:/tmp/test/Middlewares/Third_Party/wolfSSL_wolfSSL_wolfSSL/wolfssl/wolfcrypt/src/ecc.c:8888:12:ecc_verify_hash_sp	56	static
C:/tmp/test/Middlewares/Third_Party/wolfSSL_wolfSSL_wolfSSL/wolfssl/wolfcrypt/src/ecc.c:9369:5:wc_ecc_verify_hash_ex	120	static
C:/tmp/test/Middlewares/Third_Party/wolfSSL_wolfSSL_wolfSSL/wolfssl/wolfcrypt/src/ecc.c:9628:5:wc_ecc_import_point_der_ex	48	static
C:/tmp/test/Middlewares/Third_Party/wolfSSL_wolfSSL_wolfSSL/wolfssl/wolfcrypt/src/ecc.c:9866:5:wc_ecc_import_point_der	32	static
C:/tmp/test/Middlewares/Third_Party/wolfSSL_wolfSSL_wolfSSL/wolfssl/wolfcrypt/src/ecc.c:9876:5:wc_ecc_export_point_der_ex	24	static
C:/tmp/test/Middlewares/Third_Party/wolfSSL_wolfSSL_wolfSSL/wolfssl/wolfcrypt/src/ecc.c:9889:5:wc_ecc_export_point_der	48	static
C:/tmp/test/Middlewares/Third_Party/wolfSSL_wolfSSL_wolfSSL/wolfssl/wolfcrypt/src/ecc.c:10014:12:_ecc_export_x963	48	static
C:/tmp/test/Middlewares/Third_Party/wolfSSL_wolfSSL_wolfSSL/wolfssl/wolfcrypt/src/ecc.c:10105:5:wc_ecc_export_x963	32	static
C:/tmp/test/Middlewares/Third_Party/wolfSSL_wolfSSL_wolfSSL/wolfssl/wolfcrypt/src/ecc.c:10167:5:wc_ecc_export_x963_ex	24	static
C:/tmp/test/Middlewares/Third_Party/wolfSSL_wolfSSL_wolfSSL/wolfssl/wolfcrypt/src/ecc.c:10184:12:_ecc_is_point	24	static
C:/tmp/test/Middlewares/Third_Party/wolfSSL_wolfSSL_wolfSSL/wolfssl/wolfcrypt/src/ecc.c:10317:5:wc_ecc_is_point	32	static
C:/tmp/test/Middlewares/Third_Party/wolfSSL_wolfSSL_wolfSSL/wolfssl/wolfcrypt/src/ecc.c:10721:12:_ecc_validate_public_key	32	static
C:/tmp/test/Middlewares/Third_Party/wolfSSL_wolfSSL_wolfSSL/wolfssl/wolfcrypt/src/ecc.c:10877:5:wc_ecc_check_key	24	static
C:/tmp/test/Middlewares/Third_Party/wolfSSL_wolfSSL_wolfSSL/wolfssl/wolfcrypt/src/ecc.c:10888:12:_ecc_import_x963_ex2	56	static
C:/tmp/test/Middlewares/Third_Party/wolfSSL_wolfSSL_wolfSSL/wolfssl/wolfcrypt/src/ecc.c:11280:5:wc_ecc_import_x963_ex2	32	static
C:/tmp/test/Middlewares/Third_Party/wolfSSL_wolfSSL_wolfSSL/wolfssl/wolfcrypt/src/ecc.c:11350:5:wc_ecc_import_x963_ex	32	static
C:/tmp/test/Middlewares/Third_Party/wolfSSL_wolfSSL_wolfSSL/wolfssl/wolfcrypt/src/ecc.c:11358:5:wc_ecc_import_x963	24	static
C:/tmp/test/Middlewares/Third_Party/wolfSSL_wolfSSL_wolfSSL/wolfssl/wolfcrypt/src/ecc.c:11368:12:_ecc_export_ex	40	static
C:/tmp/test/Middlewares/Third_Party/wolfSSL_wolfSSL_wolfSSL/wolfssl/wolfcrypt/src/ecc.c:11465:5:wc_ecc_export_ex	40	static
C:/tmp/test/Middlewares/Third_Party/wolfSSL_wolfSSL_wolfSSL/wolfssl/wolfcrypt/src/ecc.c:11517:5:wc_ecc_export_private_only	40	static
C:/tmp/test/Middlewares/Third_Party/wolfSSL_wolfSSL_wolfSSL/wolfssl/wolfcrypt/src/ecc.c:11538:5:wc_ecc_export_public_raw	40	static
C:/tmp/test/Middlewares/Third_Party/wolfSSL_wolfSSL_wolfSSL/wolfssl/wolfcrypt/src/ecc.c:11552:5:wc_ecc_export_private_raw	40	static
C:/tmp/test/Middlewares/Third_Party/wolfSSL_wolfSSL_wolfSSL/wolfssl/wolfcrypt/src/ecc.c:11564:12:_ecc_import_private_key_ex	40	static
C:/tmp/test/Middlewares/Third_Party/wolfSSL_wolfSSL_wolfSSL/wolfssl/wolfcrypt/src/ecc.c:11758:5:wc_ecc_import_private_key_ex	32	static
C:/tmp/test/Middlewares/Third_Party/wolfSSL_wolfSSL_wolfSSL/wolfssl/wolfcrypt/src/ecc.c:11828:5:wc_ecc_import_private_key	32	static
C:/tmp/test/Middlewares/Third_Party/wolfSSL_wolfSSL_wolfSSL/wolfssl/wolfcrypt/src/ecc.c:11846:5:wc_ecc_rs_to_sig	64	static
C:/tmp/test/Middlewares/Third_Party/wolfSSL_wolfSSL_wolfSSL/wolfssl/wolfcrypt/src/ecc.c:11914:5:wc_ecc_rs_raw_to_sig	32	static
C:/tmp/test/Middlewares/Third_Party/wolfSSL_wolfSSL_wolfSSL/wolfssl/wolfcrypt/src/ecc.c:11934:5:wc_ecc_sig_to_rs	32	static
C:/tmp/test/Middlewares/Third_Party/wolfSSL_wolfSSL_wolfSSL/wolfssl/wolfcrypt/src/ecc.c:11947:12:_ecc_import_raw_private	48	static
C:/tmp/test/Middlewares/Third_Party/wolfSSL_wolfSSL_wolfSSL/wolfssl/wolfcrypt/src/ecc.c:12248:12:wc_ecc_import_raw_private	32	static
C:/tmp/test/Middlewares/Third_Party/wolfSSL_wolfSSL_wolfSSL/wolfssl/wolfcrypt/src/ecc.c:12329:5:wc_ecc_import_raw_ex	32	static
C:/tmp/test/Middlewares/Third_Party/wolfSSL_wolfSSL_wolfSSL/wolfssl/wolfcrypt/src/ecc.c:12337:5:wc_ecc_import_unsigned	32	static
C:/tmp/test/Middlewares/Third_Party/wolfSSL_wolfSSL_wolfSSL/wolfssl/wolfcrypt/src/ecc.c:12355:5:wc_ecc_import_raw	48	static
C:/tmp/test/Middlewares/Third_Party/wolfSSL_wolfSSL_wolfSSL/wolfssl/wolfcrypt/src/ecc.c:12401:5:wc_ecc_size	16	static
C:/tmp/test/Middlewares/Third_Party/wolfSSL_wolfSSL_wolfSSL/wolfssl/wolfcrypt/src/ecc.c:12432:5:wc_ecc_sig_size_calc	24	static
C:/tmp/test/Middlewares/Third_Party/wolfSSL_wolfSSL_wolfSSL/wolfssl/wolfcrypt/src/ecc.c:12450:5:wc_ecc_sig_size	32	static
C:/tmp/test/Middlewares/Third_Party/wolfSSL_wolfSSL_wolfSSL/wolfssl/wolfcrypt/src/ecc.c:14330:5:wc_ecc_set_rng	24	static
C:/tmp/test/Middlewares/Third_Party/wolfSSL_wolfSSL_wolfSSL/wolfssl/wolfcrypt/src/ecc.c:16009:5:wc_ecc_get_oid	32	static
