C:/tmp/SE_firmware/Middlewares/Third_Party/wolfSSL_wolfSSL_wolfSSL/wolfssl/wolfcrypt/src/ecc.c:1674:13:wc_ecc_curve_cache_free_spec_item	16	static
C:/tmp/SE_firmware/Middlewares/Third_Party/wolfSSL_wolfSSL_wolfSSL/wolfssl/wolfcrypt/src/ecc.c:1685:13:wc_ecc_curve_cache_free_spec	8	static
C:/tmp/SE_firmware/Middlewares/Third_Party/wolfSSL_wolfSSL_wolfSSL/wolfssl/wolfcrypt/src/ecc.c:4196:13:wc_ecc_del_point_ex.part.0	8	static
C:/tmp/SE_firmware/Middlewares/Third_Party/wolfSSL_wolfSSL_wolfSSL/wolfssl/wolfcrypt/src/ecc.c:4408:12:wc_ecc_cmp_param	40	static
../../Middlewares/Third_Party/wolfSSL_wolfSSL_wolfSSL/wolfssl/wolfcrypt/src/misc.c:591:31:ForceZero	12	static
C:/tmp/SE_firmware/Middlewares/Third_Party/wolfSSL_wolfSSL_wolfSSL/wolfssl/wolfcrypt/src/ecc.c:4136:12:wc_ecc_new_point_ex.constprop.isra	24	static
C:/tmp/SE_firmware/Middlewares/Third_Party/wolfSSL_wolfSSL_wolfSSL/wolfssl/wolfcrypt/src/ecc.c:1724:12:wc_ecc_curve_cache_load_item	24	static
C:/tmp/SE_firmware/Middlewares/Third_Party/wolfSSL_wolfSSL_wolfSSL/wolfssl/wolfcrypt/src/ecc.c:1761:12:wc_ecc_curve_load	24	static
C:/tmp/SE_firmware/Middlewares/Third_Party/wolfSSL_wolfSSL_wolfSSL/wolfssl/wolfcrypt/src/ecc.c:5451:12:ecc_make_pub_ex.isra	40	static
C:/tmp/SE_firmware/Middlewares/Third_Party/wolfSSL_wolfSSL_wolfSSL/wolfssl/wolfcrypt/src/ecc.c:1461:21:wc_ecc_get_sets	0	static
C:/tmp/SE_firmware/Middlewares/Third_Party/wolfSSL_wolfSSL_wolfSSL/wolfssl/wolfcrypt/src/ecc.c:1464:8:wc_ecc_get_sets_count	0	static
C:/tmp/SE_firmware/Middlewares/Third_Party/wolfSSL_wolfSSL_wolfSSL/wolfssl/wolfcrypt/src/ecc.c:1924:5:wc_ecc_set_curve	0	static
C:/tmp/SE_firmware/Middlewares/Third_Party/wolfSSL_wolfSSL_wolfSSL/wolfssl/wolfcrypt/src/ecc.c:5680:12:_ecc_make_key_ex	16	static
C:/tmp/SE_firmware/Middlewares/Third_Party/wolfSSL_wolfSSL_wolfSSL/wolfssl/wolfcrypt/src/ecc.c:12248:12:wc_ecc_import_raw_private	56	static
C:/tmp/SE_firmware/Middlewares/Third_Party/wolfSSL_wolfSSL_wolfSSL/wolfssl/wolfcrypt/src/ecc.c:3737:5:wc_ecc_mulmod_ex	32	static
C:/tmp/SE_firmware/Middlewares/Third_Party/wolfSSL_wolfSSL_wolfSSL/wolfssl/wolfcrypt/src/ecc.c:3953:5:wc_ecc_mulmod_ex2	32	static
C:/tmp/SE_firmware/Middlewares/Third_Party/wolfSSL_wolfSSL_wolfSSL/wolfssl/wolfcrypt/src/ecc.c:4115:5:wc_ecc_mulmod	32	static
C:/tmp/SE_firmware/Middlewares/Third_Party/wolfSSL_wolfSSL_wolfSSL/wolfssl/wolfcrypt/src/ecc.c:4179:12:wc_ecc_new_point_h	16	static
C:/tmp/SE_firmware/Middlewares/Third_Party/wolfSSL_wolfSSL_wolfSSL/wolfssl/wolfcrypt/src/ecc.c:4186:12:wc_ecc_new_point	16	static
C:/tmp/SE_firmware/Middlewares/Third_Party/wolfSSL_wolfSSL_wolfSSL/wolfssl/wolfcrypt/src/ecc.c:4207:6:wc_ecc_del_point_h	0	static
C:/tmp/SE_firmware/Middlewares/Third_Party/wolfSSL_wolfSSL_wolfSSL/wolfssl/wolfcrypt/src/ecc.c:4211:6:wc_ecc_del_point	0	static
C:/tmp/SE_firmware/Middlewares/Third_Party/wolfSSL_wolfSSL_wolfSSL/wolfssl/wolfcrypt/src/ecc.c:4216:6:wc_ecc_forcezero_point	8	static
C:/tmp/SE_firmware/Middlewares/Third_Party/wolfSSL_wolfSSL_wolfSSL/wolfssl/wolfcrypt/src/ecc.c:4230:5:wc_ecc_copy_point	16	static
C:/tmp/SE_firmware/Middlewares/Third_Party/wolfSSL_wolfSSL_wolfSSL/wolfssl/wolfcrypt/src/ecc.c:4257:5:wc_ecc_cmp_point	16	static
C:/tmp/SE_firmware/Middlewares/Third_Party/wolfSSL_wolfSSL_wolfSSL/wolfssl/wolfcrypt/src/ecc.c:4283:5:wc_ecc_is_valid_idx	0	static
C:/tmp/SE_firmware/Middlewares/Third_Party/wolfSSL_wolfSSL_wolfSSL/wolfssl/wolfcrypt/src/ecc.c:4301:5:wc_ecc_get_curve_idx	0	static
C:/tmp/SE_firmware/Middlewares/Third_Party/wolfSSL_wolfSSL_wolfSSL/wolfssl/wolfcrypt/src/ecc.c:1916:13:wc_ecc_get_name	8	static
C:/tmp/SE_firmware/Middlewares/Third_Party/wolfSSL_wolfSSL_wolfSSL/wolfssl/wolfcrypt/src/ecc.c:4314:5:wc_ecc_get_curve_id	8	static
C:/tmp/SE_firmware/Middlewares/Third_Party/wolfSSL_wolfSSL_wolfSSL/wolfssl/wolfcrypt/src/ecc.c:4327:5:wc_ecc_get_curve_size_from_id	8	static
C:/tmp/SE_firmware/Middlewares/Third_Party/wolfSSL_wolfSSL_wolfSSL/wolfssl/wolfcrypt/src/ecc.c:4341:5:wc_ecc_get_curve_idx_from_name	8	static
C:/tmp/SE_firmware/Middlewares/Third_Party/wolfSSL_wolfSSL_wolfSSL/wolfssl/wolfcrypt/src/ecc.c:4370:5:wc_ecc_get_curve_size_from_name	8	static
C:/tmp/SE_firmware/Middlewares/Third_Party/wolfSSL_wolfSSL_wolfSSL/wolfssl/wolfcrypt/src/ecc.c:4390:5:wc_ecc_get_curve_id_from_name	8	static
C:/tmp/SE_firmware/Middlewares/Third_Party/wolfSSL_wolfSSL_wolfSSL/wolfssl/wolfcrypt/src/ecc.c:4488:5:wc_ecc_get_curve_id_from_params	40	static
C:/tmp/SE_firmware/Middlewares/Third_Party/wolfSSL_wolfSSL_wolfSSL/wolfssl/wolfcrypt/src/ecc.c:4535:5:wc_ecc_get_curve_id_from_dp_params	24	static
C:/tmp/SE_firmware/Middlewares/Third_Party/wolfSSL_wolfSSL_wolfSSL/wolfssl/wolfcrypt/src/ecc.c:4581:5:wc_ecc_get_curve_id_from_oid	8	static
C:/tmp/SE_firmware/Middlewares/Third_Party/wolfSSL_wolfSSL_wolfSSL/wolfssl/wolfcrypt/src/ecc.c:4649:21:wc_ecc_get_curve_params	0	static
C:/tmp/SE_firmware/Middlewares/Third_Party/wolfSSL_wolfSSL_wolfSSL/wolfssl/wolfcrypt/src/ecc.c:4807:5:wc_ecc_shared_secret_gen_sync	32	static
C:/tmp/SE_firmware/Middlewares/Third_Party/wolfSSL_wolfSSL_wolfSSL/wolfssl/wolfcrypt/src/ecc.c:5144:5:wc_ecc_shared_secret_ex	24	static
C:/tmp/SE_firmware/Middlewares/Third_Party/wolfSSL_wolfSSL_wolfSSL/wolfssl/wolfcrypt/src/ecc.c:4714:5:wc_ecc_shared_secret	16	static
C:/tmp/SE_firmware/Middlewares/Third_Party/wolfSSL_wolfSSL_wolfSSL/wolfssl/wolfcrypt/src/ecc.c:5315:5:wc_ecc_point_is_at_infinity	0	static
C:/tmp/SE_firmware/Middlewares/Third_Party/wolfSSL_wolfSSL_wolfSSL/wolfssl/wolfcrypt/src/ecc.c:5327:5:wc_ecc_gen_k	104	static
C:/tmp/SE_firmware/Middlewares/Third_Party/wolfSSL_wolfSSL_wolfSSL/wolfssl/wolfcrypt/src/ecc.c:5639:5:wc_ecc_make_pub_ex	72	static
C:/tmp/SE_firmware/Middlewares/Third_Party/wolfSSL_wolfSSL_wolfSSL/wolfssl/wolfcrypt/src/ecc.c:5623:5:wc_ecc_make_pub	0	static
C:/tmp/SE_firmware/Middlewares/Third_Party/wolfSSL_wolfSSL_wolfSSL/wolfssl/wolfcrypt/src/ecc.c:6107:5:wc_ecc_make_key_ex2	0	static
C:/tmp/SE_firmware/Middlewares/Third_Party/wolfSSL_wolfSSL_wolfSSL/wolfssl/wolfcrypt/src/ecc.c:6139:5:wc_ecc_make_key_ex	16	static
C:/tmp/SE_firmware/Middlewares/Third_Party/wolfSSL_wolfSSL_wolfSSL/wolfssl/wolfcrypt/src/ecc.c:6247:5:wc_ecc_make_key	0	static
C:/tmp/SE_firmware/Middlewares/Third_Party/wolfSSL_wolfSSL_wolfSSL/wolfssl/wolfcrypt/src/ecc.c:6254:5:wc_ecc_init_ex	24	static
C:/tmp/SE_firmware/Middlewares/Third_Party/wolfSSL_wolfSSL_wolfSSL/wolfssl/wolfcrypt/src/ecc.c:6203:10:wc_ecc_key_new	16	static
C:/tmp/SE_firmware/Middlewares/Third_Party/wolfSSL_wolfSSL_wolfSSL/wolfssl/wolfcrypt/src/ecc.c:6393:5:wc_ecc_init	0	static
C:/tmp/SE_firmware/Middlewares/Third_Party/wolfSSL_wolfSSL_wolfSSL/wolfssl/wolfcrypt/src/ecc.c:6456:5:wc_ecc_set_flags	0	static
C:/tmp/SE_firmware/Middlewares/Third_Party/wolfSSL_wolfSSL_wolfSSL/wolfssl/wolfcrypt/src/ecc.c:7347:5:wc_ecc_sign_hash_ex	40	static
C:/tmp/SE_firmware/Middlewares/Third_Party/wolfSSL_wolfSSL_wolfSSL/wolfssl/wolfcrypt/src/ecc.c:6825:5:wc_ecc_sign_hash	48	static
C:/tmp/SE_firmware/Middlewares/Third_Party/wolfSSL_wolfSSL_wolfSSL/wolfssl/wolfcrypt/src/ecc.c:8049:5:wc_ecc_free	8	static
C:/tmp/SE_firmware/Middlewares/Third_Party/wolfSSL_wolfSSL_wolfSSL/wolfssl/wolfcrypt/src/ecc.c:6225:6:wc_ecc_key_free	8	static
C:/tmp/SE_firmware/Middlewares/Third_Party/wolfSSL_wolfSSL_wolfSSL/wolfssl/wolfcrypt/src/ecc.c:9369:5:wc_ecc_verify_hash_ex	168	static
C:/tmp/SE_firmware/Middlewares/Third_Party/wolfSSL_wolfSSL_wolfSSL/wolfssl/wolfcrypt/src/ecc.c:8665:5:wc_ecc_verify_hash	48	static
C:/tmp/SE_firmware/Middlewares/Third_Party/wolfSSL_wolfSSL_wolfSSL/wolfssl/wolfcrypt/src/ecc.c:9628:5:wc_ecc_import_point_der_ex	40	static
C:/tmp/SE_firmware/Middlewares/Third_Party/wolfSSL_wolfSSL_wolfSSL/wolfssl/wolfcrypt/src/ecc.c:9866:5:wc_ecc_import_point_der	16	static
C:/tmp/SE_firmware/Middlewares/Third_Party/wolfSSL_wolfSSL_wolfSSL/wolfssl/wolfcrypt/src/ecc.c:9889:5:wc_ecc_export_point_der	32	static
C:/tmp/SE_firmware/Middlewares/Third_Party/wolfSSL_wolfSSL_wolfSSL/wolfssl/wolfcrypt/src/ecc.c:9876:5:wc_ecc_export_point_der_ex	4	static
C:/tmp/SE_firmware/Middlewares/Third_Party/wolfSSL_wolfSSL_wolfSSL/wolfssl/wolfcrypt/src/ecc.c:10105:5:wc_ecc_export_x963	48	static
C:/tmp/SE_firmware/Middlewares/Third_Party/wolfSSL_wolfSSL_wolfSSL/wolfssl/wolfcrypt/src/ecc.c:10167:5:wc_ecc_export_x963_ex	0	static
C:/tmp/SE_firmware/Middlewares/Third_Party/wolfSSL_wolfSSL_wolfSSL/wolfssl/wolfcrypt/src/ecc.c:10317:5:wc_ecc_is_point	16	static
C:/tmp/SE_firmware/Middlewares/Third_Party/wolfSSL_wolfSSL_wolfSSL/wolfssl/wolfcrypt/src/ecc.c:5280:5:wc_ecc_point_is_on_curve	72	static
C:/tmp/SE_firmware/Middlewares/Third_Party/wolfSSL_wolfSSL_wolfSSL/wolfssl/wolfcrypt/src/ecc.c:10888:12:_ecc_import_x963_ex2	56	static
C:/tmp/SE_firmware/Middlewares/Third_Party/wolfSSL_wolfSSL_wolfSSL/wolfssl/wolfcrypt/src/ecc.c:10877:5:wc_ecc_check_key	0	static
C:/tmp/SE_firmware/Middlewares/Third_Party/wolfSSL_wolfSSL_wolfSSL/wolfssl/wolfcrypt/src/ecc.c:11280:5:wc_ecc_import_x963_ex2	12	static
C:/tmp/SE_firmware/Middlewares/Third_Party/wolfSSL_wolfSSL_wolfSSL/wolfssl/wolfcrypt/src/ecc.c:11350:5:wc_ecc_import_x963_ex	16	static
C:/tmp/SE_firmware/Middlewares/Third_Party/wolfSSL_wolfSSL_wolfSSL/wolfssl/wolfcrypt/src/ecc.c:11358:5:wc_ecc_import_x963	0	static
C:/tmp/SE_firmware/Middlewares/Third_Party/wolfSSL_wolfSSL_wolfSSL/wolfssl/wolfcrypt/src/ecc.c:11465:5:wc_ecc_export_ex	40	static
C:/tmp/SE_firmware/Middlewares/Third_Party/wolfSSL_wolfSSL_wolfSSL/wolfssl/wolfcrypt/src/ecc.c:11517:5:wc_ecc_export_private_only	24	static
C:/tmp/SE_firmware/Middlewares/Third_Party/wolfSSL_wolfSSL_wolfSSL/wolfssl/wolfcrypt/src/ecc.c:11538:5:wc_ecc_export_public_raw	32	static
C:/tmp/SE_firmware/Middlewares/Third_Party/wolfSSL_wolfSSL_wolfSSL/wolfssl/wolfcrypt/src/ecc.c:11552:5:wc_ecc_export_private_raw	24	static
C:/tmp/SE_firmware/Middlewares/Third_Party/wolfSSL_wolfSSL_wolfSSL/wolfssl/wolfcrypt/src/ecc.c:11758:5:wc_ecc_import_private_key_ex	40	static
C:/tmp/SE_firmware/Middlewares/Third_Party/wolfSSL_wolfSSL_wolfSSL/wolfssl/wolfcrypt/src/ecc.c:11828:5:wc_ecc_import_private_key	16	static
C:/tmp/SE_firmware/Middlewares/Third_Party/wolfSSL_wolfSSL_wolfSSL/wolfssl/wolfcrypt/src/ecc.c:11846:5:wc_ecc_rs_to_sig	40	static
C:/tmp/SE_firmware/Middlewares/Third_Party/wolfSSL_wolfSSL_wolfSSL/wolfssl/wolfcrypt/src/ecc.c:11914:5:wc_ecc_rs_raw_to_sig	12	static
C:/tmp/SE_firmware/Middlewares/Third_Party/wolfSSL_wolfSSL_wolfSSL/wolfssl/wolfcrypt/src/ecc.c:11934:5:wc_ecc_sig_to_rs	16	static
C:/tmp/SE_firmware/Middlewares/Third_Party/wolfSSL_wolfSSL_wolfSSL/wolfssl/wolfcrypt/src/ecc.c:12329:5:wc_ecc_import_raw_ex	16	static
C:/tmp/SE_firmware/Middlewares/Third_Party/wolfSSL_wolfSSL_wolfSSL/wolfssl/wolfcrypt/src/ecc.c:12337:5:wc_ecc_import_unsigned	16	static
C:/tmp/SE_firmware/Middlewares/Third_Party/wolfSSL_wolfSSL_wolfSSL/wolfssl/wolfcrypt/src/ecc.c:12355:5:wc_ecc_import_raw	32	static
C:/tmp/SE_firmware/Middlewares/Third_Party/wolfSSL_wolfSSL_wolfSSL/wolfssl/wolfcrypt/src/ecc.c:12401:5:wc_ecc_size	0	static
C:/tmp/SE_firmware/Middlewares/Third_Party/wolfSSL_wolfSSL_wolfSSL/wolfssl/wolfcrypt/src/ecc.c:12432:5:wc_ecc_sig_size_calc	0	static
C:/tmp/SE_firmware/Middlewares/Third_Party/wolfSSL_wolfSSL_wolfSSL/wolfssl/wolfcrypt/src/ecc.c:12450:5:wc_ecc_sig_size	72	static
C:/tmp/SE_firmware/Middlewares/Third_Party/wolfSSL_wolfSSL_wolfSSL/wolfssl/wolfcrypt/src/ecc.c:14330:5:wc_ecc_set_rng	0	static
C:/tmp/SE_firmware/Middlewares/Third_Party/wolfSSL_wolfSSL_wolfSSL/wolfssl/wolfcrypt/src/ecc.c:16009:5:wc_ecc_get_oid	0	static
