C:/tmp/SE_firmware/Middlewares/Third_Party/wolfSSL_wolfSSL_wolfSSL/wolfssl/wolfcrypt/src/fe_low_mem.c:436:13:raw_add	12	static
C:/tmp/SE_firmware/Middlewares/Third_Party/wolfSSL_wolfSSL_wolfSSL/wolfssl/wolfcrypt/src/fe_low_mem.c:46:6:lm_copy	0	static
C:/tmp/SE_firmware/Middlewares/Third_Party/wolfSSL_wolfSSL_wolfSSL/wolfssl/wolfcrypt/src/fe_low_mem.c:38:6:fprime_copy	0	static
C:/tmp/SE_firmware/Middlewares/Third_Party/wolfSSL_wolfSSL_wolfSSL/wolfssl/wolfcrypt/src/fe_low_mem.c:58:6:fe_init	0	static
C:/tmp/SE_firmware/Middlewares/Third_Party/wolfSSL_wolfSSL_wolfSSL/wolfssl/wolfcrypt/src/fe_low_mem.c:544:6:fe_load	0	static
C:/tmp/SE_firmware/Middlewares/Third_Party/wolfSSL_wolfSSL_wolfSSL/wolfssl/wolfcrypt/src/fe_low_mem.c:594:6:fe_select	16	static
C:/tmp/SE_firmware/Middlewares/Third_Party/wolfSSL_wolfSSL_wolfSSL/wolfssl/wolfcrypt/src/fe_low_mem.c:558:6:fe_normalize	48	static
C:/tmp/SE_firmware/Middlewares/Third_Party/wolfSSL_wolfSSL_wolfSSL/wolfssl/wolfcrypt/src/fe_low_mem.c:449:13:raw_try_sub	56	static
C:/tmp/SE_firmware/Middlewares/Third_Party/wolfSSL_wolfSSL_wolfSSL/wolfssl/wolfcrypt/src/fe_low_mem.c:502:6:fprime_add	16	static
C:/tmp/SE_firmware/Middlewares/Third_Party/wolfSSL_wolfSSL_wolfSSL/wolfssl/wolfcrypt/src/fe_low_mem.c:509:6:fprime_sub	16	static
C:/tmp/SE_firmware/Middlewares/Third_Party/wolfSSL_wolfSSL_wolfSSL/wolfssl/wolfcrypt/src/fe_low_mem.c:517:6:fprime_mul	72	static
C:/tmp/SE_firmware/Middlewares/Third_Party/wolfSSL_wolfSSL_wolfSSL/wolfssl/wolfcrypt/src/fe_low_mem.c:492:6:fprime_select	0	static
C:/tmp/SE_firmware/Middlewares/Third_Party/wolfSSL_wolfSSL_wolfSSL/wolfssl/wolfcrypt/src/fe_low_mem.c:606:6:lm_add	16	static
C:/tmp/SE_firmware/Middlewares/Third_Party/wolfSSL_wolfSSL_wolfSSL/wolfssl/wolfcrypt/src/fe_low_mem.c:630:6:lm_sub	16	static
C:/tmp/SE_firmware/Middlewares/Third_Party/wolfSSL_wolfSSL_wolfSSL/wolfssl/wolfcrypt/src/fe_low_mem.c:655:6:lm_neg	20	static
C:/tmp/SE_firmware/Middlewares/Third_Party/wolfSSL_wolfSSL_wolfSSL/wolfssl/wolfcrypt/src/fe_low_mem.c:680:6:fe_mul__distinct	24	static
C:/tmp/SE_firmware/Middlewares/Third_Party/wolfSSL_wolfSSL_wolfSSL/wolfssl/wolfcrypt/src/fe_low_mem.c:97:13:xc_diffadd	168	static
C:/tmp/SE_firmware/Middlewares/Third_Party/wolfSSL_wolfSSL_wolfSSL/wolfssl/wolfcrypt/src/fe_low_mem.c:710:6:lm_mul	40	static
C:/tmp/SE_firmware/Middlewares/Third_Party/wolfSSL_wolfSSL_wolfSSL/wolfssl/wolfcrypt/src/fe_low_mem.c:719:6:fe_mul_c	20	static
C:/tmp/SE_firmware/Middlewares/Third_Party/wolfSSL_wolfSSL_wolfSSL/wolfssl/wolfcrypt/src/fe_low_mem.c:742:6:fe_inv__distinct	48	static
C:/tmp/SE_firmware/Middlewares/Third_Party/wolfSSL_wolfSSL_wolfSSL/wolfssl/wolfcrypt/src/fe_low_mem.c:139:5:curve25519	320	static
C:/tmp/SE_firmware/Middlewares/Third_Party/wolfSSL_wolfSSL_wolfSSL/wolfssl/wolfcrypt/src/fe_low_mem.c:793:6:lm_invert	40	static
C:/tmp/SE_firmware/Middlewares/Third_Party/wolfSSL_wolfSSL_wolfSSL/wolfssl/wolfcrypt/src/fe_low_mem.c:833:6:fe_sqrt	144	static
