C:/tmp/SE_firmware/Middlewares/Third_Party/wolfSSL_wolfSSL_wolfSSL/wolfssl/wolfcrypt/src/sp_cortexm.c:32099:35:sp_256_mul_8	36	static,ignoring_inline_asm
C:/tmp/SE_firmware/Middlewares/Third_Party/wolfSSL_wolfSSL_wolfSSL/wolfssl/wolfcrypt/src/sp_cortexm.c:32747:35:sp_256_sqr_8	36	static,ignoring_inline_asm
C:/tmp/SE_firmware/Middlewares/Third_Party/wolfSSL_wolfSSL_wolfSSL/wolfssl/wolfcrypt/src/sp_cortexm.c:33258:39:sp_256_add_8	36	static,ignoring_inline_asm
C:/tmp/SE_firmware/Middlewares/Third_Party/wolfSSL_wolfSSL_wolfSSL/wolfssl/wolfcrypt/src/sp_cortexm.c:35341:39:sp_256_cmp_8	24	static,ignoring_inline_asm
C:/tmp/SE_firmware/Middlewares/Third_Party/wolfSSL_wolfSSL_wolfSSL/wolfssl/wolfcrypt/src/sp_cortexm.c:36905:12:sp_256_cmp_equal_8	8	static
C:/tmp/SE_firmware/Middlewares/Third_Party/wolfSSL_wolfSSL_wolfSSL/wolfssl/wolfcrypt/src/sp_cortexm.c:36918:12:sp_256_iszero_8	0	static
C:/tmp/SE_firmware/Middlewares/Third_Party/wolfSSL_wolfSSL_wolfSSL/wolfssl/wolfcrypt/src/sp_cortexm.c:37221:13:sp_256_get_point_16_8	104	static
C:/tmp/SE_firmware/Middlewares/Third_Party/wolfSSL_wolfSSL_wolfSSL/wolfssl/wolfcrypt/src/sp_cortexm.c:40048:35:sp_256_add_one_8	8	static,ignoring_inline_asm
C:/tmp/SE_firmware/Middlewares/Third_Party/wolfSSL_wolfSSL_wolfSSL/wolfssl/wolfcrypt/src/sp_cortexm.c:40431:39:sp_256_sub_in_place_8	36	static,ignoring_inline_asm
C:/tmp/SE_firmware/Middlewares/Third_Party/wolfSSL_wolfSSL_wolfSSL/wolfssl/wolfcrypt/src/sp_cortexm.c:40539:35:sp_256_mul_d_8	28	static,ignoring_inline_asm
C:/tmp/SE_firmware/Middlewares/Third_Party/wolfSSL_wolfSSL_wolfSSL/wolfssl/wolfcrypt/src/sp_cortexm.c:40754:51:div_256_word_8	32	static,ignoring_inline_asm
../../Middlewares/Third_Party/wolfSSL_wolfSSL_wolfSSL/wolfssl/wolfcrypt/src/misc.c:591:31:ForceZero	12	static
C:/tmp/SE_firmware/Middlewares/Third_Party/wolfSSL_wolfSSL_wolfSSL/wolfssl/wolfcrypt/src/sp_cortexm.c:33727:12:sp_256_to_mp	16	static
C:/tmp/SE_firmware/Middlewares/Third_Party/wolfSSL_wolfSSL_wolfSSL/wolfssl/wolfcrypt/src/sp_cortexm.c:33797:12:sp_256_point_to_ecc_point_8	16	static
C:/tmp/SE_firmware/Middlewares/Third_Party/wolfSSL_wolfSSL_wolfSSL/wolfssl/wolfcrypt/src/sp_cortexm.c:40089:13:sp_256_from_bin.constprop	16	static
C:/tmp/SE_firmware/Middlewares/Third_Party/wolfSSL_wolfSSL_wolfSSL/wolfssl/wolfcrypt/src/sp_cortexm.c:40136:12:sp_256_ecc_gen_k_8	48	static
C:/tmp/SE_firmware/Middlewares/Third_Party/wolfSSL_wolfSSL_wolfSSL/wolfssl/wolfcrypt/src/sp_cortexm.c:37714:13:sp_256_get_entry_16_8.constprop	80	static
C:/tmp/SE_firmware/Middlewares/Third_Party/wolfSSL_wolfSSL_wolfSSL/wolfssl/wolfcrypt/src/sp_cortexm.c:36633:47:sp_256_mont_div2_8.constprop	36	static,ignoring_inline_asm
C:/tmp/SE_firmware/Middlewares/Third_Party/wolfSSL_wolfSSL_wolfSSL/wolfssl/wolfcrypt/src/sp_cortexm.c:36566:47:sp_256_mont_sub_8.constprop	36	static,ignoring_inline_asm
C:/tmp/SE_firmware/Middlewares/Third_Party/wolfSSL_wolfSSL_wolfSSL/wolfssl/wolfcrypt/src/sp_cortexm.c:36465:47:sp_256_mont_tpl_8.constprop	36	static,ignoring_inline_asm
C:/tmp/SE_firmware/Middlewares/Third_Party/wolfSSL_wolfSSL_wolfSSL/wolfssl/wolfcrypt/src/sp_cortexm.c:36397:47:sp_256_mont_dbl_8.constprop	36	static,ignoring_inline_asm
C:/tmp/SE_firmware/Middlewares/Third_Party/wolfSSL_wolfSSL_wolfSSL/wolfssl/wolfcrypt/src/sp_cortexm.c:36324:47:sp_256_mont_add_8.constprop	36	static,ignoring_inline_asm
C:/tmp/SE_firmware/Middlewares/Third_Party/wolfSSL_wolfSSL_wolfSSL/wolfssl/wolfcrypt/src/sp_cortexm.c:35873:47:sp_256_mont_reduce_8.constprop	36	static,ignoring_inline_asm
C:/tmp/SE_firmware/Middlewares/Third_Party/wolfSSL_wolfSSL_wolfSSL/wolfssl/wolfcrypt/src/sp_cortexm.c:34988:47:sp_256_mont_sqr_8.constprop	36	static,ignoring_inline_asm
C:/tmp/SE_firmware/Middlewares/Third_Party/wolfSSL_wolfSSL_wolfSSL/wolfssl/wolfcrypt/src/sp_cortexm.c:34323:47:sp_256_mont_mul_8.constprop	36	static,ignoring_inline_asm
C:/tmp/SE_firmware/Middlewares/Third_Party/wolfSSL_wolfSSL_wolfSSL/wolfssl/wolfcrypt/src/sp_cortexm.c:36702:13:sp_256_proj_point_dbl_8	40	static
C:/tmp/SE_firmware/Middlewares/Third_Party/wolfSSL_wolfSSL_wolfSSL/wolfssl/wolfcrypt/src/sp_cortexm.c:36931:13:sp_256_proj_point_add_8	48	static
C:/tmp/SE_firmware/Middlewares/Third_Party/wolfSSL_wolfSSL_wolfSSL/wolfssl/wolfcrypt/src/sp_cortexm.c:33623:13:sp_256_from_mp.constprop	12	static
C:/tmp/SE_firmware/Middlewares/Third_Party/wolfSSL_wolfSSL_wolfSSL/wolfssl/wolfcrypt/src/sp_cortexm.c:33710:13:sp_256_point_from_ecc_point_8	24	static
C:/tmp/SE_firmware/Middlewares/Third_Party/wolfSSL_wolfSSL_wolfSSL/wolfssl/wolfcrypt/src/sp_cortexm.c:33370:34:sp_256_mod_mul_norm_8.constprop	36	static,ignoring_inline_asm
C:/tmp/SE_firmware/Middlewares/Third_Party/wolfSSL_wolfSSL_wolfSSL/wolfssl/wolfcrypt/src/sp_cortexm.c:35504:39:sp_256_cond_sub_8.isra	24	static,ignoring_inline_asm
C:/tmp/SE_firmware/Middlewares/Third_Party/wolfSSL_wolfSSL_wolfSSL/wolfssl/wolfcrypt/src/sp_cortexm.c:36173:47:sp_256_mont_reduce_order_8.constprop	36	static,ignoring_inline_asm
C:/tmp/SE_firmware/Middlewares/Third_Party/wolfSSL_wolfSSL_wolfSSL/wolfssl/wolfcrypt/src/sp_cortexm.c:40922:13:sp_256_mont_mul_order_8	8	static
C:/tmp/SE_firmware/Middlewares/Third_Party/wolfSSL_wolfSSL_wolfSSL/wolfssl/wolfcrypt/src/sp_cortexm.c:41019:13:sp_256_mont_inv_order_8	32	static
C:/tmp/SE_firmware/Middlewares/Third_Party/wolfSSL_wolfSSL_wolfSSL/wolfssl/wolfcrypt/src/sp_cortexm.c:36282:13:sp_256_map_8	40	static
C:/tmp/SE_firmware/Middlewares/Third_Party/wolfSSL_wolfSSL_wolfSSL/wolfssl/wolfcrypt/src/sp_cortexm.c:37775:12:sp_256_ecc_mulmod_stripe_8.constprop	72	static
C:/tmp/SE_firmware/Middlewares/Third_Party/wolfSSL_wolfSSL_wolfSSL/wolfssl/wolfcrypt/src/sp_cortexm.c:37297:12:sp_256_ecc_mulmod_fast_8.isra	64	static
C:/tmp/SE_firmware/Middlewares/Third_Party/wolfSSL_wolfSSL_wolfSSL/wolfssl/wolfcrypt/src/sp_cortexm.c:40868:22:sp_256_div_8.constprop.isra	152	static
C:/tmp/SE_firmware/Middlewares/Third_Party/wolfSSL_wolfSSL_wolfSSL/wolfssl/wolfcrypt/src/sp_cortexm.c:42343:12:sp_256_ecc_is_point_8.isra	16	static
C:/tmp/SE_firmware/Middlewares/Third_Party/wolfSSL_wolfSSL_wolfSSL/wolfssl/wolfcrypt/src/sp_cortexm.c:38448:5:sp_ecc_mulmod_256	40	static
C:/tmp/SE_firmware/Middlewares/Third_Party/wolfSSL_wolfSSL_wolfSSL/wolfssl/wolfcrypt/src/sp_cortexm.c:38485:5:sp_ecc_mulmod_add_256	48	static
C:/tmp/SE_firmware/Middlewares/Third_Party/wolfSSL_wolfSSL_wolfSSL/wolfssl/wolfcrypt/src/sp_cortexm.c:39959:5:sp_ecc_mulmod_base_256	24	static
C:/tmp/SE_firmware/Middlewares/Third_Party/wolfSSL_wolfSSL_wolfSSL/wolfssl/wolfcrypt/src/sp_cortexm.c:39993:5:sp_ecc_mulmod_base_add_256	40	static
C:/tmp/SE_firmware/Middlewares/Third_Party/wolfSSL_wolfSSL_wolfSSL/wolfssl/wolfcrypt/src/sp_cortexm.c:40171:5:sp_ecc_make_key_256	24	static
C:/tmp/SE_firmware/Middlewares/Third_Party/wolfSSL_wolfSSL_wolfSSL/wolfssl/wolfcrypt/src/sp_cortexm.c:40339:5:sp_ecc_secret_gen_256	40	static
C:/tmp/SE_firmware/Middlewares/Third_Party/wolfSSL_wolfSSL_wolfSSL/wolfssl/wolfcrypt/src/sp_cortexm.c:41191:5:sp_ecc_sign_256	64	static
C:/tmp/SE_firmware/Middlewares/Third_Party/wolfSSL_wolfSSL_wolfSSL/wolfssl/wolfcrypt/src/sp_cortexm.c:42108:5:sp_ecc_verify_256	56	static
C:/tmp/SE_firmware/Middlewares/Third_Party/wolfSSL_wolfSSL_wolfSSL/wolfssl/wolfcrypt/src/sp_cortexm.c:42388:5:sp_ecc_is_point_256	32	static
C:/tmp/SE_firmware/Middlewares/Third_Party/wolfSSL_wolfSSL_wolfSSL/wolfssl/wolfcrypt/src/sp_cortexm.c:42420:5:sp_ecc_check_key_256	56	static
