../../Middlewares/Third_Party/wolfSSL_wolfSSL_wolfSSL/wolfssl/wolfcrypt/src/misc.c:591:31:ForceZero	24	static
C:/tmp/test/Middlewares/Third_Party/wolfSSL_wolfSSL_wolfSSL/wolfssl/wolfcrypt/src/sp_cortexm.c:147:13:sp_2048_from_bin	40	static
C:/tmp/test/Middlewares/Third_Party/wolfSSL_wolfSSL_wolfSSL/wolfssl/wolfcrypt/src/sp_cortexm.c:193:13:sp_2048_from_mp	40	static
C:/tmp/test/Middlewares/Third_Party/wolfSSL_wolfSSL_wolfSSL/wolfssl/wolfcrypt/src/sp_cortexm.c:281:13:sp_2048_to_bin_64	24	static
C:/tmp/test/Middlewares/Third_Party/wolfSSL_wolfSSL_wolfSSL/wolfssl/wolfcrypt/src/sp_cortexm.c:2367:39:sp_2048_add_64	48	static,ignoring_inline_asm
C:/tmp/test/Middlewares/Third_Party/wolfSSL_wolfSSL_wolfSSL/wolfssl/wolfcrypt/src/sp_cortexm.c:2429:39:sp_2048_sub_in_place_64	40	static,ignoring_inline_asm
C:/tmp/test/Middlewares/Third_Party/wolfSSL_wolfSSL_wolfSSL/wolfssl/wolfcrypt/src/sp_cortexm.c:2490:35:sp_2048_mul_64	56	static,ignoring_inline_asm
C:/tmp/test/Middlewares/Third_Party/wolfSSL_wolfSSL_wolfSSL/wolfssl/wolfcrypt/src/sp_cortexm.c:2622:35:sp_2048_sqr_64	48	static,ignoring_inline_asm
C:/tmp/test/Middlewares/Third_Party/wolfSSL_wolfSSL_wolfSSL/wolfssl/wolfcrypt/src/sp_cortexm.c:2749:13:sp_2048_mask_32	32	static
C:/tmp/test/Middlewares/Third_Party/wolfSSL_wolfSSL_wolfSSL/wolfssl/wolfcrypt/src/sp_cortexm.c:2767:39:sp_2048_add_32	48	static,ignoring_inline_asm
C:/tmp/test/Middlewares/Third_Party/wolfSSL_wolfSSL_wolfSSL/wolfssl/wolfcrypt/src/sp_cortexm.c:2829:39:sp_2048_sub_in_place_32	40	static,ignoring_inline_asm
C:/tmp/test/Middlewares/Third_Party/wolfSSL_wolfSSL_wolfSSL/wolfssl/wolfcrypt/src/sp_cortexm.c:2890:35:sp_2048_mul_32	56	static,ignoring_inline_asm
C:/tmp/test/Middlewares/Third_Party/wolfSSL_wolfSSL_wolfSSL/wolfssl/wolfcrypt/src/sp_cortexm.c:3022:35:sp_2048_sqr_32	48	static,ignoring_inline_asm
C:/tmp/test/Middlewares/Third_Party/wolfSSL_wolfSSL_wolfSSL/wolfssl/wolfcrypt/src/sp_cortexm.c:3148:13:sp_2048_mont_setup	24	static
C:/tmp/test/Middlewares/Third_Party/wolfSSL_wolfSSL_wolfSSL/wolfssl/wolfcrypt/src/sp_cortexm.c:3171:35:sp_2048_mul_d_64	40	static,ignoring_inline_asm
C:/tmp/test/Middlewares/Third_Party/wolfSSL_wolfSSL_wolfSSL/wolfssl/wolfcrypt/src/sp_cortexm.c:3590:13:sp_2048_mont_norm_32	16	static
C:/tmp/test/Middlewares/Third_Party/wolfSSL_wolfSSL_wolfSSL/wolfssl/wolfcrypt/src/sp_cortexm.c:3608:39:sp_2048_cond_sub_32	40	static,ignoring_inline_asm
C:/tmp/test/Middlewares/Third_Party/wolfSSL_wolfSSL_wolfSSL/wolfssl/wolfcrypt/src/sp_cortexm.c:4498:47:sp_2048_mont_reduce_32	56	static,ignoring_inline_asm
C:/tmp/test/Middlewares/Third_Party/wolfSSL_wolfSSL_wolfSSL/wolfssl/wolfcrypt/src/sp_cortexm.c:4615:25:sp_2048_mont_mul_32	24	static
C:/tmp/test/Middlewares/Third_Party/wolfSSL_wolfSSL_wolfSSL/wolfssl/wolfcrypt/src/sp_cortexm.c:4629:25:sp_2048_mont_sqr_32	24	static
C:/tmp/test/Middlewares/Third_Party/wolfSSL_wolfSSL_wolfSSL/wolfssl/wolfcrypt/src/sp_cortexm.c:4644:35:sp_2048_mul_d_32	40	static,ignoring_inline_asm
C:/tmp/test/Middlewares/Third_Party/wolfSSL_wolfSSL_wolfSSL/wolfssl/wolfcrypt/src/sp_cortexm.c:4979:51:div_2048_word_32	48	static,ignoring_inline_asm
C:/tmp/test/Middlewares/Third_Party/wolfSSL_wolfSSL_wolfSSL/wolfssl/wolfcrypt/src/sp_cortexm.c:5066:39:sp_2048_cmp_32	32	static,ignoring_inline_asm
C:/tmp/test/Middlewares/Third_Party/wolfSSL_wolfSSL_wolfSSL/wolfssl/wolfcrypt/src/sp_cortexm.c:5486:22:sp_2048_div_32	440	static
C:/tmp/test/Middlewares/Third_Party/wolfSSL_wolfSSL_wolfSSL/wolfssl/wolfcrypt/src/sp_cortexm.c:5527:22:sp_2048_mod_32	24	static
C:/tmp/test/Middlewares/Third_Party/wolfSSL_wolfSSL_wolfSSL/wolfssl/wolfcrypt/src/sp_cortexm.c:5544:12:sp_2048_mod_exp_32	136	static
C:/tmp/test/Middlewares/Third_Party/wolfSSL_wolfSSL_wolfSSL/wolfssl/wolfcrypt/src/sp_cortexm.c:5834:13:sp_2048_mont_norm_64	16	static
C:/tmp/test/Middlewares/Third_Party/wolfSSL_wolfSSL_wolfSSL/wolfssl/wolfcrypt/src/sp_cortexm.c:5853:39:sp_2048_cond_sub_64	40	static,ignoring_inline_asm
C:/tmp/test/Middlewares/Third_Party/wolfSSL_wolfSSL_wolfSSL/wolfssl/wolfcrypt/src/sp_cortexm.c:7271:47:sp_2048_mont_reduce_64	56	static,ignoring_inline_asm
C:/tmp/test/Middlewares/Third_Party/wolfSSL_wolfSSL_wolfSSL/wolfssl/wolfcrypt/src/sp_cortexm.c:7388:25:sp_2048_mont_mul_64	24	static
C:/tmp/test/Middlewares/Third_Party/wolfSSL_wolfSSL_wolfSSL/wolfssl/wolfcrypt/src/sp_cortexm.c:7402:25:sp_2048_mont_sqr_64	24	static
C:/tmp/test/Middlewares/Third_Party/wolfSSL_wolfSSL_wolfSSL/wolfssl/wolfcrypt/src/sp_cortexm.c:7417:39:sp_2048_sub_64	48	static,ignoring_inline_asm
C:/tmp/test/Middlewares/Third_Party/wolfSSL_wolfSSL_wolfSSL/wolfssl/wolfcrypt/src/sp_cortexm.c:7701:51:div_2048_word_64	48	static,ignoring_inline_asm
C:/tmp/test/Middlewares/Third_Party/wolfSSL_wolfSSL_wolfSSL/wolfssl/wolfcrypt/src/sp_cortexm.c:7789:22:sp_2048_div_64_cond	816	static
C:/tmp/test/Middlewares/Third_Party/wolfSSL_wolfSSL_wolfSSL/wolfssl/wolfcrypt/src/sp_cortexm.c:7846:22:sp_2048_mod_64_cond	24	static
C:/tmp/test/Middlewares/Third_Party/wolfSSL_wolfSSL_wolfSSL/wolfssl/wolfcrypt/src/sp_cortexm.c:7859:13:sp_2048_mask_64	32	static
C:/tmp/test/Middlewares/Third_Party/wolfSSL_wolfSSL_wolfSSL/wolfssl/wolfcrypt/src/sp_cortexm.c:7891:39:sp_2048_cmp_64	32	static,ignoring_inline_asm
C:/tmp/test/Middlewares/Third_Party/wolfSSL_wolfSSL_wolfSSL/wolfssl/wolfcrypt/src/sp_cortexm.c:8663:22:sp_2048_div_64	824	static
C:/tmp/test/Middlewares/Third_Party/wolfSSL_wolfSSL_wolfSSL/wolfssl/wolfcrypt/src/sp_cortexm.c:8704:22:sp_2048_mod_64	24	static
C:/tmp/test/Middlewares/Third_Party/wolfSSL_wolfSSL_wolfSSL/wolfssl/wolfcrypt/src/sp_cortexm.c:8724:12:sp_2048_mod_exp_64	104	static
C:/tmp/test/Middlewares/Third_Party/wolfSSL_wolfSSL_wolfSSL/wolfssl/wolfcrypt/src/sp_cortexm.c:8994:5:sp_RsaPublic_2048	80	static
C:/tmp/test/Middlewares/Third_Party/wolfSSL_wolfSSL_wolfSSL/wolfssl/wolfcrypt/src/sp_cortexm.c:9139:39:sp_2048_cond_add_32	40	static,ignoring_inline_asm
C:/tmp/test/Middlewares/Third_Party/wolfSSL_wolfSSL_wolfSSL/wolfssl/wolfcrypt/src/sp_cortexm.c:9362:5:sp_RsaPrivate_2048	80	static
C:/tmp/test/Middlewares/Third_Party/wolfSSL_wolfSSL_wolfSSL/wolfssl/wolfcrypt/src/sp_cortexm.c:9502:12:sp_2048_to_mp	24	static
C:/tmp/test/Middlewares/Third_Party/wolfSSL_wolfSSL_wolfSSL/wolfssl/wolfcrypt/src/sp_cortexm.c:9574:5:sp_ModExp_2048	1080	static
C:/tmp/test/Middlewares/Third_Party/wolfSSL_wolfSSL_wolfSSL/wolfssl/wolfcrypt/src/sp_cortexm.c:10215:5:sp_ModExp_1024	568	static
C:/tmp/test/Middlewares/Third_Party/wolfSSL_wolfSSL_wolfSSL/wolfssl/wolfcrypt/src/sp_cortexm.c:10270:13:sp_3072_from_bin	40	static
C:/tmp/test/Middlewares/Third_Party/wolfSSL_wolfSSL_wolfSSL/wolfssl/wolfcrypt/src/sp_cortexm.c:10316:13:sp_3072_from_mp	40	static
C:/tmp/test/Middlewares/Third_Party/wolfSSL_wolfSSL_wolfSSL/wolfssl/wolfcrypt/src/sp_cortexm.c:10404:13:sp_3072_to_bin_96	24	static
C:/tmp/test/Middlewares/Third_Party/wolfSSL_wolfSSL_wolfSSL/wolfssl/wolfcrypt/src/sp_cortexm.c:13592:39:sp_3072_add_96	48	static,ignoring_inline_asm
C:/tmp/test/Middlewares/Third_Party/wolfSSL_wolfSSL_wolfSSL/wolfssl/wolfcrypt/src/sp_cortexm.c:13654:39:sp_3072_sub_in_place_96	40	static,ignoring_inline_asm
C:/tmp/test/Middlewares/Third_Party/wolfSSL_wolfSSL_wolfSSL/wolfssl/wolfcrypt/src/sp_cortexm.c:13715:35:sp_3072_mul_96	56	static,ignoring_inline_asm
C:/tmp/test/Middlewares/Third_Party/wolfSSL_wolfSSL_wolfSSL/wolfssl/wolfcrypt/src/sp_cortexm.c:13847:35:sp_3072_sqr_96	48	static,ignoring_inline_asm
C:/tmp/test/Middlewares/Third_Party/wolfSSL_wolfSSL_wolfSSL/wolfssl/wolfcrypt/src/sp_cortexm.c:13974:13:sp_3072_mask_48	32	static
C:/tmp/test/Middlewares/Third_Party/wolfSSL_wolfSSL_wolfSSL/wolfssl/wolfcrypt/src/sp_cortexm.c:13992:39:sp_3072_add_48	48	static,ignoring_inline_asm
C:/tmp/test/Middlewares/Third_Party/wolfSSL_wolfSSL_wolfSSL/wolfssl/wolfcrypt/src/sp_cortexm.c:14054:39:sp_3072_sub_in_place_48	40	static,ignoring_inline_asm
C:/tmp/test/Middlewares/Third_Party/wolfSSL_wolfSSL_wolfSSL/wolfssl/wolfcrypt/src/sp_cortexm.c:14115:35:sp_3072_mul_48	56	static,ignoring_inline_asm
C:/tmp/test/Middlewares/Third_Party/wolfSSL_wolfSSL_wolfSSL/wolfssl/wolfcrypt/src/sp_cortexm.c:14247:35:sp_3072_sqr_48	48	static,ignoring_inline_asm
C:/tmp/test/Middlewares/Third_Party/wolfSSL_wolfSSL_wolfSSL/wolfssl/wolfcrypt/src/sp_cortexm.c:14373:13:sp_3072_mont_setup	24	static
C:/tmp/test/Middlewares/Third_Party/wolfSSL_wolfSSL_wolfSSL/wolfssl/wolfcrypt/src/sp_cortexm.c:14396:35:sp_3072_mul_d_96	40	static,ignoring_inline_asm
C:/tmp/test/Middlewares/Third_Party/wolfSSL_wolfSSL_wolfSSL/wolfssl/wolfcrypt/src/sp_cortexm.c:14975:13:sp_3072_mont_norm_48	16	static
C:/tmp/test/Middlewares/Third_Party/wolfSSL_wolfSSL_wolfSSL/wolfssl/wolfcrypt/src/sp_cortexm.c:14993:39:sp_3072_cond_sub_48	40	static,ignoring_inline_asm
C:/tmp/test/Middlewares/Third_Party/wolfSSL_wolfSSL_wolfSSL/wolfssl/wolfcrypt/src/sp_cortexm.c:16147:47:sp_3072_mont_reduce_48	56	static,ignoring_inline_asm
C:/tmp/test/Middlewares/Third_Party/wolfSSL_wolfSSL_wolfSSL/wolfssl/wolfcrypt/src/sp_cortexm.c:16264:25:sp_3072_mont_mul_48	24	static
C:/tmp/test/Middlewares/Third_Party/wolfSSL_wolfSSL_wolfSSL/wolfssl/wolfcrypt/src/sp_cortexm.c:16278:25:sp_3072_mont_sqr_48	24	static
C:/tmp/test/Middlewares/Third_Party/wolfSSL_wolfSSL_wolfSSL/wolfssl/wolfcrypt/src/sp_cortexm.c:16293:35:sp_3072_mul_d_48	40	static,ignoring_inline_asm
C:/tmp/test/Middlewares/Third_Party/wolfSSL_wolfSSL_wolfSSL/wolfssl/wolfcrypt/src/sp_cortexm.c:16708:51:div_3072_word_48	48	static,ignoring_inline_asm
C:/tmp/test/Middlewares/Third_Party/wolfSSL_wolfSSL_wolfSSL/wolfssl/wolfcrypt/src/sp_cortexm.c:16795:39:sp_3072_cmp_48	32	static,ignoring_inline_asm
C:/tmp/test/Middlewares/Third_Party/wolfSSL_wolfSSL_wolfSSL/wolfssl/wolfcrypt/src/sp_cortexm.c:17391:22:sp_3072_div_48	632	static
C:/tmp/test/Middlewares/Third_Party/wolfSSL_wolfSSL_wolfSSL/wolfssl/wolfcrypt/src/sp_cortexm.c:17432:22:sp_3072_mod_48	24	static
C:/tmp/test/Middlewares/Third_Party/wolfSSL_wolfSSL_wolfSSL/wolfssl/wolfcrypt/src/sp_cortexm.c:17449:12:sp_3072_mod_exp_48	136	static
C:/tmp/test/Middlewares/Third_Party/wolfSSL_wolfSSL_wolfSSL/wolfssl/wolfcrypt/src/sp_cortexm.c:17739:13:sp_3072_mont_norm_96	16	static
C:/tmp/test/Middlewares/Third_Party/wolfSSL_wolfSSL_wolfSSL/wolfssl/wolfcrypt/src/sp_cortexm.c:17758:39:sp_3072_cond_sub_96	40	static,ignoring_inline_asm
C:/tmp/test/Middlewares/Third_Party/wolfSSL_wolfSSL_wolfSSL/wolfssl/wolfcrypt/src/sp_cortexm.c:19704:47:sp_3072_mont_reduce_96	56	static,ignoring_inline_asm
C:/tmp/test/Middlewares/Third_Party/wolfSSL_wolfSSL_wolfSSL/wolfssl/wolfcrypt/src/sp_cortexm.c:19821:25:sp_3072_mont_mul_96	24	static
C:/tmp/test/Middlewares/Third_Party/wolfSSL_wolfSSL_wolfSSL/wolfssl/wolfcrypt/src/sp_cortexm.c:19835:25:sp_3072_mont_sqr_96	24	static
C:/tmp/test/Middlewares/Third_Party/wolfSSL_wolfSSL_wolfSSL/wolfssl/wolfcrypt/src/sp_cortexm.c:19850:39:sp_3072_sub_96	48	static,ignoring_inline_asm
C:/tmp/test/Middlewares/Third_Party/wolfSSL_wolfSSL_wolfSSL/wolfssl/wolfcrypt/src/sp_cortexm.c:20190:51:div_3072_word_96	48	static,ignoring_inline_asm
C:/tmp/test/Middlewares/Third_Party/wolfSSL_wolfSSL_wolfSSL/wolfssl/wolfcrypt/src/sp_cortexm.c:20278:22:sp_3072_div_96_cond	1200	static
C:/tmp/test/Middlewares/Third_Party/wolfSSL_wolfSSL_wolfSSL/wolfssl/wolfcrypt/src/sp_cortexm.c:20335:22:sp_3072_mod_96_cond	24	static
C:/tmp/test/Middlewares/Third_Party/wolfSSL_wolfSSL_wolfSSL/wolfssl/wolfcrypt/src/sp_cortexm.c:20348:13:sp_3072_mask_96	32	static
C:/tmp/test/Middlewares/Third_Party/wolfSSL_wolfSSL_wolfSSL/wolfssl/wolfcrypt/src/sp_cortexm.c:20380:39:sp_3072_cmp_96	32	static,ignoring_inline_asm
C:/tmp/test/Middlewares/Third_Party/wolfSSL_wolfSSL_wolfSSL/wolfssl/wolfcrypt/src/sp_cortexm.c:21504:22:sp_3072_div_96	1208	static
C:/tmp/test/Middlewares/Third_Party/wolfSSL_wolfSSL_wolfSSL/wolfssl/wolfcrypt/src/sp_cortexm.c:21545:22:sp_3072_mod_96	24	static
C:/tmp/test/Middlewares/Third_Party/wolfSSL_wolfSSL_wolfSSL/wolfssl/wolfcrypt/src/sp_cortexm.c:21565:12:sp_3072_mod_exp_96	104	static
C:/tmp/test/Middlewares/Third_Party/wolfSSL_wolfSSL_wolfSSL/wolfssl/wolfcrypt/src/sp_cortexm.c:21835:5:sp_RsaPublic_3072	80	static
C:/tmp/test/Middlewares/Third_Party/wolfSSL_wolfSSL_wolfSSL/wolfssl/wolfcrypt/src/sp_cortexm.c:21980:39:sp_3072_cond_add_48	40	static,ignoring_inline_asm
C:/tmp/test/Middlewares/Third_Party/wolfSSL_wolfSSL_wolfSSL/wolfssl/wolfcrypt/src/sp_cortexm.c:22259:5:sp_RsaPrivate_3072	80	static
C:/tmp/test/Middlewares/Third_Party/wolfSSL_wolfSSL_wolfSSL/wolfssl/wolfcrypt/src/sp_cortexm.c:22399:12:sp_3072_to_mp	24	static
C:/tmp/test/Middlewares/Third_Party/wolfSSL_wolfSSL_wolfSSL/wolfssl/wolfcrypt/src/sp_cortexm.c:22471:5:sp_ModExp_3072	1592	static
C:/tmp/test/Middlewares/Third_Party/wolfSSL_wolfSSL_wolfSSL/wolfssl/wolfcrypt/src/sp_cortexm.c:23304:5:sp_ModExp_1536	824	static
C:/tmp/test/Middlewares/Third_Party/wolfSSL_wolfSSL_wolfSSL/wolfssl/wolfcrypt/src/sp_cortexm.c:32099:35:sp_256_mul_8	56	static,ignoring_inline_asm
C:/tmp/test/Middlewares/Third_Party/wolfSSL_wolfSSL_wolfSSL/wolfssl/wolfcrypt/src/sp_cortexm.c:32747:35:sp_256_sqr_8	48	static,ignoring_inline_asm
C:/tmp/test/Middlewares/Third_Party/wolfSSL_wolfSSL_wolfSSL/wolfssl/wolfcrypt/src/sp_cortexm.c:33258:39:sp_256_add_8	48	static,ignoring_inline_asm
C:/tmp/test/Middlewares/Third_Party/wolfSSL_wolfSSL_wolfSSL/wolfssl/wolfcrypt/src/sp_cortexm.c:33370:34:sp_256_mod_mul_norm_8	48	static,ignoring_inline_asm
C:/tmp/test/Middlewares/Third_Party/wolfSSL_wolfSSL_wolfSSL/wolfssl/wolfcrypt/src/sp_cortexm.c:33623:13:sp_256_from_mp	40	static
C:/tmp/test/Middlewares/Third_Party/wolfSSL_wolfSSL_wolfSSL/wolfssl/wolfcrypt/src/sp_cortexm.c:33710:13:sp_256_point_from_ecc_point_8	16	static
C:/tmp/test/Middlewares/Third_Party/wolfSSL_wolfSSL_wolfSSL/wolfssl/wolfcrypt/src/sp_cortexm.c:33727:12:sp_256_to_mp	24	static
C:/tmp/test/Middlewares/Third_Party/wolfSSL_wolfSSL_wolfSSL/wolfssl/wolfcrypt/src/sp_cortexm.c:33797:12:sp_256_point_to_ecc_point_8	24	static
C:/tmp/test/Middlewares/Third_Party/wolfSSL_wolfSSL_wolfSSL/wolfssl/wolfcrypt/src/sp_cortexm.c:34323:47:sp_256_mont_mul_8	56	static,ignoring_inline_asm
C:/tmp/test/Middlewares/Third_Party/wolfSSL_wolfSSL_wolfSSL/wolfssl/wolfcrypt/src/sp_cortexm.c:34988:47:sp_256_mont_sqr_8	56	static,ignoring_inline_asm
C:/tmp/test/Middlewares/Third_Party/wolfSSL_wolfSSL_wolfSSL/wolfssl/wolfcrypt/src/sp_cortexm.c:35271:13:sp_256_mont_inv_8	40	static
C:/tmp/test/Middlewares/Third_Party/wolfSSL_wolfSSL_wolfSSL/wolfssl/wolfcrypt/src/sp_cortexm.c:35341:39:sp_256_cmp_8	32	static,ignoring_inline_asm
C:/tmp/test/Middlewares/Third_Party/wolfSSL_wolfSSL_wolfSSL/wolfssl/wolfcrypt/src/sp_cortexm.c:35504:39:sp_256_cond_sub_8	40	static,ignoring_inline_asm
C:/tmp/test/Middlewares/Third_Party/wolfSSL_wolfSSL_wolfSSL/wolfssl/wolfcrypt/src/sp_cortexm.c:35873:47:sp_256_mont_reduce_8	56	static,ignoring_inline_asm
C:/tmp/test/Middlewares/Third_Party/wolfSSL_wolfSSL_wolfSSL/wolfssl/wolfcrypt/src/sp_cortexm.c:36173:47:sp_256_mont_reduce_order_8	56	static,ignoring_inline_asm
C:/tmp/test/Middlewares/Third_Party/wolfSSL_wolfSSL_wolfSSL/wolfssl/wolfcrypt/src/sp_cortexm.c:36282:13:sp_256_map_8	48	static
C:/tmp/test/Middlewares/Third_Party/wolfSSL_wolfSSL_wolfSSL/wolfssl/wolfcrypt/src/sp_cortexm.c:36324:47:sp_256_mont_add_8	56	static,ignoring_inline_asm
C:/tmp/test/Middlewares/Third_Party/wolfSSL_wolfSSL_wolfSSL/wolfssl/wolfcrypt/src/sp_cortexm.c:36397:47:sp_256_mont_dbl_8	48	static,ignoring_inline_asm
C:/tmp/test/Middlewares/Third_Party/wolfSSL_wolfSSL_wolfSSL/wolfssl/wolfcrypt/src/sp_cortexm.c:36465:47:sp_256_mont_tpl_8	48	static,ignoring_inline_asm
C:/tmp/test/Middlewares/Third_Party/wolfSSL_wolfSSL_wolfSSL/wolfssl/wolfcrypt/src/sp_cortexm.c:36566:47:sp_256_mont_sub_8	56	static,ignoring_inline_asm
C:/tmp/test/Middlewares/Third_Party/wolfSSL_wolfSSL_wolfSSL/wolfssl/wolfcrypt/src/sp_cortexm.c:36633:47:sp_256_mont_div2_8	48	static,ignoring_inline_asm
C:/tmp/test/Middlewares/Third_Party/wolfSSL_wolfSSL_wolfSSL/wolfssl/wolfcrypt/src/sp_cortexm.c:36702:13:sp_256_proj_point_dbl_8	56	static
C:/tmp/test/Middlewares/Third_Party/wolfSSL_wolfSSL_wolfSSL/wolfssl/wolfcrypt/src/sp_cortexm.c:36905:12:sp_256_cmp_equal_8	16	static
C:/tmp/test/Middlewares/Third_Party/wolfSSL_wolfSSL_wolfSSL/wolfssl/wolfcrypt/src/sp_cortexm.c:36918:12:sp_256_iszero_8	16	static
C:/tmp/test/Middlewares/Third_Party/wolfSSL_wolfSSL_wolfSSL/wolfssl/wolfcrypt/src/sp_cortexm.c:36931:13:sp_256_proj_point_add_8	96	static
C:/tmp/test/Middlewares/Third_Party/wolfSSL_wolfSSL_wolfSSL/wolfssl/wolfcrypt/src/sp_cortexm.c:37221:13:sp_256_get_point_16_8	32	static
C:/tmp/test/Middlewares/Third_Party/wolfSSL_wolfSSL_wolfSSL/wolfssl/wolfcrypt/src/sp_cortexm.c:37297:12:sp_256_ecc_mulmod_fast_8	72	static
C:/tmp/test/Middlewares/Third_Party/wolfSSL_wolfSSL_wolfSSL/wolfssl/wolfcrypt/src/sp_cortexm.c:37555:13:sp_256_proj_point_add_qz1_8	96	static
C:/tmp/test/Middlewares/Third_Party/wolfSSL_wolfSSL_wolfSSL/wolfssl/wolfcrypt/src/sp_cortexm.c:37714:13:sp_256_get_entry_16_8	40	static
C:/tmp/test/Middlewares/Third_Party/wolfSSL_wolfSSL_wolfSSL/wolfssl/wolfcrypt/src/sp_cortexm.c:37775:12:sp_256_ecc_mulmod_stripe_8	64	static
C:/tmp/test/Middlewares/Third_Party/wolfSSL_wolfSSL_wolfSSL/wolfssl/wolfcrypt/src/sp_cortexm.c:37962:12:sp_256_ecc_mulmod_8	32	static
C:/tmp/test/Middlewares/Third_Party/wolfSSL_wolfSSL_wolfSSL/wolfssl/wolfcrypt/src/sp_cortexm.c:38448:5:sp_ecc_mulmod_256	56	static
C:/tmp/test/Middlewares/Third_Party/wolfSSL_wolfSSL_wolfSSL/wolfssl/wolfcrypt/src/sp_cortexm.c:38485:5:sp_ecc_mulmod_add_256	64	static
C:/tmp/test/Middlewares/Third_Party/wolfSSL_wolfSSL_wolfSSL/wolfssl/wolfcrypt/src/sp_cortexm.c:38633:12:sp_256_ecc_mulmod_base_8	40	static
C:/tmp/test/Middlewares/Third_Party/wolfSSL_wolfSSL_wolfSSL/wolfssl/wolfcrypt/src/sp_cortexm.c:39959:5:sp_ecc_mulmod_base_256	56	static
C:/tmp/test/Middlewares/Third_Party/wolfSSL_wolfSSL_wolfSSL/wolfssl/wolfcrypt/src/sp_cortexm.c:39993:5:sp_ecc_mulmod_base_add_256	64	static
C:/tmp/test/Middlewares/Third_Party/wolfSSL_wolfSSL_wolfSSL/wolfssl/wolfcrypt/src/sp_cortexm.c:40048:35:sp_256_add_one_8	16	static,ignoring_inline_asm
C:/tmp/test/Middlewares/Third_Party/wolfSSL_wolfSSL_wolfSSL/wolfssl/wolfcrypt/src/sp_cortexm.c:40089:13:sp_256_from_bin	40	static
C:/tmp/test/Middlewares/Third_Party/wolfSSL_wolfSSL_wolfSSL/wolfssl/wolfcrypt/src/sp_cortexm.c:40136:12:sp_256_ecc_gen_k_8	56	static
C:/tmp/test/Middlewares/Third_Party/wolfSSL_wolfSSL_wolfSSL/wolfssl/wolfcrypt/src/sp_cortexm.c:40171:5:sp_ecc_make_key_256	56	static
C:/tmp/test/Middlewares/Third_Party/wolfSSL_wolfSSL_wolfSSL/wolfssl/wolfcrypt/src/sp_cortexm.c:40314:13:sp_256_to_bin_8	24	static
C:/tmp/test/Middlewares/Third_Party/wolfSSL_wolfSSL_wolfSSL/wolfssl/wolfcrypt/src/sp_cortexm.c:40339:5:sp_ecc_secret_gen_256	56	static
C:/tmp/test/Middlewares/Third_Party/wolfSSL_wolfSSL_wolfSSL/wolfssl/wolfcrypt/src/sp_cortexm.c:40431:39:sp_256_sub_in_place_8	40	static,ignoring_inline_asm
C:/tmp/test/Middlewares/Third_Party/wolfSSL_wolfSSL_wolfSSL/wolfssl/wolfcrypt/src/sp_cortexm.c:40539:35:sp_256_mul_d_8	40	static,ignoring_inline_asm
C:/tmp/test/Middlewares/Third_Party/wolfSSL_wolfSSL_wolfSSL/wolfssl/wolfcrypt/src/sp_cortexm.c:40754:51:div_256_word_8	48	static,ignoring_inline_asm
C:/tmp/test/Middlewares/Third_Party/wolfSSL_wolfSSL_wolfSSL/wolfssl/wolfcrypt/src/sp_cortexm.c:40839:13:sp_256_mask_8	32	static
C:/tmp/test/Middlewares/Third_Party/wolfSSL_wolfSSL_wolfSSL/wolfssl/wolfcrypt/src/sp_cortexm.c:40868:22:sp_256_div_8	144	static
C:/tmp/test/Middlewares/Third_Party/wolfSSL_wolfSSL_wolfSSL/wolfssl/wolfcrypt/src/sp_cortexm.c:40909:22:sp_256_mod_8	24	static
C:/tmp/test/Middlewares/Third_Party/wolfSSL_wolfSSL_wolfSSL/wolfssl/wolfcrypt/src/sp_cortexm.c:40922:13:sp_256_mont_mul_order_8	24	static
C:/tmp/test/Middlewares/Third_Party/wolfSSL_wolfSSL_wolfSSL/wolfssl/wolfcrypt/src/sp_cortexm.c:40947:13:sp_256_mont_sqr_order_8	16	static
C:/tmp/test/Middlewares/Third_Party/wolfSSL_wolfSSL_wolfSSL/wolfssl/wolfcrypt/src/sp_cortexm.c:41019:13:sp_256_mont_inv_order_8	32	static
C:/tmp/test/Middlewares/Third_Party/wolfSSL_wolfSSL_wolfSSL/wolfssl/wolfcrypt/src/sp_cortexm.c:41135:12:sp_256_calc_s_8	40	static
C:/tmp/test/Middlewares/Third_Party/wolfSSL_wolfSSL_wolfSSL/wolfssl/wolfcrypt/src/sp_cortexm.c:41191:5:sp_ecc_sign_256	80	static
C:/tmp/test/Middlewares/Third_Party/wolfSSL_wolfSSL_wolfSSL/wolfssl/wolfcrypt/src/sp_cortexm.c:42006:13:sp_256_add_points_8	24	static
C:/tmp/test/Middlewares/Third_Party/wolfSSL_wolfSSL_wolfSSL/wolfssl/wolfcrypt/src/sp_cortexm.c:42040:12:sp_256_calc_vfy_point_8	40	static
C:/tmp/test/Middlewares/Third_Party/wolfSSL_wolfSSL_wolfSSL/wolfssl/wolfcrypt/src/sp_cortexm.c:42108:5:sp_ecc_verify_256	88	static
C:/tmp/test/Middlewares/Third_Party/wolfSSL_wolfSSL_wolfSSL/wolfssl/wolfcrypt/src/sp_cortexm.c:42343:12:sp_256_ecc_is_point_8	32	static
C:/tmp/test/Middlewares/Third_Party/wolfSSL_wolfSSL_wolfSSL/wolfssl/wolfcrypt/src/sp_cortexm.c:42388:5:sp_ecc_is_point_256	32	static
C:/tmp/test/Middlewares/Third_Party/wolfSSL_wolfSSL_wolfSSL/wolfssl/wolfcrypt/src/sp_cortexm.c:42420:5:sp_ecc_check_key_256	64	static
