../../Middlewares/Third_Party/wolfSSL_wolfSSL_wolfSSL/wolfssl/wolfssl/wolfcrypt/wc_port.h:754:26:wolfSSL_Atomic_Uint_CompareExchange	24	static
C:/tmp/test/Middlewares/Third_Party/wolfSSL_wolfSSL_wolfSSL/wolfssl/wolfcrypt/src/wc_port.c:247:5:wc_local_InitUp	24	static
C:/tmp/test/Middlewares/Third_Party/wolfSSL_wolfSSL_wolfSSL/wolfssl/wolfcrypt/src/wc_port.c:309:5:wc_local_InitUpDone	24	static
C:/tmp/test/Middlewares/Third_Party/wolfSSL_wolfSSL_wolfSSL/wolfssl/wolfcrypt/src/wc_port.c:324:5:wc_local_InitDown	24	static
C:/tmp/test/Middlewares/Third_Party/wolfSSL_wolfSSL_wolfSSL/wolfssl/wolfcrypt/src/wc_port.c:396:5:wc_local_InitDownDone	24	static
C:/tmp/test/Middlewares/Third_Party/wolfSSL_wolfSSL_wolfSSL/wolfssl/wolfcrypt/src/wc_port.c:422:5:wolfCrypt_Init	24	static
C:/tmp/test/Middlewares/Third_Party/wolfSSL_wolfSSL_wolfSSL/wolfssl/wolfcrypt/src/wc_port.c:794:5:wolfCrypt_Cleanup	16	static
C:/tmp/test/Middlewares/Third_Party/wolfSSL_wolfSSL_wolfSSL/wolfssl/wolfcrypt/src/wc_port.c:1447:16:wc_InitAndAllocMutex	16	static
C:/tmp/test/Middlewares/Third_Party/wolfSSL_wolfSSL_wolfSSL/wolfssl/wolfcrypt/src/wc_port.c:1468:7:wc_strtok	40	static
C:/tmp/test/Middlewares/Third_Party/wolfSSL_wolfSSL_wolfSSL/wolfssl/wolfcrypt/src/wc_port.c:1521:7:wc_strsep	32	static
C:/tmp/test/Middlewares/Third_Party/wolfSSL_wolfSSL_wolfSSL/wolfssl/wolfcrypt/src/wc_port.c:1548:8:wc_strlcpy	32	static
C:/tmp/test/Middlewares/Third_Party/wolfSSL_wolfSSL_wolfSSL/wolfssl/wolfcrypt/src/wc_port.c:1566:8:wc_strlcat	32	static
C:/tmp/test/Middlewares/Third_Party/wolfSSL_wolfSSL_wolfSSL/wolfssl/wolfcrypt/src/wc_port.c:1619:7:wc_strdup_ex	24	static
C:/tmp/test/Middlewares/Third_Party/wolfSSL_wolfSSL_wolfSSL/wolfssl/wolfcrypt/src/wc_port.c:2211:5:wolfSSL_CryptHwMutexInit	16	static
C:/tmp/test/Middlewares/Third_Party/wolfSSL_wolfSSL_wolfSSL/wolfssl/wolfcrypt/src/wc_port.c:2224:5:wolfSSL_CryptHwMutexLock	16	static
C:/tmp/test/Middlewares/Third_Party/wolfSSL_wolfSSL_wolfSSL/wolfssl/wolfcrypt/src/wc_port.c:2233:5:wolfSSL_CryptHwMutexUnLock	8	static
C:/tmp/test/Middlewares/Third_Party/wolfSSL_wolfSSL_wolfSSL/wolfssl/wolfcrypt/src/wc_port.c:2486:9:wc_InitMutex	16	static
C:/tmp/test/Middlewares/Third_Party/wolfSSL_wolfSSL_wolfSSL/wolfssl/wolfcrypt/src/wc_port.c:2492:9:wc_FreeMutex	16	static
C:/tmp/test/Middlewares/Third_Party/wolfSSL_wolfSSL_wolfSSL/wolfssl/wolfcrypt/src/wc_port.c:2499:9:wc_LockMutex	16	static
C:/tmp/test/Middlewares/Third_Party/wolfSSL_wolfSSL_wolfSSL/wolfssl/wolfcrypt/src/wc_port.c:2506:9:wc_UnLockMutex	16	static
C:/tmp/test/Middlewares/Third_Party/wolfSSL_wolfSSL_wolfSSL/wolfssl/wolfcrypt/src/wc_port.c:4074:9:wc_InitRwLock	16	static
C:/tmp/test/Middlewares/Third_Party/wolfSSL_wolfSSL_wolfSSL/wolfssl/wolfcrypt/src/wc_port.c:4079:9:wc_FreeRwLock	16	static
C:/tmp/test/Middlewares/Third_Party/wolfSSL_wolfSSL_wolfSSL/wolfssl/wolfcrypt/src/wc_port.c:4084:9:wc_LockRwLock_Wr	16	static
C:/tmp/test/Middlewares/Third_Party/wolfSSL_wolfSSL_wolfSSL/wolfssl/wolfcrypt/src/wc_port.c:4089:9:wc_LockRwLock_Rd	16	static
C:/tmp/test/Middlewares/Third_Party/wolfSSL_wolfSSL_wolfSSL/wolfssl/wolfcrypt/src/wc_port.c:4094:9:wc_UnLockRwLock	16	static
C:/tmp/test/Middlewares/Third_Party/wolfSSL_wolfSSL_wolfSSL/wolfssl/wolfcrypt/src/wc_port.c:4571:7:wolfSSL_strnstr	32	static
