C:/tmp/SE_firmware/Middlewares/Third_Party/wolfSSL_wolfSSL_wolfSSL/wolfssl/src/internal.c:13460:12:LabelIsALabel	0	static
C:/tmp/SE_firmware/Middlewares/Third_Party/wolfSSL_wolfSSL_wolfSSL/wolfssl/src/internal.c:15575:12:ProcessPeerCertParse	40	static
../../Middlewares/Third_Party/wolfSSL_wolfSSL_wolfSSL/wolfssl/wolfcrypt/src/misc.c:591:31:ForceZero	12	static
C:/tmp/SE_firmware/Middlewares/Third_Party/wolfSSL_wolfSSL_wolfSSL/wolfssl/src/internal.c:3264:13:FreeCiphersSide.isra	16	static
C:/tmp/SE_firmware/Middlewares/Third_Party/wolfSSL_wolfSSL_wolfSSL/wolfssl/src/internal.c:624:5:IsTLS	0	static
C:/tmp/SE_firmware/Middlewares/Third_Party/wolfSSL_wolfSSL_wolfSSL/wolfssl/src/internal.c:636:5:IsTLS_ex	8	static
C:/tmp/SE_firmware/Middlewares/Third_Party/wolfSSL_wolfSSL_wolfSSL/wolfssl/src/internal.c:649:5:IsAtLeastTLSv1_2	0	static
C:/tmp/SE_firmware/Middlewares/Third_Party/wolfSSL_wolfSSL_wolfSSL/wolfssl/src/internal.c:661:5:IsAtLeastTLSv1_3	8	static
C:/tmp/SE_firmware/Middlewares/Third_Party/wolfSSL_wolfSSL_wolfSSL/wolfssl/src/internal.c:38008:16:VerifyServerSuite	40	static
C:/tmp/SE_firmware/Middlewares/Third_Party/wolfSSL_wolfSSL_wolfSSL/wolfssl/src/internal.c:26850:12:ssl_in_handshake.part.0	8	static
C:/tmp/SE_firmware/Middlewares/Third_Party/wolfSSL_wolfSSL_wolfSSL/wolfssl/src/internal.c:674:5:IsEncryptionOn	0	static
C:/tmp/SE_firmware/Middlewares/Third_Party/wolfSSL_wolfSSL_wolfSSL/wolfssl/src/internal.c:2319:6:InitSSL_Method	8	static
C:/tmp/SE_firmware/Middlewares/Third_Party/wolfSSL_wolfSSL_wolfSSL/wolfssl/src/internal.c:2639:5:InitSSL_Ctx	16	static
C:/tmp/SE_firmware/Middlewares/Third_Party/wolfSSL_wolfSSL_wolfSSL/wolfssl/src/internal.c:2984:6:SSL_CtxResourceFree	16	static
C:/tmp/SE_firmware/Middlewares/Third_Party/wolfSSL_wolfSSL_wolfSSL/wolfssl/src/internal.c:3165:6:FreeSSL_Ctx	8	static
C:/tmp/SE_firmware/Middlewares/Third_Party/wolfSSL_wolfSSL_wolfSSL/wolfssl/src/internal.c:3220:6:InitCiphers	0	static
C:/tmp/SE_firmware/Middlewares/Third_Party/wolfSSL_wolfSSL_wolfSSL/wolfssl/src/internal.c:3324:6:FreeCiphers	8	static
C:/tmp/SE_firmware/Middlewares/Third_Party/wolfSSL_wolfSSL_wolfSSL/wolfssl/src/internal.c:3358:6:InitCipherSpecs	8	static
C:/tmp/SE_firmware/Middlewares/Third_Party/wolfSSL_wolfSSL_wolfSSL/wolfssl/src/internal.c:3513:6:InitSuitesHashSigAlgo	12	static
C:/tmp/SE_firmware/Middlewares/Third_Party/wolfSSL_wolfSSL_wolfSSL/wolfssl/src/internal.c:6893:13:InitSuites_EitherSide.constprop.isra	40	static
C:/tmp/SE_firmware/Middlewares/Third_Party/wolfSSL_wolfSSL_wolfSSL/wolfssl/src/internal.c:3637:5:AllocateCtxSuites	16	static
C:/tmp/SE_firmware/Middlewares/Third_Party/wolfSSL_wolfSSL_wolfSSL/wolfssl/src/internal.c:3652:5:AllocateSuites	8	static
C:/tmp/SE_firmware/Middlewares/Third_Party/wolfSSL_wolfSSL_wolfSSL/wolfssl/src/internal.c:3669:6:InitSuites	24	static
C:/tmp/SE_firmware/Middlewares/Third_Party/wolfSSL_wolfSSL_wolfSSL/wolfssl/src/internal.c:4753:6:DecodeSigAlg	0	static
C:/tmp/SE_firmware/Middlewares/Third_Party/wolfSSL_wolfSSL_wolfSSL/wolfssl/src/internal.c:4901:6:InitX509Name	16	static
C:/tmp/SE_firmware/Middlewares/Third_Party/wolfSSL_wolfSSL_wolfSSL/wolfssl/src/internal.c:4914:6:FreeX509Name	8	static
C:/tmp/SE_firmware/Middlewares/Third_Party/wolfSSL_wolfSSL_wolfSSL/wolfssl/src/internal.c:4944:6:InitX509	16	static
C:/tmp/SE_firmware/Middlewares/Third_Party/wolfSSL_wolfSSL_wolfSSL/wolfssl/src/internal.c:4968:6:FreeX509	16	static
C:/tmp/SE_firmware/Middlewares/Third_Party/wolfSSL_wolfSSL_wolfSSL/wolfssl/src/internal.c:5198:8:MacSize	0	static
C:/tmp/SE_firmware/Middlewares/Third_Party/wolfSSL_wolfSSL_wolfSSL/wolfssl/src/internal.c:5718:5:EccSign	4	static
C:/tmp/SE_firmware/Middlewares/Third_Party/wolfSSL_wolfSSL_wolfSSL/wolfssl/src/internal.c:5779:5:EccVerify	24	static
C:/tmp/SE_firmware/Middlewares/Third_Party/wolfSSL_wolfSSL_wolfSSL/wolfssl/src/internal.c:5853:5:EccSharedSecret	24	static
C:/tmp/SE_firmware/Middlewares/Third_Party/wolfSSL_wolfSSL_wolfSSL/wolfssl/src/internal.c:5914:5:EccMakeKey	16	static
C:/tmp/SE_firmware/Middlewares/Third_Party/wolfSSL_wolfSSL_wolfSSL/wolfssl/src/internal.c:6912:6:InitSSL_CTX_Suites	4	static
C:/tmp/SE_firmware/Middlewares/Third_Party/wolfSSL_wolfSSL_wolfSSL/wolfssl/src/internal.c:6936:5:InitSSL_Suites	8	static
C:/tmp/SE_firmware/Middlewares/Third_Party/wolfSSL_wolfSSL_wolfSSL/wolfssl/src/internal.c:7052:5:SetSSL_CTX	56	static
C:/tmp/SE_firmware/Middlewares/Third_Party/wolfSSL_wolfSSL_wolfSSL/wolfssl/src/internal.c:7553:6:Free_HS_Hashes	8	static
C:/tmp/SE_firmware/Middlewares/Third_Party/wolfSSL_wolfSSL_wolfSSL/wolfssl/src/internal.c:7590:6:FreeHandshakeHashes	8	static
C:/tmp/SE_firmware/Middlewares/Third_Party/wolfSSL_wolfSSL_wolfSSL/wolfssl/src/internal.c:7482:5:InitHandshakeHashes	8	static
C:/tmp/SE_firmware/Middlewares/Third_Party/wolfSSL_wolfSSL_wolfSSL/wolfssl/src/internal.c:7597:5:InitHandshakeHashesAndCopy	16	static
C:/tmp/SE_firmware/Middlewares/Third_Party/wolfSSL_wolfSSL_wolfSSL/wolfssl/src/internal.c:7681:5:ReinitSSL	24	static
C:/tmp/SE_firmware/Middlewares/Third_Party/wolfSSL_wolfSSL_wolfSSL/wolfssl/src/internal.c:7759:5:InitSSL	24	static
C:/tmp/SE_firmware/Middlewares/Third_Party/wolfSSL_wolfSSL_wolfSSL/wolfssl/src/internal.c:8328:6:FreeArrays	8	static
C:/tmp/SE_firmware/Middlewares/Third_Party/wolfSSL_wolfSSL_wolfSSL/wolfssl/src/internal.c:8349:6:FreeKey	8	static
C:/tmp/SE_firmware/Middlewares/Third_Party/wolfSSL_wolfSSL_wolfSSL/wolfssl/src/internal.c:8441:5:AllocKey	24	static
C:/tmp/SE_firmware/Middlewares/Third_Party/wolfSSL_wolfSSL_wolfSSL/wolfssl/src/internal.c:8761:6:FreeAsyncCtx	16	static
C:/tmp/SE_firmware/Middlewares/Third_Party/wolfSSL_wolfSSL_wolfSSL/wolfssl/src/internal.c:8782:6:FreeKeyExchange	8	static
C:/tmp/SE_firmware/Middlewares/Third_Party/wolfSSL_wolfSSL_wolfSSL/wolfssl/src/internal.c:8819:6:FreeSuites	8	static
C:/tmp/SE_firmware/Middlewares/Third_Party/wolfSSL_wolfSSL_wolfSSL/wolfssl/src/internal.c:10540:12:LowResTimer	8	static
C:/tmp/SE_firmware/Middlewares/Third_Party/wolfSSL_wolfSSL_wolfSSL/wolfssl/src/internal.c:10826:5:HashRaw	24	static
C:/tmp/SE_firmware/Middlewares/Third_Party/wolfSSL_wolfSSL_wolfSSL/wolfssl/src/internal.c:10915:5:HashOutput	4	static
C:/tmp/SE_firmware/Middlewares/Third_Party/wolfSSL_wolfSSL_wolfSSL/wolfssl/src/internal.c:10962:5:HashInput	0	static
C:/tmp/SE_firmware/Middlewares/Third_Party/wolfSSL_wolfSSL_wolfSSL/wolfssl/src/internal.c:11422:6:ShrinkOutputBuffer	8	static
C:/tmp/SE_firmware/Middlewares/Third_Party/wolfSSL_wolfSSL_wolfSSL/wolfssl/src/internal.c:11440:6:ShrinkInputBuffer	16	static
C:/tmp/SE_firmware/Middlewares/Third_Party/wolfSSL_wolfSSL_wolfSSL/wolfssl/src/internal.c:8843:6:wolfSSL_ResourceFree	16	static
C:/tmp/SE_firmware/Middlewares/Third_Party/wolfSSL_wolfSSL_wolfSSL/wolfssl/src/internal.c:9538:6:FreeSSL	16	static
C:/tmp/SE_firmware/Middlewares/Third_Party/wolfSSL_wolfSSL_wolfSSL/wolfssl/src/internal.c:9264:6:FreeHandshakeResources	16	static
C:/tmp/SE_firmware/Middlewares/Third_Party/wolfSSL_wolfSSL_wolfSSL/wolfssl/src/internal.c:11468:5:SendBuffered	16	static
C:/tmp/SE_firmware/Middlewares/Third_Party/wolfSSL_wolfSSL_wolfSSL/wolfssl/src/internal.c:11636:7:GetOutputBuffer	0	static
C:/tmp/SE_firmware/Middlewares/Third_Party/wolfSSL_wolfSSL_wolfSSL/wolfssl/src/internal.c:11719:5:GrowInputBuffer	24	static
C:/tmp/SE_firmware/Middlewares/Third_Party/wolfSSL_wolfSSL_wolfSSL/wolfssl/src/internal.c:22662:12:GetInputData	32	static
C:/tmp/SE_firmware/Middlewares/Third_Party/wolfSSL_wolfSSL_wolfSSL/wolfssl/src/internal.c:11802:5:CheckAvailableSize	24	static
C:/tmp/SE_firmware/Middlewares/Third_Party/wolfSSL_wolfSSL_wolfSSL/wolfssl/src/internal.c:11849:5:MsgCheckEncryption	16	static
C:/tmp/SE_firmware/Middlewares/Third_Party/wolfSSL_wolfSSL_wolfSSL/wolfssl/src/internal.c:12092:5:GetHandshakeHeader	12	static
C:/tmp/SE_firmware/Middlewares/Third_Party/wolfSSL_wolfSSL_wolfSSL/wolfssl/src/internal.c:12769:5:CipherRequires	0	static
C:/tmp/SE_firmware/Middlewares/Third_Party/wolfSSL_wolfSSL_wolfSSL/wolfssl/src/internal.c:13526:5:MatchDomainName	32	static
C:/tmp/SE_firmware/Middlewares/Third_Party/wolfSSL_wolfSSL_wolfSSL/wolfssl/src/internal.c:13680:5:CheckForAltNames	48	static
C:/tmp/SE_firmware/Middlewares/Third_Party/wolfSSL_wolfSSL_wolfSSL/wolfssl/src/internal.c:13784:5:CheckHostName	48	static
C:/tmp/SE_firmware/Middlewares/Third_Party/wolfSSL_wolfSSL_wolfSSL/wolfssl/src/internal.c:13822:5:CheckIPAddr	24	static
C:/tmp/SE_firmware/Middlewares/Third_Party/wolfSSL_wolfSSL_wolfSSL/wolfssl/src/internal.c:14947:5:SetupStoreCtxCallback	32	static
C:/tmp/SE_firmware/Middlewares/Third_Party/wolfSSL_wolfSSL_wolfSSL/wolfssl/src/internal.c:15079:6:CleanupStoreCtxCallback	8	static
C:/tmp/SE_firmware/Middlewares/Third_Party/wolfSSL_wolfSSL_wolfSSL/wolfssl/src/internal.c:15116:5:DoVerifyCallback	72	static
C:/tmp/SE_firmware/Middlewares/Third_Party/wolfSSL_wolfSSL_wolfSSL/wolfssl/src/internal.c:19340:5:SendFatalAlertOnly	0	static
C:/tmp/SE_firmware/Middlewares/Third_Party/wolfSSL_wolfSSL_wolfSSL/wolfssl/src/internal.c:22270:13:AlertTypeToString	0	static
C:/tmp/SE_firmware/Middlewares/Third_Party/wolfSSL_wolfSSL_wolfSSL/wolfssl/src/internal.c:24655:5:BuildCertHashes	16	static
C:/tmp/SE_firmware/Middlewares/Third_Party/wolfSSL_wolfSSL_wolfSSL/wolfssl/src/internal.c:24738:5:BuildMessage	16	static
C:/tmp/SE_firmware/Middlewares/Third_Party/wolfSSL_wolfSSL_wolfSSL/wolfssl/src/internal.c:27465:12:SendAlert_ex	56	static
C:/tmp/SE_firmware/Middlewares/Third_Party/wolfSSL_wolfSSL_wolfSSL/wolfssl/src/internal.c:25597:5:cipherExtraData	0	static
C:/tmp/SE_firmware/Middlewares/Third_Party/wolfSSL_wolfSSL_wolfSSL/wolfssl/src/internal.c:26698:5:IsSCR	0	static
C:/tmp/SE_firmware/Middlewares/Third_Party/wolfSSL_wolfSSL_wolfSSL/wolfssl/src/internal.c:27648:5:RetrySendAlert	4	static
C:/tmp/SE_firmware/Middlewares/Third_Party/wolfSSL_wolfSSL_wolfSSL/wolfssl/src/internal.c:27677:5:SendAlert	16	static
C:/tmp/SE_firmware/Middlewares/Third_Party/wolfSSL_wolfSSL_wolfSSL/wolfssl/src/internal.c:12121:5:EarlySanityCheckMsgReceived	24	static
C:/tmp/SE_firmware/Middlewares/Third_Party/wolfSSL_wolfSSL_wolfSSL/wolfssl/src/internal.c:14897:6:DoCertFatalAlert	8	static
C:/tmp/SE_firmware/Middlewares/Third_Party/wolfSSL_wolfSSL_wolfSSL/wolfssl/src/internal.c:15997:5:ProcessPeerCerts	72	static
C:/tmp/SE_firmware/Middlewares/Third_Party/wolfSSL_wolfSSL_wolfSSL/wolfssl/src/internal.c:22096:5:DoApplicationData	24	static
C:/tmp/SE_firmware/Middlewares/Third_Party/wolfSSL_wolfSSL_wolfSSL/wolfssl/src/internal.c:23212:12:DoProcessReplyEx	32	static
C:/tmp/SE_firmware/Middlewares/Third_Party/wolfSSL_wolfSSL_wolfSSL/wolfssl/src/internal.c:24273:5:ProcessReplyEx	0	static
C:/tmp/SE_firmware/Middlewares/Third_Party/wolfSSL_wolfSSL_wolfSSL/wolfssl/src/internal.c:24268:5:ProcessReply	0	static
C:/tmp/SE_firmware/Middlewares/Third_Party/wolfSSL_wolfSSL_wolfSSL/wolfssl/src/internal.c:27287:5:ReceiveData	24	static
C:/tmp/SE_firmware/Middlewares/Third_Party/wolfSSL_wolfSSL_wolfSSL/wolfssl/src/internal.c:27788:13:wolfSSL_ERR_reason_error_string	0	static
C:/tmp/SE_firmware/Middlewares/Third_Party/wolfSSL_wolfSSL_wolfSSL/wolfssl/src/internal.c:28393:13:wolfSSL_ERR_func_error_string	0	static
C:/tmp/SE_firmware/Middlewares/Third_Party/wolfSSL_wolfSSL_wolfSSL/wolfssl/src/internal.c:28407:13:wolfSSL_ERR_lib_error_string	0	static
C:/tmp/SE_firmware/Middlewares/Third_Party/wolfSSL_wolfSSL_wolfSSL/wolfssl/src/internal.c:28429:6:SetErrorString	8	static
C:/tmp/SE_firmware/Middlewares/Third_Party/wolfSSL_wolfSSL_wolfSSL/wolfssl/src/internal.c:28971:24:GetCipherNames	0	static
C:/tmp/SE_firmware/Middlewares/Third_Party/wolfSSL_wolfSSL_wolfSSL/wolfssl/src/internal.c:28978:5:GetCipherNamesSize	0	static
C:/tmp/SE_firmware/Middlewares/Third_Party/wolfSSL_wolfSSL_wolfSSL/wolfssl/src/internal.c:28988:13:GetCipherNameInternal	0	static
C:/tmp/SE_firmware/Middlewares/Third_Party/wolfSSL_wolfSSL_wolfSSL/wolfssl/src/internal.c:29315:13:GetCipherNameIana	0	static
C:/tmp/SE_firmware/Middlewares/Third_Party/wolfSSL_wolfSSL_wolfSSL/wolfssl/src/internal.c:29340:13:wolfSSL_get_cipher_name_internal	0	static
C:/tmp/SE_firmware/Middlewares/Third_Party/wolfSSL_wolfSSL_wolfSSL/wolfssl/src/internal.c:29349:13:wolfSSL_get_cipher_name_iana	0	static
C:/tmp/SE_firmware/Middlewares/Third_Party/wolfSSL_wolfSSL_wolfSSL/wolfssl/src/internal.c:29358:5:GetCipherSuiteFromName	32	static
C:/tmp/SE_firmware/Middlewares/Third_Party/wolfSSL_wolfSSL_wolfSSL/wolfssl/src/internal.c:30040:5:SetCipherList_ex	112	static
C:/tmp/SE_firmware/Middlewares/Third_Party/wolfSSL_wolfSSL_wolfSSL/wolfssl/src/internal.c:30069:5:SetCipherList	0	static
C:/tmp/SE_firmware/Middlewares/Third_Party/wolfSSL_wolfSSL_wolfSSL/wolfssl/src/internal.c:30568:5:PickHashSigAlgo	64	static
C:/tmp/SE_firmware/Middlewares/Third_Party/wolfSSL_wolfSSL_wolfSSL/wolfssl/src/internal.c:31650:5:DecodePrivateKey	40	static
C:/tmp/SE_firmware/Middlewares/Third_Party/wolfSSL_wolfSSL_wolfSSL/wolfssl/src/internal.c:31891:9:HaveUniqueSessionObj	16	static
C:/tmp/SE_firmware/Middlewares/Third_Party/wolfSSL_wolfSSL_wolfSSL/wolfssl/src/internal.c:32738:9:VerifyClientSuite	0	static
C:/tmp/SE_firmware/Middlewares/Third_Party/wolfSSL_wolfSSL_wolfSSL/wolfssl/src/internal.c:36056:12:GetCurveByOID	0	static
C:/tmp/SE_firmware/Middlewares/Third_Party/wolfSSL_wolfSSL_wolfSSL/wolfssl/src/internal.c:36141:9:NamedGroupIsPqc	0	static
C:/tmp/SE_firmware/Middlewares/Third_Party/wolfSSL_wolfSSL_wolfSSL/wolfssl/src/internal.c:36159:9:NamedGroupIsPqcHybrid	0	static
C:/tmp/SE_firmware/Middlewares/Third_Party/wolfSSL_wolfSSL_wolfSSL/wolfssl/src/internal.c:36192:9:TranslateErrorToAlert	0	static
C:/tmp/SE_firmware/Middlewares/Third_Party/wolfSSL_wolfSSL_wolfSSL/wolfssl/src/internal.c:36224:9:FindSuite	12	static
C:/tmp/SE_firmware/Middlewares/Third_Party/wolfSSL_wolfSSL_wolfSSL/wolfssl/src/internal.c:38158:10:refineSuites	336	static
C:/tmp/SE_firmware/Middlewares/Third_Party/wolfSSL_wolfSSL_wolfSSL/wolfssl/src/internal.c:38218:10:sslRefineSuites	16	static
C:/tmp/SE_firmware/Middlewares/Third_Party/wolfSSL_wolfSSL_wolfSSL/wolfssl/src/internal.c:38251:9:MatchSuite_ex	56	static
C:/tmp/SE_firmware/Middlewares/Third_Party/wolfSSL_wolfSSL_wolfSSL/wolfssl/src/internal.c:38293:9:MatchSuite	32	static
C:/tmp/SE_firmware/Middlewares/Third_Party/wolfSSL_wolfSSL_wolfSSL/wolfssl/src/internal.c:43107:9:SNI_Callback	24	static
C:/tmp/SE_firmware/Middlewares/Third_Party/wolfSSL_wolfSSL_wolfSSL/wolfssl/src/internal.c:43258:5:wolfssl_local_GetRecordSize	40	static
C:/tmp/SE_firmware/Middlewares/Third_Party/wolfSSL_wolfSSL_wolfSSL/wolfssl/src/internal.c:26886:5:SendData	80	static
C:/tmp/SE_firmware/Middlewares/Third_Party/wolfSSL_wolfSSL_wolfSSL/wolfssl/src/internal.c:43320:5:wolfssl_local_GetMaxPlaintextSize	0	static
C:/tmp/SE_firmware/Middlewares/Third_Party/wolfSSL_wolfSSL_wolfSSL/wolfssl/src/internal.c:43385:5:wolfSSL_GetMaxFragSize	0	static
C:/tmp/SE_firmware/Middlewares/Third_Party/wolfSSL_wolfSSL_wolfSSL/wolfssl/src/internal.c:44060:6:wolfssl_local_MaybeCheckAlertOnErr	0	static
