../../Middlewares/Third_Party/wolfSSL_wolfSSL_wolfSSL/wolfssl/src/ssl_certman.c:2577:25:HashSigner	0	static
../../Middlewares/Third_Party/wolfSSL_wolfSSL_wolfSSL/wolfssl/src/ssl_api_ext.c:308:12:isValidCurveGroup	0	static
../../Middlewares/Third_Party/wolfSSL_wolfSSL_wolfSSL/wolfssl/src/ssl_api_cert.c:456:25:ModeToVerifyOptions	8	static
../../Middlewares/Third_Party/wolfSSL_wolfSSL_wolfSSL/wolfssl/src/ssl_certman.c:194:13:DoCertManagerFree	8	static
C:/tmp/SE_firmware/Middlewares/Third_Party/wolfSSL_wolfSSL_wolfSSL/wolfssl/src/ssl.c:1885:12:wolfSSL_read_internal	8	static
../../Middlewares/Third_Party/wolfSSL_wolfSSL_wolfSSL/wolfssl/wolfcrypt/src/misc.c:591:31:ForceZero	12	static
../../Middlewares/Third_Party/wolfSSL_wolfSSL_wolfSSL/wolfssl/src/ssl_load.c:131:12:DataToDerBuffer.isra	48	static
../../Middlewares/Third_Party/wolfSSL_wolfSSL_wolfSSL/wolfssl/src/ssl_certman.c:85:23:wolfSSL_CertManagerNew_ex	16	static
../../Middlewares/Third_Party/wolfSSL_wolfSSL_wolfSSL/wolfssl/src/ssl_certman.c:180:23:wolfSSL_CertManagerNew	0	static
../../Middlewares/Third_Party/wolfSSL_wolfSSL_wolfSSL/wolfssl/src/ssl_certman.c:247:6:wolfSSL_CertManagerFree	0	static
../../Middlewares/Third_Party/wolfSSL_wolfSSL_wolfSSL/wolfssl/src/ssl_certman.c:277:5:wolfSSL_CertManager_up_ref	0	static
../../Middlewares/Third_Party/wolfSSL_wolfSSL_wolfSSL/wolfssl/src/ssl_certman.c:465:5:wolfSSL_CertManagerUnloadCAs	16	static
../../Middlewares/Third_Party/wolfSSL_wolfSSL_wolfSSL/wolfssl/src/ssl_certman.c:490:5:wolfSSL_CertManagerUnloadTypeCerts	16	static
../../Middlewares/Third_Party/wolfSSL_wolfSSL_wolfSSL/wolfssl/src/ssl_certman.c:526:5:wolfSSL_CertManagerUnloadIntermediateCerts	0	static
../../Middlewares/Third_Party/wolfSSL_wolfSSL_wolfSSL/wolfssl/src/ssl_certman.c:732:6:wolfSSL_CertManagerSetVerify	0	static
../../Middlewares/Third_Party/wolfSSL_wolfSSL_wolfSSL/wolfssl/src/ssl_certman.c:770:5:CM_VerifyBuffer_ex	64	static
../../Middlewares/Third_Party/wolfSSL_wolfSSL_wolfSSL/wolfssl/src/ssl_certman.c:901:5:wolfSSL_CertManagerVerifyBuffer	24	static
../../Middlewares/Third_Party/wolfSSL_wolfSSL_wolfSSL/wolfssl/src/ssl_certman.c:1725:5:wolfSSL_CertManagerEnableCRL	0	static
../../Middlewares/Third_Party/wolfSSL_wolfSSL_wolfSSL/wolfssl/src/ssl_certman.c:1807:5:wolfSSL_CertManagerDisableCRL	0	static
../../Middlewares/Third_Party/wolfSSL_wolfSSL_wolfSSL/wolfssl/src/ssl_certman.c:2147:5:wolfSSL_CertManagerEnableOCSP	0	static
../../Middlewares/Third_Party/wolfSSL_wolfSSL_wolfSSL/wolfssl/src/ssl_certman.c:2222:5:wolfSSL_CertManagerDisableOCSP	0	static
../../Middlewares/Third_Party/wolfSSL_wolfSSL_wolfSSL/wolfssl/src/ssl_certman.c:2252:5:wolfSSL_CertManagerEnableOCSPStapling	0	static
../../Middlewares/Third_Party/wolfSSL_wolfSSL_wolfSSL/wolfssl/src/ssl_certman.c:2320:5:wolfSSL_CertManagerDisableOCSPStapling	0	static
../../Middlewares/Third_Party/wolfSSL_wolfSSL_wolfSSL/wolfssl/src/ssl_certman.c:2350:5:wolfSSL_CertManagerEnableOCSPMustStaple	0	static
../../Middlewares/Third_Party/wolfSSL_wolfSSL_wolfSSL/wolfssl/src/ssl_certman.c:2382:5:wolfSSL_CertManagerDisableOCSPMustStaple	0	static
../../Middlewares/Third_Party/wolfSSL_wolfSSL_wolfSSL/wolfssl/src/ssl_certman.c:2584:5:AlreadySigner	24	static
../../Middlewares/Third_Party/wolfSSL_wolfSSL_wolfSSL/wolfssl/src/ssl_certman.c:2732:9:GetCA	24	static
../../Middlewares/Third_Party/wolfSSL_wolfSSL_wolfSSL/wolfssl/src/ssl_certman.c:2845:9:GetCAByName	32	static
../../Middlewares/Third_Party/wolfSSL_wolfSSL_wolfSSL/wolfssl/src/ssl_certman.c:2987:5:AddSigner	24	static
../../Middlewares/Third_Party/wolfSSL_wolfSSL_wolfSSL/wolfssl/src/ssl_certman.c:3023:5:AddCA	48	static
../../Middlewares/Third_Party/wolfSSL_wolfSSL_wolfSSL/wolfssl/src/ssl_certman.c:3295:5:RemoveCA	40	static
../../Middlewares/Third_Party/wolfSSL_wolfSSL_wolfSSL/wolfssl/src/ssl_certman.c:3343:5:SetCAType	32	static
../../Middlewares/Third_Party/wolfSSL_wolfSSL_wolfSSL/wolfssl/src/ssl_sess.c:2508:18:ClientSessionToSession	0	static
../../Middlewares/Third_Party/wolfSSL_wolfSSL_wolfSSL/wolfssl/src/ssl_sess.c:2514:18:wolfSSL_GetSession	0	static
../../Middlewares/Third_Party/wolfSSL_wolfSSL_wolfSSL/wolfssl/src/ssl_sess.c:3668:6:SetupSession	16	static
../../Middlewares/Third_Party/wolfSSL_wolfSSL_wolfSSL/wolfssl/src/ssl_sess.c:3787:18:wolfSSL_NewSession	16	static
../../Middlewares/Third_Party/wolfSSL_wolfSSL_wolfSSL/wolfssl/src/ssl_sess.c:3838:18:wolfSSL_SESSION_new_ex	0	static
../../Middlewares/Third_Party/wolfSSL_wolfSSL_wolfSSL/wolfssl/src/ssl_sess.c:3843:18:wolfSSL_SESSION_new	0	static
../../Middlewares/Third_Party/wolfSSL_wolfSSL_wolfSSL/wolfssl/src/ssl_sess.c:3850:5:wolfSSL_SESSION_up_ref	0	static
../../Middlewares/Third_Party/wolfSSL_wolfSSL_wolfSSL/wolfssl/src/ssl_sess.c:4135:5:wolfSSL_DupSession	8	static
../../Middlewares/Third_Party/wolfSSL_wolfSSL_wolfSSL/wolfssl/src/ssl_sess.c:4167:6:wolfSSL_FreeSession	8	static
../../Middlewares/Third_Party/wolfSSL_wolfSSL_wolfSSL/wolfssl/src/ssl_sess.c:4141:18:wolfSSL_SESSION_dup	16	static
../../Middlewares/Third_Party/wolfSSL_wolfSSL_wolfSSL/wolfssl/src/ssl_sess.c:4243:6:wolfSSL_SESSION_free	0	static
../../Middlewares/Third_Party/wolfSSL_wolfSSL_wolfSSL/wolfssl/src/ssl_sess.c:4276:13:wolfSSL_SESSION_CIPHER_get_name	0	static
../../Middlewares/Third_Party/wolfSSL_wolfSSL_wolfSSL/wolfssl/src/ssl_api_cert.c:41:5:wolfSSL_CTX_mutual_auth	0	static
../../Middlewares/Third_Party/wolfSSL_wolfSSL_wolfSSL/wolfssl/src/ssl_api_cert.c:63:5:wolfSSL_mutual_auth	0	static
../../Middlewares/Third_Party/wolfSSL_wolfSSL_wolfSSL/wolfssl/src/ssl_api_cert.c:82:23:wolfSSL_CTX_GetCertManager	0	static
../../Middlewares/Third_Party/wolfSSL_wolfSSL_wolfSSL/wolfssl/src/ssl_api_cert.c:100:6:wolfSSL_CTX_set_verify_depth	0	static
../../Middlewares/Third_Party/wolfSSL_wolfSSL_wolfSSL/wolfssl/src/ssl_api_cert.c:120:6:wolfSSL_CTX_get_verify_depth	0	static
../../Middlewares/Third_Party/wolfSSL_wolfSSL_wolfSSL/wolfssl/src/ssl_api_cert.c:146:6:wolfSSL_get_verify_depth	0	static
../../Middlewares/Third_Party/wolfSSL_wolfSSL_wolfSSL/wolfssl/src/ssl_api_cert.c:490:18:wolfSSL_CTX_set_verify	16	static
../../Middlewares/Third_Party/wolfSSL_wolfSSL_wolfSSL/wolfssl/src/ssl_api_cert.c:539:6:wolfSSL_set_verify	16	static
../../Middlewares/Third_Party/wolfSSL_wolfSSL_wolfSSL/wolfssl/src/ssl_api_cert.c:566:6:wolfSSL_set_verify_result	0	static
../../Middlewares/Third_Party/wolfSSL_wolfSSL_wolfSSL/wolfssl/src/ssl_api_cert.c:586:6:wolfSSL_CTX_SetCertCbCtx	0	static
../../Middlewares/Third_Party/wolfSSL_wolfSSL_wolfSSL/wolfssl/src/ssl_api_cert.c:601:6:wolfSSL_SetCertCbCtx	0	static
../../Middlewares/Third_Party/wolfSSL_wolfSSL_wolfSSL/wolfssl/src/ssl_api_cert.c:618:6:wolfSSL_CTX_SetCACb	0	static
../../Middlewares/Third_Party/wolfSSL_wolfSSL_wolfSSL/wolfssl/src/ssl_api_cert.c:856:5:wolfSSL_UnloadCertsKeys	16	static
../../Middlewares/Third_Party/wolfSSL_wolfSSL_wolfSSL/wolfssl/src/ssl_api_cert.c:920:5:wolfSSL_CTX_UnloadCAs	0	static
../../Middlewares/Third_Party/wolfSSL_wolfSSL_wolfSSL/wolfssl/src/ssl_api_cert.c:944:5:wolfSSL_CTX_UnloadIntermediateCerts	0	static
../../Middlewares/Third_Party/wolfSSL_wolfSSL_wolfSSL/wolfssl/src/ssl_api_pk.c:349:5:wolfSSL_CTX_check_private_key	32	static
../../Middlewares/Third_Party/wolfSSL_wolfSSL_wolfSSL/wolfssl/src/ssl_api_pk.c:634:5:wolfSSL_CTX_SetTmpEC_DHE_Sz	0	static
../../Middlewares/Third_Party/wolfSSL_wolfSSL_wolfSSL/wolfssl/src/ssl_api_pk.c:691:5:wolfSSL_SetTmpEC_DHE_Sz	0	static
../../Middlewares/Third_Party/wolfSSL_wolfSSL_wolfSSL/wolfssl/src/ssl_api_pk.c:1621:5:wolfSSL_CTX_SetMinEccKey_Sz	0	static
../../Middlewares/Third_Party/wolfSSL_wolfSSL_wolfSSL/wolfssl/src/ssl_api_pk.c:1662:5:wolfSSL_SetMinEccKey_Sz	0	static
C:/tmp/SE_firmware/Middlewares/Third_Party/wolfSSL_wolfSSL_wolfSSL/wolfssl/src/ssl.c:346:9:wolfssl_get_global_rng	0	static
C:/tmp/SE_firmware/Middlewares/Third_Party/wolfSSL_wolfSSL_wolfSSL/wolfssl/src/ssl.c:363:9:wolfssl_make_global_rng	0	static
C:/tmp/SE_firmware/Middlewares/Third_Party/wolfSSL_wolfSSL_wolfSSL/wolfssl/src/ssl.c:398:9:wolfssl_make_rng	16	static
C:/tmp/SE_firmware/Middlewares/Third_Party/wolfSSL_wolfSSL_wolfSSL/wolfssl/src/ssl.c:661:5:wolfSSL_CTX_up_ref	0	static
C:/tmp/SE_firmware/Middlewares/Third_Party/wolfSSL_wolfSSL_wolfSSL/wolfssl/src/ssl.c:674:6:wolfSSL_CTX_free	0	static
C:/tmp/SE_firmware/Middlewares/Third_Party/wolfSSL_wolfSSL_wolfSSL/wolfssl/src/ssl.c:694:5:wolfSSL_CTX_AllowEncryptThenMac	0	static
C:/tmp/SE_firmware/Middlewares/Third_Party/wolfSSL_wolfSSL_wolfSSL/wolfssl/src/ssl.c:708:5:wolfSSL_AllowEncryptThenMac	0	static
C:/tmp/SE_firmware/Middlewares/Third_Party/wolfSSL_wolfSSL_wolfSSL/wolfssl/src/ssl.c:718:5:wolfSSL_CTX_new_rng	16	static
C:/tmp/SE_firmware/Middlewares/Third_Party/wolfSSL_wolfSSL_wolfSSL/wolfssl/src/ssl.c:749:10:wolfSSL_new	16	static
C:/tmp/SE_firmware/Middlewares/Third_Party/wolfSSL_wolfSSL_wolfSSL/wolfssl/src/ssl.c:792:6:wolfSSL_free	0	static
C:/tmp/SE_firmware/Middlewares/Third_Party/wolfSSL_wolfSSL_wolfSSL/wolfssl/src/ssl.c:807:5:wolfSSL_is_server	0	static
C:/tmp/SE_firmware/Middlewares/Third_Party/wolfSSL_wolfSSL_wolfSSL/wolfssl/src/ssl.c:1099:5:wolfSSL_set_fd	0	static
C:/tmp/SE_firmware/Middlewares/Third_Party/wolfSSL_wolfSSL_wolfSSL/wolfssl/src/ssl.c:1118:5:wolfSSL_set_read_fd	0	static
C:/tmp/SE_firmware/Middlewares/Third_Party/wolfSSL_wolfSSL_wolfSSL/wolfssl/src/ssl.c:1142:5:wolfSSL_set_write_fd	0	static
C:/tmp/SE_firmware/Middlewares/Third_Party/wolfSSL_wolfSSL_wolfSSL/wolfssl/src/ssl.c:1169:7:wolfSSL_get_cipher_list	16	static
C:/tmp/SE_firmware/Middlewares/Third_Party/wolfSSL_wolfSSL_wolfSSL/wolfssl/src/ssl.c:1184:7:wolfSSL_get_cipher_list_ex	8	static
C:/tmp/SE_firmware/Middlewares/Third_Party/wolfSSL_wolfSSL_wolfSSL/wolfssl/src/ssl.c:1208:5:wolfSSL_get_ciphers	56	static
C:/tmp/SE_firmware/Middlewares/Third_Party/wolfSSL_wolfSSL_wolfSSL/wolfssl/src/ssl.c:1275:13:wolfSSL_get_shared_ciphers	24	static
C:/tmp/SE_firmware/Middlewares/Third_Party/wolfSSL_wolfSSL_wolfSSL/wolfssl/src/ssl.c:1290:5:wolfSSL_get_fd	0	static
C:/tmp/SE_firmware/Middlewares/Third_Party/wolfSSL_wolfSSL_wolfSSL/wolfssl/src/ssl.c:1301:5:wolfSSL_get_wfd	0	static
C:/tmp/SE_firmware/Middlewares/Third_Party/wolfSSL_wolfSSL_wolfSSL/wolfssl/src/ssl.c:1408:9:wolfSSL_GetRNG	0	static
C:/tmp/SE_firmware/Middlewares/Third_Party/wolfSSL_wolfSSL_wolfSSL/wolfssl/src/ssl.c:1420:5:wolfSSL_GetObjectSize	0	static
C:/tmp/SE_firmware/Middlewares/Third_Party/wolfSSL_wolfSSL_wolfSSL/wolfssl/src/ssl.c:1484:5:wolfSSL_CTX_GetObjectSize	0	static
C:/tmp/SE_firmware/Middlewares/Third_Party/wolfSSL_wolfSSL_wolfSSL/wolfssl/src/ssl.c:1489:5:wolfSSL_METHOD_GetObjectSize	0	static
C:/tmp/SE_firmware/Middlewares/Third_Party/wolfSSL_wolfSSL_wolfSSL/wolfssl/src/ssl.c:1588:5:wolfSSL_GetMaxOutputSize	16	static
C:/tmp/SE_firmware/Middlewares/Third_Party/wolfSSL_wolfSSL_wolfSSL/wolfssl/src/ssl.c:1605:5:wolfSSL_GetOutputSize	16	static
C:/tmp/SE_firmware/Middlewares/Third_Party/wolfSSL_wolfSSL_wolfSSL/wolfssl/src/ssl.c:1802:5:wolfSSL_write	8	static
C:/tmp/SE_firmware/Middlewares/Third_Party/wolfSSL_wolfSSL_wolfSSL/wolfssl/src/ssl.c:1812:5:wolfSSL_inject	16	static
C:/tmp/SE_firmware/Middlewares/Third_Party/wolfSSL_wolfSSL_wolfSSL/wolfssl/src/ssl.c:1849:5:wolfSSL_write_ex	16	static
C:/tmp/SE_firmware/Middlewares/Third_Party/wolfSSL_wolfSSL_wolfSSL/wolfssl/src/ssl.c:1965:5:wolfSSL_peek	0	static
C:/tmp/SE_firmware/Middlewares/Third_Party/wolfSSL_wolfSSL_wolfSSL/wolfssl/src/ssl.c:1977:5:wolfSSL_read	0	static
C:/tmp/SE_firmware/Middlewares/Third_Party/wolfSSL_wolfSSL_wolfSSL/wolfssl/src/ssl.c:1998:5:wolfSSL_read_ex	8	static
../../Middlewares/Third_Party/wolfSSL_wolfSSL_wolfSSL/wolfssl/src/ssl_api_dtls.c:65:5:wolfSSL_dtls	0	static
../../Middlewares/Third_Party/wolfSSL_wolfSSL_wolfSSL/wolfssl/src/ssl_api_dtls.c:168:5:wolfSSL_dtls_set_peer	0	static
../../Middlewares/Third_Party/wolfSSL_wolfSSL_wolfSSL/wolfssl/src/ssl_api_dtls.c:265:5:wolfSSL_dtls_get_peer	0	static
../../Middlewares/Third_Party/wolfSSL_wolfSSL_wolfSSL/wolfssl/src/ssl_api_dtls.c:304:5:wolfSSL_dtls_get0_peer	0	static
../../Middlewares/Third_Party/wolfSSL_wolfSSL_wolfSSL/wolfssl/src/ssl_api_dtls.c:1105:5:wolfSSL_dtls_get_using_nonblock	0	static
../../Middlewares/Third_Party/wolfSSL_wolfSSL_wolfSSL/wolfssl/src/ssl_api_dtls.c:1133:6:wolfSSL_dtls_set_using_nonblock	0	static
C:/tmp/SE_firmware/Middlewares/Third_Party/wolfSSL_wolfSSL_wolfSSL/wolfssl/src/ssl.c:2027:5:wolfSSL_SetDevId	0	static
C:/tmp/SE_firmware/Middlewares/Third_Party/wolfSSL_wolfSSL_wolfSSL/wolfssl/src/ssl.c:2038:5:wolfSSL_CTX_SetDevId	0	static
C:/tmp/SE_firmware/Middlewares/Third_Party/wolfSSL_wolfSSL_wolfSSL/wolfssl/src/ssl.c:2050:5:wolfSSL_CTX_GetDevId	0	static
C:/tmp/SE_firmware/Middlewares/Third_Party/wolfSSL_wolfSSL_wolfSSL/wolfssl/src/ssl.c:2059:7:wolfSSL_CTX_GetHeap	0	static
C:/tmp/SE_firmware/Middlewares/Third_Party/wolfSSL_wolfSSL_wolfSSL/wolfssl/src/ssl.c:2075:5:wolfSSL_send	16	static
C:/tmp/SE_firmware/Middlewares/Third_Party/wolfSSL_wolfSSL_wolfSSL/wolfssl/src/ssl.c:2097:5:wolfSSL_recv	16	static
C:/tmp/SE_firmware/Middlewares/Third_Party/wolfSSL_wolfSSL_wolfSSL/wolfssl/src/ssl.c:2141:5:wolfSSL_shutdown	8	static
C:/tmp/SE_firmware/Middlewares/Third_Party/wolfSSL_wolfSSL_wolfSSL/wolfssl/src/ssl.c:2119:5:wolfSSL_SendUserCanceled	8	static
C:/tmp/SE_firmware/Middlewares/Third_Party/wolfSSL_wolfSSL_wolfSSL/wolfssl/src/ssl.c:2265:5:wolfSSL_state	0	static
C:/tmp/SE_firmware/Middlewares/Third_Party/wolfSSL_wolfSSL_wolfSSL/wolfssl/src/ssl.c:2276:5:wolfSSL_get_error	0	static
C:/tmp/SE_firmware/Middlewares/Third_Party/wolfSSL_wolfSSL_wolfSSL/wolfssl/src/ssl.c:2310:5:wolfSSL_get_alert_history	8	static
C:/tmp/SE_firmware/Middlewares/Third_Party/wolfSSL_wolfSSL_wolfSSL/wolfssl/src/ssl.c:2334:5:wolfSSL_want_read	0	static
C:/tmp/SE_firmware/Middlewares/Third_Party/wolfSSL_wolfSSL_wolfSSL/wolfssl/src/ssl.c:2344:5:wolfSSL_want_write	0	static
C:/tmp/SE_firmware/Middlewares/Third_Party/wolfSSL_wolfSSL_wolfSSL/wolfssl/src/ssl.c:2353:7:wolfSSL_ERR_error_string	8	static
C:/tmp/SE_firmware/Middlewares/Third_Party/wolfSSL_wolfSSL_wolfSSL/wolfssl/src/ssl.c:2368:6:wolfSSL_ERR_error_string_n	96	static
C:/tmp/SE_firmware/Middlewares/Third_Party/wolfSSL_wolfSSL_wolfSSL/wolfssl/src/ssl.c:2386:6:wolfSSL_KeepArrays	0	static
C:/tmp/SE_firmware/Middlewares/Third_Party/wolfSSL_wolfSSL_wolfSSL/wolfssl/src/ssl.c:2394:6:wolfSSL_FreeArrays	0	static
C:/tmp/SE_firmware/Middlewares/Third_Party/wolfSSL_wolfSSL_wolfSSL/wolfssl/src/ssl.c:2408:5:wolfSSL_KeepHandshakeResources	0	static
C:/tmp/SE_firmware/Middlewares/Third_Party/wolfSSL_wolfSSL_wolfSSL/wolfssl/src/ssl.c:2423:5:wolfSSL_FreeHandshakeResources	8	static
C:/tmp/SE_firmware/Middlewares/Third_Party/wolfSSL_wolfSSL_wolfSSL/wolfssl/src/ssl.c:2438:5:wolfSSL_CTX_UseClientSuites	0	static
C:/tmp/SE_firmware/Middlewares/Third_Party/wolfSSL_wolfSSL_wolfSSL/wolfssl/src/ssl.c:2453:5:wolfSSL_UseClientSuites	0	static
C:/tmp/SE_firmware/Middlewares/Third_Party/wolfSSL_wolfSSL_wolfSSL/wolfssl/src/ssl.c:2464:13:wolfSSL_GetMacSecret	0	static
C:/tmp/SE_firmware/Middlewares/Third_Party/wolfSSL_wolfSSL_wolfSSL/wolfssl/src/ssl.c:2483:5:wolfSSL_GetSide	0	static
C:/tmp/SE_firmware/Middlewares/Third_Party/wolfSSL_wolfSSL_wolfSSL/wolfssl/src/ssl.c:2795:5:wolfSSL_pending	0	static
C:/tmp/SE_firmware/Middlewares/Third_Party/wolfSSL_wolfSSL_wolfSSL/wolfssl/src/ssl.c:2804:5:wolfSSL_has_pending	0	static
C:/tmp/SE_firmware/Middlewares/Third_Party/wolfSSL_wolfSSL_wolfSSL/wolfssl/src/ssl.c:2815:5:wolfSSL_CTX_set_group_messages	0	static
C:/tmp/SE_firmware/Middlewares/Third_Party/wolfSSL_wolfSSL_wolfSSL/wolfssl/src/ssl.c:2825:5:wolfSSL_CTX_clear_group_messages	0	static
C:/tmp/SE_firmware/Middlewares/Third_Party/wolfSSL_wolfSSL_wolfSSL/wolfssl/src/ssl.c:2857:5:wolfSSL_set_group_messages	0	static
C:/tmp/SE_firmware/Middlewares/Third_Party/wolfSSL_wolfSSL_wolfSSL/wolfssl/src/ssl.c:2867:5:wolfSSL_clear_group_messages	0	static
C:/tmp/SE_firmware/Middlewares/Third_Party/wolfSSL_wolfSSL_wolfSSL/wolfssl/src/ssl.c:2938:5:wolfSSL_CTX_SetMinVersion	0	static
C:/tmp/SE_firmware/Middlewares/Third_Party/wolfSSL_wolfSSL_wolfSSL/wolfssl/src/ssl.c:2958:5:wolfSSL_SetMinVersion	0	static
C:/tmp/SE_firmware/Middlewares/Third_Party/wolfSSL_wolfSSL_wolfSSL/wolfssl/src/ssl.c:2978:5:wolfSSL_GetVersion	0	static
C:/tmp/SE_firmware/Middlewares/Third_Party/wolfSSL_wolfSSL_wolfSSL/wolfssl/src/ssl.c:3017:5:wolfSSL_SetVersion	64	static
../../Middlewares/Third_Party/wolfSSL_wolfSSL_wolfSSL/wolfssl/src/ssl_load.c:2393:5:ProcessBuffer	152	static
../../Middlewares/Third_Party/wolfSSL_wolfSSL_wolfSSL/wolfssl/src/ssl_load.c:3768:5:wolfSSL_use_certificate_ASN1	40	static
../../Middlewares/Third_Party/wolfSSL_wolfSSL_wolfSSL/wolfssl/src/ssl_load.c:3980:5:wolfSSL_CTX_load_verify_buffer_ex	72	static
../../Middlewares/Third_Party/wolfSSL_wolfSSL_wolfSSL/wolfssl/src/ssl_load.c:4035:5:wolfSSL_CTX_load_verify_buffer	16	static
../../Middlewares/Third_Party/wolfSSL_wolfSSL_wolfSSL/wolfssl/src/ssl_load.c:4053:5:wolfSSL_CTX_load_verify_chain_buffer_format	16	static
../../Middlewares/Third_Party/wolfSSL_wolfSSL_wolfSSL/wolfssl/src/ssl_load.c:4119:5:wolfSSL_CTX_use_certificate_buffer	40	static
../../Middlewares/Third_Party/wolfSSL_wolfSSL_wolfSSL/wolfssl/src/ssl_load.c:4143:5:wolfSSL_CTX_use_PrivateKey_buffer	48	static
../../Middlewares/Third_Party/wolfSSL_wolfSSL_wolfSSL/wolfssl/src/ssl_load.c:4484:5:wolfSSL_CTX_use_certificate_chain_buffer_format	40	static
../../Middlewares/Third_Party/wolfSSL_wolfSSL_wolfSSL/wolfssl/src/ssl_load.c:4501:5:wolfSSL_CTX_use_certificate_chain_buffer	0	static
../../Middlewares/Third_Party/wolfSSL_wolfSSL_wolfSSL/wolfssl/src/ssl_load.c:4524:5:wolfSSL_use_certificate_buffer	32	static
../../Middlewares/Third_Party/wolfSSL_wolfSSL_wolfSSL/wolfssl/src/ssl_load.c:4554:5:wolfSSL_use_PrivateKey_buffer	40	static
../../Middlewares/Third_Party/wolfSSL_wolfSSL_wolfSSL/wolfssl/src/ssl_load.c:4828:5:wolfSSL_use_certificate_chain_buffer_format	32	static
../../Middlewares/Third_Party/wolfSSL_wolfSSL_wolfSSL/wolfssl/src/ssl_load.c:4856:5:wolfSSL_use_certificate_chain_buffer	0	static
C:/tmp/SE_firmware/Middlewares/Third_Party/wolfSSL_wolfSSL_wolfSSL/wolfssl/src/ssl.c:3597:6:wolfSSL_load_error_strings	0	static
C:/tmp/SE_firmware/Middlewares/Third_Party/wolfSSL_wolfSSL_wolfSSL/wolfssl/src/ssl.c:3952:5:wolfSSL_CTX_set_cipher_list	16	static
C:/tmp/SE_firmware/Middlewares/Third_Party/wolfSSL_wolfSSL_wolfSSL/wolfssl/src/ssl.c:3987:5:wolfSSL_set_cipher_list	16	static
C:/tmp/SE_firmware/Middlewares/Third_Party/wolfSSL_wolfSSL_wolfSSL/wolfssl/src/ssl.c:4053:5:wolfSSL_export_keying_material	72	static
C:/tmp/SE_firmware/Middlewares/Third_Party/wolfSSL_wolfSSL_wolfSSL/wolfssl/src/ssl.c:4238:21:wolfSSLv23_client_method_ex	16	static
C:/tmp/SE_firmware/Middlewares/Third_Party/wolfSSL_wolfSSL_wolfSSL/wolfssl/src/ssl.c:4234:21:wolfSSLv23_client_method	0	static
C:/tmp/SE_firmware/Middlewares/Third_Party/wolfSSL_wolfSSL_wolfSSL/wolfssl/src/ssl.c:4269:9:wolfSSL_connect	0	static
C:/tmp/SE_firmware/Middlewares/Third_Party/wolfSSL_wolfSSL_wolfSSL/wolfssl/src/ssl.c:2839:5:wolfSSL_connect_cert	8	static
C:/tmp/SE_firmware/Middlewares/Third_Party/wolfSSL_wolfSSL_wolfSSL/wolfssl/src/ssl.c:4734:21:wolfSSLv23_server_method_ex	16	static
C:/tmp/SE_firmware/Middlewares/Third_Party/wolfSSL_wolfSSL_wolfSSL/wolfssl/src/ssl.c:4729:21:wolfSSLv23_server_method	0	static
C:/tmp/SE_firmware/Middlewares/Third_Party/wolfSSL_wolfSSL_wolfSSL/wolfssl/src/ssl.c:4768:9:wolfSSL_accept	0	static
C:/tmp/SE_firmware/Middlewares/Third_Party/wolfSSL_wolfSSL_wolfSSL/wolfssl/src/ssl.c:1368:5:wolfSSL_negotiate	8	static
C:/tmp/SE_firmware/Middlewares/Third_Party/wolfSSL_wolfSSL_wolfSSL/wolfssl/src/ssl.c:5322:5:wolfSSL_SetHsDoneCb	0	static
C:/tmp/SE_firmware/Middlewares/Third_Party/wolfSSL_wolfSSL_wolfSSL/wolfssl/src/ssl.c:5338:5:wolfSSL_Cleanup	16	static
C:/tmp/SE_firmware/Middlewares/Third_Party/wolfSSL_wolfSSL_wolfSSL/wolfssl/src/ssl.c:3140:5:wolfSSL_Init	16	static
C:/tmp/SE_firmware/Middlewares/Third_Party/wolfSSL_wolfSSL_wolfSSL/wolfssl/src/ssl.c:544:14:wolfSSL_CTX_new_ex	16	static
../../Middlewares/Third_Party/wolfSSL_wolfSSL_wolfSSL/wolfssl/src/ssl_certman.c:591:5:wolfSSL_CertManagerLoadCABufferType	56	static
../../Middlewares/Third_Party/wolfSSL_wolfSSL_wolfSSL/wolfssl/src/ssl_certman.c:699:5:wolfSSL_CertManagerLoadCABuffer_ex	24	static
../../Middlewares/Third_Party/wolfSSL_wolfSSL_wolfSSL/wolfssl/src/ssl_certman.c:719:5:wolfSSL_CertManagerLoadCABuffer	16	static
C:/tmp/SE_firmware/Middlewares/Third_Party/wolfSSL_wolfSSL_wolfSSL/wolfssl/src/ssl.c:650:14:wolfSSL_CTX_new	0	static
C:/tmp/SE_firmware/Middlewares/Third_Party/wolfSSL_wolfSSL_wolfSSL/wolfssl/src/ssl.c:3603:5:wolfSSL_library_init	8	static
C:/tmp/SE_firmware/Middlewares/Third_Party/wolfSSL_wolfSSL_wolfSSL/wolfssl/src/ssl.c:5496:5:wolfssl_local_IsValidFQDN	20	static
C:/tmp/SE_firmware/Middlewares/Third_Party/wolfSSL_wolfSSL_wolfSSL/wolfssl/src/ssl.c:5558:5:wolfSSL_check_domain_name	16	static
C:/tmp/SE_firmware/Middlewares/Third_Party/wolfSSL_wolfSSL_wolfSSL/wolfssl/src/ssl.c:5600:5:wolfSSL_check_ip_address	16	static
C:/tmp/SE_firmware/Middlewares/Third_Party/wolfSSL_wolfSSL_wolfSSL/wolfssl/src/ssl.c:5664:5:wolfSSL_set_compression	0	static
C:/tmp/SE_firmware/Middlewares/Third_Party/wolfSSL_wolfSSL_wolfSSL/wolfssl/src/ssl.c:6719:9:wolfSSL_is_init_finished	0	static
C:/tmp/SE_firmware/Middlewares/Third_Party/wolfSSL_wolfSSL_wolfSSL/wolfssl/src/ssl.c:6762:10:wolfSSL_CTX_get_options	0	static
C:/tmp/SE_firmware/Middlewares/Third_Party/wolfSSL_wolfSSL_wolfSSL/wolfssl/src/ssl.c:6774:10:wolfSSL_CTX_set_options	0	static
C:/tmp/SE_firmware/Middlewares/Third_Party/wolfSSL_wolfSSL_wolfSSL/wolfssl/src/ssl.c:6800:10:wolfSSL_CTX_clear_options	0	static
C:/tmp/SE_firmware/Middlewares/Third_Party/wolfSSL_wolfSSL_wolfSSL/wolfssl/src/ssl.c:7872:9:wolfSSL_clear	16	static
C:/tmp/SE_firmware/Middlewares/Third_Party/wolfSSL_wolfSSL_wolfSSL/wolfssl/src/ssl.c:8509:5:wolfSSL_get_shutdown	0	static
C:/tmp/SE_firmware/Middlewares/Third_Party/wolfSSL_wolfSSL_wolfSSL/wolfssl/src/ssl.c:8541:5:wolfSSL_session_reused	0	static
C:/tmp/SE_firmware/Middlewares/Third_Party/wolfSSL_wolfSSL_wolfSSL/wolfssl/src/ssl.c:8599:13:wolfSSL_get_version	0	static
C:/tmp/SE_firmware/Middlewares/Third_Party/wolfSSL_wolfSSL_wolfSSL/wolfssl/src/ssl.c:8611:13:wolfSSL_lib_version	0	static
C:/tmp/SE_firmware/Middlewares/Third_Party/wolfSSL_wolfSSL_wolfSSL/wolfssl/src/ssl.c:8633:8:wolfSSL_lib_version_hex	0	static
C:/tmp/SE_firmware/Middlewares/Third_Party/wolfSSL_wolfSSL_wolfSSL/wolfssl/src/ssl.c:8639:5:wolfSSL_get_current_cipher_suite	0	static
C:/tmp/SE_firmware/Middlewares/Third_Party/wolfSSL_wolfSSL_wolfSSL/wolfssl/src/ssl.c:8647:17:wolfSSL_get_current_cipher	0	static
C:/tmp/SE_firmware/Middlewares/Third_Party/wolfSSL_wolfSSL_wolfSSL/wolfssl/src/ssl.c:8663:13:wolfSSL_CIPHER_get_name	0	static
C:/tmp/SE_firmware/Middlewares/Third_Party/wolfSSL_wolfSSL_wolfSSL/wolfssl/src/ssl.c:8680:14:wolfSSL_CIPHER_get_version	0	static
C:/tmp/SE_firmware/Middlewares/Third_Party/wolfSSL_wolfSSL_wolfSSL/wolfssl/src/ssl.c:8691:13:wolfSSL_get_cipher	8	static
C:/tmp/SE_firmware/Middlewares/Third_Party/wolfSSL_wolfSSL_wolfSSL/wolfssl/src/ssl.c:8698:13:wolfSSL_get_cipher_name	0	static
C:/tmp/SE_firmware/Middlewares/Third_Party/wolfSSL_wolfSSL_wolfSSL/wolfssl/src/ssl.c:8704:13:wolfSSL_get_cipher_name_from_suite	0	static
C:/tmp/SE_firmware/Middlewares/Third_Party/wolfSSL_wolfSSL_wolfSSL/wolfssl/src/ssl.c:8710:13:wolfSSL_get_cipher_name_iana_from_suite	0	static
C:/tmp/SE_firmware/Middlewares/Third_Party/wolfSSL_wolfSSL_wolfSSL/wolfssl/src/ssl.c:8716:5:wolfSSL_get_cipher_suite_from_name	24	static
C:/tmp/SE_firmware/Middlewares/Third_Party/wolfSSL_wolfSSL_wolfSSL/wolfssl/src/ssl.c:8728:8:wolfSSL_CIPHER_get_id	0	static
C:/tmp/SE_firmware/Middlewares/Third_Party/wolfSSL_wolfSSL_wolfSSL/wolfssl/src/ssl.c:8742:23:wolfSSL_get_cipher_by_value	0	static
C:/tmp/SE_firmware/Middlewares/Third_Party/wolfSSL_wolfSSL_wolfSSL/wolfssl/src/ssl.c:8793:13:wolfSSL_get_curve_name	8	static
C:/tmp/SE_firmware/Middlewares/Third_Party/wolfSSL_wolfSSL_wolfSSL/wolfssl/src/ssl.c:10404:6:wolfSSL_set_options	528	static
C:/tmp/SE_firmware/Middlewares/Third_Party/wolfSSL_wolfSSL_wolfSSL/wolfssl/src/ssl.c:10533:6:wolfSSL_get_options	0	static
C:/tmp/SE_firmware/Middlewares/Third_Party/wolfSSL_wolfSSL_wolfSSL/wolfssl/src/ssl.c:12614:5:wolfSSL_set_ex_data	0	static
C:/tmp/SE_firmware/Middlewares/Third_Party/wolfSSL_wolfSSL_wolfSSL/wolfssl/src/ssl.c:12647:7:wolfSSL_get_ex_data	0	static
C:/tmp/SE_firmware/Middlewares/Third_Party/wolfSSL_wolfSSL_wolfSSL/wolfssl/src/ssl.c:13343:5:wolfSSL_version	0	static
C:/tmp/SE_firmware/Middlewares/Third_Party/wolfSSL_wolfSSL_wolfSSL/wolfssl/src/ssl.c:13377:14:wolfSSL_get_SSL_CTX	0	static
../../Middlewares/Third_Party/wolfSSL_wolfSSL_wolfSSL/wolfssl/src/ssl_api_ext.c:46:5:wolfSSL_UseSNI	16	static
../../Middlewares/Third_Party/wolfSSL_wolfSSL_wolfSSL/wolfssl/src/ssl_api_ext.c:66:5:wolfSSL_CTX_UseSNI	16	static
../../Middlewares/Third_Party/wolfSSL_wolfSSL_wolfSSL/wolfssl/src/ssl_api_ext.c:83:6:wolfSSL_SNI_SetOptions	0	static
../../Middlewares/Third_Party/wolfSSL_wolfSSL_wolfSSL/wolfssl/src/ssl_api_ext.c:97:6:wolfSSL_CTX_SNI_SetOptions	0	static
../../Middlewares/Third_Party/wolfSSL_wolfSSL_wolfSSL/wolfssl/src/ssl_api_ext.c:111:6:wolfSSL_SNI_Status	0	static
../../Middlewares/Third_Party/wolfSSL_wolfSSL_wolfSSL/wolfssl/src/ssl_api_ext.c:124:8:wolfSSL_SNI_GetRequest	0	static
../../Middlewares/Third_Party/wolfSSL_wolfSSL_wolfSSL/wolfssl/src/ssl_api_ext.c:146:5:wolfSSL_SNI_GetFromBuffer	12	static
../../Middlewares/Third_Party/wolfSSL_wolfSSL_wolfSSL/wolfssl/src/ssl_api_ext.c:386:5:wolfSSL_UseSupportedCurve	8	static
../../Middlewares/Third_Party/wolfSSL_wolfSSL_wolfSSL/wolfssl/src/ssl_api_ext.c:409:5:wolfSSL_CTX_UseSupportedCurve	8	static
../../Middlewares/Third_Party/wolfSSL_wolfSSL_wolfSSL/wolfssl/src/ssl_api_ext.c:1287:5:wolfSSL_CTX_DisableExtendedMasterSecret	0	static
../../Middlewares/Third_Party/wolfSSL_wolfSSL_wolfSSL/wolfssl/src/ssl_api_ext.c:1304:5:wolfSSL_DisableExtendedMasterSecret	0	static
../../Middlewares/Third_Party/wolfSSL_wolfSSL_wolfSSL/wolfssl/src/ssl_api_ext.c:1608:6:wolfSSL_CTX_set_servername_callback	0	static
../../Middlewares/Third_Party/wolfSSL_wolfSSL_wolfSSL/wolfssl/src/ssl_api_ext.c:1625:5:wolfSSL_CTX_set_servername_arg	0	static
../../Middlewares/Third_Party/wolfSSL_wolfSSL_wolfSSL/wolfssl/src/x509.c:15693:5:wolfSSL_X509_check_host	40	static
../../Middlewares/Third_Party/wolfSSL_wolfSSL_wolfSSL/wolfssl/src/x509.c:15774:5:wolfSSL_X509_check_ip_asc	24	static
../../Middlewares/Third_Party/wolfSSL_wolfSSL_wolfSSL/wolfssl/src/x509_str.c:52:25:wolfSSL_X509_STORE_CTX_new_ex	16	static
../../Middlewares/Third_Party/wolfSSL_wolfSSL_wolfSSL/wolfssl/src/x509_str.c:82:6:wolfSSL_X509_STORE_CTX_free	0	static
../../Middlewares/Third_Party/wolfSSL_wolfSSL_wolfSSL/wolfssl/src/x509_str.c:994:9:wolfSSL_X509_STORE_CTX_get_error	0	static
../../Middlewares/Third_Party/wolfSSL_wolfSSL_wolfSSL/wolfssl/src/x509_str.c:1002:9:wolfSSL_X509_STORE_CTX_get_error_depth	0	static
