../../Middlewares/Third_Party/wolfSSL_wolfSSL_wolfSSL/wolfssl/wolfcrypt/src/misc.c:773:37:min	8	static
C:/tmp/SE_firmware/Middlewares/Third_Party/wolfSSL_wolfSSL_wolfSSL/wolfssl/src/tls13.c:1396:12:BuildTls13HandshakeHmac	40	static
C:/tmp/SE_firmware/Middlewares/Third_Party/wolfSSL_wolfSSL_wolfSSL/wolfssl/src/tls13.c:9222:12:CreateECCEncodedSig	240	static
../../Middlewares/Third_Party/wolfSSL_wolfSSL_wolfSSL/wolfssl/wolfcrypt/src/misc.c:591:31:ForceZero	12	static
C:/tmp/SE_firmware/Middlewares/Third_Party/wolfSSL_wolfSSL_wolfSSL/wolfssl/src/tls13.c:9444:15:AddCertExt.constprop	48	static
C:/tmp/SE_firmware/Middlewares/Third_Party/wolfSSL_wolfSSL_wolfSSL/wolfssl/src/tls13.c:294:12:DeriveKeyMsg.constprop	352	static
C:/tmp/SE_firmware/Middlewares/Third_Party/wolfSSL_wolfSSL_wolfSSL/wolfssl/src/tls13.c:6081:12:DoTls13CertificateRequest	480	static
C:/tmp/SE_firmware/Middlewares/Third_Party/wolfSSL_wolfSSL_wolfSSL/wolfssl/src/tls13.c:2484:23:BuildTls13Nonce	24	static
C:/tmp/SE_firmware/Middlewares/Third_Party/wolfSSL_wolfSSL_wolfSSL/wolfssl/src/tls13.c:2389:13:AddTls13Headers.isra	12	static
C:/tmp/SE_firmware/Middlewares/Third_Party/wolfSSL_wolfSSL_wolfSSL/wolfssl/src/tls13.c:410:5:Tls13DeriveKey	136	static
C:/tmp/SE_firmware/Middlewares/Third_Party/wolfSSL_wolfSSL_wolfSSL/wolfssl/src/tls13.c:1118:12:DeriveFinishedSecret	32	static
C:/tmp/SE_firmware/Middlewares/Third_Party/wolfSSL_wolfSSL_wolfSSL/wolfssl/src/tls13.c:1184:5:DeriveEarlySecret	24	static
C:/tmp/SE_firmware/Middlewares/Third_Party/wolfSSL_wolfSSL_wolfSSL/wolfssl/src/tls13.c:1220:5:DeriveHandshakeSecret	96	static
C:/tmp/SE_firmware/Middlewares/Third_Party/wolfSSL_wolfSSL_wolfSSL/wolfssl/src/tls13.c:1262:5:DeriveMasterSecret	96	static
C:/tmp/SE_firmware/Middlewares/Third_Party/wolfSSL_wolfSSL_wolfSSL/wolfssl/src/tls13.c:1508:5:DeriveTls13Keys	64	static
C:/tmp/SE_firmware/Middlewares/Third_Party/wolfSSL_wolfSSL_wolfSSL/wolfssl/src/tls13.c:3010:5:DecryptTls13	56	static
C:/tmp/SE_firmware/Middlewares/Third_Party/wolfSSL_wolfSSL_wolfSSL/wolfssl/src/tls13.c:3294:5:BuildTls13Message	96	static
C:/tmp/SE_firmware/Middlewares/Third_Party/wolfSSL_wolfSSL_wolfSSL/wolfssl/src/tls13.c:9554:12:SendTls13Certificate	112	static
C:/tmp/SE_firmware/Middlewares/Third_Party/wolfSSL_wolfSSL_wolfSSL/wolfssl/src/tls13.c:12007:12:SendTls13Finished	56	static
C:/tmp/SE_firmware/Middlewares/Third_Party/wolfSSL_wolfSSL_wolfSSL/wolfssl/src/tls13.c:3529:5:FindSuiteSSL	16	static
C:/tmp/SE_firmware/Middlewares/Third_Party/wolfSSL_wolfSSL_wolfSSL/wolfssl/src/tls13.c:3781:5:RestartHandshakeHash	104	static
C:/tmp/SE_firmware/Middlewares/Third_Party/wolfSSL_wolfSSL_wolfSSL/wolfssl/src/tls13.c:4617:5:SendTls13ClientHello	32	static
C:/tmp/SE_firmware/Middlewares/Third_Party/wolfSSL_wolfSSL_wolfSSL/wolfssl/src/tls13.c:5335:5:DoTls13ServerHello	88	static
C:/tmp/SE_firmware/Middlewares/Third_Party/wolfSSL_wolfSSL_wolfSSL/wolfssl/src/tls13.c:7340:5:DoTls13ClientHello	80	static
C:/tmp/SE_firmware/Middlewares/Third_Party/wolfSSL_wolfSSL_wolfSSL/wolfssl/src/tls13.c:8094:5:SendTls13ServerHello	32	static
C:/tmp/SE_firmware/Middlewares/Third_Party/wolfSSL_wolfSSL_wolfSSL/wolfssl/src/tls13.c:9109:5:CreateSigData	24	static
C:/tmp/SE_firmware/Middlewares/Third_Party/wolfSSL_wolfSSL_wolfSSL/wolfssl/src/tls13.c:9941:12:SendTls13CertificateVerify	80	static
C:/tmp/SE_firmware/Middlewares/Third_Party/wolfSSL_wolfSSL_wolfSSL/wolfssl/src/tls13.c:11814:5:DoTls13Finished	104	static
C:/tmp/SE_firmware/Middlewares/Third_Party/wolfSSL_wolfSSL_wolfSSL/wolfssl/src/tls13.c:12264:5:SendTls13KeyUpdate	40	static
C:/tmp/SE_firmware/Middlewares/Third_Party/wolfSSL_wolfSSL_wolfSSL/wolfssl/src/tls13.c:13639:5:DoTls13HandShakeMsgType	120	static
C:/tmp/SE_firmware/Middlewares/Third_Party/wolfSSL_wolfSSL_wolfSSL/wolfssl/src/tls13.c:14088:5:DoTls13HandShakeMsg	48	static
C:/tmp/SE_firmware/Middlewares/Third_Party/wolfSSL_wolfSSL_wolfSSL/wolfssl/src/tls13.c:14230:5:wolfSSL_connect_TLSv13	16	static
C:/tmp/SE_firmware/Middlewares/Third_Party/wolfSSL_wolfSSL_wolfSSL/wolfssl/src/tls13.c:14758:5:wolfSSL_UseKeyShare	24	static
C:/tmp/SE_firmware/Middlewares/Third_Party/wolfSSL_wolfSSL_wolfSSL/wolfssl/src/tls13.c:14814:5:wolfSSL_NoKeyShares	8	static
C:/tmp/SE_firmware/Middlewares/Third_Party/wolfSSL_wolfSSL_wolfSSL/wolfssl/src/tls13.c:14862:5:wolfSSL_CTX_no_ticket_TLSv13	8	static
C:/tmp/SE_firmware/Middlewares/Third_Party/wolfSSL_wolfSSL_wolfSSL/wolfssl/src/tls13.c:14882:5:wolfSSL_no_ticket_TLSv13	8	static
C:/tmp/SE_firmware/Middlewares/Third_Party/wolfSSL_wolfSSL_wolfSSL/wolfssl/src/tls13.c:14901:5:wolfSSL_CTX_no_dhe_psk	8	static
C:/tmp/SE_firmware/Middlewares/Third_Party/wolfSSL_wolfSSL_wolfSSL/wolfssl/src/tls13.c:14919:5:wolfSSL_no_dhe_psk	8	static
C:/tmp/SE_firmware/Middlewares/Third_Party/wolfSSL_wolfSSL_wolfSSL/wolfssl/src/tls13.c:14937:5:wolfSSL_CTX_only_dhe_psk	0	static
C:/tmp/SE_firmware/Middlewares/Third_Party/wolfSSL_wolfSSL_wolfSSL/wolfssl/src/tls13.c:14955:5:wolfSSL_only_dhe_psk	0	static
C:/tmp/SE_firmware/Middlewares/Third_Party/wolfSSL_wolfSSL_wolfSSL/wolfssl/src/tls13.c:14968:5:Tls13UpdateKeys	8	static
C:/tmp/SE_firmware/Middlewares/Third_Party/wolfSSL_wolfSSL_wolfSSL/wolfssl/src/tls13.c:14996:5:wolfSSL_update_keys	8	static
C:/tmp/SE_firmware/Middlewares/Third_Party/wolfSSL_wolfSSL_wolfSSL/wolfssl/src/tls13.c:15015:5:wolfSSL_key_update_response	16	static
C:/tmp/SE_firmware/Middlewares/Third_Party/wolfSSL_wolfSSL_wolfSSL/wolfssl/src/tls13.c:15134:5:wolfSSL_preferred_group	8	static
C:/tmp/SE_firmware/Middlewares/Third_Party/wolfSSL_wolfSSL_wolfSSL/wolfssl/src/tls13.c:15365:5:wolfSSL_accept_TLSv13	56	static
